TRACE-PUSH(  1): LEVEL=    1 INTO MAIN
TRACE-MEM(  1): MAXMEM[MBYTE]=   0.00000 TIME20260907 130728.083
TRACE-PUSH(  1): LEVEL=    2 INTO PAW
TRACE-MEM(  1): MAXMEM[MBYTE]=   0.00000 TIME20260907 130728.083
TRACE-PUSH(  1): LEVEL=    3 INTO READIN
TRACE-MEM(  1): MAXMEM[MBYTE]=   0.00000 TIME20260907 130728.083
TRACE-PUSH(  1): LEVEL=    4 INTO READIN_FILES
TRACE-MEM(  1): MAXMEM[MBYTE]=   0.00000 TIME20260907 130728.084
TRACE-PUSH(  1): LEVEL=    5 INTO STANDARDFILES
TRACE-MEM(  1): MAXMEM[MBYTE]=   0.00000 TIME20260907 130728.084
TRACE-POP (  1): LEVEL=    5 FROM STANDARDFILES                   
TRACE-MEM(  1): MAXMEM[MBYTE]=   0.00000 TIME20260907 130728.084
TRACE-POP (  1): LEVEL=    4 FROM READIN_FILES                    
TRACE-MEM(  1): MAXMEM[MBYTE]=   0.00000 TIME20260907 130728.084
TRACE-PUSH(  1): LEVEL=    4 INTO READIN_GENERIC
TRACE-MEM(  1): MAXMEM[MBYTE]=   0.00000 TIME20260907 130728.084
 PAW_SETUPS.F90 A LAMBDA=   6.0000000000000000        6.0000000000000000        6.0000000000000000        6.0000000000000000     
================================================================================
===================  SETUP CONSTRUCTION FOR FE  ================================
================================================================================
 THIS%SETTING%SO= F
KEY: START,REL,NONSO,ZORA
RELATIVISTIC EFFECTS SWITCHED ON?     T
SPIN-ORBIT COUPLING SWITCHED ON?      F
ZORA SWITCHED ON?                     T
FOCK CONTRIBTION ON?                  F
START FROM SCRATCH?                    T
DOING SCF ITERATIONS FOR ATOM WITH Z=  26.00000
           1  AV(POT-POTIN)=   4.4229110866643060       MAX:(POT-POTIN)=   23977.764226356521                0 F
           2  AV(POT-POTIN)=   2.1600484783910665       MAX:(POT-POTIN)=   12959.745147272246                0 F
           3  AV(POT-POTIN)=   2.0666340552561890       MAX:(POT-POTIN)=   526.04687633272260                0 F
           4  AV(POT-POTIN)=   1.9569792805131856       MAX:(POT-POTIN)=   378.79662826168351                0 F
           5  AV(POT-POTIN)=  0.90795394534003371       MAX:(POT-POTIN)=   69.262384389992803                0 F
           6  AV(POT-POTIN)=  0.49872799753341124       MAX:(POT-POTIN)=   54.679951263125986                0 F
           7  AV(POT-POTIN)=   7.7256997375938954E-002  MAX:(POT-POTIN)=   21.526390051236376                0 F
           8  AV(POT-POTIN)=   2.4689031074649780E-002  MAX:(POT-POTIN)=   8.8337359088473022                0 F
           9  AV(POT-POTIN)=   1.8926523802576475E-002  MAX:(POT-POTIN)=   6.4941918936092407                0 F
          10  AV(POT-POTIN)=   1.0632900100832361E-002  MAX:(POT-POTIN)=  0.35845901235006750                0 F
          11  AV(POT-POTIN)=   4.4481552015931038E-003  MAX:(POT-POTIN)=  0.21074234205298126                0 F
          12  AV(POT-POTIN)=   2.5759199173337874E-003  MAX:(POT-POTIN)=   9.3759103678166866E-002           0 F
          13  AV(POT-POTIN)=   1.0516418828608518E-003  MAX:(POT-POTIN)=   3.3143575303256512E-002           0 F
          14  AV(POT-POTIN)=   2.7526588128831681E-004  MAX:(POT-POTIN)=   7.7363555319607258E-003           0 F
          15  AV(POT-POTIN)=   5.2737166264912103E-005  MAX:(POT-POTIN)=   1.8671241123229265E-003           0 F
          16  AV(POT-POTIN)=   2.7649631192073528E-005  MAX:(POT-POTIN)=   9.2230155132710934E-004           0 F
          17  AV(POT-POTIN)=   4.5073642394095216E-006  MAX:(POT-POTIN)=   1.1170059352301099E-004           0 F
          18  AV(POT-POTIN)=   1.3527087246045864E-006  MAX:(POT-POTIN)=   5.2534742280840874E-005           0 F
          19  AV(POT-POTIN)=   6.6616311351656304E-007  MAX:(POT-POTIN)=   2.5066547095775604E-005           0 F
          20  AV(POT-POTIN)=   8.3500821411180299E-008  MAX:(POT-POTIN)=   5.1846727728843689E-006           0 F
          21  AV(POT-POTIN)=   4.2123945836857964E-008  MAX:(POT-POTIN)=   2.3092143237590790E-006           0 F
          22  AV(POT-POTIN)=   3.4052004352599700E-008  MAX:(POT-POTIN)=   4.0053855627775192E-006           0 F
          23  AV(POT-POTIN)=   4.9770933243548328E-008  MAX:(POT-POTIN)=   2.6433262974023819E-006           0 F
          24  AV(POT-POTIN)=   1.0142446150072019E-008  MAX:(POT-POTIN)=   8.8592059910297394E-007           1 F
          25  AV(POT-POTIN)=   6.2015553248515351E-009  MAX:(POT-POTIN)=   3.9697624742984772E-007           0 F
          26  AV(POT-POTIN)=   1.0918051028208955E-008  MAX:(POT-POTIN)=   1.6328413039445877E-006           0 F
          27  AV(POT-POTIN)=   4.5513305818507632E-009  MAX:(POT-POTIN)=   8.2515180110931396E-007           1 F
          28  AV(POT-POTIN)=   7.5311301609672559E-009  MAX:(POT-POTIN)=   7.6717697083950043E-007           0 F
          29  AV(POT-POTIN)=   4.0945806266774970E-009  MAX:(POT-POTIN)=   4.5332126319408417E-007           1 F
          30  AV(POT-POTIN)=   8.4516452488533842E-009  MAX:(POT-POTIN)=   7.8976154327392578E-007           0 F
          31  AV(POT-POTIN)=   4.7134563831699025E-009  MAX:(POT-POTIN)=   4.9034133553504944E-007           1 F
          32  AV(POT-POTIN)=   5.2880338232326231E-009  MAX:(POT-POTIN)=   6.2678009271621704E-007           2 F
          33  AV(POT-POTIN)=   5.4245881494643427E-009  MAX:(POT-POTIN)=   5.8743171393871307E-007           3 F
          34  AV(POT-POTIN)=   6.6363069621310107E-009  MAX:(POT-POTIN)=   7.1851536631584167E-007           4 F
          35  AV(POT-POTIN)=   4.5680589748518206E-009  MAX:(POT-POTIN)=   5.2130781114101410E-007           5 F
===================ENERGY REPORT OF ATOMLIB__AESCF==============================
TOTAL ENERGY:................ -1277.33264409
KINETIC ENERGY:..............  1292.63376877
HARTREE ENERGY:.............. -2514.31011458
DFT XC ENERGY:...............     -55.656298
FINITE NUCLEUS:..............     0.00378772
.... CALCULATION USES FINITE NUCLEUS
.... DO NOT ADD FINITE NUCLEUS CORRECTION
... SELFCONSISTENCY OBTAINED
FINAL ONE-PARTICLE ENERGIES FROM AESCF  
  IB   L  SO         F#NODE                   E
   1   0   0      2.00    0            -259.355
   2   0   0      2.00    1             -30.160
   3   1   0      6.00    0             -25.694
   4   0   0      2.00    2              -3.455
   5   1   0      6.00    1              -2.206
   6   0   0      2.00    3              -0.194
   7   2   0      6.00    0              -0.276
 #ITERATIONS           36
========================================================
========= ALL-ELECTRON ATOM CALCULATION ================
========================================================
TOTAL ENERGY=            -1277.3326441
  IB   N   L  SO                   E         F#(REM. EL.
   1   1   0   0           -259.3549   2.00000  24.00000
   2   2   0   0            -30.1599   2.00000  22.00000
   3   2   1   0            -25.6942   6.00000  16.00000
   4   3   0   0             -3.4551   2.00000  14.00000
   5   3   1   0             -2.2061   6.00000   8.00000
--------- CORE ABOVE, VALENCE BELOW --------------------
   6   3   2   0             -0.2759   6.00000   2.00000
   7   4   0   0             -0.1944   2.00000   0.00000
========================================================
========================================================
 ISCATT=           0           0           0           1
 LOX=              0           1           2           2
 VFOCK%TON  F
=================== ENERGIES FOR ATOMIC WAVE FUNCTIONS =========================
=================== OLD: AE SCHRODINGER EQUATION           =====================
=================== NEW: NODELESS EQUATION                 =====================
=================== DIFFERENCE DUE TO RELATIVISTIC EFFECTS =====================
IB=  1 L= 0 E[NEW]=     -259.35488 E[OLD]=     -259.35488
IB=  2 L= 0 E[NEW]=      -30.15992 E[OLD]=      -30.15992
IB=  3 L= 1 E[NEW]=      -25.69417 E[OLD]=      -25.69417
IB=  4 L= 0 E[NEW]=       -3.45512 E[OLD]=       -3.45512
IB=  5 L= 1 E[NEW]=       -2.20615 E[OLD]=       -2.20615
IB=  6 L= 2 E[NEW]=       -0.27586 E[OLD]=       -0.27586
IB=  7 L= 0 E[NEW]=       -0.19441 E[OLD]=       -0.19441
=================== ENERGIES FOR PARTIAL-WAVE CONSTRUCTION======================
RBOX=  2.65318
LN= 1 L= 0 E=  -0.19441 RC= 1.658
LN= 2 L= 1 E=  -0.04840 RC= 1.658
LN= 3 L= 2 E=  -0.27586 RC= 1.658
LN= 4 L= 2 E=   1.09058 RC= 1.658
===================  TRANSU ====================================================
   1.0000000000   0.0000000000   0.0000000000   0.0000000000
   0.0000000000   1.0000000000   0.0000000000   0.0000000000
   0.0000000000   0.0000000000   1.0000000000   1.0000000000
   0.0000000000   0.0000000000   0.0000000000   1.3664370668
===================  TRANSU^(-1) ===============================================
   1.0000000000  -0.0000000000   0.0000000000  -0.0000000000
   0.0000000000   1.0000000000   0.0000000000  -0.0000000000
   0.0000000000   0.0000000000   1.0000000000  -0.7318302645
   0.0000000000   0.0000000000   0.0000000000   0.7318302645
===================  TEST QN EQ.  ==============================================
LN= 1 L= 0  [T+V-E_N]|QN>-|UC>=   0.000000000000000
LN= 2 L= 1  [T+V-E_N]|QN>-|UC>=   0.000000000000000
LN= 3 L= 2  [T+V-E_N]|QN>-|UC>=   0.000000000000035
LN= 4 L= 2  [T+V-E_N]|QN>-|UC>=   0.000000000000046
=================== <UC|AEPHI>/SQRT(<UC|UC>  ===================================
========= DEVIATION DUE NEGLECT OF SMALL COMPONENT==============================
========= ORTHOGONALIZATION DONE BASED ON ENERGIES==============================
   0.00000   0.00000   0.00000   0.00628   0.00000
   0.00000   0.00000   0.00000   0.00000   0.02152
   0.00000   0.00000   0.00000   0.00000   0.00000
   0.00000   0.00000   0.00000   0.00000   0.00000
===================  TEST AEPHI EQ.  ===========================================
LN= 1 L= 0  [T+V-E_N]|AEPHI_N> =   0.000000001395373
LN= 2 L= 1  [T+V-E_N]|AEPHI_N> =   0.000000000001329
LN= 3 L= 2  [T+V-E_N]|AEPHI_N> =   0.000000000000035
LN= 4 L= 2  [T+V-E_N]|AEPHI_N> =   0.000000000000046
 L            0  E= -0.19440826338748715      PHIPHASE BEFORE ADJUSTMENT=   0.65484077291420884     
 L            0  E= -0.19440826338748715      PHIPHASE AFTER ADJUSTMENT=   0.65484077291420884     
 L            1  E=  -4.8395753578059267E-002 PHIPHASE BEFORE ADJUSTMENT=   0.56767192126145649     
 L            1  E=  -4.8395753578059267E-002 PHIPHASE AFTER ADJUSTMENT=   0.56767192126145649     
 L            2  E= -0.27586146100824427      PHIPHASE BEFORE ADJUSTMENT=   0.77320924449347395     
 L            2  E= -0.27586146100824427      PHIPHASE AFTER ADJUSTMENT=   0.77320924449347395     
 L            2  E=   1.0905756057507390      PHIPHASE BEFORE ADJUSTMENT=    1.7880230051048260     
 L            2  E=   1.0905756057507390      PHIPHASE AFTER ADJUSTMENT=    1.7880230051048260     
===================  TEST RAW PAW EQUATION  ====================================
LN= 1 L= 0 RAW PAW EQ.   0.00000 SCHR. EQ.   0.00000
LN= 2 L= 1 RAW PAW EQ.   0.00000 SCHR. EQ.   0.00000
LN= 3 L= 2 RAW PAW EQ.   0.00000 SCHR. EQ.   0.00000
LN= 4 L= 2 RAW PAW EQ.   0.00000 SCHR. EQ.   0.00000
 VFOCK%TON   F
 RBND          2.6531751962925103     
DT    0.17607E+01 0.00000E+00 0.00000E+00 0.00000E+00
DT    0.00000E+00 0.13767E+01 0.00000E+00 0.00000E+00
DT    0.00000E+00 0.00000E+00 0.64553E+01 0.52380E+01
DT    0.00000E+00 0.00000E+00 0.52380E+01 0.30208E+01
DH    0.47749E+00 0.00000E+00 0.00000E+00 0.00000E+00
DH    0.00000E+00 0.18697E+00 0.00000E+00 0.00000E+00
DH    0.00000E+00 0.00000E+00-0.59581E+00-0.32444E+00
DH    0.00000E+00 0.00000E+00-0.32444E+00-0.16993E+01
DO   -0.14014E+00 0.00000E+00 0.00000E+00 0.00000E+00
DO    0.00000E+00-0.76795E-01 0.00000E+00 0.00000E+00
DO    0.00000E+00 0.00000E+00 0.64103E+00 0.23450E+00
DO    0.00000E+00 0.00000E+00 0.23450E+00 0.10989E+00
LN= 1 DTKIN-TRANSPOSE(DTKIN)=   0.00000   0.00000   0.00000   0.00000
LN= 2 DTKIN-TRANSPOSE(DTKIN)=   0.00000   0.00000   0.00000   0.00000
LN= 3 DTKIN-TRANSPOSE(DTKIN)=   0.00000   0.00000   0.00000   0.00000
LN= 4 DTKIN-TRANSPOSE(DTKIN)=   0.00000   0.00000  -0.00000   0.00000
LN= 1 <P|PSPHI>=   1.00000   0.00000   0.00000   0.00000
LN= 2 <P|PSPHI>=   0.00000   1.00000   0.00000   0.00000
LN= 3 <P|PSPHI>=   0.00000   0.00000   1.00000   0.00000
LN= 4 <P|PSPHI>=   0.00000   0.00000   0.00000   1.00000
===================  TEST PAW EQUATION  ========================================
LN= 1 L= 0 PAW EQ.             0.00000 SCHR. EQ.             0.00000 DPRO              0.00000
LN= 2 L= 1 PAW EQ.             0.00000 SCHR. EQ.             0.00000 DPRO              0.00000
LN= 3 L= 2 PAW EQ.             0.00000 SCHR. EQ.             0.00000 DPRO              0.00000
LN= 4 L= 2 PAW EQ.             0.00000 SCHR. EQ.             0.00000 DPRO              0.00000
 =================== L=           0  =================================
 BEFORE PAWBOUNDSTATE
 L=           0  NN=           0  E= -0.19440838419026857       NPRO=           1  ROUT=   19.716639202099568       IB=           7
  E= -0.19882701359291260     
 =================== L=           1  =================================
 =================== L=           2  =================================
 BEFORE PAWBOUNDSTATE
 L=           2  NN=           0  E= -0.27586146436247438       NPRO=           2  ROUT=   19.716639202099568       IB=           6
  E= -0.27586155108897881     
===================  STRAIGHT AE- AND PAW-ENERGY LEVELS ========================
IB= 6 L= 2 AE-ENERGY:  -7.50647 EV; PS-ENERGY:  -7.50647 EV
IB= 7 L= 0 AE-ENERGY:  -5.29005 EV; PS-ENERGY:  -5.41028 EV
 PSEUDO+AUGMENTATION CHARGE    1.1108414817494553E-014  (SHOULD BE ZERO)
===================  DTKIN BEFORE SYMMETRIZATION ===============================
       1.761       0.000       0.000       0.000
       0.000       1.377       0.000       0.000
       0.000       0.000       6.455       5.238
       0.000       0.000       5.238       3.021
===================  DO BEFORE SYMMETRIZATION ==================================
      -0.140       0.000       0.000       0.000
       0.000      -0.077       0.000       0.000
       0.000       0.000       0.641       0.234
       0.000       0.000       0.234       0.110
 LIB_FFTW: CREATE PLAN FOR: GTOR           1         500           0
 LIB_FFTW: CREATE PLAN FOR: RTOG          -1         500           1
L= 0 IB= 1 E(LOCAL)=  -1.02160 E(OUTER)=  -0.10245
L= 0 IB= 2 E(LOCAL)=  -0.06734 E(OUTER)=   0.01660
L= 0 IB= 3 E(LOCAL)=   0.02195 E(OUTER)=   0.07078
L= 0 IB= 4 E(LOCAL)=   0.08039 E(OUTER)=   0.16498
L= 1 IB= 1 E(LOCAL)=  -0.25764 E(OUTER)=  -0.01929
L= 1 IB= 2 E(LOCAL)=   0.00998 E(OUTER)=   0.03598
L= 1 IB= 3 E(LOCAL)=   0.05436 E(OUTER)=   0.10199
L= 1 IB= 4 E(LOCAL)=   0.13592 E(OUTER)=   0.19982
L= 2 IB= 1 E(LOCAL)=   0.03264 E(OUTER)=   0.03371
L= 2 IB= 2 E(LOCAL)=   0.07074 E(OUTER)=   0.07477
L= 2 IB= 3 E(LOCAL)=   0.14218 E(OUTER)=   0.15201
L= 2 IB= 4 E(LOCAL)=   0.23490 E(OUTER)=   0.25318
========= GHOSTBUSTER FOR=   FE Z=  26.0 =======================================
LN 1 L= 0 E(INNER)=  -0.05141 H
LN 2 L= 1 E(INNER)=   1.63279 H
LN 3 L= 2 E(INNER)=   3.37495 H
LN 4 L= 2 E(INNER)=   4.51374 H
 LIB_FFTW: CREATE PLAN FOR: GTOR           1        1024           2
 LIB_FFTW: CREATE PLAN FOR: RTOG          -1        1024           3
================================================================================
===================  SETUP CONSTRUCTION FINISHED  ==============================
================================================================================
NO. OF INEQUIVALENT K-POINTS   260
NUMBER OF DIFFERENT TETRAHEDRA : 1536
 DYNOCC__SETR8: SPIN HAS BEEN SET TO    0.0000000000000000     
 LIB_FFTW: CREATE PLAN FOR: GTOR           1          12           4
 LIB_FFTW: CREATE PLAN FOR: RTOG          -1          12           5
 FERMI ENERGY AT    2.1137190832275561     
 CONSTANT ENERGY   -6.3255029437054873       0.68578308718689873     
 FERMI ENERGY AT    2.1137190832275561     
 FERMI ENERGY AT    1.8474797285870321     
 CONSTANT ENERGY   -8.6950280047694211        2.0974297684450121     
 FERMI ENERGY AT    2.0872437654428162     
 FERMI ENERGY AT    1.5436721920025160     
 CONSTANT ENERGY   -11.393634721291079        2.8761183746383709     
 FERMI ENERGY AT    2.0334095498336300     
 FERMI ENERGY AT    1.3424775113214433     
 CONSTANT ENERGY   -14.279250807466793        2.6329572551252673     
 FERMI ENERGY AT    1.9654689942599106     
 FERMI ENERGY AT    1.2347020768640637     
 CONSTANT ENERGY   -16.589541058799497        1.9255734469434251     
 FERMI ENERGY AT    1.8943723629644218     
 FERMI ENERGY AT    1.1685684158038450     
 CONSTANT ENERGY   -18.155870534478598        1.2583139206259439     
 FERMI ENERGY AT    1.8245170247017974     
 FERMI ENERGY AT    1.1100859994966430     
 CONSTANT ENERGY   -19.145327548705609       0.81210419280167723     
 FERMI ENERGY AT    1.7558305862577772     
 FERMI ENERGY AT    1.0451232156562815     
 CONSTANT ENERGY   -19.782026968509346       0.56313939510693756     
 FERMI ENERGY AT    1.6872303748916957     
 FERMI ENERGY AT   0.97478731406636332     
 CONSTANT ENERGY   -20.226702109577296       0.43207959727865852     
 FERMI ENERGY AT    1.6179835778132516     
 FERMI ENERGY AT   0.90546928966970963     
 CONSTANT ENERGY   -20.562913155096751       0.35506058134269380     
 FERMI ENERGY AT    1.5482921635178355     
 FERMI ENERGY AT   0.84329455142075671     
 CONSTANT ENERGY   -20.828143299069971       0.29794027371147014     
 FERMI ENERGY AT    1.4790189766358368     
 FERMI ENERGY AT   0.79166671278189060     
 CONSTANT ENERGY   -21.038946440579732       0.24887138468910655     
 FERMI ENERGY AT    1.4111222049748315     
 FERMI ENERGY AT   0.75107419337133441     
 CONSTANT ENERGY   -21.205129522580535       0.20650606672656852     
 FERMI ENERGY AT    1.3457240789162617     
 FERMI ENERGY AT   0.72063619442028004     
 CONSTANT ENERGY   -21.335789170154985       0.17193331082957453     
 FERMI ENERGY AT    1.2836561225515151     
 FERMI ENERGY AT   0.69907261742433080     
 CONSTANT ENERGY   -21.438925723736983       0.14527970358722336     
 FERMI ENERGY AT    1.2254944609073577     
 FERMI ENERGY AT   0.68464088071240126     
 CONSTANT ENERGY   -21.521188243824081       0.12529219281515858     
 FERMI ENERGY AT    1.1716222194618371     
 FERMI ENERGY AT   0.67551750035108327     
 CONSTANT ENERGY   -21.587609290590137       0.11016296044811603     
 FERMI ENERGY AT    1.1222274482767713     
 FERMI ENERGY AT   0.67003491751995903     
 CONSTANT ENERGY   -21.642145266782652        9.8384929145445041E-002
 FERMI ENERGY AT    1.0771282993164621     
 FERMI ENERGY AT   0.66676947357261229     
 CONSTANT ENERGY   -21.686296972577161        8.9122092376879458E-002
 FERMI ENERGY AT    1.0361891077174550     
 FERMI ENERGY AT   0.66457937013960766     
 CONSTANT ENERGY   -21.722027345472672        8.1862864752011932E-002
 FERMI ENERGY AT   0.99915209341799427     
 FERMI ENERGY AT   0.66271599667316383     
 CONSTANT ENERGY   -21.751316490505740        7.6222086796125799E-002
 FERMI ENERGY AT   0.96567182662896267     
 FERMI ENERGY AT   0.66068257975258216     
 CONSTANT ENERGY   -21.775580523459116        7.1881500258892991E-002
 FERMI ENERGY AT   0.93537172291369797     
 FERMI ENERGY AT   0.65827537278464288     
 CONSTANT ENERGY   -21.796009687766979        6.8523101387377744E-002
 FERMI ENERGY AT   0.90788262063926017     
 FERMI ENERGY AT   0.65560220410045666     
 CONSTANT ENERGY   -21.813506340894506        6.5849963528957889E-002
 FERMI ENERGY AT   0.88287721543876052     
 FERMI ENERGY AT   0.65281006574956968     
 CONSTANT ENERGY   -21.828715422562212        6.3617091228200945E-002
 FERMI ENERGY AT   0.86008959697690290     
 FERMI ENERGY AT   0.65014016137020803     
 CONSTANT ENERGY   -21.842141978462845        6.1655094640104720E-002
 FERMI ENERGY AT   0.83930129306418166     
 FERMI ENERGY AT   0.64777622471007457     
 CONSTANT ENERGY   -21.854132646942119        5.9866321168623476E-002
 FERMI ENERGY AT   0.82033395783052621     
 FERMI ENERGY AT   0.64577246849110415     
 CONSTANT ENERGY   -21.864963784707374        5.8198244932473511E-002
 FERMI ENERGY AT   0.80304614704432931     
 FERMI ENERGY AT   0.64424931030034804     
 CONSTANT ENERGY   -21.874785527926242        5.6639193781505004E-002
 FERMI ENERGY AT   0.78733878295877924     
 FERMI ENERGY AT   0.64326619841583266     
 CONSTANT ENERGY   -21.883760228791669        5.5176564014415591E-002
 FERMI ENERGY AT   0.77309782596889964     
 FERMI ENERGY AT   0.64279769756897909     
 CONSTANT ENERGY   -21.891931788071666        5.3811276409961667E-002
 FERMI ENERGY AT   0.76021800216068902     
 FERMI ENERGY AT   0.64277735883544707     
 CONSTANT ENERGY   -21.899308670362419        5.2543188709778324E-002
 FERMI ENERGY AT   0.74860392076902327     
 FERMI ENERGY AT   0.64296184848526838     
 CONSTANT ENERGY   -21.906080534699942        5.1365159172604487E-002
 FERMI ENERGY AT   0.73814290687089801     
 FERMI ENERGY AT   0.64320356436893955     
 CONSTANT ENERGY   -21.912313252376805        5.0258578362529206E-002
 FERMI ENERGY AT   0.72872850645467113     
 FERMI ENERGY AT   0.64341829570086295     
 CONSTANT ENERGY   -21.918072402213287        4.9205466994989337E-002
 FERMI ENERGY AT   0.72026696174204596     
 FERMI ENERGY AT   0.64353005229667393     
 CONSTANT ENERGY   -21.923402709870679        4.8196761660018794E-002
 FERMI ENERGY AT   0.71266622471598584     
 FERMI ENERGY AT   0.64353807248595785     
 CONSTANT ENERGY   -21.928334916375807        4.7212946354252050E-002
 FERMI ENERGY AT   0.70583620463341623     
 FERMI ENERGY AT   0.64346787582857801     
 CONSTANT ENERGY   -21.932883404813705        4.6247035513066137E-002
 FERMI ENERGY AT   0.69967577905854006     
 FERMI ENERGY AT   0.64330827004220648     
 CONSTANT ENERGY   -21.937085645862460        4.5299791605639780E-002
 FERMI ENERGY AT   0.69411626165579399     
 FERMI ENERGY AT   0.64306351267186213     
 CONSTANT ENERGY   -21.941019456173116        4.4374073320945714E-002
 FERMI ENERGY AT   0.68907974016115814     
 FERMI ENERGY AT   0.64278997285331529     
 CONSTANT ENERGY   -21.944677976457641        4.3476649037795176E-002
 FERMI ENERGY AT   0.68450764258838181     
 FERMI ENERGY AT   0.64254784673147436     
 CONSTANT ENERGY   -21.948063675330410        4.2613082118659391E-002
 FERMI ENERGY AT   0.68035230910280331     
 FERMI ENERGY AT   0.64236381576840829     
 CONSTANT ENERGY   -21.951196341576999        4.1789130135603689E-002
 FERMI ENERGY AT   0.67657180896783609     
 FERMI ENERGY AT   0.64228676260309969     
 CONSTANT ENERGY   -21.954071466473906        4.1007207695718882E-002
 FERMI ENERGY AT   0.67314281635322659     
 FERMI ENERGY AT   0.64230518374346857     
 CONSTANT ENERGY   -21.956706640623398        4.0258894016447069E-002
 FERMI ENERGY AT   0.67004771103563698     
 FERMI ENERGY AT   0.64238929316641280     
 CONSTANT ENERGY   -21.959139238785756        3.9534550675476773E-002
 FERMI ENERGY AT   0.66727039616315986     
 FERMI ENERGY AT   0.64253399557597657     
 CONSTANT ENERGY   -21.961406595412942        3.8821142527580954E-002
 FERMI ENERGY AT   0.66478702763732223     
 FERMI ENERGY AT   0.64273756044431773     
 CONSTANT ENERGY   -21.963533815006883        3.8102605124300588E-002
 FERMI ENERGY AT   0.66256821896885598     
 FERMI ENERGY AT   0.64296902081790264     
 CONSTANT ENERGY   -21.965548356586392        3.7365678308971861E-002
WRITING : HEADER
WRITING : TIMESTEP
WRITING : ATOMS
WRITING : CELL
WRITING : OCCUPATIONS
WRITING : WAVES
WRITING : ENDOFFILE
 FERMI ENERGY AT   0.66058859904432654     
 FERMI ENERGY AT   0.64319263087734124     
 CONSTANT ENERGY   -21.967482085959393        3.6598123399119560E-002
 FERMI ENERGY AT   0.65882441453879648     
 FERMI ENERGY AT   0.64340952590674372     
 CONSTANT ENERGY   -21.969348026628012        3.5791672643475970E-002
 FERMI ENERGY AT   0.65725537444113036     
 FERMI ENERGY AT   0.64359863062821066     
 CONSTANT ENERGY   -21.971164493483627        3.4943199424568382E-002
 FERMI ENERGY AT   0.65585513483635560     
 FERMI ENERGY AT   0.64373772455975398     
 CONSTANT ENERGY   -21.972947119560192        3.4050529908918936E-002
 FERMI ENERGY AT   0.65459877528920418     
 FERMI ENERGY AT   0.64382709450049547     
 CONSTANT ENERGY   -21.974702130793673        3.3116422396718546E-002
 FERMI ENERGY AT   0.65346610764602620     
 FERMI ENERGY AT   0.64387575769305505     
 CONSTANT ENERGY   -21.976434071548947        3.2147610980047592E-002
 FERMI ENERGY AT   0.65244192556019776     
 FERMI ENERGY AT   0.64387851568529242     
 CONSTANT ENERGY   -21.978147231206624        3.1153758317372528E-002
 FERMI ENERGY AT   0.65151533757046032     
 FERMI ENERGY AT   0.64381336687642743     
 CONSTANT ENERGY   -21.979834390084687        3.0146217356700686E-002
 FERMI ENERGY AT   0.65067681742370587     
 FERMI ENERGY AT   0.64373996447496740     
 CONSTANT ENERGY   -21.981478708349055        2.9133262531038085E-002
 FERMI ENERGY AT   0.64992020496367020     
 FERMI ENERGY AT   0.64366904729570684     
 CONSTANT ENERGY   -21.983075413652696        2.8127780413624390E-002
 FERMI ENERGY AT   0.64924220286552825     
 FERMI ENERGY AT   0.64361797578359670     
 CONSTANT ENERGY   -21.984620730782392        2.7141328077980302E-002
 FERMI ENERGY AT   0.64863903081057928     
 FERMI ENERGY AT   0.64359535563906212     
 CONSTANT ENERGY   -21.986106139800633        2.6186009083256280E-002
 FERMI ENERGY AT   0.64810548737525053     
 FERMI ENERGY AT   0.64359580096262803     
 CONSTANT ENERGY   -21.987521959612554        2.5272229942272267E-002
 FERMI ENERGY AT   0.64763490081246555     
 FERMI ENERGY AT   0.64360650647255357     
 CONSTANT ENERGY   -21.988858182955564        2.4407782359304402E-002
 FERMI ENERGY AT   0.64722103347921411     
 FERMI ENERGY AT   0.64363120709135424     
 CONSTANT ENERGY   -21.990108968424519        2.3598072675278116E-002
 FERMI ENERGY AT   0.64685446775089217     
 FERMI ENERGY AT   0.64365678055385767     
 CONSTANT ENERGY   -21.991266667630320        2.2849621630999961E-002
 FERMI ENERGY AT   0.64652430182259080     
 FERMI ENERGY AT   0.64366082598299923     
 CONSTANT ENERGY   -21.992328271370493        2.2167723437795092E-002
 FERMI ENERGY AT   0.64621994572529839     
 FERMI ENERGY AT   0.64363125522665310     
 CONSTANT ENERGY   -21.993295638757388        2.1556101452056223E-002
 FERMI ENERGY AT   0.64593511890163757     
 FERMI ENERGY AT   0.64356849027342689     
 CONSTANT ENERGY   -21.994189105057707        2.1010220638825294E-002
 FERMI ENERGY AT   0.64566363811728145     
 FERMI ENERGY AT   0.64350302278948823     
 CONSTANT ENERGY   -21.995015926380614        2.0517197883491885E-002
 FERMI ENERGY AT   0.64540895011428723     
 FERMI ENERGY AT   0.64345038673293387     
 CONSTANT ENERGY   -21.995787756023489        2.0054975974962509E-002
 FERMI ENERGY AT   0.64517413747092234     
 FERMI ENERGY AT   0.64341775455313599     
 CONSTANT ENERGY   -21.996520940950759        1.9613253003691697E-002
 FERMI ENERGY AT   0.64495950604153474     
 FERMI ENERGY AT   0.64343192615991129     
 CONSTANT ENERGY   -21.997222231914208        1.9182408299115623E-002
 FERMI ENERGY AT   0.64476595354988031     
 FERMI ENERGY AT   0.64349771253731858     
 CONSTANT ENERGY   -21.997898827093934        1.8755001352966937E-002
 FERMI ENERGY AT   0.64459647698080236     
 FERMI ENERGY AT   0.64360600667574908     
 CONSTANT ENERGY   -21.998538752155259        1.8322577086019129E-002
 FERMI ENERGY AT   0.64445528895340021     
 FERMI ENERGY AT   0.64366016700653461     
 CONSTANT ENERGY   -21.999187449449693        1.7882129436014825E-002
 FERMI ENERGY AT   0.64433877211149171     
 FERMI ENERGY AT   0.64369353196009826     
 CONSTANT ENERGY   -21.999837582664721        1.7430555563105889E-002
 FERMI ENERGY AT   0.64424192101541577     
 FERMI ENERGY AT   0.64370753301696237     
 CONSTANT ENERGY   -22.000482642667212        1.6968925454862008E-002
 FERMI ENERGY AT   0.64416130332601895     
 FERMI ENERGY AT   0.64369861541727780     
 CONSTANT ENERGY   -22.001119558384762        1.6501863071374870E-002
 FERMI ENERGY AT   0.64409308062012038     
 FERMI ENERGY AT   0.64366280453522828     
 CONSTANT ENERGY   -22.001741163767331        1.6037904112776960E-002
 FERMI ENERGY AT   0.64403256204803561     
 FERMI ENERGY AT   0.64360464956882601     
 CONSTANT ENERGY   -22.002336375431007        1.5587599311192874E-002
 FERMI ENERGY AT   0.64397555754579816     
 FERMI ENERGY AT   0.64354313992235523     
 CONSTANT ENERGY   -22.002891609202678        1.5162134934828268E-002
 FERMI ENERGY AT   0.64392114658789179     
 FERMI ENERGY AT   0.64350234686067775     
 CONSTANT ENERGY   -22.003398765503597        1.4771941734704912E-002
 FERMI ENERGY AT   0.64386978734254530     
 FERMI ENERGY AT   0.64346912512506749     
 CONSTANT ENERGY   -22.003849574491174        1.4422835812072005E-002
 FERMI ENERGY AT   0.64382102267170016     
 FERMI ENERGY AT   0.64344127288363118     
 CONSTANT ENERGY   -22.004243272091049        1.4117774906657245E-002
 FERMI ENERGY AT   0.64377507640278941     
 FERMI ENERGY AT   0.64341647544559599     
 CONSTANT ENERGY   -22.004585121124872        1.3854856024740720E-002
 FERMI ENERGY AT   0.64373213328649670     
 FERMI ENERGY AT   0.64339734266928705     
 CONSTANT ENERGY   -22.004883479894502        1.3628395012234250E-002
 FERMI ENERGY AT   0.64369211134669269     
 FERMI ENERGY AT   0.64338994466757038     
 CONSTANT ENERGY   -22.005149546061737        1.3429303871926639E-002
 FERMI ENERGY AT   0.64365487309192571     
 FERMI ENERGY AT   0.64338421666181289     
 CONSTANT ENERGY   -22.005396053327836        1.3245997184314405E-002
 FERMI ENERGY AT   0.64362026803424655     
 FERMI ENERGY AT   0.64337606341763209     
 CONSTANT ENERGY   -22.005637257589136        1.3065161644798548E-002
 FERMI ENERGY AT   0.64358839012248725     
 FERMI ENERGY AT   0.64336495637432622     
 CONSTANT ENERGY   -22.005889006130737        1.2871946552883186E-002
 FERMI ENERGY AT   0.64355867028520874     
 FERMI ENERGY AT   0.64334754122387816     
 CONSTANT ENERGY   -22.006176359660817        1.2642263411272553E-002
 FERMI ENERGY AT   0.64353040222375413     
 FERMI ENERGY AT   0.64332735489242099     
 CONSTANT ENERGY   -22.006515648176400        1.2360448722092483E-002
 FERMI ENERGY AT   0.64350389419519360     
 FERMI ENERGY AT   0.64330139984198365     
 CONSTANT ENERGY   -22.006903421564541        1.2030177406936972E-002
 FERMI ENERGY AT   0.64347849008374625     
 FERMI ENERGY AT   0.64328424975978982     
 CONSTANT ENERGY   -22.007325155377039        1.1658006437930114E-002
 FERMI ENERGY AT   0.64345597500022034     
 FERMI ENERGY AT   0.64327454535773698     
 CONSTANT ENERGY   -22.007785108220233        1.1255300094794992E-002
 FERMI ENERGY AT   0.64343761092832930     
 FERMI ENERGY AT   0.64326688635436979     
 CONSTANT ENERGY   -22.008270212457351        1.0830330185099508E-002
 FERMI ENERGY AT   0.64342297346796906     
 FERMI ENERGY AT   0.64326520712240121     
 CONSTANT ENERGY   -22.008772032431114        1.0391400042831650E-002
 FERMI ENERGY AT   0.64341042219761935     
 FERMI ENERGY AT   0.64326930895988621     
 CONSTANT ENERGY   -22.009279182690875        9.9473415424666534E-003
 FERMI ENERGY AT   0.64339949401753915     
 FERMI ENERGY AT   0.64327743704395213     
 CONSTANT ENERGY   -22.009775482387443        9.5111014260256463E-003
WRITING : HEADER
WRITING : TIMESTEP
WRITING : ATOMS
WRITING : CELL
WRITING : OCCUPATIONS
WRITING : WAVES
WRITING : ENDOFFILE
 FERMI ENERGY AT   0.64339005121114712     
 FERMI ENERGY AT   0.64328526702142386     
 CONSTANT ENERGY   -22.010259370728207        9.0855904873554036E-003
 FERMI ENERGY AT   0.64338128975559716     
 FERMI ENERGY AT   0.64329231161665312     
 CONSTANT ENERGY   -22.010723248516626        8.6749557260460217E-003
 FERMI ENERGY AT   0.64337312603507524     
 FERMI ENERGY AT   0.64330067023375725     
 CONSTANT ENERGY   -22.011163942161637        8.2822082834618088E-003
 FERMI ENERGY AT   0.64336571547972343     
 FERMI ENERGY AT   0.64331143237775779     
 CONSTANT ENERGY   -22.011579715491695        7.9095668451939199E-003
 FERMI ENERGY AT   0.64335944014763535     
 FERMI ENERGY AT   0.64332634853926207     
 CONSTANT ENERGY   -22.011969553097053        7.5585662615974235E-003
 FERMI ENERGY AT   0.64335455943802211     
 FERMI ENERGY AT   0.64335214358129345     
 CONSTANT ENERGY   -22.012333199993897        7.2300587398287340E-003
 FERMI ENERGY AT   0.64335123763687041     
 FERMI ENERGY AT   0.64338032699358505     
 CONSTANT ENERGY   -22.012671241369507        6.9242304289790181E-003
 FERMI ENERGY AT   0.64334952012418367     
 FERMI ENERGY AT   0.64340420433202550     
 CONSTANT ENERGY   -22.012984943002724        6.6406823887158357E-003
 FERMI ENERGY AT   0.64334939254444956     
 FERMI ENERGY AT   0.64342515016063084     
 CONSTANT ENERGY   -22.013276766004889        6.3784299647522240E-003
 FERMI ENERGY AT   0.64335083766914114     
 FERMI ENERGY AT   0.64344264339327084     
 CONSTANT ENERGY   -22.013548567507971        6.1360682400872328E-003
 FERMI ENERGY AT   0.64335363179174399     
 FERMI ENERGY AT   0.64345567305634599     
 CONSTANT ENERGY   -22.013802013537187        5.9119640039244732E-003
 FERMI ENERGY AT   0.64335747447954816     
 FERMI ENERGY AT   0.64346365954957774     
 CONSTANT ENERGY   -22.014039127189907        5.7042690817131177E-003
 FERMI ENERGY AT   0.64336208770647041     
 FERMI ENERGY AT   0.64346727836084749     
 CONSTANT ENERGY   -22.014261925305163        5.5110072980367603E-003
 FERMI ENERGY AT   0.64336731918999257     
 FERMI ENERGY AT   0.64346788342988603     
 CONSTANT ENERGY   -22.014472341257033        5.3300782786290819E-003
 FERMI ENERGY AT   0.64337344246383155     
 FERMI ENERGY AT   0.64346959245728252     
 CONSTANT ENERGY   -22.014672244753093        5.1591943499760149E-003
 FERMI ENERGY AT   0.64338165340480025     
 FERMI ENERGY AT   0.64346711254759914     
 CONSTANT ENERGY   -22.014863600070331        4.9956127826523691E-003
 FERMI ENERGY AT   0.64339733146173572     
 FERMI ENERGY AT   0.64346995206526092     
 CONSTANT ENERGY   -22.015048839287289        4.8347858858278229E-003
 FERMI ENERGY AT   0.64341060789511650     
 FERMI ENERGY AT   0.64347345616922214     
 CONSTANT ENERGY   -22.015232227154140        4.6771852754754779E-003
 FERMI ENERGY AT   0.64342071717091898     
 FERMI ENERGY AT   0.64348501738001951     
 CONSTANT ENERGY   -22.015413645681420        4.5216562776777000E-003
 FERMI ENERGY AT   0.64343003161134982     
 FERMI ENERGY AT   0.64350036739368444     
 CONSTANT ENERGY   -22.015594110069465        4.3657289847397873E-003
 FERMI ENERGY AT   0.64343960005799039     
 FERMI ENERGY AT   0.64352165228246927     
 CONSTANT ENERGY   -22.015774414920816        4.2086643741015067E-003
 FERMI ENERGY AT   0.64344983454149363     
 FERMI ENERGY AT   0.64353627789010948     
 CONSTANT ENERGY   -22.015954391756313        4.0509203738586467E-003
 FERMI ENERGY AT   0.64346046661855627     
 FERMI ENERGY AT   0.64355223457195343     
 CONSTANT ENERGY   -22.016132951936243        3.8939340696361778E-003
 FERMI ENERGY AT   0.64347155472702600     
 FERMI ENERGY AT   0.64356406587852932     
 CONSTANT ENERGY   -22.016308117906185        3.7397752378248278E-003
 FERMI ENERGY AT   0.64348262074086449     
 FERMI ENERGY AT   0.64357030237177248     
 CONSTANT ENERGY   -22.016477673812247        3.5905904016768492E-003
 FERMI ENERGY AT   0.64349311096883788     
 FERMI ENERGY AT   0.64357212284491094     
 CONSTANT ENERGY   -22.016639666130896        3.4481737745841934E-003
 FERMI ENERGY AT   0.64350237785184539     
 FERMI ENERGY AT   0.64356417166898205     
 CONSTANT ENERGY   -22.016792741770313        3.3136832304253893E-003
 FERMI ENERGY AT   0.64350965404784233     
 FERMI ENERGY AT   0.64355332625464756     
 CONSTANT ENERGY   -22.016936174101957        3.1876152723870760E-003
 FERMI ENERGY AT   0.64351468415846236     
 FERMI ENERGY AT   0.64353956015400882     
 CONSTANT ENERGY   -22.017069912522850        3.0698517503600759E-003
 FERMI ENERGY AT   0.64351710596320111     
 FERMI ENERGY AT   0.64352044083169446     
 CONSTANT ENERGY   -22.017194686069882        2.9598791377439056E-003
 FERMI ENERGY AT   0.64351733729781679     
 FERMI ENERGY AT   0.64351232591223195     
 CONSTANT ENERGY   -22.017313836310031        2.8571306289904104E-003
 FERMI ENERGY AT   0.64351633507888606     
 FERMI ENERGY AT   0.64349701436624596     
 CONSTANT ENERGY   -22.017425859346012        2.7602647918973456E-003
 FERMI ENERGY AT   0.64351427899984126     
 FERMI ENERGY AT   0.64349425831657325     
 CONSTANT ENERGY   -22.017531521607452        2.6686194771999771E-003
 FERMI ENERGY AT   0.64351210996461727     
 FERMI ENERGY AT   0.64348941746280852     
 CONSTANT ENERGY   -22.017631641923089        2.5816463032247066E-003
 FERMI ENERGY AT   0.64350979060210756     
 FERMI ENERGY AT   0.64348667400902582     
 CONSTANT ENERGY   -22.017726896730807        2.4989722404919913E-003
 FERMI ENERGY AT   0.64350753246694825     
 FERMI ENERGY AT   0.64348538529161547     
 CONSTANT ENERGY   -22.017817895869559        2.4203355288076097E-003
 FERMI ENERGY AT   0.64350531326967697     
 FERMI ENERGY AT   0.64348162544522280     
 CONSTANT ENERGY   -22.017905197281074        2.3455147243258800E-003
 FERMI ENERGY AT   0.64350318708487630     
 FERMI ENERGY AT   0.64348489482242943     
 CONSTANT ENERGY   -22.017989228606368        2.2742841468224749E-003
 FERMI ENERGY AT   0.64350143859415343     
 FERMI ENERGY AT   0.64348449967529886     
 CONSTANT ENERGY   -22.018070495185587        2.2063097039032972E-003
 FERMI ENERGY AT   0.64349971696661434     
 FERMI ENERGY AT   0.64348343665804786     
 CONSTANT ENERGY   -22.018149402208987        2.1411816746188380E-003
 FERMI ENERGY AT   0.64349791238845355     
 FERMI ENERGY AT   0.64348176495115572     
 CONSTANT ENERGY   -22.018226368065854        2.0784066586370985E-003
 FERMI ENERGY AT   0.64349595460515308     
 FERMI ENERGY AT   0.64347978265056682     
 CONSTANT ENERGY   -22.018301845689823        2.0174508486889833E-003
 FERMI ENERGY AT   0.64349383348236311     
 FERMI ENERGY AT   0.64347775604250435     
 CONSTANT ENERGY   -22.018376267743470        1.9578037917965451E-003
 FERMI ENERGY AT   0.64349159704056402     
 FERMI ENERGY AT   0.64347534003124429     
 CONSTANT ENERGY   -22.018449985577440        1.8990584544017501E-003
 FERMI ENERGY AT   0.64348926936250894     
 FERMI ENERGY AT   0.64347249683850816     
 CONSTANT ENERGY   -22.018523277413244        1.8409116253153331E-003
 FERMI ENERGY AT   0.64348688404726961     
 FERMI ENERGY AT   0.64346918394870967     
 CONSTANT ENERGY   -22.018596299288888        1.7832050937575960E-003
 FERMI ENERGY AT   0.64348446090831912     
 FERMI ENERGY AT   0.64346516880148397     
 CONSTANT ENERGY   -22.018669060800519        1.7259360731974966E-003
 FERMI ENERGY AT   0.64348198080703189     
 FERMI ENERGY AT   0.64346006442117676     
 CONSTANT ENERGY   -22.018741419623662        1.6692504227737858E-003
 FERMI ENERGY AT   0.64347933898150811     
 FERMI ENERGY AT   0.64345262341464904     
 CONSTANT ENERGY   -22.018813101347995        1.6134185619990906E-003
 FERMI ENERGY AT   0.64347641468686223     
 FERMI ENERGY AT   0.64344486853402927     
 CONSTANT ENERGY   -22.018883706402775        1.5588023979257529E-003
WRITING : HEADER
WRITING : TIMESTEP
WRITING : ATOMS
WRITING : CELL
WRITING : OCCUPATIONS
WRITING : WAVES
WRITING : ENDOFFILE
 FERMI ENERGY AT   0.64347311159825205     
 FERMI ENERGY AT   0.64343404579306973     
 CONSTANT ENERGY   -22.018952806878684        1.5057938499960599E-003
 FERMI ENERGY AT   0.64346916441877167     
 FERMI ENERGY AT   0.64342088067120196     
 CONSTANT ENERGY   -22.019019948106866        1.4547684170878377E-003
 FERMI ENERGY AT   0.64346437028972836     
 FERMI ENERGY AT   0.64340557556045519     
 CONSTANT ENERGY   -22.019084720912783        1.4060290861416004E-003
 FERMI ENERGY AT   0.64345856543477120     
 FERMI ENERGY AT   0.64338858381817854     
 CONSTANT ENERGY   -22.019146794672533        1.3597695795266661E-003
 FERMI ENERGY AT   0.64345165406261673     
 FERMI ENERGY AT   0.64337058953459192     
 CONSTANT ENERGY   -22.019205938588648        1.3160567904138133E-003
 FERMI ENERGY AT   0.64344362801896404     
 FERMI ENERGY AT   0.64335244709268002     
 CONSTANT ENERGY   -22.019262033569554        1.2748343313222913E-003
 FERMI ENERGY AT   0.64343457482153221     
 FERMI ENERGY AT   0.64333510347658085     
 CONSTANT ENERGY   -22.019315071426764        1.2359432109544989E-003
 FERMI ENERGY AT   0.64342478877748766     
 FERMI ENERGY AT   0.64332245495477725     
 CONSTANT ENERGY   -22.019365117843467        1.1991571176487867E-003
 FERMI ENERGY AT   0.64341460091254643     
 FERMI ENERGY AT   0.64330919597055514     
 CONSTANT ENERGY   -22.019412382707721        1.1642017831192853E-003
 FERMI ENERGY AT   0.64340385200395855     
 FERMI ENERGY AT   0.64329269349158058     
 CONSTANT ENERGY   -22.019457131117548        1.1307962332432957E-003
 FERMI ENERGY AT   0.64339278498199937     
 FERMI ENERGY AT   0.64328793386361460     
 CONSTANT ENERGY   -22.019499540277739        1.0986895379871912E-003
 FERMI ENERGY AT   0.64338228616706705     
 FERMI ENERGY AT   0.64328576928058423     
 CONSTANT ENERGY   -22.019539925819537        1.0676248165934531E-003
 FERMI ENERGY AT   0.64337257391997971     
 FERMI ENERGY AT   0.64328621863003643     
 CONSTANT ENERGY   -22.019578653065906        1.0373727462936219E-003
 FERMI ENERGY AT   0.64336387074462142     
 FERMI ENERGY AT   0.64328948914345152     
 CONSTANT ENERGY   -22.019616042733787        1.0077222689811008E-003
 FERMI ENERGY AT   0.64335638507815940     
 FERMI ENERGY AT   0.64329556605392424     
 CONSTANT ENERGY   -22.019652403227067        9.7847638072446697E-004
 FERMI ENERGY AT   0.64335020837729806     
 FERMI ENERGY AT   0.64330184141491420     
 CONSTANT ENERGY   -22.019688055195608        9.4944771073609711E-004
 FERMI ENERGY AT   0.64334529583760802     
 FERMI ENERGY AT   0.64330961656058017     
 CONSTANT ENERGY   -22.019723253615549        9.2047175590248217E-004
 FERMI ENERGY AT   0.64334164748337641     
 FERMI ENERGY AT   0.64331772419496547     
 CONSTANT ENERGY   -22.019758213599687        8.9141268174431319E-004
 FERMI ENERGY AT   0.64333903802352888     
 FERMI ENERGY AT   0.64332240247642747     
 CONSTANT ENERGY   -22.019793101087185        8.6217651145454916E-004
 FERMI ENERGY AT   0.64333738086476733     
 FERMI ENERGY AT   0.64333353351547262     
 CONSTANT ENERGY   -22.019827920037322        8.3273608510913192E-004
 FERMI ENERGY AT   0.64333686829745984     
 FERMI ENERGY AT   0.64334046238685327     
 CONSTANT ENERGY   -22.019862724937138        8.0311597021673451E-004
 FERMI ENERGY AT   0.64333707598774104     
 FERMI ENERGY AT   0.64334640536648680     
 CONSTANT ENERGY   -22.019897413329051        7.7341769988601003E-004
 FERMI ENERGY AT   0.64333781346175356     
 FERMI ENERGY AT   0.64335061982327613     
 CONSTANT ENERGY   -22.019931840365736        7.4380474418790188E-004
 FERMI ENERGY AT   0.64333890021214812     
 FERMI ENERGY AT   0.64335370177539652     
 CONSTANT ENERGY   -22.019965815103603        7.1449222153927992E-004
 FERMI ENERGY AT   0.64334017649863995     
 FERMI ENERGY AT   0.64335554334648060     
 CONSTANT ENERGY   -22.019999120333864        6.8572826539874511E-004
 FERMI ENERGY AT   0.64334151107186477     
 FERMI ENERGY AT   0.64335632971985979     
 CONSTANT ENERGY   -22.020031532608176        6.5777135391328727E-004
 FERMI ENERGY AT   0.64334273738698788     
 FERMI ENERGY AT   0.64335454325936547     
 CONSTANT ENERGY   -22.020062852699500        6.3086572830007247E-004
 FERMI ENERGY AT   0.64334381785079409     
 FERMI ENERGY AT   0.64335620289291917     
 CONSTANT ENERGY   -22.020092863204706        6.0522505173847194E-004
 FERMI ENERGY AT   0.64334481274106037     
 FERMI ENERGY AT   0.64335284801080628     
 CONSTANT ENERGY   -22.020121470926135        5.8100526002068543E-004
 FERMI ENERGY AT   0.64334561476449392     
 FERMI ENERGY AT   0.64335494432242490     
 CONSTANT ENERGY   -22.020148518561484        5.5831053426087145E-004
 FERMI ENERGY AT   0.64334651722980285     
 FERMI ENERGY AT   0.64335500260700296     
 CONSTANT ENERGY   -22.020174003116924        5.3717345888501023E-004
 FERMI ENERGY AT   0.64334732282510920     
 FERMI ENERGY AT   0.64335376509662112     
 CONSTANT ENERGY   -22.020197922446972        5.1757043455843727E-004
 FERMI ENERGY AT   0.64334796434457597     
 FERMI ENERGY AT   0.64335310200748375     
 CONSTANT ENERGY   -22.020220315324234        4.9942740645588695E-004
 FERMI ENERGY AT   0.64334848120306520     
 FERMI ENERGY AT   0.64335239860740390     
 CONSTANT ENERGY   -22.020241276814609        4.8263046385175698E-004
 FERMI ENERGY AT   0.64334887223212800     
 FERMI ENERGY AT   0.64335165812145600     
 CONSTANT ENERGY   -22.020260932385980        4.6704091845020131E-004
 FERMI ENERGY AT   0.64334928959240567     
 FERMI ENERGY AT   0.64335482140592626     
 CONSTANT ENERGY   -22.020279406044516        4.5251034928945184E-004
 FERMI ENERGY AT   0.64334967721095149     
 FERMI ENERGY AT   0.64334942479939028     
 CONSTANT ENERGY   -22.020296936809931        4.3888192364650988E-004
 FERMI ENERGY AT   0.64334960884593773     
 FERMI ENERGY AT   0.64334813090581600     
 CONSTANT ENERGY   -22.020313615194688        4.2601666887544888E-004
 FERMI ENERGY AT   0.64334940029330312     
 FERMI ENERGY AT   0.64334696903216915     
 CONSTANT ENERGY   -22.020329622097751        4.1378064862190129E-004
 FERMI ENERGY AT   0.64334922439998443     
 FERMI ENERGY AT   0.64334960127693908     
 CONSTANT ENERGY   -22.020345073388523        4.0205636986632347E-004
 FERMI ENERGY AT   0.64334906267234793     
 FERMI ENERGY AT   0.64334465945584818     
 CONSTANT ENERGY   -22.020360152600190        3.9073360794602700E-004
 FERMI ENERGY AT   0.64334854768511851     
 FERMI ENERGY AT   0.64334348566870714     
 CONSTANT ENERGY   -22.020374880689268        3.7972358116348517E-004
 FERMI ENERGY AT   0.64334797173957947     
 FERMI ENERGY AT   0.64334237319612342     
 CONSTANT ENERGY   -22.020389339422177        3.6894607173407396E-004
 FERMI ENERGY AT   0.64334726304809564     
 FERMI ENERGY AT   0.64333887738554196     
 CONSTANT ENERGY   -22.020403576885876        3.5833559800748022E-004
 FERMI ENERGY AT   0.64334645005333646     
 FERMI ENERGY AT   0.64333992413493024     
 CONSTANT ENERGY   -22.020417561994797        3.4784579945971875E-004
 FERMI ENERGY AT   0.64334575380595382     
 FERMI ENERGY AT   0.64333806645830882     
 CONSTANT ENERGY   -22.020431330752434        3.3744278733770629E-004
 FERMI ENERGY AT   0.64334494903523554     
 FERMI ENERGY AT   0.64333534656094760     
 CONSTANT ENERGY   -22.020444852574169        3.2711143186944737E-004
 FERMI ENERGY AT   0.64334395822121060     
 FERMI ENERGY AT   0.64333163297688656     
 CONSTANT ENERGY   -22.020458104763588        3.1685010815919008E-004
 FERMI ENERGY AT   0.64334269814198142     
 FERMI ENERGY AT   0.64332692587649742     
 CONSTANT ENERGY   -22.020471063596531        3.0666737908972928E-004
 FERMI ENERGY AT   0.64334121392686239     
 FERMI ENERGY AT   0.64332450193255375     
 CONSTANT ENERGY   -22.020483688257261        2.9657832865198424E-004
WRITING : HEADER
WRITING : TIMESTEP
WRITING : ATOMS
WRITING : CELL
WRITING : OCCUPATIONS
WRITING : WAVES
WRITING : ENDOFFILE
 FERMI ENERGY AT   0.64333940647472465     
 FERMI ENERGY AT   0.64331476309334590     
 CONSTANT ENERGY   -22.020496019624662        2.8659559959691482E-004
 FERMI ENERGY AT   0.64333691093834411     
 FERMI ENERGY AT   0.64330812967017770     
 CONSTANT ENERGY   -22.020507989248078        2.7673471302552984E-004
 FERMI ENERGY AT   0.64333398818966081     
 FERMI ENERGY AT   0.64330162319635786     
 CONSTANT ENERGY   -22.020519608355194        2.6700574780367853E-004
 FERMI ENERGY AT   0.64333071280966525     
 FERMI ENERGY AT   0.64329602799562091     
 CONSTANT ENERGY   -22.020530872905834        2.5741746799909989E-004
 FERMI ENERGY AT   0.64332719278770900     
 FERMI ENERGY AT   0.64329123228590968     
 CONSTANT ENERGY   -22.020541779117274        2.4797817158117330E-004
 FERMI ENERGY AT   0.64332355335244584     
 FERMI ENERGY AT   0.64328767895888295     
 CONSTANT ENERGY   -22.020552326095387        2.3870168197100838E-004
 FERMI ENERGY AT   0.64331992304326202     
 FERMI ENERGY AT   0.64328528390916917     
 CONSTANT ENERGY   -22.020562514280620        2.2960863565187333E-004
 FERMI ENERGY AT   0.64331641863526068     
 FERMI ENERGY AT   0.64328394793585808     
 CONSTANT ENERGY   -22.020572345159117        2.2072747391905796E-004
 FERMI ENERGY AT   0.64331313200547857     
 FERMI ENERGY AT   0.64328334210250215     
 CONSTANT ENERGY   -22.020581822273027        2.1209444080499496E-004
 FERMI ENERGY AT   0.64331012187734238     
 FERMI ENERGY AT   0.64328326768600219     
 CONSTANT ENERGY   -22.020590952445612        2.0375185261933281E-004
 FERMI ENERGY AT   0.64330741130638069     
 FERMI ENERGY AT   0.64328339792313483     
 CONSTANT ENERGY   -22.020599746878322        1.9574487764223626E-004
 FERMI ENERGY AT   0.64330478534196700     
 FERMI ENERGY AT   0.64327822730426565     
 CONSTANT ENERGY   -22.020608254575297        1.8811618925169979E-004
 FERMI ENERGY AT   0.64330228634985676     
 FERMI ENERGY AT   0.64328414160334635     
 CONSTANT ENERGY   -22.020616399367803        1.8090611917810845E-004
 FERMI ENERGY AT   0.64330045974167482     
 FERMI ENERGY AT   0.64328443126690549     
 CONSTANT ENERGY   -22.020624302273003        1.7413847044513758E-004
 FERMI ENERGY AT   0.64329883356828310     
 FERMI ENERGY AT   0.64328385856906811     
 CONSTANT ENERGY   -22.020631958986648        1.6782544647211923E-004
 FERMI ENERGY AT   0.64329732866065981     
 FERMI ENERGY AT   0.64328302527995951     
 CONSTANT ENERGY   -22.020639396632625        1.6196111362533469E-004
 FERMI ENERGY AT   0.64329587760937679     
 FERMI ENERGY AT   0.64328155367696582     
 CONSTANT ENERGY   -22.020646639503788        1.5652182725205344E-004
 FERMI ENERGY AT   0.64329443443585033     
 FERMI ENERGY AT   0.64328001659506062     
 CONSTANT ENERGY   -22.020653706483476        1.5146819163567405E-004
 FERMI ENERGY AT   0.64329297905057758     
 FERMI ENERGY AT   0.64327851425740878     
 CONSTANT ENERGY   -22.020660608916153        1.4674914363073193E-004
 FERMI ENERGY AT   0.64329151618976821     
 FERMI ENERGY AT   0.64327723589162134     
 CONSTANT ENERGY   -22.020667349231623        1.4230756643698151E-004
 FERMI ENERGY AT   0.64329022804529723     
 FERMI ENERGY AT   0.64328046550745610     
 CONSTANT ENERGY   -22.020673895238275        1.3808714782004040E-004
 FERMI ENERGY AT   0.64328908937036333     
 FERMI ENERGY AT   0.64327513999634234     
 CONSTANT ENERGY   -22.020680306409322        1.3403527049522332E-004
 FERMI ENERGY AT   0.64328767454159086     
 FERMI ENERGY AT   0.64327443658611416     
 CONSTANT ENERGY   -22.020686485685502        1.3011337935580212E-004
 FERMI ENERGY AT   0.64328633193131801     
 FERMI ENERGY AT   0.64327416733950271     
 CONSTANT ENERGY   -22.020692429922622        1.2629409267902141E-004
 FERMI ENERGY AT   0.64328509628588282     
 FERMI ENERGY AT   0.64327413572521808     
 CONSTANT ENERGY   -22.020698109589588        1.2256439544343123E-004
 FERMI ENERGY AT   0.64328404360591618     
 FERMI ENERGY AT   0.64327575506039536     
 CONSTANT ENERGY   -22.020703487226385        1.1892386494306662E-004
 FERMI ENERGY AT   0.64328315180795803     
 FERMI ENERGY AT   0.64327407660617453     
 CONSTANT ENERGY   -22.020708565966153        1.1538075309092414E-004
 FERMI ENERGY AT   0.64328215759409668     
 FERMI ENERGY AT   0.64327170957802116     
 CONSTANT ENERGY   -22.020713313997291        1.1194975098431932E-004
 FERMI ENERGY AT   0.64328117715108168     
 FERMI ENERGY AT   0.64327357461183066     
 CONSTANT ENERGY   -22.020717694478453        1.0864737393573660E-004
 FERMI ENERGY AT   0.64328025194937710     
 FERMI ENERGY AT   0.64326894283978642     
 CONSTANT ENERGY   -22.020721770333196        1.0548644611766629E-004
 FERMI ENERGY AT   0.64327926211239972     
 FERMI ENERGY AT   0.64327320227913432     
 CONSTANT ENERGY   -22.020725464205398        1.0247788224229768E-004
 FERMI ENERGY AT   0.64327865298257358     
 FERMI ENERGY AT   0.64327306016817443     
 CONSTANT ENERGY   -22.020728870523875        9.9623621493748763E-005
 FERMI ENERGY AT   0.64327818888377053     
 FERMI ENERGY AT   0.64327541663993781     
 CONSTANT ENERGY   -22.020731975942610        9.6921275045517153E-005
 FERMI ENERGY AT   0.64327781881889667     
 FERMI ENERGY AT   0.64327225150960277     
 CONSTANT ENERGY   -22.020734859985151        9.4361720745254291E-005
 FERMI ENERGY AT   0.64327725716887540     
 FERMI ENERGY AT   0.64327196210322157     
 CONSTANT ENERGY   -22.020737513541235        9.1933673591355479E-005
 FERMI ENERGY AT   0.64327672193929719     
 FERMI ENERGY AT   0.64327193687204509     
 CONSTANT ENERGY   -22.020739990968746        8.9623502190919646E-005
 FERMI ENERGY AT   0.64327625787629117     
 FERMI ENERGY AT   0.64327291626526995     
 CONSTANT ENERGY   -22.020742331954022        8.7418271327877005E-005
 FERMI ENERGY AT   0.64327591701719478     
 FERMI ENERGY AT   0.64327429214395182     
 CONSTANT ENERGY   -22.020744575312968        8.5306893989188178E-005
 FERMI ENERGY AT   0.64327574780918551     
 FERMI ENERGY AT   0.64327618162192834     
 CONSTANT ENERGY   -22.020746757801167        8.3280689629382248E-005
 FERMI ENERGY AT   0.64327578476837433     
 FERMI ENERGY AT   0.64327840280909643     
 CONSTANT ENERGY   -22.020748913114900        8.1333122382313026E-005
 FERMI ENERGY AT   0.64327604072491629     
 FERMI ENERGY AT   0.64328077585758525     
 CONSTANT ENERGY   -22.020751071042966        7.9458887488175639E-005
 FERMI ENERGY AT   0.64327658379224550     
 FERMI ENERGY AT   0.64328498755121966     
 CONSTANT ENERGY   -22.020753243916300        7.7652769355829988E-005
 FERMI ENERGY AT   0.64327734739030185     
 FERMI ENERGY AT   0.64328436315228754     
 CONSTANT ENERGY   -22.020755489802706        7.5907636954449230E-005
 FERMI ENERGY AT   0.64327817161884493     
 FERMI ENERGY AT   0.64328873004016529     
 CONSTANT ENERGY   -22.020757764309376        7.4214940349524205E-005
 FERMI ENERGY AT   0.64327910763880236     
 FERMI ENERGY AT   0.64328528031947818     
 CONSTANT ENERGY   -22.020760149720946        7.2561832827242051E-005
 FERMI ENERGY AT   0.64327973217527212     
 FERMI ENERGY AT   0.64328516618510811     
 CONSTANT ENERGY   -22.020762585221064        7.0934088036301240E-005
 FERMI ENERGY AT   0.64328026606707323     
 FERMI ENERGY AT   0.64328437801067229     
 CONSTANT ENERGY   -22.020765090885181        6.9314839820018115E-005
 FERMI ENERGY AT   0.64328067613934370     
 FERMI ENERGY AT   0.64328384762761959     
 CONSTANT ENERGY   -22.020767652272109        6.7687193647574746E-005
 FERMI ENERGY AT   0.64328109630722019     
 FERMI ENERGY AT   0.64328621928174168     
 CONSTANT ENERGY   -22.020770238992071        6.6035943555167850E-005
 FERMI ENERGY AT   0.64328151352042118     
 FERMI ENERGY AT   0.64328303953214450     
 CONSTANT ENERGY   -22.020772880922227        6.4348646617099398E-005
WRITING : HEADER
WRITING : TIMESTEP
WRITING : ATOMS
WRITING : CELL
WRITING : OCCUPATIONS
WRITING : WAVES
WRITING : ENDOFFILE
 FERMI ENERGY AT   0.64328165472589438     
 FERMI ENERGY AT   0.64328273401519431     
 CONSTANT ENERGY   -22.020775507252957        6.2618782180956793E-005
 FERMI ENERGY AT   0.64328176049731667     
 FERMI ENERGY AT   0.64328282924489733     
 CONSTANT ENERGY   -22.020778110598521        6.0845142482227810E-005
 FERMI ENERGY AT   0.64328186476750959     
 FERMI ENERGY AT   0.64328322431150453     
 CONSTANT ENERGY   -22.020780667592149        5.9032789932058180E-005
 FERMI ENERGY AT   0.64328198799469105     
 FERMI ENERGY AT   0.64328334953060873     
 CONSTANT ENERGY   -22.020783156397531        5.7192415765568909E-005
 FERMI ENERGY AT   0.64328217842775615     
 FERMI ENERGY AT   0.64328487463213280     
 CONSTANT ENERGY   -22.020785550711551        5.5339285206722476E-005
 FERMI ENERGY AT   0.64328240362494027     
 FERMI ENERGY AT   0.64328360546011543     
 CONSTANT ENERGY   -22.020787856727214        5.3491375215275645E-005
 FERMI ENERGY AT   0.64328249963820805     
 FERMI ENERGY AT   0.64328274093060211     
 CONSTANT ENERGY   -22.020790042093687        5.1668233975538258E-005
 FERMI ENERGY AT   0.64328252081123460     
 FERMI ENERGY AT   0.64328173407785760     
 CONSTANT ENERGY   -22.020792107428694        4.9888628463429193E-005
 FERMI ENERGY AT   0.64328243444036981     
 FERMI ENERGY AT   0.64328026558710105     
 CONSTANT ENERGY   -22.020794050751672        4.8169315083811736E-005
 FERMI ENERGY AT   0.64328221540083397     
 FERMI ENERGY AT   0.64327858851386643     
 CONSTANT ENERGY   -22.020795874110679        4.6523827994474296E-005
 FERMI ENERGY AT   0.64328194475936362     
 FERMI ENERGY AT   0.64327926033876837     
 CONSTANT ENERGY   -22.020797568162699        4.4961897139626143E-005
 FERMI ENERGY AT   0.64328159060237666     
 FERMI ENERGY AT   0.64327465328981293     
 CONSTANT ENERGY   -22.020799184848755        4.3488838813870049E-005
 FERMI ENERGY AT   0.64328089585293524     
 FERMI ENERGY AT   0.64327275442179055     
Note: The following floating-point exceptions are signalling: IEEE_UNDERFLOW_FLAG IEEE_DENORMAL
STOP NORMAL STOP IN MPE__STOPALL
 CONSTANT ENERGY   -22.020800690288482        4.2106827596231528E-005
 FERMI ENERGY AT   0.64328008089987632     
 FERMI ENERGY AT   0.64327122995780228     
 CONSTANT ENERGY   -22.020802109506143        4.0814621939617177E-005
 FERMI ENERGY AT   0.64327919510647424     
 FERMI ENERGY AT   0.64327014176364938     
 CONSTANT ENERGY   -22.020803453329535        3.9608902975259836E-005
 FERMI ENERGY AT   0.64327828910541662     
 FERMI ENERGY AT   0.64326946748377656     
 CONSTANT ENERGY   -22.020804732223976        3.8485013949870625E-005
 FERMI ENERGY AT   0.64327740625997831     
 FERMI ENERGY AT   0.64326911129065134     
 CONSTANT ENERGY   -22.020805955846555        3.7437616773076772E-005
 FERMI ENERGY AT   0.64327657604786170     
 FERMI ENERGY AT   0.64326892831709481     
 CONSTANT ENERGY   -22.020807132722126        3.6461089474065718E-005
 FERMI ENERGY AT   0.64327584361017653     
 FERMI ENERGY AT   0.64326962991751291     
 CONSTANT ENERGY   -22.020808264848540        3.5549683247125674E-005
 FERMI ENERGY AT   0.64327519176525105     
 FERMI ENERGY AT   0.64326832895252806     
 CONSTANT ENERGY   -22.020809373371677        3.4697427785788086E-005
 FERMI ENERGY AT   0.64327450483546367     
 FERMI ENERGY AT   0.64326785858651225     
 CONSTANT ENERGY   -22.020810447134515        3.3898249584603859E-005
 FERMI ENERGY AT   0.64327385141505811     
 FERMI ENERGY AT   0.64326772368576435     
 CONSTANT ENERGY   -22.020811489635257        3.3145654696999083E-005
 FERMI ENERGY AT   0.64327319950742345     
 FERMI ENERGY AT   0.64326563507554957     
 CONSTANT ENERGY   -22.020812515080785        3.2432892006828899E-005
 FERMI ENERGY AT   0.64327245330880201     
 FERMI ENERGY AT   0.64326456871862092     
 CONSTANT ENERGY   -22.020813510935774        3.1753237557111588E-005
 FERMI ENERGY AT   0.64327178961778475     
 FERMI ENERGY AT   0.64326677776758079     
 CONSTANT ENERGY   -22.020814461224969        3.1100068353696723E-005
 FERMI ENERGY AT   0.64327117616113216     
 FERMI ENERGY AT   0.64326213754090777     
 CONSTANT ENERGY   -22.020815422973779        3.0467178519805341E-005
 FERMI ENERGY AT   0.64327027249094904     
 FERMI ENERGY AT   0.64326122544654163     
 CONSTANT ENERGY   -22.020816336707767        2.9849741418598369E-005
WRITING : HEADER
WRITING : TIMESTEP
WRITING : ATOMS
WRITING : CELL
WRITING : OCCUPATIONS
WRITING : WAVES
WRITING : ENDOFFILE
 FERMI ENERGY AT   0.64326936805096468     
 FERMI ENERGY AT   0.64326090508654743     
 CONSTANT ENERGY   -22.020817220146878        2.9243676477845377E-005
NORMAL STOP: CALLING MPE__STOPALL TO CLOSE DOWN
