TRACE-PUSH(  1): LEVEL=    1 INTO MAIN
TRACE-MEM(  1): MAXMEM[MBYTE]=   0.00000 TIME20260907 134557.342
TRACE-PUSH(  1): LEVEL=    2 INTO PAW
TRACE-MEM(  1): MAXMEM[MBYTE]=   0.00000 TIME20260907 134557.342
TRACE-PUSH(  1): LEVEL=    3 INTO READIN
TRACE-MEM(  1): MAXMEM[MBYTE]=   0.00000 TIME20260907 134557.342
TRACE-PUSH(  1): LEVEL=    4 INTO READIN_FILES
TRACE-MEM(  1): MAXMEM[MBYTE]=   0.00000 TIME20260907 134557.343
TRACE-PUSH(  1): LEVEL=    5 INTO STANDARDFILES
TRACE-MEM(  1): MAXMEM[MBYTE]=   0.00000 TIME20260907 134557.343
TRACE-POP (  1): LEVEL=    5 FROM STANDARDFILES                   
TRACE-MEM(  1): MAXMEM[MBYTE]=   0.00000 TIME20260907 134557.343
TRACE-POP (  1): LEVEL=    4 FROM READIN_FILES                    
TRACE-MEM(  1): MAXMEM[MBYTE]=   0.00000 TIME20260907 134557.343
TRACE-PUSH(  1): LEVEL=    4 INTO READIN_GENERIC
TRACE-MEM(  1): MAXMEM[MBYTE]=   0.00000 TIME20260907 134557.343
 PAW_SETUPS.F90 A LAMBDA=   6.0000000000000000        6.0000000000000000        6.0000000000000000        6.0000000000000000     
================================================================================
===================  SETUP CONSTRUCTION FOR SI  ================================
================================================================================
 THIS%SETTING%SO= F
KEY: START,REL,NONSO,ZORA
RELATIVISTIC EFFECTS SWITCHED ON?     T
SPIN-ORBIT COUPLING SWITCHED ON?      F
ZORA SWITCHED ON?                     T
FOCK CONTRIBTION ON?                  F
START FROM SCRATCH?                    T
DOING SCF ITERATIONS FOR ATOM WITH Z=  14.00000
           1  AV(POT-POTIN)=   2.3484706839813758       MAX:(POT-POTIN)=   21766.333955052542                0 F
           2  AV(POT-POTIN)=   1.1354361936198627       MAX:(POT-POTIN)=   11987.008812229848                0 F
           3  AV(POT-POTIN)=  0.65020489593549868       MAX:(POT-POTIN)=   661.45745545532554                0 F
           4  AV(POT-POTIN)=  0.50897477908261268       MAX:(POT-POTIN)=   311.04457219946198                0 F
           5  AV(POT-POTIN)=  0.21199586605391071       MAX:(POT-POTIN)=   70.550231548724696                0 F
           6  AV(POT-POTIN)=   8.5937499690668481E-002  MAX:(POT-POTIN)=   57.151716960594058                0 F
           7  AV(POT-POTIN)=   1.6855198246834811E-002  MAX:(POT-POTIN)=   6.8615882953163236                0 F
           8  AV(POT-POTIN)=   7.8259353198459405E-003  MAX:(POT-POTIN)=   3.0014224739279598                0 F
           9  AV(POT-POTIN)=   2.6060744334699274E-003  MAX:(POT-POTIN)=  0.37456498364917934                0 F
          10  AV(POT-POTIN)=   9.1398717101014810E-004  MAX:(POT-POTIN)=   5.9137249598279595E-002           0 F
          11  AV(POT-POTIN)=   2.4508223822675634E-004  MAX:(POT-POTIN)=   7.4975246097892523E-003           0 F
          12  AV(POT-POTIN)=   2.4947522619594843E-003  MAX:(POT-POTIN)=   6.2537666115134782E-002           0 F
          13  AV(POT-POTIN)=   2.2549474490823739E-003  MAX:(POT-POTIN)=   5.6522551186844835E-002           1 F
          14  AV(POT-POTIN)=   3.3540834885859700E-004  MAX:(POT-POTIN)=   7.7041087291480903E-003           2 F
          15  AV(POT-POTIN)=   4.6611065387248247E-004  MAX:(POT-POTIN)=   1.1559207629711892E-002           3 F
          16  AV(POT-POTIN)=   5.9446809970234741E-004  MAX:(POT-POTIN)=   1.4893093540523756E-002           4 F
          17  AV(POT-POTIN)=   2.5783726185405428E-003  MAX:(POT-POTIN)=   6.4689054049341957E-002           5 F
          18  AV(POT-POTIN)=   7.8189907800071772E-004  MAX:(POT-POTIN)=   1.9619930301127551E-002           6 F
          19  AV(POT-POTIN)=   1.0536412287737776E-003  MAX:(POT-POTIN)=   2.6440818399238945E-002           7 F
          20  AV(POT-POTIN)=   1.0608987561110002E-003  MAX:(POT-POTIN)=   2.6622855376503260E-002           8 F
          21  AV(POT-POTIN)=   2.4978025892281458E-003  MAX:(POT-POTIN)=   6.2681739687382998E-002           9 F
          22  AV(POT-POTIN)=   1.7587922827958179E-003  MAX:(POT-POTIN)=   4.4136510976070679E-002          10 F
          23  AV(POT-POTIN)=   1.0678976882448113E-003  MAX:(POT-POTIN)=   2.6798521987793849E-002          11 F
          24  AV(POT-POTIN)=   6.1490109809746781E-004  MAX:(POT-POTIN)=   1.5430391181062484E-002          12 F
          25  AV(POT-POTIN)=   2.4934663766785544E-003  MAX:(POT-POTIN)=   6.2573010376030483E-002          13 F
          26  AV(POT-POTIN)=   2.6758552628447035E-003  MAX:(POT-POTIN)=   6.7150037288148223E-002          14 F
          27  AV(POT-POTIN)=   4.3684575312918066E-003  MAX:(POT-POTIN)=  0.10962555605036492               15 F
          28  AV(POT-POTIN)=   1.9678227953687983E-003  MAX:(POT-POTIN)=   4.9382118367443495E-002          16 F
          29  AV(POT-POTIN)=   8.4166564790021559E-004  MAX:(POT-POTIN)=   2.1121403657167206E-002          17 F
          30  AV(POT-POTIN)=   6.2182619000030490E-004  MAX:(POT-POTIN)=   1.5604603678519707E-002          18 F
          31  AV(POT-POTIN)=   1.1578370601016901E-007  MAX:(POT-POTIN)=   2.8918437083996773E-006          19 F
          32  AV(POT-POTIN)=   1.1306403551714888E-007  MAX:(POT-POTIN)=   2.8165650351880123E-006           0 F
          33  AV(POT-POTIN)=   5.7029421442327639E-008  MAX:(POT-POTIN)=   2.2740568965673447E-006           0 F
          34  AV(POT-POTIN)=   4.5753233446064746E-008  MAX:(POT-POTIN)=   2.0351726561784744E-006           0 F
          35  AV(POT-POTIN)=   4.4900133557638785E-008  MAX:(POT-POTIN)=   1.1188621673596799E-006           0 F
          36  AV(POT-POTIN)=   2.3143137028827831E-008  MAX:(POT-POTIN)=   1.3206154108047485E-006           0 F
          37  AV(POT-POTIN)=   1.8680755119294084E-008  MAX:(POT-POTIN)=   1.6652047634124756E-006           0 F
          38  AV(POT-POTIN)=   1.7273861001163047E-008  MAX:(POT-POTIN)=   2.8756912797689438E-006           0 F
          39  AV(POT-POTIN)=   1.2634053946187974E-008  MAX:(POT-POTIN)=   1.0945368558168411E-006           0 F
          40  AV(POT-POTIN)=   7.4319661593468555E-009  MAX:(POT-POTIN)=   1.2211967259645462E-006           0 F
          41  AV(POT-POTIN)=   4.5387102688693890E-009  MAX:(POT-POTIN)=   8.3609484136104584E-007           0 F
          42  AV(POT-POTIN)=   5.7550257841198197E-009  MAX:(POT-POTIN)=   1.4982651919126511E-006           0 F
          43  AV(POT-POTIN)=   2.2348746733883862E-009  MAX:(POT-POTIN)=   5.0477683544158936E-007           1 F
          44  AV(POT-POTIN)=   5.1120939929353894E-009  MAX:(POT-POTIN)=   2.4607870727777481E-006           0 F
          45  AV(POT-POTIN)=   1.1482679368352297E-009  MAX:(POT-POTIN)=   8.6799263954162598E-007           1 F
          46  AV(POT-POTIN)=   4.6202991897682519E-009  MAX:(POT-POTIN)=   1.9685830920934677E-006           0 F
          47  AV(POT-POTIN)=   5.2249414908536531E-010  MAX:(POT-POTIN)=   1.2181699275970459E-006           1 F
          48  AV(POT-POTIN)=   4.2517369473901106E-009  MAX:(POT-POTIN)=   1.9266735762357712E-006           0 F
          49  AV(POT-POTIN)=   9.4009696563127810E-010  MAX:(POT-POTIN)=   1.0167714208364487E-006           1 F
          50  AV(POT-POTIN)=   4.1834259552732105E-009  MAX:(POT-POTIN)=   1.3434328138828278E-006           2 F
          51  AV(POT-POTIN)=   1.6100987109069503E-010  MAX:(POT-POTIN)=   1.0454095900058746E-006           3 F
          52  AV(POT-POTIN)=   3.5633629494900511E-009  MAX:(POT-POTIN)=   1.1562369763851166E-006           0 F
          53  AV(POT-POTIN)=   2.3007605497075428E-009  MAX:(POT-POTIN)=   1.5662517398595810E-006           1 F
          54  AV(POT-POTIN)=   2.7300619692621134E-009  MAX:(POT-POTIN)=   1.7690472304821014E-006           2 F
          55  AV(POT-POTIN)=   2.2892397862874690E-009  MAX:(POT-POTIN)=   4.0163286030292511E-007           3 F
          56  AV(POT-POTIN)=   3.2516964493339748E-009  MAX:(POT-POTIN)=   7.3667615652084351E-007           0 F
          57  AV(POT-POTIN)=   1.7342722974344155E-009  MAX:(POT-POTIN)=   9.9744647741317749E-007           1 F
          58  AV(POT-POTIN)=   2.2540981803766435E-009  MAX:(POT-POTIN)=   4.1862949728965759E-007           2 F
          59  AV(POT-POTIN)=   2.6735807445247517E-009  MAX:(POT-POTIN)=   1.1862721294164658E-006           3 F
          60  AV(POT-POTIN)=   1.7930170070215069E-009  MAX:(POT-POTIN)=   1.0977964848279953E-006           4 F
          61  AV(POT-POTIN)=   2.8330819987222542E-009  MAX:(POT-POTIN)=   8.5029751062393188E-007           5 F
===================ENERGY REPORT OF ATOMLIB__AESCF==============================
TOTAL ENERGY:................  -290.17130223
KINETIC ENERGY:..............   290.88996059
HARTREE ENERGY:..............  -560.39827146
DFT XC ENERGY:...............     -20.662991
FINITE NUCLEUS:..............     0.00016059
.... CALCULATION USES FINITE NUCLEUS
.... DO NOT ADD FINITE NUCLEUS CORRECTION
... SELFCONSISTENCY OBTAINED
FINAL ONE-PARTICLE ENERGIES FROM AESCF  
  IB   L  SO         F#NODE                   E
   1   0   0      2.00    0             -65.780
   2   0   0      2.00    1              -5.127
   3   1   0      6.00    0              -3.512
   4   0   0      2.00    2              -0.397
   5   1   0      2.00    1              -0.150
 #ITERATIONS           62
========================================================
========= ALL-ELECTRON ATOM CALCULATION ================
========================================================
TOTAL ENERGY=             -290.1713022
  IB   N   L  SO                   E         F#(REM. EL.
   1   1   0   0            -65.7800   2.00000  12.00000
   2   2   0   0             -5.1274   2.00000  10.00000
   3   2   1   0             -3.5120   6.00000   4.00000
--------- CORE ABOVE, VALENCE BELOW --------------------
   4   3   0   0             -0.3973   2.00000   2.00000
   5   3   1   0             -0.1499   2.00000   0.00000
========================================================
========================================================
 ISCATT=           0           1           0           1           0
 LOX=              0           0           1           1           2
 VFOCK%TON  F
=================== ENERGIES FOR ATOMIC WAVE FUNCTIONS =========================
=================== OLD: AE SCHRODINGER EQUATION           =====================
=================== NEW: NODELESS EQUATION                 =====================
=================== DIFFERENCE DUE TO RELATIVISTIC EFFECTS =====================
IB=  1 L= 0 E[NEW]=      -65.77998 E[OLD]=      -65.77998
IB=  2 L= 0 E[NEW]=       -5.12740 E[OLD]=       -5.12740
IB=  3 L= 1 E[NEW]=       -3.51198 E[OLD]=       -3.51198
IB=  4 L= 0 E[NEW]=       -0.39730 E[OLD]=       -0.39730
IB=  5 L= 1 E[NEW]=       -0.14992 E[OLD]=       -0.14992
=================== ENERGIES FOR PARTIAL-WAVE CONSTRUCTION======================
RBOX=  2.51712
LN= 1 L= 0 E=  -0.39730 RC= 1.573
LN= 2 L= 0 E=   2.01120 RC= 1.573
LN= 3 L= 1 E=  -0.14992 RC= 1.573
LN= 4 L= 1 E=   2.21198 RC= 1.573
LN= 5 L= 2 E=   0.03141 RC= 1.573
===================  TRANSU ====================================================
   1.0000000000   1.0000000000   0.0000000000   0.0000000000   0.0000000000
   0.0000000000   2.4085033281   0.0000000000   0.0000000000   0.0000000000
   0.0000000000   0.0000000000   1.0000000000   1.0000000000   0.0000000000
   0.0000000000   0.0000000000   0.0000000000   2.3619080198   0.0000000000
   0.0000000000   0.0000000000   0.0000000000   0.0000000000   1.0000000000
===================  TRANSU^(-1) ===============================================
   1.0000000000  -0.4151956065  -0.0000000000   0.0000000000  -0.0000000000
   0.0000000000   0.4151956065  -0.0000000000   0.0000000000  -0.0000000000
   0.0000000000   0.0000000000   1.0000000000  -0.4233865128  -0.0000000000
   0.0000000000   0.0000000000   0.0000000000   0.4233865128  -0.0000000000
   0.0000000000   0.0000000000   0.0000000000   0.0000000000   1.0000000000
===================  TEST QN EQ.  ==============================================
LN= 1 L= 0  [T+V-E_N]|QN>-|UC>=   0.000000000000001
LN= 2 L= 0  [T+V-E_N]|QN>-|UC>=   0.000000000000001
LN= 3 L= 1  [T+V-E_N]|QN>-|UC>=   0.000000000000001
LN= 4 L= 1  [T+V-E_N]|QN>-|UC>=   0.000000000000001
LN= 5 L= 2  [T+V-E_N]|QN>-|UC>=   0.000000000000001
=================== <UC|AEPHI>/SQRT(<UC|UC>  ===================================
========= DEVIATION DUE NEGLECT OF SMALL COMPONENT==============================
========= ORTHOGONALIZATION DONE BASED ON ENERGIES==============================
   0.00000   0.00121   0.00000
   0.00000  -0.00044   0.00000
   0.00000   0.00000   0.00377
   0.00000   0.00000  -0.00080
   0.00000   0.00000   0.00000
===================  TEST AEPHI EQ.  ===========================================
LN= 1 L= 0  [T+V-E_N]|AEPHI_N> =   0.000000000731617
LN= 2 L= 0  [T+V-E_N]|AEPHI_N> =   0.000000000550499
LN= 3 L= 1  [T+V-E_N]|AEPHI_N> =   0.000000000000238
LN= 4 L= 1  [T+V-E_N]|AEPHI_N> =   0.000000000000122
LN= 5 L= 2  [T+V-E_N]|AEPHI_N> =   0.000000000000001
 L            0  E= -0.39730268724570916      PHIPHASE BEFORE ADJUSTMENT=   0.73183744048336719     
 L            0  E= -0.39730268724570916      PHIPHASE AFTER ADJUSTMENT=   0.73183744048336719     
 L            0  E=   2.0112006408419694      PHIPHASE BEFORE ADJUSTMENT=    1.7630573220198205     
 L            0  E=   2.0112006408419694      PHIPHASE AFTER ADJUSTMENT=    1.7630573220198205     
 L            1  E= -0.14992428323251358      PHIPHASE BEFORE ADJUSTMENT=   0.66803295214287184     
 L            1  E= -0.14992428323251358      PHIPHASE AFTER ADJUSTMENT=   0.66803295214287184     
 L            1  E=   2.2119837365419199      PHIPHASE BEFORE ADJUSTMENT=    1.7092049275103192     
 L            1  E=   2.2119837365419199      PHIPHASE AFTER ADJUSTMENT=    1.7092049275103192     
 L            2  E=   3.1409085561269312E-002 PHIPHASE BEFORE ADJUSTMENT=   0.49176936911494928     
 L            2  E=   3.1409085561269312E-002 PHIPHASE AFTER ADJUSTMENT=   0.49176936911494928     
===================  TEST RAW PAW EQUATION  ====================================
LN= 1 L= 0 RAW PAW EQ.   0.00000 SCHR. EQ.   0.00000
LN= 2 L= 0 RAW PAW EQ.   0.00000 SCHR. EQ.   0.00000
LN= 3 L= 1 RAW PAW EQ.   0.00000 SCHR. EQ.   0.00000
LN= 4 L= 1 RAW PAW EQ.   0.00000 SCHR. EQ.   0.00000
LN= 5 L= 2 RAW PAW EQ.   0.00000 SCHR. EQ.   0.00000
 VFOCK%TON   F
 RBND          2.5171150545824967     
DT    0.15391E+01 0.89927E+00 0.00000E+00 0.00000E+00 0.00000E+00
DT    0.90153E+00 0.53029E+00 0.00000E+00 0.00000E+00 0.00000E+00
DT    0.00000E+00 0.00000E+00 0.93973E+00 0.49841E+00 0.00000E+00
DT    0.00000E+00 0.00000E+00 0.50228E+00 0.27962E+00 0.00000E+00
DT    0.00000E+00 0.00000E+00 0.00000E+00 0.00000E+00 0.54728E-01
DH    0.54193E+00 0.30843E+00 0.00000E+00 0.00000E+00 0.00000E+00
DH    0.31069E+00 0.19346E+00 0.00000E+00 0.00000E+00 0.00000E+00
DH    0.00000E+00 0.00000E+00 0.11503E+00 0.46618E-01 0.00000E+00
DH    0.00000E+00 0.00000E+00 0.50494E-01 0.27028E-01 0.00000E+00
DH    0.00000E+00 0.00000E+00 0.00000E+00 0.00000E+00-0.32338E-01
DO   -0.18840E+00-0.12757E+00 0.00000E+00 0.00000E+00 0.00000E+00
DO   -0.12757E+00-0.97617E-01 0.00000E+00 0.00000E+00 0.00000E+00
DO    0.00000E+00 0.00000E+00-0.41060E-01-0.18355E-01 0.00000E+00
DO    0.00000E+00 0.00000E+00-0.18355E-01-0.10282E-01 0.00000E+00
DO    0.00000E+00 0.00000E+00 0.00000E+00 0.00000E+00 0.17363E-01
LN= 1 DTKIN-TRANSPOSE(DTKIN)=   0.00000  -0.00225   0.00000   0.00000   0.00000
LN= 2 DTKIN-TRANSPOSE(DTKIN)=   0.00225   0.00000   0.00000   0.00000   0.00000
LN= 3 DTKIN-TRANSPOSE(DTKIN)=   0.00000   0.00000   0.00000  -0.00388   0.00000
LN= 4 DTKIN-TRANSPOSE(DTKIN)=   0.00000   0.00000   0.00388   0.00000   0.00000
LN= 5 DTKIN-TRANSPOSE(DTKIN)=   0.00000   0.00000   0.00000   0.00000   0.00000
LN= 1 <P|PSPHI>=   1.00000  -0.00000   0.00000   0.00000   0.00000
LN= 2 <P|PSPHI>=  -0.00000   1.00000   0.00000   0.00000   0.00000
LN= 3 <P|PSPHI>=   0.00000   0.00000   1.00000   0.00000   0.00000
LN= 4 <P|PSPHI>=   0.00000   0.00000  -0.00000   1.00000   0.00000
LN= 5 <P|PSPHI>=   0.00000   0.00000   0.00000   0.00000   1.00000
===================  TEST PAW EQUATION  ========================================
LN= 1 L= 0 PAW EQ.             0.00000 SCHR. EQ.             0.00000 DPRO              0.00000
LN= 2 L= 0 PAW EQ.             0.00000 SCHR. EQ.             0.00000 DPRO              0.00000
LN= 3 L= 1 PAW EQ.             0.00000 SCHR. EQ.             0.00000 DPRO              0.00000
LN= 4 L= 1 PAW EQ.             0.00000 SCHR. EQ.             0.00000 DPRO              0.00000
LN= 5 L= 2 PAW EQ.             0.00000 SCHR. EQ.             0.00000 DPRO              0.00000
 =================== L=           0  =================================
 BEFORE PAWBOUNDSTATE
 L=           0  NN=           0  E= -0.39730279875436741       NPRO=           2  ROUT=   19.716639202099568       IB=           4
  E= -0.39873313877772948     
 =================== L=           1  =================================
 BEFORE PAWBOUNDSTATE
 L=           1  NN=           0  E= -0.14992428423013904       NPRO=           2  ROUT=   19.716639202099568       IB=           5
  E= -0.15199800635621785     
 =================== L=           2  =================================
===================  STRAIGHT AE- AND PAW-ENERGY LEVELS ========================
IB= 4 L= 0 AE-ENERGY: -10.81101 EV; PS-ENERGY: -10.84993 EV
IB= 5 L= 1 AE-ENERGY:  -4.07959 EV; PS-ENERGY:  -4.13602 EV
 PSEUDO+AUGMENTATION CHARGE    1.8586399011130731E-014  (SHOULD BE ZERO)
===================  DTKIN BEFORE SYMMETRIZATION ===============================
       1.539       0.899       0.000       0.000       0.000
       0.902       0.530       0.000       0.000       0.000
       0.000       0.000       0.940       0.498       0.000
       0.000       0.000       0.502       0.280       0.000
       0.000       0.000       0.000       0.000       0.055
===================  DO BEFORE SYMMETRIZATION ==================================
      -0.188      -0.128       0.000       0.000       0.000
      -0.128      -0.098       0.000       0.000       0.000
       0.000       0.000      -0.041      -0.018       0.000
       0.000       0.000      -0.018      -0.010       0.000
       0.000       0.000       0.000       0.000       0.017
 LIB_FFTW: CREATE PLAN FOR: GTOR           1         500           0
 LIB_FFTW: CREATE PLAN FOR: RTOG          -1         500           1
L= 0 IB= 1 E(LOCAL)=  -0.93753 E(OUTER)=  -0.09800
L= 0 IB= 2 E(LOCAL)=  -0.06384 E(OUTER)=   0.01654
L= 0 IB= 3 E(LOCAL)=   0.02210 E(OUTER)=   0.07131
L= 0 IB= 4 E(LOCAL)=   0.08100 E(OUTER)=   0.16595
L= 1 IB= 1 E(LOCAL)=  -0.24566 E(OUTER)=  -0.02387
L= 1 IB= 2 E(LOCAL)=   0.01055 E(OUTER)=   0.03418
L= 1 IB= 3 E(LOCAL)=   0.05584 E(OUTER)=   0.09786
L= 1 IB= 4 E(LOCAL)=   0.13807 E(OUTER)=   0.19517
L= 2 IB= 1 E(LOCAL)=   0.03182 E(OUTER)=   0.03282
L= 2 IB= 2 E(LOCAL)=   0.06980 E(OUTER)=   0.07347
L= 2 IB= 3 E(LOCAL)=   0.13978 E(OUTER)=   0.14880
L= 2 IB= 4 E(LOCAL)=   0.23190 E(OUTER)=   0.24744
========= GHOSTBUSTER FOR=   SI Z=  14.0 =======================================
LN 1 L= 0 E(INNER)=   1.30022 H
LN 2 L= 0 E(INNER)=   1.75638 H
LN 3 L= 1 E(INNER)=   2.23741 H
LN 4 L= 1 E(INNER)=   5.79130 H
LN 5 L= 2 E(INNER)=   6.90812 H
 LIB_FFTW: CREATE PLAN FOR: GTOR           1        1024           2
 LIB_FFTW: CREATE PLAN FOR: RTOG          -1        1024           3
================================================================================
===================  SETUP CONSTRUCTION FINISHED  ==============================
================================================================================
NO. OF INEQUIVALENT K-POINTS   365
NUMBER OF DIFFERENT TETRAHEDRA : 2184
 DYNOCC__SETR8: SPIN HAS BEEN SET TO    0.0000000000000000     
 LIB_FFTW: CREATE PLAN FOR: GTOR           1          18           4
 LIB_FFTW: CREATE PLAN FOR: RTOG          -1          18           5
 CONSTANT ENERGY    9.4000952858997504       0.39376208947757524     
 CONSTANT ENERGY    8.2950584708677493        1.2689477115437791     
 CONSTANT ENERGY    6.3169657835344282        1.9736343161308452     
 CONSTANT ENERGY    3.9381095202294434        2.1797422386799044     
 CONSTANT ENERGY    1.6566519117732841        2.0107241350493044     
 CONSTANT ENERGY  -0.26109760747103983        1.6703454106258138     
 CONSTANT ENERGY   -1.7576396067897697        1.3145924136283718     
 CONSTANT ENERGY   -2.8905073319776413        1.0206661375441755     
 CONSTANT ENERGY   -3.7506317053616582       0.80424454718619454     
 CONSTANT ENERGY   -4.4179835043227031       0.65069276217814509     
 CONSTANT ENERGY   -4.9488148591715504       0.53921383485416119     
 CONSTANT ENERGY   -5.3791894475770858       0.45407887687267551     
 CONSTANT ENERGY   -5.7325081698357314       0.38631935010528301     
 CONSTANT ENERGY   -6.0252456852077243       0.33141831298038349     
 CONSTANT ENERGY   -6.2699173801899031       0.28678988144834833     
 CONSTANT ENERGY   -6.4762776178355086       0.25041560721887457     
 CONSTANT ENERGY   -6.6518532734243294       0.22049362060112146     
 CONSTANT ENERGY   -6.8023762106918397       0.19551555305273971     
 CONSTANT ENERGY   -6.9322259218901445       0.17435208170815314     
 CONSTANT ENERGY   -7.0448187265318989       0.15621974928479970     
 CONSTANT ENERGY   -7.1428898512822734       0.14057559674644449     
 CONSTANT ENERGY   -7.2286723667159194       0.12701657290479335     
 CONSTANT ENERGY   -7.3040086476903863       0.11522008421383267     
 CONSTANT ENERGY   -7.3704277836892800       0.10492021054838596     
 CONSTANT ENERGY   -7.4292062804013890        9.5899106056406114E-002
 CONSTANT ENERGY   -7.4814168690648630        8.7979251049161378E-002
 CONSTANT ENERGY   -7.5279661176816637        8.1013429835444892E-002
 CONSTANT ENERGY   -7.5696224005259651        7.4875336737029549E-002
 CONSTANT ENERGY   -7.6070371122567950        6.9453535319453183E-002
 CONSTANT ENERGY   -7.6407618889631044        6.4648866240610864E-002
 CONSTANT ENERGY   -7.6712634643565831        6.0373687458741228E-002
 CONSTANT ENERGY   -7.6989367277131322        5.6551404346173118E-002
 CONSTANT ENERGY   -7.7241160894482030        5.3115694015814847E-002
 CONSTANT ENERGY   -7.7470852558289440        5.0009549165720424E-002
 CONSTANT ENERGY   -7.7680856085297210        4.7184385675336053E-002
 CONSTANT ENERGY   -7.7873233810847839        4.4599242163078867E-002
 CONSTANT ENERGY   -7.8049757461477958        4.2219937543649867E-002
 CONSTANT ENERGY   -7.8211958738059444        4.0018091162469842E-002
 CONSTANT ENERGY   -7.8361170295696052        3.7970050107242040E-002
 CONSTANT ENERGY   -7.8498558332830308        3.6055857548485934E-002
 CONSTANT ENERGY   -7.8625148320011178        3.4258379712419511E-002
 CONSTANT ENERGY   -7.8741845429781936        3.2562637038223444E-002
 CONSTANT ENERGY   -7.8849450986180276        3.0955329192450060E-002
 CONSTANT ENERGY   -7.8948676007727823        2.9424530896063734E-002
 CONSTANT ENERGY   -7.9040152726589525        2.7959544756324249E-002
 CONSTANT ENERGY   -7.9124444820495521        2.6550897305909253E-002
 CONSTANT ENERGY   -7.9202056869561659        2.5190446083001850E-002
 CONSTANT ENERGY   -7.9273443324471105        2.3871542704219824E-002
 CONSTANT ENERGY   -7.9339017016588329        2.2589187067513644E-002
WRITING : HEADER
WRITING : TIMESTEP
WRITING : ATOMS
WRITING : CELL
WRITING : OCCUPATIONS
WRITING : WAVES
WRITING : ENDOFFILE
 CONSTANT ENERGY   -7.9399157077961364        2.1340116599847532E-002
 CONSTANT ENERGY   -7.9454216046132249        2.0122794819764672E-002
 CONSTANT ENERGY   -7.9504525929027974        1.8937285552739769E-002
 CONSTANT ENERGY   -7.9550403049963849        1.7785017785963773E-002
 CONSTANT ENERGY   -7.9592151571143326        1.6668461032886037E-002
 CONSTANT ENERGY   -7.9630065699920642        1.5590742481762978E-002
 CONSTANT ENERGY   -7.9664430687444652        1.4555243592563466E-002
 CONSTANT ENERGY   -7.9695522815325566        1.3565213387245933E-002
 CONSTANT ENERGY   -7.9723608616602117        1.2623429022630278E-002
 CONSTANT ENERGY   -7.9748943595927866        1.1731924648780069E-002
 CONSTANT ENERGY   -7.9771770702347995        1.0891800854511930E-002
 CONSTANT ENERGY   -7.9792318782683296        1.0103121016900876E-002
 CONSTANT ENERGY   -7.9810801211890015        9.3648969121466578E-003
 CONSTANT ENERGY   -7.9827414859498838        8.6751621938318153E-003
 CONSTANT ENERGY   -7.9842339512129197        8.0311274798373737E-003
 CONSTANT ENERGY   -7.9855737821577684        7.4294045603583644E-003
 CONSTANT ENERGY   -7.9867755804276683        6.8662801493889133E-003
 CONSTANT ENERGY   -7.9878523860632873        6.3380126591220751E-003
 CONSTANT ENERGY   -7.9888158232432618        5.8411203698574467E-003
 CONSTANT ENERGY   -7.9896762770025083        5.3726282743022536E-003
 CONSTANT ENERGY   -7.9904430850193968        4.9302454365405517E-003
 CONSTANT ENERGY   -7.9911247278931485        4.5124547057885222E-003
 CONSTANT ENERGY   -7.9917290028894872        4.1185096502062372E-003
 CONSTANT ENERGY   -7.9922631697185889        3.7483462407639353E-003
 CONSTANT ENERGY   -7.9927340612700863        3.4024265920941923E-003
 CONSTANT ENERGY   -7.9931481568194238        3.0815382218910524E-003
 CONSTANT ENERGY   -7.9935116193678164        2.7865752634278636E-003
 CONSTANT ENERGY   -7.9938303024932997        2.5183282110146895E-003
 CONSTANT ENERGY   -7.9941097346293537        2.2773058265395585E-003
 CONSTANT ENERGY   -7.9943550899760565        2.0636065012671588E-003
 CONSTANT ENERGY   -7.9945711550246283        1.8768473454763366E-003
 CONSTANT ENERGY   -7.9947622983356466        1.7161495300088998E-003
 CONSTANT ENERGY   -7.9949324487507178        1.5801703907696403E-003
 CONSTANT ENERGY   -7.9950850847962718        1.4671683068286086E-003
 CONSTANT ENERGY   -7.9952232360047883        1.3750857231380072E-003
 CONSTANT ENERGY   -7.9953494951583099        1.3016379792299710E-003
 CONSTANT ENERGY   -7.9954660398118991        1.2443993490825231E-003
 CONSTANT ENERGY   -7.9955746608226157        1.2008815758159123E-003
 CONSTANT ENERGY   -7.9956767959731252        1.1686033484860285E-003
 CONSTANT ENERGY   -7.9957735667930265        1.1451511919493024E-003
 CONSTANT ENERGY   -7.9958659409805231        1.1281093400181024E-003
 CONSTANT ENERGY   -7.9959558094031991        1.1140647104535212E-003
 CONSTANT ENERGY   -7.9960445433775096        1.1000977598940084E-003
 CONSTANT ENERGY   -7.9961320889177188        1.0848775594744162E-003
 CONSTANT ENERGY   -7.9962182996713205        1.0673777743608870E-003
 CONSTANT ENERGY   -7.9963029616044858        1.0468846594476554E-003
 CONSTANT ENERGY   -7.9963858175715865        1.0229892505493343E-003
 CONSTANT ENERGY   -7.9964665906227825        9.9556620233272092E-004
 CONSTANT ENERGY   -7.9965450051920435        9.6474216676528202E-004
 CONSTANT ENERGY   -7.9966208054208421        9.3085664869416401E-004
WRITING : HEADER
WRITING : TIMESTEP
WRITING : ATOMS
WRITING : CELL
WRITING : OCCUPATIONS
WRITING : WAVES
WRITING : ENDOFFILE
 CONSTANT ENERGY   -7.9966937701919303        8.9441808202798023E-004
 CONSTANT ENERGY   -7.9967637245684982        8.5605757959380635E-004
 CONSTANT ENERGY   -7.9968305475573969        8.1648248050691257E-004
 CONSTANT ENERGY   -7.9968941762486887        7.7643148434608446E-004
 CONSTANT ENERGY   -7.9969546064847945        7.3663288205293132E-004
 CONSTANT ENERGY   -7.9970118903392686        6.9776722707079724E-004
 CONSTANT ENERGY   -7.9970661308003894        6.6043572197017311E-004
 CONSTANT ENERGY   -7.9971174742257150        6.2513551912536441E-004
 CONSTANT ENERGY   -7.9971661010961848        5.9224291725633879E-004
 CONSTANT ENERGY   -7.9972122158995074        5.6200501318843707E-004
 CONSTANT ENERGY   -7.9972560367226704        5.3453977425438467E-004
 CONSTANT ENERGY   -7.9972977852739779        5.0984382636531662E-004
 CONSTANT ENERGY   -7.9973376778796110        4.8780660789530687E-004
 CONSTANT ENERGY   -7.9973759178628745        4.6822901627849929E-004
 CONSTANT ENERGY   -7.9974126895497877        4.5084437940019653E-004
 CONSTANT ENERGY   -7.9974481539345250        4.3533962647661492E-004
 CONSTANT ENERGY   -7.9974824459177825        4.2137496383928103E-004
 CONSTANT ENERGY   -7.9975156729141350        4.0860110143505326E-004
 CONSTANT ENERGY   -7.9975479146547972        3.9667390946141249E-004
 CONSTANT ENERGY   -7.9975792240346033        3.8526703695998819E-004
 CONSTANT ENERGY   -7.9976096289178056        3.7408328630828577E-004
 CONSTANT ENERGY   -7.9976391349115694        3.6286535293341804E-004
 CONSTANT ENERGY   -7.9976677290358102        3.5140601237884737E-004
 CONSTANT ENERGY   -7.9976953842772485        3.3955717687743174E-004
 CONSTANT ENERGY   -7.9977220647805227        3.2723669096692984E-004
 CONSTANT ENERGY   -7.9977477314828915        3.1443149571798711E-004
 CONSTANT ENERGY   -7.9977723477069187        3.0119598205225503E-004
 CONSTANT ENERGY   -7.9977958843360097        2.8764496600906521E-004
 CONSTANT ENERGY   -7.9978183240472527        2.7394160415885758E-004
 CONSTANT ENERGY   -7.9978396643688612        2.6028147673400639E-004
 CONSTANT ENERGY   -7.9978599192814368        2.4687473602307323E-004
 CONSTANT ENERGY   -7.9978791194431942        2.3392846670260741E-004
 CONSTANT ENERGY   -7.9978973110896403        2.2163119243233116E-004
 CONSTANT ENERGY   -7.9979145539532874        2.1014088641220919E-004
 CONSTANT ENERGY   -7.9979309184546636        1.9957708664404691E-004
 CONSTANT ENERGY   -7.9979464825149860        1.9001698423512352E-004
 CONSTANT ENERGY   -7.9979613282081283        1.8149481585077993E-004
 CONSTANT ENERGY   -7.9979755384800821        1.7400364832693445E-004
 CONSTANT ENERGY   -7.9979891940424368        1.6749870147521638E-004
 CONSTANT ENERGY   -7.9980023705155938        1.6190163030623298E-004
 CONSTANT ENERGY   -7.9980151359359422        1.5710553493358288E-004
 CONSTANT ENERGY   -7.9980275486620700        1.5298073291987235E-004
 CONSTANT ENERGY   -7.9980396558075970        1.4938141335304355E-004
 CONSTANT ENERGY   -7.9980514922660442        1.4615317812051288E-004
 CONSTANT ENERGY   -7.9980630804160207        1.4314122769604556E-004
 CONSTANT ENERGY   -7.9980744305189537        1.4019867478591322E-004
 CONSTANT ENERGY   -7.9980855417704975        1.3719427711136054E-004
 CONSTANT ENERGY   -7.9980964039258176        1.3401884233507616E-004
 CONSTANT ENERGY   -7.9981069992997016        1.3058969301353243E-004
 CONSTANT ENERGY   -7.9981173050202230        1.2685285436477109E-004
WRITING : HEADER
WRITING : TIMESTEP
WRITING : ATOMS
WRITING : CELL
WRITING : OCCUPATIONS
WRITING : WAVES
WRITING : ENDOFFILE
 CONSTANT ENERGY   -7.9981272953087386        1.2278297019716885E-004
 CONSTANT ENERGY   -7.9981369436299072        1.1838127399454743E-004
 CONSTANT ENERGY   -7.9981462246368702        1.1367216572333857E-004
 CONSTANT ENERGY   -7.9981551157632076        1.0869902746771785E-004
 CONSTANT ENERGY   -7.9981635985395192        1.0351985297501757E-004
 CONSTANT ENERGY   -7.9981716595512005        9.8203104752277756E-005
 CONSTANT ENERGY   -7.9981792911239129        9.2824004541303834E-005
 CONSTANT ENERGY   -7.9981864917533114        8.7461267772173787E-005
 CONSTANT ENERGY   -7.9981932662784248        8.2194157463456641E-005
 CONSTANT ENERGY   -7.9981996258303711        7.7099685351527444E-005
 CONSTANT ENERGY   -7.9982055875545619        7.2249829766774041E-005
 CONSTANT ENERGY   -7.9982111740631323        6.7708747097410977E-005
 CONSTANT ENERGY   -7.9982164126893709        6.3530083866744207E-005
 CONSTANT ENERGY   -7.9982213344985107        5.9754602182355254E-005
 CONSTANT ENERGY   -7.9982259731480907        5.6408377059727265E-005
 CONSTANT ENERGY   -7.9982303636403183        5.3501796908191497E-005
 CONSTANT ENERGY   -7.9982345410481770        5.1029508807370459E-005
 CONSTANT ENERGY   -7.9982385392902549        4.8971324794985824E-005
 CONSTANT ENERGY   -7.9982423900433375        4.7293976951186354E-005
 CONSTANT ENERGY   -7.9982461218031435        4.5953507639016725E-005
 CONSTANT ENERGY   -7.9982497591783241        4.4898027917193875E-005
 CONSTANT ENERGY   -7.9982533223965424        4.4070579588705971E-005
 CONSTANT ENERGY   -7.9982568270296817        4.3411886949231557E-005
 CONSTANT ENERGY   -7.9982602839268138        4.2862862355010653E-005
 CONSTANT ENERGY   -7.9982636993041645        4.2366808734744409E-005
 CONSTANT ENERGY   -7.9982670750256393        4.1871319501525611E-005
 CONSTANT ENERGY   -7.9982704090049479        4.1329900701129495E-005
 CONSTANT ENERGY   -7.9982736957439107        4.0703333575663111E-005
 CONSTANT ENERGY   -7.9982769269639373        3.9960769546889913E-005
 CONSTANT ENERGY   -7.9982800923200097        3.9080519154198057E-005
 CONSTANT ENERGY   -7.9982831801658927        3.8050475629736331E-005
 CONSTANT ENERGY   -7.9982861783333519        3.6868112147632950E-005
 CONSTANT ENERGY   -7.9982890748859532        3.5540013065738130E-005
 CONSTANT ENERGY   -7.9982918588118643        3.4080940839594775E-005
Note: The following floating-point exceptions are signalling: IEEE_UNDERFLOW_FLAG IEEE_DENORMAL
STOP NORMAL STOP IN MPE__STOPALL
 CONSTANT ENERGY   -7.9982945206136327        3.2512492791326005E-005
 CONSTANT ENERGY   -7.9982970527814832        3.0861452790576654E-005
 CONSTANT ENERGY   -7.9982994501062343        2.9157979308986720E-005
 CONSTANT ENERGY   -7.9983017098679134        2.7433784211080578E-005
 CONSTANT ENERGY   -7.9983038318677568        2.5720443284675386E-005
 CONSTANT ENERGY   -7.9983058183550222        2.4047943806118852E-005
 CONSTANT ENERGY   -7.9983076738357060        2.2443525610471612E-005
 CONSTANT ENERGY   -7.9983094048363119        2.0930822267553639E-005
 CONSTANT ENERGY   -7.9983110195836975        1.9529269854327322E-005
 CONSTANT ENERGY   -7.9983125276605946        1.8253730729714825E-005
 CONSTANT ENERGY   -7.9983139396340315        1.7114280899765094E-005
 CONSTANT ENERGY   -7.9983152666679764        1.6116127607363491E-005
 CONSTANT ENERGY   -7.9983165201313726        1.5259649404631040E-005
 CONSTANT ENERGY   -7.9983177112139110        1.4540573460089036E-005
 CONSTANT ENERGY   -7.9983188505602989        1.3950315701256197E-005
 CONSTANT ENERGY   -7.9983199479436902        1.3476504631870346E-005
WRITING : HEADER
WRITING : TIMESTEP
WRITING : ATOMS
WRITING : CELL
WRITING : OCCUPATIONS
WRITING : WAVES
WRITING : ENDOFFILE
 CONSTANT ENERGY   -7.9983210119914157        1.3103690476983826E-005
 CONSTANT ENERGY   -7.9983220499822654        1.2814213209165312E-005
 CONSTANT ENERGY   -7.9983230677100963        1.2589174119127615E-005
 CONSTANT ENERGY   -7.9983240694408071        1.2409434399387446E-005
 CONSTANT ENERGY   -7.9983250579411349        1.2256557076571846E-005
 CONSTANT ENERGY   -7.9983260345761646        1.2113617748435373E-005
 CONSTANT ENERGY   -7.9983269994606525        1.1965832220776508E-005
 CONSTANT ENERGY   -7.9983279516502304        1.1800978699194420E-005
 CONSTANT ENERGY   -7.9983288893536635        1.1609620701163473E-005
 CONSTANT ENERGY   -7.9983298101562976        1.1385157735593874E-005
 CONSTANT ENERGY   -7.9983307112387054        1.1123740715166713E-005
 CONSTANT ENERGY   -7.9983315895890268        1.0824088365526349E-005
 CONSTANT ENERGY   -7.9983324421956628        1.0487232850984072E-005
 CONSTANT ENERGY   -7.9983332662203708        1.0116212276968895E-005
 CONSTANT ENERGY   -7.9983340591444874        9.7157194528423648E-006
 CONSTANT ENERGY   -7.9983348188846639        9.2917135686736313E-006
 CONSTANT ENERGY   -7.9983355438763022        8.8510049126425284E-006
 CONSTANT ENERGY   -7.9983362331212113        8.4008302923502467E-006
 CONSTANT ENERGY   -7.9983368862027646        7.9484444302013800E-006
 CONSTANT ENERGY   -7.9983375032620412        7.5007561959565177E-006
 CONSTANT ENERGY   -7.9983380849643471        7.0640357012284171E-006
 CONSTANT ENERGY   -7.9983386324319445        6.6437091642243454E-006
 CONSTANT ENERGY   -7.9983391471733976        6.2442454998602393E-006
 CONSTANT ENERGY   -7.9983396310068269        5.8691253897625642E-006
 CONSTANT ENERGY   -7.9983400859854061        5.5208735345822080E-006
 CONSTANT ENERGY   -7.9983405143255624        5.2011300792931975E-006
 CONSTANT ENERGY   -7.9983409183416345        4.9107383386156127E-006
 CONSTANT ENERGY   -7.9983413003875654        4.6498317872609041E-006
 CONSTANT ENERGY   -7.9983416628032247        4.4179114828091854E-006
WRITING : HEADER
WRITING : TIMESTEP
WRITING : ATOMS
WRITING : CELL
WRITING : OCCUPATIONS
WRITING : WAVES
WRITING : ENDOFFILE
 CONSTANT ENERGY   -7.9983420078649132        4.2139129410630885E-006
NORMAL STOP: CALLING MPE__STOPALL TO CLOSE DOWN
