TRACE-PUSH(  1): LEVEL=    1 INTO MAIN
TRACE-MEM(  1): MAXMEM[MBYTE]=   0.00000 TIME20260907 125643.223
TRACE-PUSH(  1): LEVEL=    2 INTO PAW
TRACE-MEM(  1): MAXMEM[MBYTE]=   0.00000 TIME20260907 125643.223
TRACE-PUSH(  1): LEVEL=    3 INTO READIN
TRACE-MEM(  1): MAXMEM[MBYTE]=   0.00000 TIME20260907 125643.223
TRACE-PUSH(  1): LEVEL=    4 INTO READIN_FILES
TRACE-MEM(  1): MAXMEM[MBYTE]=   0.00000 TIME20260907 125643.228
TRACE-PUSH(  1): LEVEL=    5 INTO STANDARDFILES
TRACE-MEM(  1): MAXMEM[MBYTE]=   0.00000 TIME20260907 125643.228
TRACE-POP (  1): LEVEL=    5 FROM STANDARDFILES                   
TRACE-MEM(  1): MAXMEM[MBYTE]=   0.00000 TIME20260907 125643.228
TRACE-POP (  1): LEVEL=    4 FROM READIN_FILES                    
TRACE-MEM(  1): MAXMEM[MBYTE]=   0.00000 TIME20260907 125643.228
TRACE-PUSH(  1): LEVEL=    4 INTO READIN_GENERIC
TRACE-MEM(  1): MAXMEM[MBYTE]=   0.00000 TIME20260907 125643.228
 PAW_SETUPS.F90 A LAMBDA=   6.0000000000000000        6.0000000000000000        6.0000000000000000        6.0000000000000000     
 PAW_SETUPS.F90 A LAMBDA=   6.0000000000000000        6.0000000000000000        6.0000000000000000        6.0000000000000000     
================================================================================
===================  SETUP CONSTRUCTION FOR O_  ================================
================================================================================
 THIS%SETTING%SO= F
KEY: START,REL,NONSO,ZORA
RELATIVISTIC EFFECTS SWITCHED ON?     T
SPIN-ORBIT COUPLING SWITCHED ON?      F
ZORA SWITCHED ON?                     T
FOCK CONTRIBTION ON?                  F
START FROM SCRATCH?                    T
DOING SCF ITERATIONS FOR ATOM WITH Z=   8.00000
           1  AV(POT-POTIN)=   1.3307728744126808       MAX:(POT-POTIN)=   18441.739180372679                0 F
           2  AV(POT-POTIN)=  0.64088692114230683       MAX:(POT-POTIN)=   10329.654043849092                0 F
           3  AV(POT-POTIN)=  0.66592411882725699       MAX:(POT-POTIN)=   759.34959191328380                0 F
           4  AV(POT-POTIN)=  0.59430927415406354       MAX:(POT-POTIN)=   503.28310270642396                0 F
           5  AV(POT-POTIN)=  0.27235845689632282       MAX:(POT-POTIN)=   93.036304480978288                0 F
           6  AV(POT-POTIN)=  0.13260826152035246       MAX:(POT-POTIN)=   103.70765667245723                0 F
           7  AV(POT-POTIN)=   3.5584155647227514E-002  MAX:(POT-POTIN)=   13.384391989558935                0 F
           8  AV(POT-POTIN)=   1.3950000205583934E-002  MAX:(POT-POTIN)=   3.2573707074625418                0 F
           9  AV(POT-POTIN)=   8.1781706670863950E-003  MAX:(POT-POTIN)=   3.0133090192684904                0 F
          10  AV(POT-POTIN)=   2.2791391279787000E-003  MAX:(POT-POTIN)=  0.40127286082133651                0 F
          11  AV(POT-POTIN)=   1.0714041305406963E-003  MAX:(POT-POTIN)=  0.18346737744286656                0 F
          12  AV(POT-POTIN)=   1.3451345371999935E-004  MAX:(POT-POTIN)=   8.2895751460455358E-002           0 F
          13  AV(POT-POTIN)=   1.3487229071427150E-004  MAX:(POT-POTIN)=   2.5493114371784031E-002           0 F
          14  AV(POT-POTIN)=   4.8241039437253872E-005  MAX:(POT-POTIN)=   6.3604039605706930E-003           0 F
          15  AV(POT-POTIN)=   2.3773960896411682E-005  MAX:(POT-POTIN)=   2.7011203346773982E-003           0 F
          16  AV(POT-POTIN)=   6.4029947803217282E-006  MAX:(POT-POTIN)=   1.0437174933031201E-003           0 F
          17  AV(POT-POTIN)=   1.7051793260674278E-006  MAX:(POT-POTIN)=   3.0559429433196783E-004           0 F
          18  AV(POT-POTIN)=   2.0716782199299600E-007  MAX:(POT-POTIN)=   5.2713206969201565E-005           0 F
          19  AV(POT-POTIN)=   8.9652470686241065E-008  MAX:(POT-POTIN)=   1.1506956070661545E-005           0 F
          20  AV(POT-POTIN)=   2.2456545985192856E-008  MAX:(POT-POTIN)=   7.1831746026873589E-006           0 F
          21  AV(POT-POTIN)=   1.1086875778010342E-008  MAX:(POT-POTIN)=   5.6114513427019119E-006           0 F
          22  AV(POT-POTIN)=   6.2518456447343948E-009  MAX:(POT-POTIN)=   1.7171259969472885E-006           0 F
          23  AV(POT-POTIN)=   5.0119254057700321E-009  MAX:(POT-POTIN)=   5.7334545999765396E-006           0 F
          24  AV(POT-POTIN)=   3.0724076570235027E-009  MAX:(POT-POTIN)=   4.2598694562911987E-006           0 F
          25  AV(POT-POTIN)=   3.4797065855109025E-009  MAX:(POT-POTIN)=   2.3979227989912033E-006           0 F
          26  AV(POT-POTIN)=   1.2502892792287363E-009  MAX:(POT-POTIN)=   3.8552097976207733E-006           1 F
          27  AV(POT-POTIN)=   7.2916285206470906E-010  MAX:(POT-POTIN)=   2.4752225726842880E-006           0 F
          28  AV(POT-POTIN)=   1.6584435863919848E-009  MAX:(POT-POTIN)=   1.6521662473678589E-006           0 F
          29  AV(POT-POTIN)=   1.2188614395643402E-009  MAX:(POT-POTIN)=   3.0306400731205940E-006           0 F
          30  AV(POT-POTIN)=   1.3163260707113119E-009  MAX:(POT-POTIN)=   1.6350531950592995E-006           1 F
          31  AV(POT-POTIN)=   1.3453250353467558E-009  MAX:(POT-POTIN)=   3.2052630558609962E-006           0 F
          32  AV(POT-POTIN)=   1.9575014445352307E-010  MAX:(POT-POTIN)=   5.8630248531699181E-006           1 F
          33  AV(POT-POTIN)=   1.3329542203694689E-009  MAX:(POT-POTIN)=   3.3156247809529305E-006           0 F
          34  AV(POT-POTIN)=   1.0142697715490633E-009  MAX:(POT-POTIN)=   5.6277494877576828E-006           1 F
          35  AV(POT-POTIN)=   5.9601396457525359E-010  MAX:(POT-POTIN)=   4.8333313316106796E-006           2 F
          36  AV(POT-POTIN)=   2.7406056025774004E-009  MAX:(POT-POTIN)=   3.1568342819809914E-006           3 F
          37  AV(POT-POTIN)=   5.5967782645753691E-010  MAX:(POT-POTIN)=   4.7971261665225029E-006           4 F
          38  AV(POT-POTIN)=   5.1775899533857738E-010  MAX:(POT-POTIN)=   1.2902310118079185E-006           5 F
          39  AV(POT-POTIN)=   1.7306860430219047E-009  MAX:(POT-POTIN)=   2.7964124456048012E-006           0 F
          40  AV(POT-POTIN)=   8.3396462973915938E-010  MAX:(POT-POTIN)=   2.8980430215597153E-006           1 F
          41  AV(POT-POTIN)=   8.7279428445999685E-010  MAX:(POT-POTIN)=   1.4745164662599564E-006           2 F
          42  AV(POT-POTIN)=   1.5113762054110663E-009  MAX:(POT-POTIN)=   1.3202661648392677E-006           3 F
          43  AV(POT-POTIN)=   8.9227334143743699E-010  MAX:(POT-POTIN)=   2.6854686439037323E-006           4 F
          44  AV(POT-POTIN)=   1.0237098119396417E-009  MAX:(POT-POTIN)=   1.1222437024116516E-006           5 F
          45  AV(POT-POTIN)=   1.5800235143703213E-009  MAX:(POT-POTIN)=   3.2369280233979225E-006           0 F
          46  AV(POT-POTIN)=   2.0015743755932877E-010  MAX:(POT-POTIN)=   3.6613782867789268E-006           1 F
          47  AV(POT-POTIN)=   1.1874043316535317E-009  MAX:(POT-POTIN)=   2.4120090529322624E-006           2 F
          48  AV(POT-POTIN)=   1.6000396852225992E-009  MAX:(POT-POTIN)=   2.2238818928599358E-006           3 F
          49  AV(POT-POTIN)=   8.4480425035630942E-010  MAX:(POT-POTIN)=   1.5654368326067924E-006           4 F
          50  AV(POT-POTIN)=   1.3322285380157972E-009  MAX:(POT-POTIN)=   2.4876790121197701E-006           5 F
===================ENERGY REPORT OF ATOMLIB__AESCF==============================
TOTAL ENERGY:................   -75.03156919
KINETIC ENERGY:..............    74.92595276
HARTREE ENERGY:..............  -141.68014456
DFT XC ENERGY:...............      -8.277377
FINITE NUCLEUS:..............     0.00001058
.... CALCULATION USES FINITE NUCLEUS
.... DO NOT ADD FINITE NUCLEUS CORRECTION
... SELFCONSISTENCY OBTAINED
FINAL ONE-PARTICLE ENERGIES FROM AESCF  
  IB   L  SO         F#NODE                   E
   1   0   0      2.00    0             -18.927
   2   0   0      2.00    1              -0.881
   3   1   0      4.00    0              -0.332
 #ITERATIONS           51
========================================================
========= ALL-ELECTRON ATOM CALCULATION ================
========================================================
TOTAL ENERGY=              -75.0315692
  IB   N   L  SO                   E         F#(REM. EL.
   1   1   0   0            -18.9274   2.00000   6.00000
--------- CORE ABOVE, VALENCE BELOW --------------------
   2   2   0   0             -0.8806   2.00000   4.00000
   3   2   1   0             -0.3318   4.00000   0.00000
========================================================
========================================================
 ISCATT=           0           1           0           1           0
 LOX=              0           0           1           1           2
 VFOCK%TON  F
=================== ENERGIES FOR ATOMIC WAVE FUNCTIONS =========================
=================== OLD: AE SCHRODINGER EQUATION           =====================
=================== NEW: NODELESS EQUATION                 =====================
=================== DIFFERENCE DUE TO RELATIVISTIC EFFECTS =====================
IB=  1 L= 0 E[NEW]=      -18.92745 E[OLD]=      -18.92745
IB=  2 L= 0 E[NEW]=       -0.88058 E[OLD]=       -0.88058
IB=  3 L= 1 E[NEW]=       -0.33184 E[OLD]=       -0.33184
=================== ENERGIES FOR PARTIAL-WAVE CONSTRUCTION======================
RBOX=  1.65540
LN= 1 L= 0 E=  -0.88058 RC= 1.035
LN= 2 L= 0 E=   3.48228 RC= 1.035
LN= 3 L= 1 E=  -0.33184 RC= 1.035
LN= 4 L= 1 E=   3.10319 RC= 1.035
LN= 5 L= 2 E=   0.04189 RC= 1.035
===================  TRANSU ====================================================
   1.0000000000   1.0000000000   0.0000000000   0.0000000000   0.0000000000
   0.0000000000   4.3628660042   0.0000000000   0.0000000000   0.0000000000
   0.0000000000   0.0000000000   1.0000000000   1.0000000000   0.0000000000
   0.0000000000   0.0000000000   0.0000000000   3.4350301242   0.0000000000
   0.0000000000   0.0000000000   0.0000000000   0.0000000000   1.0000000000
===================  TRANSU^(-1) ===============================================
   1.0000000000  -0.2292071311  -0.0000000000   0.0000000000  -0.0000000000
   0.0000000000   0.2292071311  -0.0000000000   0.0000000000  -0.0000000000
   0.0000000000   0.0000000000   1.0000000000  -0.2911182621  -0.0000000000
   0.0000000000   0.0000000000   0.0000000000   0.2911182621  -0.0000000000
   0.0000000000   0.0000000000   0.0000000000   0.0000000000   1.0000000000
===================  TEST QN EQ.  ==============================================
LN= 1 L= 0  [T+V-E_N]|QN>-|UC>=   0.000000000000028
LN= 2 L= 0  [T+V-E_N]|QN>-|UC>=   0.000000000000057
LN= 3 L= 1  [T+V-E_N]|QN>-|UC>=   0.000000000000038
LN= 4 L= 1  [T+V-E_N]|QN>-|UC>=   0.000000000000077
LN= 5 L= 2  [T+V-E_N]|QN>-|UC>=   0.000000000000000
=================== <UC|AEPHI>/SQRT(<UC|UC>  ===================================
========= DEVIATION DUE NEGLECT OF SMALL COMPONENT==============================
========= ORTHOGONALIZATION DONE BASED ON ENERGIES==============================
   0.00005
  -0.00004
   0.00000
   0.00000
   0.00000
===================  TEST AEPHI EQ.  ===========================================
LN= 1 L= 0  [T+V-E_N]|AEPHI_N> =   0.000000000582139
LN= 2 L= 0  [T+V-E_N]|AEPHI_N> =   0.000000000438120
LN= 3 L= 1  [T+V-E_N]|AEPHI_N> =   0.000000000000038
LN= 4 L= 1  [T+V-E_N]|AEPHI_N> =   0.000000000000077
LN= 5 L= 2  [T+V-E_N]|AEPHI_N> =   0.000000000000000
 L            0  E= -0.88058264306795964      PHIPHASE BEFORE ADJUSTMENT=   0.82350956379427454     
 L            0  E= -0.88058264306795964      PHIPHASE AFTER ADJUSTMENT=   0.82350956379427454     
 L            0  E=   3.4822833611740052      PHIPHASE BEFORE ADJUSTMENT=    1.8417647701664568     
 L            0  E=   3.4822833611740052      PHIPHASE AFTER ADJUSTMENT=    1.8417647701664568     
 L            1  E= -0.33184205430137115      PHIPHASE BEFORE ADJUSTMENT=   0.78723956512988646     
 L            1  E= -0.33184205430137115      PHIPHASE AFTER ADJUSTMENT=   0.78723956512988646     
 L            1  E=   3.1031880698614547      PHIPHASE BEFORE ADJUSTMENT=    1.8071635284885974     
 L            1  E=   3.1031880698614547      PHIPHASE AFTER ADJUSTMENT=    1.8071635284885974     
 L            2  E=   4.1886363650380079E-002 PHIPHASE BEFORE ADJUSTMENT=   0.31469492606584576     
 L            2  E=   4.1886363650380079E-002 PHIPHASE AFTER ADJUSTMENT=   0.31469492606584576     
===================  TEST RAW PAW EQUATION  ====================================
LN= 1 L= 0 RAW PAW EQ.   0.00000 SCHR. EQ.   0.00000
LN= 2 L= 0 RAW PAW EQ.   0.00000 SCHR. EQ.   0.00000
LN= 3 L= 1 RAW PAW EQ.   0.00000 SCHR. EQ.   0.00000
LN= 4 L= 1 RAW PAW EQ.   0.00000 SCHR. EQ.   0.00000
LN= 5 L= 2 RAW PAW EQ.   0.00000 SCHR. EQ.   0.00000
 VFOCK%TON   F
 RBND          1.6554000127699953     
DT    0.22676E+01 0.16847E+01 0.00000E+00 0.00000E+00 0.00000E+00
DT    0.16851E+01 0.12440E+01 0.00000E+00 0.00000E+00 0.00000E+00
DT    0.00000E+00 0.00000E+00 0.11553E+01 0.10371E+01 0.00000E+00
DT    0.00000E+00 0.00000E+00 0.10371E+01 0.79473E+00 0.00000E+00
DT    0.00000E+00 0.00000E+00 0.00000E+00 0.00000E+00 0.91298E-03
DH    0.42723E+00 0.25605E+00 0.00000E+00 0.00000E+00 0.00000E+00
DH    0.25636E+00 0.14660E+00 0.00000E+00 0.00000E+00 0.00000E+00
DH    0.00000E+00 0.00000E+00-0.53708E+00-0.22734E+00 0.00000E+00
DH    0.00000E+00 0.00000E+00-0.22734E+00-0.22691E+00 0.00000E+00
DH    0.00000E+00 0.00000E+00 0.00000E+00 0.00000E+00-0.11646E-02
DO   -0.13002E+00-0.10065E+00 0.00000E+00 0.00000E+00 0.00000E+00
DO   -0.10065E+00-0.87865E-01 0.00000E+00 0.00000E+00 0.00000E+00
DO    0.00000E+00 0.00000E+00 0.16162E+00 0.83766E-01 0.00000E+00
DO    0.00000E+00 0.00000E+00 0.83766E-01 0.53208E-01 0.00000E+00
DO    0.00000E+00 0.00000E+00 0.00000E+00 0.00000E+00 0.23093E-03
LN= 1 DTKIN-TRANSPOSE(DTKIN)=   0.00000  -0.00031   0.00000   0.00000   0.00000
LN= 2 DTKIN-TRANSPOSE(DTKIN)=   0.00031   0.00000   0.00000   0.00000   0.00000
LN= 3 DTKIN-TRANSPOSE(DTKIN)=   0.00000   0.00000   0.00000   0.00000   0.00000
LN= 4 DTKIN-TRANSPOSE(DTKIN)=   0.00000   0.00000  -0.00000   0.00000   0.00000
LN= 5 DTKIN-TRANSPOSE(DTKIN)=   0.00000   0.00000   0.00000   0.00000   0.00000
LN= 1 <P|PSPHI>=   1.00000   0.00000   0.00000   0.00000   0.00000
LN= 2 <P|PSPHI>=  -0.00000   1.00000   0.00000   0.00000   0.00000
LN= 3 <P|PSPHI>=   0.00000   0.00000   1.00000   0.00000   0.00000
LN= 4 <P|PSPHI>=   0.00000   0.00000  -0.00000   1.00000   0.00000
LN= 5 <P|PSPHI>=   0.00000   0.00000   0.00000   0.00000   1.00000
===================  TEST PAW EQUATION  ========================================
LN= 1 L= 0 PAW EQ.             0.00000 SCHR. EQ.             0.00000 DPRO              0.00000
LN= 2 L= 0 PAW EQ.             0.00000 SCHR. EQ.             0.00000 DPRO              0.00000
LN= 3 L= 1 PAW EQ.             0.00000 SCHR. EQ.             0.00000 DPRO              0.00000
LN= 4 L= 1 PAW EQ.             0.00000 SCHR. EQ.             0.00000 DPRO              0.00000
LN= 5 L= 2 PAW EQ.             0.00000 SCHR. EQ.             0.00000 DPRO              0.00000
 =================== L=           0  =================================
 BEFORE PAWBOUNDSTATE
 L=           0  NN=           0  E= -0.88058282705004320       NPRO=           2  ROUT=   19.716639202099568       IB=           2
  E= -0.88075192931961732     
 =================== L=           1  =================================
 BEFORE PAWBOUNDSTATE
 L=           1  NN=           0  E= -0.33184205630031238       NPRO=           2  ROUT=   19.716639202099568       IB=           3
  E= -0.33184332725120069     
 =================== L=           2  =================================
===================  STRAIGHT AE- AND PAW-ENERGY LEVELS ========================
IB= 2 L= 0 AE-ENERGY: -23.96154 EV; PS-ENERGY: -23.96614 EV
IB= 3 L= 1 AE-ENERGY:  -9.02975 EV; PS-ENERGY:  -9.02979 EV
 PSEUDO+AUGMENTATION CHARGE    7.8938474409318214E-015  (SHOULD BE ZERO)
===================  DTKIN BEFORE SYMMETRIZATION ===============================
       2.268       1.685       0.000       0.000       0.000
       1.685       1.244       0.000       0.000       0.000
       0.000       0.000       1.155       1.037       0.000
       0.000       0.000       1.037       0.795       0.000
       0.000       0.000       0.000       0.000       0.001
===================  DO BEFORE SYMMETRIZATION ==================================
      -0.130      -0.101       0.000       0.000       0.000
      -0.101      -0.088       0.000       0.000       0.000
       0.000       0.000       0.162       0.084       0.000
       0.000       0.000       0.084       0.053       0.000
       0.000       0.000       0.000       0.000       0.000
 LIB_FFTW: CREATE PLAN FOR: GTOR           1         500           0
 LIB_FFTW: CREATE PLAN FOR: RTOG          -1         500           1
L= 0 IB= 1 E(LOCAL)=  -1.18041 E(OUTER)=  -0.06312
L= 0 IB= 2 E(LOCAL)=  -0.01329 E(OUTER)=   0.02179
L= 0 IB= 3 E(LOCAL)=   0.03083 E(OUTER)=   0.07934
L= 0 IB= 4 E(LOCAL)=   0.09878 E(OUTER)=   0.16559
L= 1 IB= 1 E(LOCAL)=  -0.02729 E(OUTER)=   0.01525
L= 1 IB= 2 E(LOCAL)=   0.02926 E(OUTER)=   0.04551
L= 1 IB= 3 E(LOCAL)=   0.08589 E(OUTER)=   0.11109
L= 1 IB= 4 E(LOCAL)=   0.16753 E(OUTER)=   0.20287
L= 2 IB= 1 E(LOCAL)=   0.04189 E(OUTER)=   0.04189
L= 2 IB= 2 E(LOCAL)=   0.09892 E(OUTER)=   0.09898
L= 2 IB= 3 E(LOCAL)=   0.17544 E(OUTER)=   0.17568
L= 2 IB= 4 E(LOCAL)=   0.28001 E(OUTER)=   0.28061
========= GHOSTBUSTER FOR=   O_ Z=   8.0 =======================================
LN 1 L= 0 E(INNER)=   1.12039 H
LN 2 L= 0 E(INNER)=   1.22208 H
LN 3 L= 1 E(INNER)=   6.99828 H
LN 4 L= 1 E(INNER)=  11.53628 H
LN 5 L= 2 E(INNER)=  11.86098 H
 LIB_FFTW: CREATE PLAN FOR: GTOR           1        1024           2
 LIB_FFTW: CREATE PLAN FOR: RTOG          -1        1024           3
================================================================================
===================  SETUP CONSTRUCTION FINISHED  ==============================
================================================================================
================================================================================
===================  SETUP CONSTRUCTION FOR H_  ================================
================================================================================
 THIS%SETTING%SO= F
KEY: START,REL,NONSO,ZORA
RELATIVISTIC EFFECTS SWITCHED ON?     T
SPIN-ORBIT COUPLING SWITCHED ON?      F
ZORA SWITCHED ON?                     T
FOCK CONTRIBTION ON?                  F
START FROM SCRATCH?                    T
DOING SCF ITERATIONS FOR ATOM WITH Z=   1.00000
           1  AV(POT-POTIN)=  0.12477561511940513       MAX:(POT-POTIN)=   13346.104522029113                0 F
           2  AV(POT-POTIN)=   5.9579808329667285E-002  MAX:(POT-POTIN)=   7884.2422690116800                0 F
           3  AV(POT-POTIN)=   1.5244370807788598E-002  MAX:(POT-POTIN)=   725.78454839938786                0 F
           4  AV(POT-POTIN)=   7.1389769043571881E-003  MAX:(POT-POTIN)=   175.52146191339125                0 F
           5  AV(POT-POTIN)=   2.2317444047818273E-003  MAX:(POT-POTIN)=   54.646216539316811                0 F
           6  AV(POT-POTIN)=   1.3067978047669794E-003  MAX:(POT-POTIN)=   34.129700832796516                0 F
           7  AV(POT-POTIN)=   6.3201045266804594E-005  MAX:(POT-POTIN)=   6.6744333858659957                0 F
           8  AV(POT-POTIN)=   9.1651996302166493E-005  MAX:(POT-POTIN)=   1.9036992675974034                0 F
           9  AV(POT-POTIN)=   3.0819466058419726E-005  MAX:(POT-POTIN)=  0.64324395416770130                0 F
          10  AV(POT-POTIN)=   1.9072138831198738E-006  MAX:(POT-POTIN)=  0.23520179410115816                0 F
          11  AV(POT-POTIN)=   2.9998759054878872E-006  MAX:(POT-POTIN)=  0.15275529862265103                0 F
          12  AV(POT-POTIN)=   1.2717087962863477E-006  MAX:(POT-POTIN)=   5.0594410626217723E-002           0 F
          13  AV(POT-POTIN)=   9.9964171386906929E-007  MAX:(POT-POTIN)=   1.9380329904379323E-002           0 F
          14  AV(POT-POTIN)=   5.2115302218884455E-008  MAX:(POT-POTIN)=   4.9229165306314826E-003           0 F
          15  AV(POT-POTIN)=   9.7144947899665358E-008  MAX:(POT-POTIN)=   2.6268023648299277E-003           0 F
          16  AV(POT-POTIN)=   1.3483819732836990E-008  MAX:(POT-POTIN)=   1.8380944675300270E-003           0 F
          17  AV(POT-POTIN)=   2.5175773097818555E-008  MAX:(POT-POTIN)=   5.4323565564118326E-004           0 F
          18  AV(POT-POTIN)=   5.5408319286863573E-009  MAX:(POT-POTIN)=   2.2925768280401826E-004           0 F
          19  AV(POT-POTIN)=   3.5378620767572830E-009  MAX:(POT-POTIN)=   7.4344861786812544E-005           0 F
          20  AV(POT-POTIN)=   1.3342034326473425E-009  MAX:(POT-POTIN)=   5.1499227993190289E-005           0 F
          21  AV(POT-POTIN)=   1.5306328955808877E-009  MAX:(POT-POTIN)=   1.3123938697390258E-004           0 F
          22  AV(POT-POTIN)=   4.2608522196180387E-010  MAX:(POT-POTIN)=   1.3216602383181453E-005           1 F
          23  AV(POT-POTIN)=   5.8269650457898058E-010  MAX:(POT-POTIN)=   1.3335922267287970E-004           0 F
          24  AV(POT-POTIN)=   2.0425358651813855E-010  MAX:(POT-POTIN)=   1.0813993867486715E-005           1 F
          25  AV(POT-POTIN)=   5.3590116151868724E-010  MAX:(POT-POTIN)=   1.3586992281489074E-004           0 F
          26  AV(POT-POTIN)=   1.1912761889306755E-010  MAX:(POT-POTIN)=   8.7063963292166591E-006           1 F
          27  AV(POT-POTIN)=   5.4267595375668323E-010  MAX:(POT-POTIN)=   1.3389342348091304E-004           0 F
          28  AV(POT-POTIN)=   5.9543081577586201E-011  MAX:(POT-POTIN)=   9.8664022516459227E-006           1 F
          29  AV(POT-POTIN)=   5.5026435018873921E-010  MAX:(POT-POTIN)=   1.3640508404932916E-004           0 F
          30  AV(POT-POTIN)=   2.6130597423698589E-011  MAX:(POT-POTIN)=   8.3861523307859898E-006           1 F
          31  AV(POT-POTIN)=   5.5780653581145284E-010  MAX:(POT-POTIN)=   1.3912358554080129E-004           0 F
          32  AV(POT-POTIN)=   1.3611814436461453E-011  MAX:(POT-POTIN)=   9.2372356448322535E-006           1 F
          33  AV(POT-POTIN)=   5.6089974381221155E-010  MAX:(POT-POTIN)=   1.3985656551085413E-004           0 F
          34  AV(POT-POTIN)=   8.4212562776201777E-012  MAX:(POT-POTIN)=   1.0926334653049707E-005           1 F
          35  AV(POT-POTIN)=   5.6397212583648239E-010  MAX:(POT-POTIN)=   1.3865419896319509E-004           0 F
          36  AV(POT-POTIN)=   2.4382955853454386E-012  MAX:(POT-POTIN)=   7.6552969403564930E-006           1 F
          37  AV(POT-POTIN)=   5.6710380657965775E-010  MAX:(POT-POTIN)=   1.3197437510825694E-004           0 F
          38  AV(POT-POTIN)=   1.0598050242091116E-012  MAX:(POT-POTIN)=   1.1846103006973863E-005           1 F
          39  AV(POT-POTIN)=   5.6605371919886136E-010  MAX:(POT-POTIN)=   1.3616253272630274E-004           0 F
          40  AV(POT-POTIN)=   4.1398007040966671E-012  MAX:(POT-POTIN)=   1.2296222848817706E-005           1 F
          41  AV(POT-POTIN)=   5.6181019530991975E-010  MAX:(POT-POTIN)=   1.3423518976196647E-004           2 F
          42  AV(POT-POTIN)=   8.8184350623898017E-012  MAX:(POT-POTIN)=   1.3337063137441874E-005           3 F
          43  AV(POT-POTIN)=   5.5915535231270127E-010  MAX:(POT-POTIN)=   1.3047398533672094E-004           4 F
          44  AV(POT-POTIN)=   1.0639158629150012E-011  MAX:(POT-POTIN)=   7.9617893788963556E-006           5 F
===================ENERGY REPORT OF ATOMLIB__AESCF==============================
TOTAL ENERGY:................    -0.45894011
KINETIC ENERGY:..............     0.44732405
HARTREE ENERGY:..............    -0.65487079
DFT XC ENERGY:...............      -0.251393
FINITE NUCLEUS:..............     0.00000000
.... CALCULATION USES FINITE NUCLEUS
.... DO NOT ADD FINITE NUCLEUS CORRECTION
... SELFCONSISTENCY OBTAINED
FINAL ONE-PARTICLE ENERGIES FROM AESCF  
  IB   L  SO         F#NODE                   E
   1   0   0      1.00    0              -0.239
 #ITERATIONS           45
========================================================
========= ALL-ELECTRON ATOM CALCULATION ================
========================================================
TOTAL ENERGY=               -0.4589401
  IB   N   L  SO                   E         F#(REM. EL.
   1   1   0   0             -0.2386   1.00000   0.00000
========================================================
========================================================
 ISCATT=           0
 LOX=              0
 VFOCK%TON  F
=================== ENERGIES FOR ATOMIC WAVE FUNCTIONS =========================
=================== OLD: AE SCHRODINGER EQUATION           =====================
=================== NEW: NODELESS EQUATION                 =====================
=================== DIFFERENCE DUE TO RELATIVISTIC EFFECTS =====================
IB=  1 L= 0 E[NEW]=       -0.23857 E[OLD]=       -0.23857
=================== ENERGIES FOR PARTIAL-WAVE CONSTRUCTION======================
RBOX=  0.72565
LN= 1 L= 0 E=  -0.23857 RC= 0.454
===================  TRANSU ====================================================
   1.0000000000
===================  TRANSU^(-1) ===============================================
   1.0000000000
===================  TEST QN EQ.  ==============================================
LN= 1 L= 0  [T+V-E_N]|QN>-|UC>=   0.000000000033973
=================== <UC|AEPHI>/SQRT(<UC|UC>  ===================================
========= DEVIATION DUE NEGLECT OF SMALL COMPONENT==============================
========= ORTHOGONALIZATION DONE BASED ON ENERGIES==============================

===================  TEST AEPHI EQ.  ===========================================
LN= 1 L= 0  [T+V-E_N]|AEPHI_N> =   0.000000000033973
 L            0  E= -0.23857015173863635      PHIPHASE BEFORE ADJUSTMENT=   0.74918138098727560     
 L            0  E= -0.23857015173863635      PHIPHASE AFTER ADJUSTMENT=   0.74918138098727560     
===================  TEST RAW PAW EQUATION  ====================================
LN= 1 L= 0 RAW PAW EQ.   0.00000 SCHR. EQ.   0.00000
 VFOCK%TON   F
 RBND         0.72565476493875181     
DT    0.12858E-01
DH   -0.39066E-01
DO    0.27456E-02
LN= 1 DTKIN-TRANSPOSE(DTKIN)=   0.00000
LN= 1 <P|PSPHI>=   1.00000
===================  TEST PAW EQUATION  ========================================
LN= 1 L= 0 PAW EQ.             0.00000 SCHR. EQ.             0.00000 DPRO              0.00000
 =================== L=           0  =================================
 BEFORE PAWBOUNDSTATE
 L=           0  NN=           0  E= -0.23857015793273895       NPRO=           1  ROUT=   19.716639202099568       IB=           1
  E= -0.23857237214575733     
===================  STRAIGHT AE- AND PAW-ENERGY LEVELS ========================
IB= 1 L= 0 AE-ENERGY:  -6.49173 EV; PS-ENERGY:  -6.49179 EV
 PSEUDO+AUGMENTATION CHARGE   -1.0304993612734785E-015  (SHOULD BE ZERO)
===================  DTKIN BEFORE SYMMETRIZATION ===============================
       0.013
===================  DO BEFORE SYMMETRIZATION ==================================
       0.003
L= 0 IB= 1 E(LOCAL)=  -0.20808 E(OUTER)=  -0.14696
L= 0 IB= 2 E(LOCAL)=   0.01005 E(OUTER)=   0.01320
L= 0 IB= 3 E(LOCAL)=   0.05098 E(OUTER)=   0.05663
L= 0 IB= 4 E(LOCAL)=   0.12704 E(OUTER)=   0.13373
========= GHOSTBUSTER FOR=   H_ Z=   1.0 =======================================
LN 1 L= 0 E(INNER)=  12.65134 H
================================================================================
===================  SETUP CONSTRUCTION FINISHED  ==============================
================================================================================
NO. OF INEQUIVALENT K-POINTS     1
NUMBER OF DIFFERENT TETRAHEDRA :    1
 DYNOCC__SETR8: SPIN HAS BEEN SET TO    0.0000000000000000     
READING RESTART FILE
CHECKING RESTART FILE: HEADER        0
CHECKING RESTART FILE: TIMESTEP      1
CHECKING RESTART FILE: ATOMS         4
CHECKING RESTART FILE: CELL          1
CHECKING RESTART FILE: OCCUPATION    6
CHECKING RESTART FILE: WAVES        16
CHECKING RESTART FILE: ENDOFFILE     0
READING: HEADER
READING: TIMESTEP
READING: ATOMS
READING: CELL
SKIPPING : OCCUPATIONS
READING: WAVES
 XK    0.0000000000000000        0.0000000000000000        0.0000000000000000     
READING: ENDOFFILE
WRITING : HEADER
WRITING : TIMESTEP
WRITING : ATOMS
WRITING : CELL
WRITING : OCCUPATIONS
WRITING : WAVES
WRITING : ENDOFFILE
 LIB_FFTW: CREATE PLAN FOR: GTOR           1          40           4
 LIB_FFTW: CREATE PLAN FOR: RTOG          -1          40           5
 ISOLATE TOTAL CHARGE   0.61545706387257226      -0.30772851597504580      -0.30772851885103325      QLM  -5.5306303017955605      RHOGAMMA*VOL   7.5233692040193620     
           1 PRINTING OUT WAVE band 1 k 1 spin 1                                 
Note: The following floating-point exceptions are signalling: IEEE_UNDERFLOW_FLAG IEEE_DENORMAL
STOP NORMAL STOP IN MPE__STOPALL
           1 PRINTING OUT WAVE band 2 k 1 spin 1                                 
           1 PRINTING OUT WAVE band 3 k 1 spin 1                                 
           1 PRINTING OUT WAVE band 4 k 1 spin 1                                 
           1 PRINTING OUT WAVE band 5 k 1 spin 1                                 
           1 PRINTING OUT WAVE band 6 k 1 spin 1                                 
 CONSTANT ENERGY   -17.309380751337692        1.8160268703478117E-010
NORMAL STOP: CALLING MPE__STOPALL TO CLOSE DOWN
