STOP NORMAL STOP IN MPE__STOPALL
TRACE-PASS(  1): LEVEL=  0 WHERE:RESET FILENAME FOR STRC FILE
TRACE-PASS(  1): LEVEL=  0 WHERE:FILENAME FOR STRC FILE SET
TRACE-PUSH(  1): LEVEL=    1 INTO MWAVE
TRACE-MEM(  1): MAXMEM[MBYTE]=   0.00000 TIME20260907 125644.631
TRACE-PASS(  1): LEVEL=  1 WHERE:READING WAVEPLOT
TRACE-PASS(  1): LEVEL=  1 WHERE:WAVEPLOT FILE READ
TRACE-PASS(  1): LEVEL=  1 WHERE:WRITE WAVE TO CUBE-FILE
TRACE-PUSH(  1): LEVEL=    2 INTO MAPFIELDTOGRID
TRACE-MEM(  1): MAXMEM[MBYTE]=   0.00000 TIME20260907 125644.635
TRACE-POP (  1): LEVEL=    2 FROM MAPFIELDTOGRID                  
TRACE-MEM(  1): MAXMEM[MBYTE]=   0.00000 TIME20260907 125644.711
TRACE-PASS(  1): LEVEL=  1 WHERE:WRITE WAVE TO VRML-FILE
TRACE-PUSH(  1): LEVEL=    2 INTO MAKEVRML
TRACE-MEM(  1): MAXMEM[MBYTE]=   0.00000 TIME20260907 125645.053
TRACE-POP (  1): LEVEL=    2 FROM MAKEVRML                        
TRACE-MEM(  1): MAXMEM[MBYTE]=   0.00000 TIME20260907 125645.054
TRACE-PASS(  1): LEVEL=  1 WHERE:WRITE WAVE TO DX-FILE
TRACE-PASS(  1): LEVEL=  1 WHERE:WAVE WRITTEN
TRACE-PASS(  1): LEVEL=  1 WHERE:BEFORE BALLSTICK
TRACE-PASS(  1): LEVEL=  1 WHERE:AFTER BALLSTICK
TRACE-POP (  1): LEVEL=    1 FROM MWAVE                           
TRACE-MEM(  1): MAXMEM[MBYTE]=   0.00000 TIME20260907 125645.084
NORMAL STOP: CALLING MPE__STOPALL TO CLOSE DOWN
