At line 162 of file paw_trace.f90 (unit = 6, file = 'stdout')
Fortran runtime error: Missing comma between descriptors
("TRACE-MEM(",I3,"): MAXMEM[MBYTE]=",F10.5" TIME",A8," ",A10)                   
                                                            ^

Error termination. Backtrace:
#0  0x7ac8ed02a494 in ???
#1  0x7ac8ed02b231 in ???
#2  0x7ac8ed02bf1c in ???
#3  0x7ac8ed2feafd in ???
#4  0x7ac8ed313127 in ???
#5  0x642787aa7fed in ???
#6  0x642787ac645b in ???
#7  0x642787aa14be in ???
#8  0x7ac8eca2a600 in __libc_start_call_main
	at ../sysdeps/nptl/libc_start_call_main.h:59
#9  0x7ac8eca2a717 in __libc_start_main_impl
	at ../csu/libc-start.c:360
#10  0x642787aa14e4 in ???
#11  0xffffffffffffffff in ???
STOP NORMAL STOP IN MPE__STOPALL
