TRACE-PUSH(  1): LEVEL=    1 INTO MAIN
TRACE-MEM(  1): MAXMEM[MBYTE]=   0.00000 TIME20260907 134141.065
TRACE-PUSH(  1): LEVEL=    2 INTO PAW
TRACE-MEM(  1): MAXMEM[MBYTE]=   0.00000 TIME20260907 134141.065
TRACE-PUSH(  1): LEVEL=    3 INTO READIN
TRACE-MEM(  1): MAXMEM[MBYTE]=   0.00000 TIME20260907 134141.065
TRACE-PUSH(  1): LEVEL=    4 INTO READIN_FILES
TRACE-MEM(  1): MAXMEM[MBYTE]=   0.00000 TIME20260907 134141.069
TRACE-PUSH(  1): LEVEL=    5 INTO STANDARDFILES
TRACE-MEM(  1): MAXMEM[MBYTE]=   0.00000 TIME20260907 134141.069
TRACE-POP (  1): LEVEL=    5 FROM STANDARDFILES                   
TRACE-MEM(  1): MAXMEM[MBYTE]=   0.00000 TIME20260907 134141.069
TRACE-POP (  1): LEVEL=    4 FROM READIN_FILES                    
TRACE-MEM(  1): MAXMEM[MBYTE]=   0.00000 TIME20260907 134141.069
TRACE-PUSH(  1): LEVEL=    4 INTO READIN_GENERIC
TRACE-MEM(  1): MAXMEM[MBYTE]=   0.00000 TIME20260907 134141.069
 PAW_SETUPS.F90 A LAMBDA=   6.0000000000000000        6.0000000000000000        6.0000000000000000        6.0000000000000000     
================================================================================
===================  SETUP CONSTRUCTION FOR SI  ================================
================================================================================
 THIS%SETTING%SO= F
KEY: START,REL,NONSO,ZORA
RELATIVISTIC EFFECTS SWITCHED ON?     T
SPIN-ORBIT COUPLING SWITCHED ON?      F
ZORA SWITCHED ON?                     T
FOCK CONTRIBTION ON?                  F
START FROM SCRATCH?                    T
DOING SCF ITERATIONS FOR ATOM WITH Z=  14.00000
           1  AV(POT-POTIN)=   2.3484706839813758       MAX:(POT-POTIN)=   21766.333955052542                0 F
           2  AV(POT-POTIN)=   1.1354361936198627       MAX:(POT-POTIN)=   11987.008812229848                0 F
           3  AV(POT-POTIN)=  0.65020489593549868       MAX:(POT-POTIN)=   661.45745545532554                0 F
           4  AV(POT-POTIN)=  0.50897477908261268       MAX:(POT-POTIN)=   311.04457219946198                0 F
           5  AV(POT-POTIN)=  0.21199586605391071       MAX:(POT-POTIN)=   70.550231548724696                0 F
           6  AV(POT-POTIN)=   8.5937499690668481E-002  MAX:(POT-POTIN)=   57.151716960594058                0 F
           7  AV(POT-POTIN)=   1.6855198246834811E-002  MAX:(POT-POTIN)=   6.8615882953163236                0 F
           8  AV(POT-POTIN)=   7.8259353198459405E-003  MAX:(POT-POTIN)=   3.0014224739279598                0 F
           9  AV(POT-POTIN)=   2.6060744334699274E-003  MAX:(POT-POTIN)=  0.37456498364917934                0 F
          10  AV(POT-POTIN)=   9.1398717101014810E-004  MAX:(POT-POTIN)=   5.9137249598279595E-002           0 F
          11  AV(POT-POTIN)=   2.4508223822675634E-004  MAX:(POT-POTIN)=   7.4975246097892523E-003           0 F
          12  AV(POT-POTIN)=   2.4947522619594843E-003  MAX:(POT-POTIN)=   6.2537666115134782E-002           0 F
          13  AV(POT-POTIN)=   2.2549474490823739E-003  MAX:(POT-POTIN)=   5.6522551186844835E-002           1 F
          14  AV(POT-POTIN)=   3.3540834885859700E-004  MAX:(POT-POTIN)=   7.7041087291480903E-003           2 F
          15  AV(POT-POTIN)=   4.6611065387248247E-004  MAX:(POT-POTIN)=   1.1559207629711892E-002           3 F
          16  AV(POT-POTIN)=   5.9446809970234741E-004  MAX:(POT-POTIN)=   1.4893093540523756E-002           4 F
          17  AV(POT-POTIN)=   2.5783726185405428E-003  MAX:(POT-POTIN)=   6.4689054049341957E-002           5 F
          18  AV(POT-POTIN)=   7.8189907800071772E-004  MAX:(POT-POTIN)=   1.9619930301127551E-002           6 F
          19  AV(POT-POTIN)=   1.0536412287737776E-003  MAX:(POT-POTIN)=   2.6440818399238945E-002           7 F
          20  AV(POT-POTIN)=   1.0608987561110002E-003  MAX:(POT-POTIN)=   2.6622855376503260E-002           8 F
          21  AV(POT-POTIN)=   2.4978025892281458E-003  MAX:(POT-POTIN)=   6.2681739687382998E-002           9 F
          22  AV(POT-POTIN)=   1.7587922827958179E-003  MAX:(POT-POTIN)=   4.4136510976070679E-002          10 F
          23  AV(POT-POTIN)=   1.0678976882448113E-003  MAX:(POT-POTIN)=   2.6798521987793849E-002          11 F
          24  AV(POT-POTIN)=   6.1490109809746781E-004  MAX:(POT-POTIN)=   1.5430391181062484E-002          12 F
          25  AV(POT-POTIN)=   2.4934663766785544E-003  MAX:(POT-POTIN)=   6.2573010376030483E-002          13 F
          26  AV(POT-POTIN)=   2.6758552628447035E-003  MAX:(POT-POTIN)=   6.7150037288148223E-002          14 F
          27  AV(POT-POTIN)=   4.3684575312918066E-003  MAX:(POT-POTIN)=  0.10962555605036492               15 F
          28  AV(POT-POTIN)=   1.9678227953687983E-003  MAX:(POT-POTIN)=   4.9382118367443495E-002          16 F
          29  AV(POT-POTIN)=   8.4166564790021559E-004  MAX:(POT-POTIN)=   2.1121403657167206E-002          17 F
          30  AV(POT-POTIN)=   6.2182619000030490E-004  MAX:(POT-POTIN)=   1.5604603678519707E-002          18 F
          31  AV(POT-POTIN)=   1.1578370601016901E-007  MAX:(POT-POTIN)=   2.8918437083996773E-006          19 F
          32  AV(POT-POTIN)=   1.1306403551714888E-007  MAX:(POT-POTIN)=   2.8165650351880123E-006           0 F
          33  AV(POT-POTIN)=   5.7029421442327639E-008  MAX:(POT-POTIN)=   2.2740568965673447E-006           0 F
          34  AV(POT-POTIN)=   4.5753233446064746E-008  MAX:(POT-POTIN)=   2.0351726561784744E-006           0 F
          35  AV(POT-POTIN)=   4.4900133557638785E-008  MAX:(POT-POTIN)=   1.1188621673596799E-006           0 F
          36  AV(POT-POTIN)=   2.3143137028827831E-008  MAX:(POT-POTIN)=   1.3206154108047485E-006           0 F
          37  AV(POT-POTIN)=   1.8680755119294084E-008  MAX:(POT-POTIN)=   1.6652047634124756E-006           0 F
          38  AV(POT-POTIN)=   1.7273861001163047E-008  MAX:(POT-POTIN)=   2.8756912797689438E-006           0 F
          39  AV(POT-POTIN)=   1.2634053946187974E-008  MAX:(POT-POTIN)=   1.0945368558168411E-006           0 F
          40  AV(POT-POTIN)=   7.4319661593468555E-009  MAX:(POT-POTIN)=   1.2211967259645462E-006           0 F
          41  AV(POT-POTIN)=   4.5387102688693890E-009  MAX:(POT-POTIN)=   8.3609484136104584E-007           0 F
          42  AV(POT-POTIN)=   5.7550257841198197E-009  MAX:(POT-POTIN)=   1.4982651919126511E-006           0 F
          43  AV(POT-POTIN)=   2.2348746733883862E-009  MAX:(POT-POTIN)=   5.0477683544158936E-007           1 F
          44  AV(POT-POTIN)=   5.1120939929353894E-009  MAX:(POT-POTIN)=   2.4607870727777481E-006           0 F
          45  AV(POT-POTIN)=   1.1482679368352297E-009  MAX:(POT-POTIN)=   8.6799263954162598E-007           1 F
          46  AV(POT-POTIN)=   4.6202991897682519E-009  MAX:(POT-POTIN)=   1.9685830920934677E-006           0 F
          47  AV(POT-POTIN)=   5.2249414908536531E-010  MAX:(POT-POTIN)=   1.2181699275970459E-006           1 F
          48  AV(POT-POTIN)=   4.2517369473901106E-009  MAX:(POT-POTIN)=   1.9266735762357712E-006           0 F
          49  AV(POT-POTIN)=   9.4009696563127810E-010  MAX:(POT-POTIN)=   1.0167714208364487E-006           1 F
          50  AV(POT-POTIN)=   4.1834259552732105E-009  MAX:(POT-POTIN)=   1.3434328138828278E-006           2 F
          51  AV(POT-POTIN)=   1.6100987109069503E-010  MAX:(POT-POTIN)=   1.0454095900058746E-006           3 F
          52  AV(POT-POTIN)=   3.5633629494900511E-009  MAX:(POT-POTIN)=   1.1562369763851166E-006           0 F
          53  AV(POT-POTIN)=   2.3007605497075428E-009  MAX:(POT-POTIN)=   1.5662517398595810E-006           1 F
          54  AV(POT-POTIN)=   2.7300619692621134E-009  MAX:(POT-POTIN)=   1.7690472304821014E-006           2 F
          55  AV(POT-POTIN)=   2.2892397862874690E-009  MAX:(POT-POTIN)=   4.0163286030292511E-007           3 F
          56  AV(POT-POTIN)=   3.2516964493339748E-009  MAX:(POT-POTIN)=   7.3667615652084351E-007           0 F
          57  AV(POT-POTIN)=   1.7342722974344155E-009  MAX:(POT-POTIN)=   9.9744647741317749E-007           1 F
          58  AV(POT-POTIN)=   2.2540981803766435E-009  MAX:(POT-POTIN)=   4.1862949728965759E-007           2 F
          59  AV(POT-POTIN)=   2.6735807445247517E-009  MAX:(POT-POTIN)=   1.1862721294164658E-006           3 F
          60  AV(POT-POTIN)=   1.7930170070215069E-009  MAX:(POT-POTIN)=   1.0977964848279953E-006           4 F
          61  AV(POT-POTIN)=   2.8330819987222542E-009  MAX:(POT-POTIN)=   8.5029751062393188E-007           5 F
===================ENERGY REPORT OF ATOMLIB__AESCF==============================
TOTAL ENERGY:................  -290.17130223
KINETIC ENERGY:..............   290.88996059
HARTREE ENERGY:..............  -560.39827146
DFT XC ENERGY:...............     -20.662991
FINITE NUCLEUS:..............     0.00016059
.... CALCULATION USES FINITE NUCLEUS
.... DO NOT ADD FINITE NUCLEUS CORRECTION
... SELFCONSISTENCY OBTAINED
FINAL ONE-PARTICLE ENERGIES FROM AESCF  
  IB   L  SO         F#NODE                   E
   1   0   0      2.00    0             -65.780
   2   0   0      2.00    1              -5.127
   3   1   0      6.00    0              -3.512
   4   0   0      2.00    2              -0.397
   5   1   0      2.00    1              -0.150
 #ITERATIONS           62
========================================================
========= ALL-ELECTRON ATOM CALCULATION ================
========================================================
TOTAL ENERGY=             -290.1713022
  IB   N   L  SO                   E         F#(REM. EL.
   1   1   0   0            -65.7800   2.00000  12.00000
   2   2   0   0             -5.1274   2.00000  10.00000
   3   2   1   0             -3.5120   6.00000   4.00000
--------- CORE ABOVE, VALENCE BELOW --------------------
   4   3   0   0             -0.3973   2.00000   2.00000
   5   3   1   0             -0.1499   2.00000   0.00000
========================================================
========================================================
 ISCATT=           0           1           0           1           0
 LOX=              0           0           1           1           2
 VFOCK%TON  F
=================== ENERGIES FOR ATOMIC WAVE FUNCTIONS =========================
=================== OLD: AE SCHRODINGER EQUATION           =====================
=================== NEW: NODELESS EQUATION                 =====================
=================== DIFFERENCE DUE TO RELATIVISTIC EFFECTS =====================
IB=  1 L= 0 E[NEW]=      -65.77998 E[OLD]=      -65.77998
IB=  2 L= 0 E[NEW]=       -5.12740 E[OLD]=       -5.12740
IB=  3 L= 1 E[NEW]=       -3.51198 E[OLD]=       -3.51198
IB=  4 L= 0 E[NEW]=       -0.39730 E[OLD]=       -0.39730
IB=  5 L= 1 E[NEW]=       -0.14992 E[OLD]=       -0.14992
=================== ENERGIES FOR PARTIAL-WAVE CONSTRUCTION======================
RBOX=  2.51712
LN= 1 L= 0 E=  -0.39730 RC= 1.573
LN= 2 L= 0 E=   2.01120 RC= 1.573
LN= 3 L= 1 E=  -0.14992 RC= 1.573
LN= 4 L= 1 E=   2.21198 RC= 1.573
LN= 5 L= 2 E=   0.03141 RC= 1.573
===================  TRANSU ====================================================
   1.0000000000   1.0000000000   0.0000000000   0.0000000000   0.0000000000
   0.0000000000   2.4085033281   0.0000000000   0.0000000000   0.0000000000
   0.0000000000   0.0000000000   1.0000000000   1.0000000000   0.0000000000
   0.0000000000   0.0000000000   0.0000000000   2.3619080198   0.0000000000
   0.0000000000   0.0000000000   0.0000000000   0.0000000000   1.0000000000
===================  TRANSU^(-1) ===============================================
   1.0000000000  -0.4151956065  -0.0000000000   0.0000000000  -0.0000000000
   0.0000000000   0.4151956065  -0.0000000000   0.0000000000  -0.0000000000
   0.0000000000   0.0000000000   1.0000000000  -0.4233865128  -0.0000000000
   0.0000000000   0.0000000000   0.0000000000   0.4233865128  -0.0000000000
   0.0000000000   0.0000000000   0.0000000000   0.0000000000   1.0000000000
===================  TEST QN EQ.  ==============================================
LN= 1 L= 0  [T+V-E_N]|QN>-|UC>=   0.000000000000001
LN= 2 L= 0  [T+V-E_N]|QN>-|UC>=   0.000000000000001
LN= 3 L= 1  [T+V-E_N]|QN>-|UC>=   0.000000000000001
LN= 4 L= 1  [T+V-E_N]|QN>-|UC>=   0.000000000000001
LN= 5 L= 2  [T+V-E_N]|QN>-|UC>=   0.000000000000001
=================== <UC|AEPHI>/SQRT(<UC|UC>  ===================================
========= DEVIATION DUE NEGLECT OF SMALL COMPONENT==============================
========= ORTHOGONALIZATION DONE BASED ON ENERGIES==============================
   0.00000   0.00121   0.00000
   0.00000  -0.00044   0.00000
   0.00000   0.00000   0.00377
   0.00000   0.00000  -0.00080
   0.00000   0.00000   0.00000
===================  TEST AEPHI EQ.  ===========================================
LN= 1 L= 0  [T+V-E_N]|AEPHI_N> =   0.000000000731617
LN= 2 L= 0  [T+V-E_N]|AEPHI_N> =   0.000000000550499
LN= 3 L= 1  [T+V-E_N]|AEPHI_N> =   0.000000000000238
LN= 4 L= 1  [T+V-E_N]|AEPHI_N> =   0.000000000000122
LN= 5 L= 2  [T+V-E_N]|AEPHI_N> =   0.000000000000001
 L            0  E= -0.39730268724570916      PHIPHASE BEFORE ADJUSTMENT=   0.73183744048336719     
 L            0  E= -0.39730268724570916      PHIPHASE AFTER ADJUSTMENT=   0.73183744048336719     
 L            0  E=   2.0112006408419694      PHIPHASE BEFORE ADJUSTMENT=    1.7630573220198205     
 L            0  E=   2.0112006408419694      PHIPHASE AFTER ADJUSTMENT=    1.7630573220198205     
 L            1  E= -0.14992428323251358      PHIPHASE BEFORE ADJUSTMENT=   0.66803295214287184     
 L            1  E= -0.14992428323251358      PHIPHASE AFTER ADJUSTMENT=   0.66803295214287184     
 L            1  E=   2.2119837365419199      PHIPHASE BEFORE ADJUSTMENT=    1.7092049275103192     
 L            1  E=   2.2119837365419199      PHIPHASE AFTER ADJUSTMENT=    1.7092049275103192     
 L            2  E=   3.1409085561269312E-002 PHIPHASE BEFORE ADJUSTMENT=   0.49176936911494928     
 L            2  E=   3.1409085561269312E-002 PHIPHASE AFTER ADJUSTMENT=   0.49176936911494928     
===================  TEST RAW PAW EQUATION  ====================================
LN= 1 L= 0 RAW PAW EQ.   0.00000 SCHR. EQ.   0.00000
LN= 2 L= 0 RAW PAW EQ.   0.00000 SCHR. EQ.   0.00000
LN= 3 L= 1 RAW PAW EQ.   0.00000 SCHR. EQ.   0.00000
LN= 4 L= 1 RAW PAW EQ.   0.00000 SCHR. EQ.   0.00000
LN= 5 L= 2 RAW PAW EQ.   0.00000 SCHR. EQ.   0.00000
 VFOCK%TON   F
 RBND          2.5171150545824967     
DT    0.15391E+01 0.89927E+00 0.00000E+00 0.00000E+00 0.00000E+00
DT    0.90153E+00 0.53029E+00 0.00000E+00 0.00000E+00 0.00000E+00
DT    0.00000E+00 0.00000E+00 0.93973E+00 0.49841E+00 0.00000E+00
DT    0.00000E+00 0.00000E+00 0.50228E+00 0.27962E+00 0.00000E+00
DT    0.00000E+00 0.00000E+00 0.00000E+00 0.00000E+00 0.54728E-01
DH    0.54193E+00 0.30843E+00 0.00000E+00 0.00000E+00 0.00000E+00
DH    0.31069E+00 0.19346E+00 0.00000E+00 0.00000E+00 0.00000E+00
DH    0.00000E+00 0.00000E+00 0.11503E+00 0.46618E-01 0.00000E+00
DH    0.00000E+00 0.00000E+00 0.50494E-01 0.27028E-01 0.00000E+00
DH    0.00000E+00 0.00000E+00 0.00000E+00 0.00000E+00-0.32338E-01
DO   -0.18840E+00-0.12757E+00 0.00000E+00 0.00000E+00 0.00000E+00
DO   -0.12757E+00-0.97617E-01 0.00000E+00 0.00000E+00 0.00000E+00
DO    0.00000E+00 0.00000E+00-0.41060E-01-0.18355E-01 0.00000E+00
DO    0.00000E+00 0.00000E+00-0.18355E-01-0.10282E-01 0.00000E+00
DO    0.00000E+00 0.00000E+00 0.00000E+00 0.00000E+00 0.17363E-01
LN= 1 DTKIN-TRANSPOSE(DTKIN)=   0.00000  -0.00225   0.00000   0.00000   0.00000
LN= 2 DTKIN-TRANSPOSE(DTKIN)=   0.00225   0.00000   0.00000   0.00000   0.00000
LN= 3 DTKIN-TRANSPOSE(DTKIN)=   0.00000   0.00000   0.00000  -0.00388   0.00000
LN= 4 DTKIN-TRANSPOSE(DTKIN)=   0.00000   0.00000   0.00388   0.00000   0.00000
LN= 5 DTKIN-TRANSPOSE(DTKIN)=   0.00000   0.00000   0.00000   0.00000   0.00000
LN= 1 <P|PSPHI>=   1.00000  -0.00000   0.00000   0.00000   0.00000
LN= 2 <P|PSPHI>=  -0.00000   1.00000   0.00000   0.00000   0.00000
LN= 3 <P|PSPHI>=   0.00000   0.00000   1.00000   0.00000   0.00000
LN= 4 <P|PSPHI>=   0.00000   0.00000  -0.00000   1.00000   0.00000
LN= 5 <P|PSPHI>=   0.00000   0.00000   0.00000   0.00000   1.00000
===================  TEST PAW EQUATION  ========================================
LN= 1 L= 0 PAW EQ.             0.00000 SCHR. EQ.             0.00000 DPRO              0.00000
LN= 2 L= 0 PAW EQ.             0.00000 SCHR. EQ.             0.00000 DPRO              0.00000
LN= 3 L= 1 PAW EQ.             0.00000 SCHR. EQ.             0.00000 DPRO              0.00000
LN= 4 L= 1 PAW EQ.             0.00000 SCHR. EQ.             0.00000 DPRO              0.00000
LN= 5 L= 2 PAW EQ.             0.00000 SCHR. EQ.             0.00000 DPRO              0.00000
 =================== L=           0  =================================
 BEFORE PAWBOUNDSTATE
 L=           0  NN=           0  E= -0.39730279875436741       NPRO=           2  ROUT=   19.716639202099568       IB=           4
  E= -0.39873313877772948     
 =================== L=           1  =================================
 BEFORE PAWBOUNDSTATE
 L=           1  NN=           0  E= -0.14992428423013904       NPRO=           2  ROUT=   19.716639202099568       IB=           5
  E= -0.15199800635621785     
 =================== L=           2  =================================
===================  STRAIGHT AE- AND PAW-ENERGY LEVELS ========================
IB= 4 L= 0 AE-ENERGY: -10.81101 EV; PS-ENERGY: -10.84993 EV
IB= 5 L= 1 AE-ENERGY:  -4.07959 EV; PS-ENERGY:  -4.13602 EV
 PSEUDO+AUGMENTATION CHARGE    1.8586399011130731E-014  (SHOULD BE ZERO)
===================  DTKIN BEFORE SYMMETRIZATION ===============================
       1.539       0.899       0.000       0.000       0.000
       0.902       0.530       0.000       0.000       0.000
       0.000       0.000       0.940       0.498       0.000
       0.000       0.000       0.502       0.280       0.000
       0.000       0.000       0.000       0.000       0.055
===================  DO BEFORE SYMMETRIZATION ==================================
      -0.188      -0.128       0.000       0.000       0.000
      -0.128      -0.098       0.000       0.000       0.000
       0.000       0.000      -0.041      -0.018       0.000
       0.000       0.000      -0.018      -0.010       0.000
       0.000       0.000       0.000       0.000       0.017
 LIB_FFTW: CREATE PLAN FOR: GTOR           1         500           0
 LIB_FFTW: CREATE PLAN FOR: RTOG          -1         500           1
L= 0 IB= 1 E(LOCAL)=  -0.93753 E(OUTER)=  -0.09800
L= 0 IB= 2 E(LOCAL)=  -0.06384 E(OUTER)=   0.01654
L= 0 IB= 3 E(LOCAL)=   0.02210 E(OUTER)=   0.07131
L= 0 IB= 4 E(LOCAL)=   0.08100 E(OUTER)=   0.16595
L= 1 IB= 1 E(LOCAL)=  -0.24566 E(OUTER)=  -0.02387
L= 1 IB= 2 E(LOCAL)=   0.01055 E(OUTER)=   0.03418
L= 1 IB= 3 E(LOCAL)=   0.05584 E(OUTER)=   0.09786
L= 1 IB= 4 E(LOCAL)=   0.13807 E(OUTER)=   0.19517
L= 2 IB= 1 E(LOCAL)=   0.03182 E(OUTER)=   0.03282
L= 2 IB= 2 E(LOCAL)=   0.06980 E(OUTER)=   0.07347
L= 2 IB= 3 E(LOCAL)=   0.13978 E(OUTER)=   0.14880
L= 2 IB= 4 E(LOCAL)=   0.23190 E(OUTER)=   0.24744
========= GHOSTBUSTER FOR=   SI Z=  14.0 =======================================
LN 1 L= 0 E(INNER)=   1.30022 H
LN 2 L= 0 E(INNER)=   1.75638 H
LN 3 L= 1 E(INNER)=   2.23741 H
LN 4 L= 1 E(INNER)=   5.79130 H
LN 5 L= 2 E(INNER)=   6.90812 H
 LIB_FFTW: CREATE PLAN FOR: GTOR           1        1024           2
 LIB_FFTW: CREATE PLAN FOR: RTOG          -1        1024           3
================================================================================
===================  SETUP CONSTRUCTION FINISHED  ==============================
================================================================================
NO. OF INEQUIVALENT K-POINTS   112
NUMBER OF DIFFERENT TETRAHEDRA :  648
 DYNOCC__SETR8: SPIN HAS BEEN SET TO    0.0000000000000000     
 LIB_FFTW: CREATE PLAN FOR: GTOR           1          18           4
 LIB_FFTW: CREATE PLAN FOR: RTOG          -1          18           5
 CONSTANT ENERGY    9.4579058286857851       0.39602638727598538     
 CONSTANT ENERGY    8.3465356022613264        1.2765436063988538     
 CONSTANT ENERGY    6.3562696911915406        1.9858216473178079     
 CONSTANT ENERGY    3.9625757714890124        2.1928712885985444     
 CONSTANT ENERGY    1.6680711906669567        2.0211215328493028     
 CONSTANT ENERGY  -0.25797751147440451        1.6759678744276414     
 CONSTANT ENERGY   -1.7574751384870755        1.3154350236875434     
 CONSTANT ENERGY   -2.8891523862537727        1.0181065219918932     
 CONSTANT ENERGY   -3.7458137459861405       0.80005570163755757     
 CONSTANT ENERGY   -4.4090890467171207       0.64632829362576771     
 CONSTANT ENERGY   -4.9362855898119458       0.53553806437504581     
 CONSTANT ENERGY   -5.3639249950361485       0.45141909806815933     
 CONSTANT ENERGY   -5.7154549842362288       0.38464983893172466     
 CONSTANT ENERGY   -6.0071882211672376       0.33054315802219758     
 CONSTANT ENERGY   -6.2514147892526140       0.28646974183975943     
 CONSTANT ENERGY   -6.4576797975482600       0.25043514447725335     
 CONSTANT ENERGY   -6.6333479651415583       0.22068703262974962     
 CONSTANT ENERGY   -6.7840401155152961       0.19576905103499695     
 CONSTANT ENERGY   -6.9140681089181530       0.17459641103726248     
 CONSTANT ENERGY   -7.0268131391128215       0.15641997590195783     
 CONSTANT ENERGY   -7.1249976661176788       0.14072157424453424     
 CONSTANT ENERGY   -7.2108564223012586       0.12711547113032412     
 CONSTANT ENERGY   -7.2862423768594757       0.11529124071686184     
 CONSTANT ENERGY   -7.3527006571065510       0.10499185053610735     
 CONSTANT ENERGY   -7.4115270364691233        9.6006061184980895E-002
 CONSTANT ENERGY   -7.4638150636645495        8.8160738150731777E-002
 CONSTANT ENERGY   -7.5104919929008052        8.1310208547362872E-002
 CONSTANT ENERGY   -7.5523448543827429        7.5326017766761649E-002
 CONSTANT ENERGY   -7.5900396396821765        7.0090278888232160E-002
 CONSTANT ENERGY   -7.6241366426468851        6.5493049363904710E-002
 CONSTANT ENERGY   -7.6551039236401488        6.1432263173521406E-002
 CONSTANT ENERGY   -7.6833297479998386        5.7814629772245690E-002
 CONSTANT ENERGY   -7.7091342602564534        5.4556710012745480E-002
 CONSTANT ENERGY   -7.7327804947880372        5.1586006881244928E-002
 CONSTANT ENERGY   -7.7544847618960473        4.8841989586123874E-002
 CONSTANT ENERGY   -7.7744263229105250        4.6276771058952205E-002
 CONSTANT ENERGY   -7.7927561180501659        4.3855069901498255E-002
 CONSTANT ENERGY   -7.8096042441954587        4.1553246762230503E-002
 CONSTANT ENERGY   -7.8250859521635627        3.9357490377692525E-002
 CONSTANT ENERGY   -7.8393060855289294        3.7261453878119140E-002
 CONSTANT ENERGY   -7.8523620529174876        3.5263718614506431E-002
 CONSTANT ENERGY   -7.8643455516233178        3.3365418660041737E-002
 CONSTANT ENERGY   -7.8753433337324079        3.1568264940881274E-002
 CONSTANT ENERGY   -7.8854373260517656        2.9873109189302638E-002
 CONSTANT ENERGY   -7.8947044002237918        2.8279093264493120E-002
 CONSTANT ENERGY   -7.9032160352239078        2.6783337769205030E-002
 CONSTANT ENERGY   -7.9110380418929092        2.5381047026996388E-002
 CONSTANT ENERGY   -7.9182304382385063        2.4065866260532198E-002
 CONSTANT ENERGY   -7.9248474974038556        2.2830333161669020E-002
WRITING : HEADER
WRITING : TIMESTEP
WRITING : ATOMS
WRITING : CELL
WRITING : OCCUPATIONS
WRITING : WAVES
WRITING : ENDOFFILE
 CONSTANT ENERGY   -7.9309379459338567        2.1666311752862225E-002
 CONSTANT ENERGY   -7.9365452725538281        2.0565358611620579E-002
 CONSTANT ENERGY   -7.9417081094740212        1.9519026676153343E-002
 CONSTANT ENERGY   -7.9464606614977438        1.8519145577341363E-002
 CONSTANT ENERGY   -7.9508331740728320        1.7558125073771191E-002
 CONSTANT ENERGY   -7.9548524415552189        1.6629310824568942E-002
 CONSTANT ENERGY   -7.9585423590190638        1.5727384779341675E-002
 CONSTANT ENERGY   -7.9619245108412020        1.4848757228547579E-002
 CONSTANT ENERGY   -7.9650187719602181        1.3991861531116506E-002
 CONSTANT ENERGY   -7.9678438783891377        1.3157253857860384E-002
 CONSTANT ENERGY   -7.9704179140912386        1.2347448187757980E-002
 CONSTANT ENERGY   -7.9727586646234441        1.1566474814942078E-002
 CONSTANT ENERGY   -7.9748838058083278        1.0819218516478699E-002
 CONSTANT ENERGY   -7.9768109226450017        1.0110646030060087E-002
 CONSTANT ENERGY   -7.9785573814005550        9.4450546388963608E-003
 CONSTANT ENERGY   -7.9801400980455233        8.8254610642023931E-003
 CONSTANT ENERGY   -7.9815752569644323        8.2532112915684273E-003
 CONSTANT ENERGY   -7.9828780324961297        7.7278420878689833E-003
 CONSTANT ENERGY   -7.9840623560238679        7.2471779528677999E-003
 CONSTANT ENERGY   -7.9851407562739967        6.8076128035580554E-003
 CONSTANT ENERGY   -7.9861242852275725        6.4045079216649521E-003
 CONSTANT ENERGY   -7.9870225264841119        6.0326359574131624E-003
 CONSTANT ENERGY   -7.9878436750098771        5.6866111404897321E-003
 CONSTANT ENERGY   -7.9885946696755950        5.3612627990214604E-003
 CONSTANT ENERGY   -7.9892813595086603        5.0519277283586064E-003
 CONSTANT ENERGY   -7.9899086850592074        4.7546533103482447E-003
 CONSTANT ENERGY   -7.9904808599317434        4.4663157668054189E-003
 CONSTANT ENERGY   -7.9910015408719639        4.1846661111317324E-003
 CONSTANT ENERGY   -7.9914739794684273        3.9083203600825808E-003
 CONSTANT ENERGY   -7.9919011516594303        3.6367107350126189E-003
 CONSTANT ENERGY   -7.9922858640592205        3.3700116876143041E-003
 CONSTANT ENERGY   -7.9926308376737349        3.1090498798907228E-003
 CONSTANT ENERGY   -7.9929387704007056        2.8552023305435013E-003
 CONSTANT ENERGY   -7.9932123795896519        2.6102832803065580E-003
 CONSTANT ENERGY   -7.9934544262599072        2.3764187612210588E-003
 CONSTANT ENERGY   -7.9943651057719087        1.4585247288640625E-003
 CONSTANT ENERGY   -7.9951950924064139        6.3634073088367172E-004
 CONSTANT ENERGY   -7.9952525859755772        6.1565343016085385E-004
 CONSTANT ENERGY   -7.9953079508303784        6.2316984867445311E-004
 CONSTANT ENERGY   -7.9953633716120471        6.5249372291376431E-004
 CONSTANT ENERGY   -7.9954203009020262        6.9716188355403220E-004
 CONSTANT ENERGY   -7.9954796334600333        7.5091952419244462E-004
 CONSTANT ENERGY   -7.9955425979960628        8.0719842087701756E-004
 CONSTANT ENERGY   -7.9956098774221163        8.6020928713508569E-004
 CONSTANT ENERGY   -7.9956810246772498        9.0591257190523111E-004
 CONSTANT ENERGY   -7.9957553207874961        9.4131491612157092E-004
 CONSTANT ENERGY   -7.9958318573889855        9.6446555550164844E-004
 CONSTANT ENERGY   -7.9959096160036909        9.7439122874022079E-004
 CONSTANT ENERGY   -7.9959875401204581        9.7098719702728932E-004
 CONSTANT ENERGY   -7.9960645975982638        9.5488168002567648E-004
WRITING : HEADER
WRITING : TIMESTEP
WRITING : ATOMS
WRITING : CELL
WRITING : OCCUPATIONS
WRITING : WAVES
WRITING : ENDOFFILE
 CONSTANT ENERGY   -7.9961398322341006        9.2728822254429524E-004
 CONSTANT ENERGY   -7.9962124038909996        8.8985596677626988E-004
 CONSTANT ENERGY   -7.9962816169966207        8.4452373403330128E-004
 CONSTANT ENERGY   -7.9963469375491805        7.9338193307510114E-004
 CONSTANT ENERGY   -7.9964079994621526        7.3854644918542104E-004
 CONSTANT ENERGY   -7.9964646013614180        6.8204920915620505E-004
 CONSTANT ENERGY   -7.9967215209993467        4.2092431331454123E-004
 CONSTANT ENERGY   -7.9969599684959860        1.8348793832227575E-004
 CONSTANT ENERGY   -7.9969744919147097        1.7818063188850146E-004
 CONSTANT ENERGY   -7.9969889585867122        1.8035964009793088E-004
 CONSTANT ENERGY   -7.9970038760573843        1.8826154927210274E-004
 CONSTANT ENERGY   -7.9970196040784955        1.9996499858279166E-004
 CONSTANT ENERGY   -7.9970363511425688        2.1356540240805716E-004
 CONSTANT ENERGY   -7.9970541829525761        2.2731773844746951E-004
 CONSTANT ENERGY   -7.9970730399507657        2.3974012301871545E-004
 CONSTANT ENERGY   -7.9970927610132208        2.4967758506747463E-004
 CONSTANT ENERGY   -7.9971131105507967        2.5632942305217415E-004
 CONSTANT ENERGY   -7.9971338062759001        2.5924553805491569E-004
 CONSTANT ENERGY   -7.9971545455812381        2.5829823175392108E-004
 CONSTANT ENERGY   -7.9971750287446444        2.5363657661042863E-004
 CONSTANT ENERGY   -7.9971949781885163        2.4563042579183809E-004
 CONSTANT ENERGY   -7.9972141531588052        2.3481023133251340E-004
 CONSTANT ENERGY   -7.9972323597775148        2.2180734372206893E-004
 CONSTANT ENERGY   -7.9972494564994534        2.0729801308752186E-004
 CONSTANT ENERGY   -7.9972653553678041        1.9195341861204425E-004
 CONSTANT ENERGY   -7.9973377781108184        1.1863917033888318E-004
 CONSTANT ENERGY   -7.9974049727168577        5.1851850720286333E-005
 CONSTANT ENERGY   -7.9974090831313429        5.0483088935473248E-005
 CONSTANT ENERGY   -7.9974131906526704        5.1223635614340695E-005
 CONSTANT ENERGY   -7.9974174360758585        5.3547503773006073E-005
 CONSTANT ENERGY   -7.9974219157528008        5.6873343586518722E-005
 CONSTANT ENERGY   -7.9974266801154972        6.0622785954220302E-005
 CONSTANT ENERGY   -7.9974317364140335        6.4269019669280328E-005
 CONSTANT ENERGY   -7.9974370545411251        6.7372522975824462E-005
 CONSTANT ENERGY   -7.9974425749910134        6.9603228900920331E-005
 CONSTANT ENERGY   -7.9974482179617778        7.0749900644795176E-005
 CONSTANT ENERGY   -7.9974538926631187        7.0718361664586106E-005
 CONSTANT ENERGY   -7.9974595060405198        6.9520787065458040E-005
 CONSTANT ENERGY   -7.9974649703405847        6.7258615529913469E-005
 CONSTANT ENERGY   -7.9974702091633016        6.4101686122883743E-005
 CONSTANT ENERGY   -7.9974751618331048        6.0265882986235113E-005
 CONSTANT ENERGY   -7.9974797860372533        5.5991019998002372E-005
 CONSTANT ENERGY   -7.9975009279330109        3.4651023380742340E-005
 CONSTANT ENERGY   -7.9975205460554077        1.5180360905125288E-005
 CONSTANT ENERGY   -7.9975217493646102        1.4859019207742447E-005
 CONSTANT ENERGY   -7.9975229619915549        1.5218972426840456E-005
 CONSTANT ENERGY   -7.9975242305865502        1.6113693681613784E-005
 CONSTANT ENERGY   -7.9975255889477745        1.7370093615158971E-005
 CONSTANT ENERGY   -7.9975270566809256        1.8806681809126046E-005
 CONSTANT ENERGY   -7.9975286393756724        2.0249841126041920E-005
WRITING : HEADER
WRITING : TIMESTEP
WRITING : ATOMS
WRITING : CELL
WRITING : OCCUPATIONS
WRITING : WAVES
WRITING : ENDOFFILE
 CONSTANT ENERGY   -7.9975303298849880        2.1546938807642703E-005
 CONSTANT ENERGY   -7.9975321104518660        2.2575655881392756E-005
 CONSTANT ENERGY   -7.9975339553854630        2.3249388431702046E-005
 CONSTANT ENERGY   -7.9975358339774498        2.3518908315792217E-005
 CONSTANT ENERGY   -7.9975377133873433        2.3370743155708482E-005
 CONSTANT ENERGY   -7.9975395612603997        2.2822958343021137E-005
 CONSTANT ENERGY   -7.9975413479276600        2.1919152162271415E-005
 CONSTANT ENERGY   -7.9975430480882741        2.0721475892353235E-005
 CONSTANT ENERGY   -7.9975446419320821        1.9303391295723448E-005
 CONSTANT ENERGY   -7.9975519223319456        1.1936114395752376E-005
 CONSTANT ENERGY   -7.9975603732838874        3.4592187901539966E-006
 CONSTANT ENERGY   -7.9975623231810813        1.6755960078540558E-006
 CONSTANT ENERGY   -7.9975624721837590        1.9388738114549551E-006
 CONSTANT ENERGY   -7.9975626513916858        2.3735798290791680E-006
 CONSTANT ENERGY   -7.9975628706214561        2.9109748693262237E-006
 CONSTANT ENERGY   -7.9975631343827214        3.4815315376199722E-006
 CONSTANT ENERGY   -7.9975634419849113        4.0218449419663329E-006
 CONSTANT ENERGY   -7.9975637883042152        4.4799320243272285E-006
 CONSTANT ENERGY   -7.9975641648636664        4.8186022547698486E-006
 CONSTANT ENERGY   -7.9975645610798942        5.0168677920655614E-006
 CONSTANT ENERGY   -7.9975649655290111        5.0695604912149266E-006
 CONSTANT ENERGY   -7.9975653671067688        4.9854625963527776E-006
 CONSTANT ENERGY   -7.9975657559790809        4.7843558950462591E-006
 CONSTANT ENERGY   -7.9975661242693681        4.4934448387719370E-006
 CONSTANT ENERGY   -7.9975678231005167        2.7869519717913097E-006
 CONSTANT ENERGY   -7.9975697965974870        8.0932954069019107E-007
 CONSTANT ENERGY   -7.9975702524059447        3.9502697817563033E-007
 CONSTANT ENERGY   -7.9975702875435397        4.6293019099940346E-007
 CONSTANT ENERGY   -7.9975703307517518        5.7451693269768513E-007
 CONSTANT ENERGY   -7.9975703843528523        7.1229100397729816E-007
 CONSTANT ENERGY   -7.9975704494176556        8.5761707728008612E-007
 CONSTANT ENERGY   -7.9975705255863634        9.9289697007748813E-007
 CONSTANT ENERGY   -7.9975706112489311        1.1033782892003017E-006
 CONSTANT ENERGY   -7.9975707038419790        1.1784368581371741E-006
Note: The following floating-point exceptions are signalling: IEEE_UNDERFLOW_FLAG IEEE_DENORMAL
STOP NORMAL STOP IN MPE__STOPALL
 CONSTANT ENERGY   -7.9975708002158639        1.2122587564504950E-006
 CONSTANT ENERGY   -7.9975708970234720        1.2039200746683638E-006
 CONSTANT ENERGY   -7.9975709910868318        1.1569236665135370E-006
 CONSTANT ENERGY   -7.9975710797014754        1.0783031543564456E-006
WRITING : HEADER
WRITING : TIMESTEP
WRITING : ATOMS
WRITING : CELL
WRITING : OCCUPATIONS
WRITING : WAVES
WRITING : ENDOFFILE
 CONSTANT ENERGY   -7.9975714785719267        6.5972365462476891E-007
NORMAL STOP: CALLING MPE__STOPALL TO CLOSE DOWN
