TRACE-PUSH(  1): LEVEL=    1 INTO MAIN
TRACE-MEM(  1): MAXMEM[MBYTE]=   0.00000 TIME20260907 131422.499
TRACE-PUSH(  1): LEVEL=    2 INTO PAW
TRACE-MEM(  1): MAXMEM[MBYTE]=   0.00000 TIME20260907 131422.499
TRACE-PUSH(  1): LEVEL=    3 INTO READIN
TRACE-MEM(  1): MAXMEM[MBYTE]=   0.00000 TIME20260907 131422.499
TRACE-PUSH(  1): LEVEL=    4 INTO READIN_FILES
TRACE-MEM(  1): MAXMEM[MBYTE]=   0.00000 TIME20260907 131422.500
TRACE-PUSH(  1): LEVEL=    5 INTO STANDARDFILES
TRACE-MEM(  1): MAXMEM[MBYTE]=   0.00000 TIME20260907 131422.500
TRACE-POP (  1): LEVEL=    5 FROM STANDARDFILES                   
TRACE-MEM(  1): MAXMEM[MBYTE]=   0.00000 TIME20260907 131422.500
TRACE-POP (  1): LEVEL=    4 FROM READIN_FILES                    
TRACE-MEM(  1): MAXMEM[MBYTE]=   0.00000 TIME20260907 131422.500
TRACE-PUSH(  1): LEVEL=    4 INTO READIN_GENERIC
TRACE-MEM(  1): MAXMEM[MBYTE]=   0.00000 TIME20260907 131422.501
 PAW_SETUPS.F90 A LAMBDA=   6.0000000000000000        6.0000000000000000        6.0000000000000000        6.0000000000000000     
================================================================================
===================  SETUP CONSTRUCTION FOR FE  ================================
================================================================================
 THIS%SETTING%SO= F
KEY: START,REL,NONSO,ZORA
RELATIVISTIC EFFECTS SWITCHED ON?     T
SPIN-ORBIT COUPLING SWITCHED ON?      F
ZORA SWITCHED ON?                     T
FOCK CONTRIBTION ON?                  F
START FROM SCRATCH?                    T
DOING SCF ITERATIONS FOR ATOM WITH Z=  26.00000
           1  AV(POT-POTIN)=   4.4229110866643060       MAX:(POT-POTIN)=   23977.764226356521                0 F
           2  AV(POT-POTIN)=   2.1600484783910665       MAX:(POT-POTIN)=   12959.745147272246                0 F
           3  AV(POT-POTIN)=   2.0666340552561890       MAX:(POT-POTIN)=   526.04687633272260                0 F
           4  AV(POT-POTIN)=   1.9569792805131856       MAX:(POT-POTIN)=   378.79662826168351                0 F
           5  AV(POT-POTIN)=  0.90795394534003371       MAX:(POT-POTIN)=   69.262384389992803                0 F
           6  AV(POT-POTIN)=  0.49872799753341124       MAX:(POT-POTIN)=   54.679951263125986                0 F
           7  AV(POT-POTIN)=   7.7256997375938954E-002  MAX:(POT-POTIN)=   21.526390051236376                0 F
           8  AV(POT-POTIN)=   2.4689031074649780E-002  MAX:(POT-POTIN)=   8.8337359088473022                0 F
           9  AV(POT-POTIN)=   1.8926523802576475E-002  MAX:(POT-POTIN)=   6.4941918936092407                0 F
          10  AV(POT-POTIN)=   1.0632900100832361E-002  MAX:(POT-POTIN)=  0.35845901235006750                0 F
          11  AV(POT-POTIN)=   4.4481552015931038E-003  MAX:(POT-POTIN)=  0.21074234205298126                0 F
          12  AV(POT-POTIN)=   2.5759199173337874E-003  MAX:(POT-POTIN)=   9.3759103678166866E-002           0 F
          13  AV(POT-POTIN)=   1.0516418828608518E-003  MAX:(POT-POTIN)=   3.3143575303256512E-002           0 F
          14  AV(POT-POTIN)=   2.7526588128831681E-004  MAX:(POT-POTIN)=   7.7363555319607258E-003           0 F
          15  AV(POT-POTIN)=   5.2737166264912103E-005  MAX:(POT-POTIN)=   1.8671241123229265E-003           0 F
          16  AV(POT-POTIN)=   2.7649631192073528E-005  MAX:(POT-POTIN)=   9.2230155132710934E-004           0 F
          17  AV(POT-POTIN)=   4.5073642394095216E-006  MAX:(POT-POTIN)=   1.1170059352301099E-004           0 F
          18  AV(POT-POTIN)=   1.3527087246045864E-006  MAX:(POT-POTIN)=   5.2534742280840874E-005           0 F
          19  AV(POT-POTIN)=   6.6616311351656304E-007  MAX:(POT-POTIN)=   2.5066547095775604E-005           0 F
          20  AV(POT-POTIN)=   8.3500821411180299E-008  MAX:(POT-POTIN)=   5.1846727728843689E-006           0 F
          21  AV(POT-POTIN)=   4.2123945836857964E-008  MAX:(POT-POTIN)=   2.3092143237590790E-006           0 F
          22  AV(POT-POTIN)=   3.4052004352599700E-008  MAX:(POT-POTIN)=   4.0053855627775192E-006           0 F
          23  AV(POT-POTIN)=   4.9770933243548328E-008  MAX:(POT-POTIN)=   2.6433262974023819E-006           0 F
          24  AV(POT-POTIN)=   1.0142446150072019E-008  MAX:(POT-POTIN)=   8.8592059910297394E-007           1 F
          25  AV(POT-POTIN)=   6.2015553248515351E-009  MAX:(POT-POTIN)=   3.9697624742984772E-007           0 F
          26  AV(POT-POTIN)=   1.0918051028208955E-008  MAX:(POT-POTIN)=   1.6328413039445877E-006           0 F
          27  AV(POT-POTIN)=   4.5513305818507632E-009  MAX:(POT-POTIN)=   8.2515180110931396E-007           1 F
          28  AV(POT-POTIN)=   7.5311301609672559E-009  MAX:(POT-POTIN)=   7.6717697083950043E-007           0 F
          29  AV(POT-POTIN)=   4.0945806266774970E-009  MAX:(POT-POTIN)=   4.5332126319408417E-007           1 F
          30  AV(POT-POTIN)=   8.4516452488533842E-009  MAX:(POT-POTIN)=   7.8976154327392578E-007           0 F
          31  AV(POT-POTIN)=   4.7134563831699025E-009  MAX:(POT-POTIN)=   4.9034133553504944E-007           1 F
          32  AV(POT-POTIN)=   5.2880338232326231E-009  MAX:(POT-POTIN)=   6.2678009271621704E-007           2 F
          33  AV(POT-POTIN)=   5.4245881494643427E-009  MAX:(POT-POTIN)=   5.8743171393871307E-007           3 F
          34  AV(POT-POTIN)=   6.6363069621310107E-009  MAX:(POT-POTIN)=   7.1851536631584167E-007           4 F
          35  AV(POT-POTIN)=   4.5680589748518206E-009  MAX:(POT-POTIN)=   5.2130781114101410E-007           5 F
===================ENERGY REPORT OF ATOMLIB__AESCF==============================
TOTAL ENERGY:................ -1277.33264409
KINETIC ENERGY:..............  1292.63376877
HARTREE ENERGY:.............. -2514.31011458
DFT XC ENERGY:...............     -55.656298
FINITE NUCLEUS:..............     0.00378772
.... CALCULATION USES FINITE NUCLEUS
.... DO NOT ADD FINITE NUCLEUS CORRECTION
... SELFCONSISTENCY OBTAINED
FINAL ONE-PARTICLE ENERGIES FROM AESCF  
  IB   L  SO         F#NODE                   E
   1   0   0      2.00    0            -259.355
   2   0   0      2.00    1             -30.160
   3   1   0      6.00    0             -25.694
   4   0   0      2.00    2              -3.455
   5   1   0      6.00    1              -2.206
   6   0   0      2.00    3              -0.194
   7   2   0      6.00    0              -0.276
 #ITERATIONS           36
========================================================
========= ALL-ELECTRON ATOM CALCULATION ================
========================================================
TOTAL ENERGY=            -1277.3326441
  IB   N   L  SO                   E         F#(REM. EL.
   1   1   0   0           -259.3549   2.00000  24.00000
   2   2   0   0            -30.1599   2.00000  22.00000
   3   2   1   0            -25.6942   6.00000  16.00000
   4   3   0   0             -3.4551   2.00000  14.00000
   5   3   1   0             -2.2061   6.00000   8.00000
--------- CORE ABOVE, VALENCE BELOW --------------------
   6   3   2   0             -0.2759   6.00000   2.00000
   7   4   0   0             -0.1944   2.00000   0.00000
========================================================
========================================================
 ISCATT=           0           0           0           1
 LOX=              0           1           2           2
 VFOCK%TON  F
=================== ENERGIES FOR ATOMIC WAVE FUNCTIONS =========================
=================== OLD: AE SCHRODINGER EQUATION           =====================
=================== NEW: NODELESS EQUATION                 =====================
=================== DIFFERENCE DUE TO RELATIVISTIC EFFECTS =====================
IB=  1 L= 0 E[NEW]=     -259.35488 E[OLD]=     -259.35488
IB=  2 L= 0 E[NEW]=      -30.15992 E[OLD]=      -30.15992
IB=  3 L= 1 E[NEW]=      -25.69417 E[OLD]=      -25.69417
IB=  4 L= 0 E[NEW]=       -3.45512 E[OLD]=       -3.45512
IB=  5 L= 1 E[NEW]=       -2.20615 E[OLD]=       -2.20615
IB=  6 L= 2 E[NEW]=       -0.27586 E[OLD]=       -0.27586
IB=  7 L= 0 E[NEW]=       -0.19441 E[OLD]=       -0.19441
=================== ENERGIES FOR PARTIAL-WAVE CONSTRUCTION======================
RBOX=  2.65318
LN= 1 L= 0 E=  -0.19441 RC= 1.658
LN= 2 L= 1 E=  -0.04840 RC= 1.658
LN= 3 L= 2 E=  -0.27586 RC= 1.658
LN= 4 L= 2 E=   1.09058 RC= 1.658
===================  TRANSU ====================================================
   1.0000000000   0.0000000000   0.0000000000   0.0000000000
   0.0000000000   1.0000000000   0.0000000000   0.0000000000
   0.0000000000   0.0000000000   1.0000000000   1.0000000000
   0.0000000000   0.0000000000   0.0000000000   1.3664370668
===================  TRANSU^(-1) ===============================================
   1.0000000000  -0.0000000000   0.0000000000  -0.0000000000
   0.0000000000   1.0000000000   0.0000000000  -0.0000000000
   0.0000000000   0.0000000000   1.0000000000  -0.7318302645
   0.0000000000   0.0000000000   0.0000000000   0.7318302645
===================  TEST QN EQ.  ==============================================
LN= 1 L= 0  [T+V-E_N]|QN>-|UC>=   0.000000000000000
LN= 2 L= 1  [T+V-E_N]|QN>-|UC>=   0.000000000000000
LN= 3 L= 2  [T+V-E_N]|QN>-|UC>=   0.000000000000035
LN= 4 L= 2  [T+V-E_N]|QN>-|UC>=   0.000000000000046
=================== <UC|AEPHI>/SQRT(<UC|UC>  ===================================
========= DEVIATION DUE NEGLECT OF SMALL COMPONENT==============================
========= ORTHOGONALIZATION DONE BASED ON ENERGIES==============================
   0.00000   0.00000   0.00000   0.00628   0.00000
   0.00000   0.00000   0.00000   0.00000   0.02152
   0.00000   0.00000   0.00000   0.00000   0.00000
   0.00000   0.00000   0.00000   0.00000   0.00000
===================  TEST AEPHI EQ.  ===========================================
LN= 1 L= 0  [T+V-E_N]|AEPHI_N> =   0.000000001395373
LN= 2 L= 1  [T+V-E_N]|AEPHI_N> =   0.000000000001329
LN= 3 L= 2  [T+V-E_N]|AEPHI_N> =   0.000000000000035
LN= 4 L= 2  [T+V-E_N]|AEPHI_N> =   0.000000000000046
 L            0  E= -0.19440826338748715      PHIPHASE BEFORE ADJUSTMENT=   0.65484077291420884     
 L            0  E= -0.19440826338748715      PHIPHASE AFTER ADJUSTMENT=   0.65484077291420884     
 L            1  E=  -4.8395753578059267E-002 PHIPHASE BEFORE ADJUSTMENT=   0.56767192126145649     
 L            1  E=  -4.8395753578059267E-002 PHIPHASE AFTER ADJUSTMENT=   0.56767192126145649     
 L            2  E= -0.27586146100824427      PHIPHASE BEFORE ADJUSTMENT=   0.77320924449347395     
 L            2  E= -0.27586146100824427      PHIPHASE AFTER ADJUSTMENT=   0.77320924449347395     
 L            2  E=   1.0905756057507390      PHIPHASE BEFORE ADJUSTMENT=    1.7880230051048260     
 L            2  E=   1.0905756057507390      PHIPHASE AFTER ADJUSTMENT=    1.7880230051048260     
===================  TEST RAW PAW EQUATION  ====================================
LN= 1 L= 0 RAW PAW EQ.   0.00000 SCHR. EQ.   0.00000
LN= 2 L= 1 RAW PAW EQ.   0.00000 SCHR. EQ.   0.00000
LN= 3 L= 2 RAW PAW EQ.   0.00000 SCHR. EQ.   0.00000
LN= 4 L= 2 RAW PAW EQ.   0.00000 SCHR. EQ.   0.00000
 VFOCK%TON   F
 RBND          2.6531751962925103     
DT    0.17607E+01 0.00000E+00 0.00000E+00 0.00000E+00
DT    0.00000E+00 0.13767E+01 0.00000E+00 0.00000E+00
DT    0.00000E+00 0.00000E+00 0.64553E+01 0.52380E+01
DT    0.00000E+00 0.00000E+00 0.52380E+01 0.30208E+01
DH    0.47749E+00 0.00000E+00 0.00000E+00 0.00000E+00
DH    0.00000E+00 0.18697E+00 0.00000E+00 0.00000E+00
DH    0.00000E+00 0.00000E+00-0.59581E+00-0.32444E+00
DH    0.00000E+00 0.00000E+00-0.32444E+00-0.16993E+01
DO   -0.14014E+00 0.00000E+00 0.00000E+00 0.00000E+00
DO    0.00000E+00-0.76795E-01 0.00000E+00 0.00000E+00
DO    0.00000E+00 0.00000E+00 0.64103E+00 0.23450E+00
DO    0.00000E+00 0.00000E+00 0.23450E+00 0.10989E+00
LN= 1 DTKIN-TRANSPOSE(DTKIN)=   0.00000   0.00000   0.00000   0.00000
LN= 2 DTKIN-TRANSPOSE(DTKIN)=   0.00000   0.00000   0.00000   0.00000
LN= 3 DTKIN-TRANSPOSE(DTKIN)=   0.00000   0.00000   0.00000   0.00000
LN= 4 DTKIN-TRANSPOSE(DTKIN)=   0.00000   0.00000  -0.00000   0.00000
LN= 1 <P|PSPHI>=   1.00000   0.00000   0.00000   0.00000
LN= 2 <P|PSPHI>=   0.00000   1.00000   0.00000   0.00000
LN= 3 <P|PSPHI>=   0.00000   0.00000   1.00000   0.00000
LN= 4 <P|PSPHI>=   0.00000   0.00000   0.00000   1.00000
===================  TEST PAW EQUATION  ========================================
LN= 1 L= 0 PAW EQ.             0.00000 SCHR. EQ.             0.00000 DPRO              0.00000
LN= 2 L= 1 PAW EQ.             0.00000 SCHR. EQ.             0.00000 DPRO              0.00000
LN= 3 L= 2 PAW EQ.             0.00000 SCHR. EQ.             0.00000 DPRO              0.00000
LN= 4 L= 2 PAW EQ.             0.00000 SCHR. EQ.             0.00000 DPRO              0.00000
 =================== L=           0  =================================
 BEFORE PAWBOUNDSTATE
 L=           0  NN=           0  E= -0.19440838419026857       NPRO=           1  ROUT=   19.716639202099568       IB=           7
  E= -0.19882701359291260     
 =================== L=           1  =================================
 =================== L=           2  =================================
 BEFORE PAWBOUNDSTATE
 L=           2  NN=           0  E= -0.27586146436247438       NPRO=           2  ROUT=   19.716639202099568       IB=           6
  E= -0.27586155108897881     
===================  STRAIGHT AE- AND PAW-ENERGY LEVELS ========================
IB= 6 L= 2 AE-ENERGY:  -7.50647 EV; PS-ENERGY:  -7.50647 EV
IB= 7 L= 0 AE-ENERGY:  -5.29005 EV; PS-ENERGY:  -5.41028 EV
 PSEUDO+AUGMENTATION CHARGE    1.1108414817494553E-014  (SHOULD BE ZERO)
===================  DTKIN BEFORE SYMMETRIZATION ===============================
       1.761       0.000       0.000       0.000
       0.000       1.377       0.000       0.000
       0.000       0.000       6.455       5.238
       0.000       0.000       5.238       3.021
===================  DO BEFORE SYMMETRIZATION ==================================
      -0.140       0.000       0.000       0.000
       0.000      -0.077       0.000       0.000
       0.000       0.000       0.641       0.234
       0.000       0.000       0.234       0.110
 LIB_FFTW: CREATE PLAN FOR: GTOR           1         500           0
 LIB_FFTW: CREATE PLAN FOR: RTOG          -1         500           1
L= 0 IB= 1 E(LOCAL)=  -1.02160 E(OUTER)=  -0.10245
L= 0 IB= 2 E(LOCAL)=  -0.06734 E(OUTER)=   0.01660
L= 0 IB= 3 E(LOCAL)=   0.02195 E(OUTER)=   0.07078
L= 0 IB= 4 E(LOCAL)=   0.08039 E(OUTER)=   0.16498
L= 1 IB= 1 E(LOCAL)=  -0.25764 E(OUTER)=  -0.01929
L= 1 IB= 2 E(LOCAL)=   0.00998 E(OUTER)=   0.03598
L= 1 IB= 3 E(LOCAL)=   0.05436 E(OUTER)=   0.10199
L= 1 IB= 4 E(LOCAL)=   0.13592 E(OUTER)=   0.19982
L= 2 IB= 1 E(LOCAL)=   0.03264 E(OUTER)=   0.03371
L= 2 IB= 2 E(LOCAL)=   0.07074 E(OUTER)=   0.07477
L= 2 IB= 3 E(LOCAL)=   0.14218 E(OUTER)=   0.15201
L= 2 IB= 4 E(LOCAL)=   0.23490 E(OUTER)=   0.25318
========= GHOSTBUSTER FOR=   FE Z=  26.0 =======================================
LN 1 L= 0 E(INNER)=  -0.05141 H
LN 2 L= 1 E(INNER)=   1.63279 H
LN 3 L= 2 E(INNER)=   3.37495 H
LN 4 L= 2 E(INNER)=   4.51374 H
 LIB_FFTW: CREATE PLAN FOR: GTOR           1        1024           2
 LIB_FFTW: CREATE PLAN FOR: RTOG          -1        1024           3
================================================================================
===================  SETUP CONSTRUCTION FINISHED  ==============================
================================================================================
NO. OF INEQUIVALENT K-POINTS   260
NUMBER OF DIFFERENT TETRAHEDRA : 1536
 DYNOCC__SETR8: SPIN HAS BEEN SET TO    0.0000000000000000     
READING RESTART FILE
CHECKING RESTART FILE: HEADER        0
CHECKING RESTART FILE: TIMESTEP      1
CHECKING RESTART FILE: ATOMS         4
CHECKING RESTART FILE: CELL          1
CHECKING RESTART FILE: OCCUPATION    6
CHECKING RESTART FILE: WAVES      8469
CHECKING RESTART FILE: ENDOFFILE     0
READING: HEADER
READING: TIMESTEP
READING: ATOMS
READING: CELL
READING: OCCUPATIONS
READING: WAVES
 XK    0.0000000000000000        0.0000000000000000        0.0000000000000000     
 ORDER OF G-VECTORS FROM RESTART FILE HAS CHANGED
 XK    1.3352872747528561E-018   1.3352872747528561E-018  0.12500000000000000     
 ORDER OF G-VECTORS FROM RESTART FILE HAS CHANGED
 XK    2.6705745495057122E-018   2.6705745495057122E-018  0.25000000000000000     
 ORDER OF G-VECTORS FROM RESTART FILE HAS CHANGED
 XK    4.0058618242585687E-018   4.0058618242585687E-018  0.37500000000000006     
 ORDER OF G-VECTORS FROM RESTART FILE HAS CHANGED
 XK   -5.3411490990114244E-018  -5.3411490990114244E-018  0.50000000000000000     
 ORDER OF G-VECTORS FROM RESTART FILE HAS CHANGED
 XK    1.5501217097161959E-018  0.12500000000000000       -1.5501217097161959E-018
 ORDER OF G-VECTORS FROM RESTART FILE HAS CHANGED
 XK    1.5501217097161959E-018  0.12500000000000000       0.12500000000000000     
 ORDER OF G-VECTORS FROM RESTART FILE HAS CHANGED
 XK   -2.6205453905912716E-017  0.12500000000000003       0.25000000000000000     
 ORDER OF G-VECTORS FROM RESTART FILE HAS CHANGED
 XK    1.5501217097161959E-018  0.12500000000000000       0.37500000000000000     
 ORDER OF G-VECTORS FROM RESTART FILE HAS CHANGED
 XK    2.9305697325345111E-017  0.12499999999999997       0.50000000000000000     
 ORDER OF G-VECTORS FROM RESTART FILE HAS CHANGED
 XK    3.1002434194323918E-018  0.25000000000000000       -3.1002434194323918E-018
 ORDER OF G-VECTORS FROM RESTART FILE HAS CHANGED
 XK   -2.4655332196196522E-017  0.25000000000000006       0.12500000000000000     
 ORDER OF G-VECTORS FROM RESTART FILE HAS CHANGED
 XK    3.1002434194323918E-018  0.25000000000000000       0.25000000000000000     
 ORDER OF G-VECTORS FROM RESTART FILE HAS CHANGED
 XK    3.0855819035061308E-017  0.24999999999999997       0.37500000000000000     
 ORDER OF G-VECTORS FROM RESTART FILE HAS CHANGED
 XK    3.1002434194323918E-018  0.25000000000000000       0.50000000000000000     
 ORDER OF G-VECTORS FROM RESTART FILE HAS CHANGED
 XK   -1.1126195509898824E-017  0.37500000000000006        1.1126195509898824E-017
 ORDER OF G-VECTORS FROM RESTART FILE HAS CHANGED
 XK    1.6629380105730090E-017  0.37500000000000000       0.12499999999999999     
 ORDER OF G-VECTORS FROM RESTART FILE HAS CHANGED
 XK    4.2284064280005223E-018  0.37500000000000000       0.25000000000000000     
 ORDER OF G-VECTORS FROM RESTART FILE HAS CHANGED
 XK    4.2284064280005223E-018  0.37500000000000000       0.37500000000000006     
 ORDER OF G-VECTORS FROM RESTART FILE HAS CHANGED
 XK    1.6629380105730090E-017  0.37500000000000000       0.50000000000000000     
 ORDER OF G-VECTORS FROM RESTART FILE HAS CHANGED
 XK   -6.2004868388647836E-018  0.50000000000000000        6.2004868388647836E-018
 ORDER OF G-VECTORS FROM RESTART FILE HAS CHANGED
 XK   -6.2004868388647836E-018  0.50000000000000000       0.12499999999999997     
 ORDER OF G-VECTORS FROM RESTART FILE HAS CHANGED
 XK   -6.2004868388647836E-018  0.50000000000000000       0.25000000000000000     
 ORDER OF G-VECTORS FROM RESTART FILE HAS CHANGED
 XK   -6.2004868388647836E-018  0.50000000000000000       0.37500000000000006     
 ORDER OF G-VECTORS FROM RESTART FILE HAS CHANGED
 XK   -6.2004868388647836E-018  0.50000000000000000      -0.50000000000000000     
 ORDER OF G-VECTORS FROM RESTART FILE HAS CHANGED
 XK    1.1126195509898824E-017 -0.37500000000000006       0.12499999999999999     
 ORDER OF G-VECTORS FROM RESTART FILE HAS CHANGED
 XK   -1.6629380105730090E-017 -0.37500000000000000       0.25000000000000000     
 ORDER OF G-VECTORS FROM RESTART FILE HAS CHANGED
 XK    1.1126195509898824E-017 -0.37500000000000006       0.37500000000000006     
 ORDER OF G-VECTORS FROM RESTART FILE HAS CHANGED
 XK   -3.1002434194323918E-018 -0.25000000000000000       0.12500000000000000     
 ORDER OF G-VECTORS FROM RESTART FILE HAS CHANGED
 XK   -3.1002434194323918E-018 -0.25000000000000000       0.25000000000000000     
 ORDER OF G-VECTORS FROM RESTART FILE HAS CHANGED
 XK    2.4655332196196522E-017 -0.25000000000000006       0.37500000000000000     
 ORDER OF G-VECTORS FROM RESTART FILE HAS CHANGED
 XK   -1.5501217097161959E-018 -0.12500000000000000       0.12500000000000000     
 ORDER OF G-VECTORS FROM RESTART FILE HAS CHANGED
 XK   -1.5501217097161959E-018 -0.12500000000000000       0.25000000000000000     
 ORDER OF G-VECTORS FROM RESTART FILE HAS CHANGED
 XK    2.6205453905912716E-017 -0.12500000000000003       0.37500000000000000     
 ORDER OF G-VECTORS FROM RESTART FILE HAS CHANGED
 XK   0.12500000000000000        1.5501217097161959E-018  -1.5501217097161959E-018
 ORDER OF G-VECTORS FROM RESTART FILE HAS CHANGED
 XK   0.12500000000000000        1.5501217097161959E-018  0.12500000000000000     
 ORDER OF G-VECTORS FROM RESTART FILE HAS CHANGED
 XK   0.12500000000000003       -2.6205453905912716E-017  0.25000000000000000     
 ORDER OF G-VECTORS FROM RESTART FILE HAS CHANGED
 XK   0.12500000000000000        1.5501217097161959E-018  0.37500000000000000     
 ORDER OF G-VECTORS FROM RESTART FILE HAS CHANGED
 XK   0.12499999999999997        2.9305697325345111E-017  0.50000000000000000     
 ORDER OF G-VECTORS FROM RESTART FILE HAS CHANGED
 XK   0.12500000000000000       0.12500000000000000       -3.1002434194323918E-018
 ORDER OF G-VECTORS FROM RESTART FILE HAS CHANGED
 XK   0.12500000000000000       0.12500000000000000       0.12500000000000000     
 ORDER OF G-VECTORS FROM RESTART FILE HAS CHANGED
 XK   0.12500000000000000       0.12500000000000000       0.25000000000000006     
 ORDER OF G-VECTORS FROM RESTART FILE HAS CHANGED
 XK   0.12500000000000000       0.12500000000000000       0.37500000000000000     
 ORDER OF G-VECTORS FROM RESTART FILE HAS CHANGED
 XK   0.12500000000000000       0.12500000000000000       0.49999999999999989     
 ORDER OF G-VECTORS FROM RESTART FILE HAS CHANGED
 XK   0.12500000000000003       0.25000000000000000       -1.6629380105730090E-017
 ORDER OF G-VECTORS FROM RESTART FILE HAS CHANGED
 XK   0.12499999999999999       0.25000000000000006       0.12499999999999999     
 ORDER OF G-VECTORS FROM RESTART FILE HAS CHANGED
 XK   0.12500000000000006       0.25000000000000000       0.24999999999999997     
 ORDER OF G-VECTORS FROM RESTART FILE HAS CHANGED
 XK   0.12500000000000006       0.25000000000000000       0.37500000000000000     
 ORDER OF G-VECTORS FROM RESTART FILE HAS CHANGED
 XK   0.12499999999999999       0.25000000000000006       0.50000000000000000     
 ORDER OF G-VECTORS FROM RESTART FILE HAS CHANGED
 XK   0.12500000000000000       0.37500000000000000       -6.2004868388647836E-018
 ORDER OF G-VECTORS FROM RESTART FILE HAS CHANGED
 XK   0.12500000000000000       0.37500000000000000       0.12500000000000003     
 ORDER OF G-VECTORS FROM RESTART FILE HAS CHANGED
 XK   0.12500000000000000       0.37500000000000000       0.25000000000000006     
 ORDER OF G-VECTORS FROM RESTART FILE HAS CHANGED
 XK   0.12500000000000000       0.37500000000000000       0.37500000000000006     
 ORDER OF G-VECTORS FROM RESTART FILE HAS CHANGED
 XK   0.12500000000000000       0.37500000000000000       0.49999999999999989     
 ORDER OF G-VECTORS FROM RESTART FILE HAS CHANGED
 XK   0.12499999999999999       0.50000000000000000        1.6629380105730090E-017
 ORDER OF G-VECTORS FROM RESTART FILE HAS CHANGED
 XK   0.12499999999999999       0.50000000000000000       0.12499999999999999     
 ORDER OF G-VECTORS FROM RESTART FILE HAS CHANGED
 XK   0.12499999999999999       0.50000000000000000       0.25000000000000006     
 ORDER OF G-VECTORS FROM RESTART FILE HAS CHANGED
 XK   0.12499999999999999       0.50000000000000000       0.37500000000000000     
 ORDER OF G-VECTORS FROM RESTART FILE HAS CHANGED
 XK   0.12499999999999999       0.50000000000000000      -0.50000000000000000     
 ORDER OF G-VECTORS FROM RESTART FILE HAS CHANGED
 XK   0.12500000000000000      -0.37500000000000000       0.12499999999999997     
 ORDER OF G-VECTORS FROM RESTART FILE HAS CHANGED
 XK   0.12500000000000006      -0.37500000000000006       0.25000000000000000     
 ORDER OF G-VECTORS FROM RESTART FILE HAS CHANGED
 XK   0.12500000000000000      -0.37500000000000000       0.37500000000000000     
 ORDER OF G-VECTORS FROM RESTART FILE HAS CHANGED
 XK   0.12500000000000000      -0.25000000000000000       0.12500000000000000     
 ORDER OF G-VECTORS FROM RESTART FILE HAS CHANGED
 XK   0.12500000000000003      -0.25000000000000006       0.25000000000000006     
 ORDER OF G-VECTORS FROM RESTART FILE HAS CHANGED
 XK   0.12500000000000000      -0.25000000000000000       0.37500000000000000     
 ORDER OF G-VECTORS FROM RESTART FILE HAS CHANGED
 XK   0.12500000000000000      -0.12500000000000000       0.12500000000000000     
 ORDER OF G-VECTORS FROM RESTART FILE HAS CHANGED
 XK   0.12500000000000003      -0.12500000000000003       0.25000000000000000     
 ORDER OF G-VECTORS FROM RESTART FILE HAS CHANGED
 XK   0.12500000000000000      -0.12500000000000000       0.37500000000000000     
 ORDER OF G-VECTORS FROM RESTART FILE HAS CHANGED
 XK   0.25000000000000000        3.1002434194323918E-018  -3.1002434194323918E-018
 ORDER OF G-VECTORS FROM RESTART FILE HAS CHANGED
 XK   0.25000000000000006       -2.4655332196196522E-017  0.12500000000000000     
 ORDER OF G-VECTORS FROM RESTART FILE HAS CHANGED
 XK   0.25000000000000000        3.1002434194323918E-018  0.25000000000000000     
 ORDER OF G-VECTORS FROM RESTART FILE HAS CHANGED
 XK   0.24999999999999997        3.0855819035061308E-017  0.37500000000000000     
 ORDER OF G-VECTORS FROM RESTART FILE HAS CHANGED
 XK   0.25000000000000000        3.1002434194323918E-018  0.50000000000000000     
 ORDER OF G-VECTORS FROM RESTART FILE HAS CHANGED
 XK   0.25000000000000000       0.12500000000000003       -1.6629380105730090E-017
 ORDER OF G-VECTORS FROM RESTART FILE HAS CHANGED
 XK   0.25000000000000006       0.12499999999999999       0.12499999999999999     
 ORDER OF G-VECTORS FROM RESTART FILE HAS CHANGED
 XK   0.25000000000000000       0.12500000000000006       0.24999999999999997     
 ORDER OF G-VECTORS FROM RESTART FILE HAS CHANGED
 XK   0.25000000000000000       0.12500000000000006       0.37500000000000000     
 ORDER OF G-VECTORS FROM RESTART FILE HAS CHANGED
 XK   0.25000000000000006       0.12499999999999999       0.50000000000000000     
 ORDER OF G-VECTORS FROM RESTART FILE HAS CHANGED
 XK   0.25000000000000000       0.25000000000000000       -6.2004868388647836E-018
 ORDER OF G-VECTORS FROM RESTART FILE HAS CHANGED
 XK   0.25000000000000000       0.25000000000000000       0.12500000000000006     
 ORDER OF G-VECTORS FROM RESTART FILE HAS CHANGED
 XK   0.25000000000000000       0.24999999999999994       0.25000000000000000     
 ORDER OF G-VECTORS FROM RESTART FILE HAS CHANGED
 XK   0.25000000000000000       0.25000000000000000       0.37499999999999989     
 ORDER OF G-VECTORS FROM RESTART FILE HAS CHANGED
 XK   0.25000000000000000       0.25000000000000000       0.50000000000000000     
 ORDER OF G-VECTORS FROM RESTART FILE HAS CHANGED
 XK   0.24999999999999997       0.37500000000000000        1.6629380105730090E-017
 ORDER OF G-VECTORS FROM RESTART FILE HAS CHANGED
 XK   0.24999999999999997       0.37500000000000000       0.12500000000000006     
 ORDER OF G-VECTORS FROM RESTART FILE HAS CHANGED
 XK   0.24999999999999997       0.37500000000000000       0.25000000000000000     
 ORDER OF G-VECTORS FROM RESTART FILE HAS CHANGED
 XK   0.24999999999999997       0.37500000000000000       0.37500000000000006     
 ORDER OF G-VECTORS FROM RESTART FILE HAS CHANGED
 XK   0.25000000000000000       0.37500000000000000       0.50000000000000000     
 ORDER OF G-VECTORS FROM RESTART FILE HAS CHANGED
 XK   0.25000000000000000       0.50000000000000000        3.1002434194323918E-018
 ORDER OF G-VECTORS FROM RESTART FILE HAS CHANGED
 XK   0.25000000000000006       0.49999999999999989       0.12500000000000000     
 ORDER OF G-VECTORS FROM RESTART FILE HAS CHANGED
 XK   0.25000000000000000       0.50000000000000000       0.25000000000000000     
 ORDER OF G-VECTORS FROM RESTART FILE HAS CHANGED
 XK   0.25000000000000000       0.50000000000000000       0.37500000000000000     
 ORDER OF G-VECTORS FROM RESTART FILE HAS CHANGED
 XK   0.25000000000000006       0.49999999999999989      -0.49999999999999989     
 ORDER OF G-VECTORS FROM RESTART FILE HAS CHANGED
 XK   0.25000000000000006      -0.37500000000000006       0.12500000000000000     
 ORDER OF G-VECTORS FROM RESTART FILE HAS CHANGED
 XK   0.25000000000000000      -0.37500000000000000       0.25000000000000000     
 ORDER OF G-VECTORS FROM RESTART FILE HAS CHANGED
 XK   0.25000000000000000      -0.37500000000000000       0.37500000000000000     
 ORDER OF G-VECTORS FROM RESTART FILE HAS CHANGED
 XK   0.25000000000000000      -0.25000000000000000       0.12500000000000003     
 ORDER OF G-VECTORS FROM RESTART FILE HAS CHANGED
 XK   0.25000000000000000      -0.25000000000000000       0.25000000000000000     
 ORDER OF G-VECTORS FROM RESTART FILE HAS CHANGED
 XK   0.25000000000000000      -0.25000000000000000       0.37500000000000000     
 ORDER OF G-VECTORS FROM RESTART FILE HAS CHANGED
 XK   0.25000000000000006      -0.12500000000000003       0.12500000000000003     
 ORDER OF G-VECTORS FROM RESTART FILE HAS CHANGED
 XK   0.25000000000000000      -0.12500000000000000       0.25000000000000000     
 ORDER OF G-VECTORS FROM RESTART FILE HAS CHANGED
 XK   0.25000000000000000      -0.12500000000000000       0.37500000000000000     
 ORDER OF G-VECTORS FROM RESTART FILE HAS CHANGED
 XK   0.37500000000000006       -1.1126195509898824E-017   1.1126195509898824E-017
 ORDER OF G-VECTORS FROM RESTART FILE HAS CHANGED
 XK   0.37500000000000000        1.6629380105730090E-017  0.12499999999999999     
 ORDER OF G-VECTORS FROM RESTART FILE HAS CHANGED
 XK   0.37500000000000000        4.2284064280005223E-018  0.25000000000000000     
 ORDER OF G-VECTORS FROM RESTART FILE HAS CHANGED
 XK   0.37500000000000000        4.2284064280005223E-018  0.37500000000000006     
 ORDER OF G-VECTORS FROM RESTART FILE HAS CHANGED
 XK   0.37500000000000000        1.6629380105730090E-017  0.50000000000000000     
 ORDER OF G-VECTORS FROM RESTART FILE HAS CHANGED
 XK   0.37500000000000006       0.12499999999999997       -6.2004868388647836E-018
 ORDER OF G-VECTORS FROM RESTART FILE HAS CHANGED
 XK   0.37500000000000000       0.12500000000000000       0.12500000000000003     
 ORDER OF G-VECTORS FROM RESTART FILE HAS CHANGED
 XK   0.37500000000000000       0.12500000000000000       0.25000000000000006     
 ORDER OF G-VECTORS FROM RESTART FILE HAS CHANGED
 XK   0.37500000000000000       0.12500000000000000       0.37500000000000006     
 ORDER OF G-VECTORS FROM RESTART FILE HAS CHANGED
 XK   0.37500000000000006       0.12499999999999994       0.50000000000000000     
 ORDER OF G-VECTORS FROM RESTART FILE HAS CHANGED
 XK   0.37500000000000000       0.25000000000000000       -7.3286498474329142E-018
 ORDER OF G-VECTORS FROM RESTART FILE HAS CHANGED
 XK   0.37500000000000000       0.25000000000000000       0.12500000000000003     
 ORDER OF G-VECTORS FROM RESTART FILE HAS CHANGED
 XK   0.37500000000000000       0.25000000000000000       0.25000000000000000     
 ORDER OF G-VECTORS FROM RESTART FILE HAS CHANGED
 XK   0.37500000000000000       0.25000000000000000       0.37500000000000000     
 ORDER OF G-VECTORS FROM RESTART FILE HAS CHANGED
 XK   0.37500000000000000       0.24999999999999997       0.50000000000000000     
 ORDER OF G-VECTORS FROM RESTART FILE HAS CHANGED
 XK   0.37500000000000000       0.37500000000000000        6.8977890818983016E-018
 ORDER OF G-VECTORS FROM RESTART FILE HAS CHANGED
 XK   0.37500000000000000       0.37500000000000000       0.12499999999999997     
 ORDER OF G-VECTORS FROM RESTART FILE HAS CHANGED
 XK   0.37500000000000000       0.37500000000000000       0.24999999999999997     
 ORDER OF G-VECTORS FROM RESTART FILE HAS CHANGED
 XK   0.37500000000000000       0.37500000000000000       0.37500000000000011     
 ORDER OF G-VECTORS FROM RESTART FILE HAS CHANGED
 XK   0.37500000000000006       0.37500000000000000       0.50000000000000000     
 ORDER OF G-VECTORS FROM RESTART FILE HAS CHANGED
 XK   0.37500000000000000       0.50000000000000000        1.7326682348763608E-017
 ORDER OF G-VECTORS FROM RESTART FILE HAS CHANGED
 XK   0.37500000000000000       0.50000000000000000       0.12499999999999996     
 ORDER OF G-VECTORS FROM RESTART FILE HAS CHANGED
 XK   0.37500000000000000       0.50000000000000000       0.25000000000000000     
 ORDER OF G-VECTORS FROM RESTART FILE HAS CHANGED
 XK   0.37500000000000006       0.50000000000000000       0.37500000000000006     
 ORDER OF G-VECTORS FROM RESTART FILE HAS CHANGED
 XK   0.37500000000000000       0.50000000000000000      -0.50000000000000000     
 ORDER OF G-VECTORS FROM RESTART FILE HAS CHANGED
 XK   0.37500000000000000      -0.37500000000000000       0.12499999999999996     
 ORDER OF G-VECTORS FROM RESTART FILE HAS CHANGED
 XK   0.37500000000000000      -0.37500000000000000       0.24999999999999997     
 ORDER OF G-VECTORS FROM RESTART FILE HAS CHANGED
 XK   0.37500000000000006      -0.37500000000000006       0.37500000000000006     
 ORDER OF G-VECTORS FROM RESTART FILE HAS CHANGED
 XK   0.37500000000000000      -0.25000000000000000       0.12499999999999999     
 ORDER OF G-VECTORS FROM RESTART FILE HAS CHANGED
 XK   0.37500000000000000      -0.25000000000000000       0.25000000000000000     
 ORDER OF G-VECTORS FROM RESTART FILE HAS CHANGED
 XK   0.37500000000000006      -0.25000000000000006       0.37500000000000006     
 ORDER OF G-VECTORS FROM RESTART FILE HAS CHANGED
 XK   0.37500000000000000      -0.12499999999999997       0.12499999999999997     
 ORDER OF G-VECTORS FROM RESTART FILE HAS CHANGED
 XK   0.37500000000000000      -0.12499999999999997       0.24999999999999997     
 ORDER OF G-VECTORS FROM RESTART FILE HAS CHANGED
 XK   0.37500000000000000      -0.12499999999999999       0.37500000000000006     
 ORDER OF G-VECTORS FROM RESTART FILE HAS CHANGED
 XK   0.50000000000000000       -6.2004868388647836E-018   6.2004868388647836E-018
 ORDER OF G-VECTORS FROM RESTART FILE HAS CHANGED
 XK   0.50000000000000000       -6.2004868388647836E-018  0.12499999999999997     
 ORDER OF G-VECTORS FROM RESTART FILE HAS CHANGED
 XK   0.50000000000000000       -6.2004868388647836E-018  0.25000000000000000     
 ORDER OF G-VECTORS FROM RESTART FILE HAS CHANGED
 XK   0.50000000000000000       -6.2004868388647836E-018  0.37500000000000006     
 ORDER OF G-VECTORS FROM RESTART FILE HAS CHANGED
 XK   0.50000000000000000       -6.2004868388647836E-018 -0.50000000000000000     
 ORDER OF G-VECTORS FROM RESTART FILE HAS CHANGED
 XK   0.50000000000000000       0.12499999999999999        1.6629380105730090E-017
 ORDER OF G-VECTORS FROM RESTART FILE HAS CHANGED
 XK   0.50000000000000000       0.12499999999999999       0.12499999999999999     
 ORDER OF G-VECTORS FROM RESTART FILE HAS CHANGED
 XK   0.50000000000000000       0.12499999999999999       0.25000000000000006     
 ORDER OF G-VECTORS FROM RESTART FILE HAS CHANGED
 XK   0.50000000000000000       0.12499999999999999       0.37500000000000000     
 ORDER OF G-VECTORS FROM RESTART FILE HAS CHANGED
 XK   0.50000000000000000       0.12499999999999999      -0.50000000000000000     
 ORDER OF G-VECTORS FROM RESTART FILE HAS CHANGED
 XK   0.50000000000000000       0.25000000000000000        3.1002434194323918E-018
 ORDER OF G-VECTORS FROM RESTART FILE HAS CHANGED
 XK   0.49999999999999989       0.25000000000000006       0.12500000000000000     
 ORDER OF G-VECTORS FROM RESTART FILE HAS CHANGED
 XK   0.50000000000000000       0.25000000000000000       0.25000000000000000     
 ORDER OF G-VECTORS FROM RESTART FILE HAS CHANGED
 XK   0.50000000000000000       0.25000000000000000       0.37500000000000000     
 ORDER OF G-VECTORS FROM RESTART FILE HAS CHANGED
 XK   0.49999999999999989       0.25000000000000006      -0.49999999999999989     
 ORDER OF G-VECTORS FROM RESTART FILE HAS CHANGED
 XK   0.50000000000000000       0.37500000000000000        2.9305697325345111E-017
 ORDER OF G-VECTORS FROM RESTART FILE HAS CHANGED
 XK   0.50000000000000000       0.37500000000000000       0.12499999999999997     
 ORDER OF G-VECTORS FROM RESTART FILE HAS CHANGED
 XK   0.50000000000000000       0.37500000000000000       0.25000000000000000     
 ORDER OF G-VECTORS FROM RESTART FILE HAS CHANGED
 XK   0.49999999999999989       0.37500000000000006       0.37500000000000006     
 ORDER OF G-VECTORS FROM RESTART FILE HAS CHANGED
 XK   0.50000000000000000       0.37500000000000000      -0.50000000000000000     
 ORDER OF G-VECTORS FROM RESTART FILE HAS CHANGED
 XK   0.50000000000000000      -0.50000000000000000        0.0000000000000000     
 ORDER OF G-VECTORS FROM RESTART FILE HAS CHANGED
 XK   0.50000000000000000      -0.50000000000000000       0.12499999999999997     
 ORDER OF G-VECTORS FROM RESTART FILE HAS CHANGED
 XK   0.50000000000000000      -0.50000000000000000       0.25000000000000006     
 ORDER OF G-VECTORS FROM RESTART FILE HAS CHANGED
 XK   0.50000000000000000      -0.50000000000000000       0.37500000000000000     
 ORDER OF G-VECTORS FROM RESTART FILE HAS CHANGED
 XK   0.50000000000000000       0.50000000000000000      -0.50000000000000000     
 ORDER OF G-VECTORS FROM RESTART FILE HAS CHANGED
 XK  -0.50000000000000000      -0.37500000000000000       0.12499999999999997     
 ORDER OF G-VECTORS FROM RESTART FILE HAS CHANGED
 XK  -0.49999999999999989      -0.37500000000000006       0.25000000000000006     
 ORDER OF G-VECTORS FROM RESTART FILE HAS CHANGED
 XK   0.50000000000000000      -0.37499999999999994       0.37500000000000000     
 ORDER OF G-VECTORS FROM RESTART FILE HAS CHANGED
 XK  -0.50000000000000000      -0.25000000000000000       0.12500000000000000     
 ORDER OF G-VECTORS FROM RESTART FILE HAS CHANGED
 XK   0.50000000000000000      -0.25000000000000006       0.25000000000000006     
 ORDER OF G-VECTORS FROM RESTART FILE HAS CHANGED
 XK   0.50000000000000000      -0.25000000000000006       0.37500000000000006     
 ORDER OF G-VECTORS FROM RESTART FILE HAS CHANGED
 XK   0.50000000000000000      -0.12499999999999997       0.12499999999999997     
 ORDER OF G-VECTORS FROM RESTART FILE HAS CHANGED
 XK   0.50000000000000000      -0.12500000000000000       0.25000000000000000     
 ORDER OF G-VECTORS FROM RESTART FILE HAS CHANGED
 XK   0.50000000000000000      -0.12500000000000000       0.37500000000000000     
 ORDER OF G-VECTORS FROM RESTART FILE HAS CHANGED
 XK  -0.37500000000000006        1.1126195509898824E-017  0.12499999999999999     
 ORDER OF G-VECTORS FROM RESTART FILE HAS CHANGED
 XK  -0.37500000000000000       -1.6629380105730090E-017  0.25000000000000000     
 ORDER OF G-VECTORS FROM RESTART FILE HAS CHANGED
 XK  -0.37500000000000006        1.1126195509898824E-017  0.37500000000000006     
 ORDER OF G-VECTORS FROM RESTART FILE HAS CHANGED
 XK  -0.37500000000000000       0.12499999999999997       -6.9730224303351792E-019
 ORDER OF G-VECTORS FROM RESTART FILE HAS CHANGED
 XK  -0.37500000000000000       0.12499999999999997       0.12500000000000000     
 ORDER OF G-VECTORS FROM RESTART FILE HAS CHANGED
 XK  -0.37500000000000006       0.12500000000000003       0.25000000000000000     
 ORDER OF G-VECTORS FROM RESTART FILE HAS CHANGED
 XK  -0.37500000000000000       0.12499999999999997       0.37500000000000000     
 ORDER OF G-VECTORS FROM RESTART FILE HAS CHANGED
 XK  -0.37500000000000000       0.12499999999999997      -0.50000000000000000     
 ORDER OF G-VECTORS FROM RESTART FILE HAS CHANGED
 XK  -0.37500000000000000       0.25000000000000000       -1.4226438929331216E-017
 ORDER OF G-VECTORS FROM RESTART FILE HAS CHANGED
 XK  -0.37500000000000006       0.25000000000000006       0.12500000000000000     
 ORDER OF G-VECTORS FROM RESTART FILE HAS CHANGED
 XK  -0.37500000000000000       0.25000000000000000       0.25000000000000000     
 ORDER OF G-VECTORS FROM RESTART FILE HAS CHANGED
 XK  -0.37500000000000000       0.25000000000000000       0.37500000000000000     
 ORDER OF G-VECTORS FROM RESTART FILE HAS CHANGED
 XK  -0.37500000000000006       0.25000000000000006      -0.49999999999999989     
 ORDER OF G-VECTORS FROM RESTART FILE HAS CHANGED
 XK  -0.37500000000000006       0.37500000000000006        1.1979014976581502E-017
 ORDER OF G-VECTORS FROM RESTART FILE HAS CHANGED
 XK  -0.37500000000000000       0.37500000000000000       0.12499999999999999     
 ORDER OF G-VECTORS FROM RESTART FILE HAS CHANGED
 XK  -0.37500000000000000       0.37500000000000000       0.25000000000000000     
 ORDER OF G-VECTORS FROM RESTART FILE HAS CHANGED
 XK  -0.37500000000000006       0.37500000000000006       0.37500000000000006     
 ORDER OF G-VECTORS FROM RESTART FILE HAS CHANGED
 XK  -0.37500000000000000       0.37500000000000000       0.50000000000000000     
 ORDER OF G-VECTORS FROM RESTART FILE HAS CHANGED
 XK  -0.37500000000000000      -0.50000000000000000       0.12499999999999999     
 ORDER OF G-VECTORS FROM RESTART FILE HAS CHANGED
 XK  -0.37500000000000006      -0.50000000000000000       0.25000000000000006     
 ORDER OF G-VECTORS FROM RESTART FILE HAS CHANGED
 XK  -0.37500000000000000      -0.49999999999999994       0.37499999999999994     
 ORDER OF G-VECTORS FROM RESTART FILE HAS CHANGED
 XK  -0.37500000000000011      -0.37500000000000000       0.12500000000000003     
 ORDER OF G-VECTORS FROM RESTART FILE HAS CHANGED
 XK  -0.37500000000000006      -0.37500000000000000       0.25000000000000006     
 ORDER OF G-VECTORS FROM RESTART FILE HAS CHANGED
 XK  -0.37500000000000006      -0.37500000000000000       0.37500000000000006     
 ORDER OF G-VECTORS FROM RESTART FILE HAS CHANGED
 XK  -0.37500000000000000      -0.24999999999999997       0.12499999999999997     
 ORDER OF G-VECTORS FROM RESTART FILE HAS CHANGED
 XK  -0.37500000000000000      -0.24999999999999997       0.24999999999999997     
 ORDER OF G-VECTORS FROM RESTART FILE HAS CHANGED
 XK  -0.37500000000000000      -0.24999999999999997       0.37500000000000000     
 ORDER OF G-VECTORS FROM RESTART FILE HAS CHANGED
 XK  -0.37500000000000006      -0.12499999999999997       0.12499999999999997     
 ORDER OF G-VECTORS FROM RESTART FILE HAS CHANGED
 XK  -0.37500000000000000      -0.12500000000000000       0.25000000000000000     
 ORDER OF G-VECTORS FROM RESTART FILE HAS CHANGED
 XK  -0.37500000000000000      -0.12500000000000000       0.37500000000000000     
 ORDER OF G-VECTORS FROM RESTART FILE HAS CHANGED
 XK  -0.25000000000000000       -3.1002434194323918E-018  0.12500000000000000     
 ORDER OF G-VECTORS FROM RESTART FILE HAS CHANGED
 XK  -0.25000000000000000       -3.1002434194323918E-018  0.25000000000000000     
 ORDER OF G-VECTORS FROM RESTART FILE HAS CHANGED
 XK  -0.25000000000000006        2.4655332196196522E-017  0.37500000000000000     
 ORDER OF G-VECTORS FROM RESTART FILE HAS CHANGED
 XK  -0.25000000000000000       0.12500000000000000        1.5501217097161959E-018
 ORDER OF G-VECTORS FROM RESTART FILE HAS CHANGED
 XK  -0.25000000000000000       0.12500000000000000       0.12500000000000000     
 ORDER OF G-VECTORS FROM RESTART FILE HAS CHANGED
 XK  -0.25000000000000006       0.12500000000000003       0.25000000000000006     
 ORDER OF G-VECTORS FROM RESTART FILE HAS CHANGED
 XK  -0.25000000000000000       0.12500000000000000       0.37500000000000000     
 ORDER OF G-VECTORS FROM RESTART FILE HAS CHANGED
 XK  -0.25000000000000000       0.12500000000000000      -0.50000000000000000     
 ORDER OF G-VECTORS FROM RESTART FILE HAS CHANGED
 XK  -0.25000000000000000       0.25000000000000000        0.0000000000000000     
 ORDER OF G-VECTORS FROM RESTART FILE HAS CHANGED
 XK  -0.25000000000000000       0.25000000000000000       0.12500000000000003     
 ORDER OF G-VECTORS FROM RESTART FILE HAS CHANGED
 XK  -0.25000000000000000       0.25000000000000000       0.25000000000000000     
 ORDER OF G-VECTORS FROM RESTART FILE HAS CHANGED
 XK  -0.25000000000000000       0.25000000000000000       0.37500000000000000     
 ORDER OF G-VECTORS FROM RESTART FILE HAS CHANGED
 XK  -0.25000000000000006       0.25000000000000006       0.50000000000000000     
 ORDER OF G-VECTORS FROM RESTART FILE HAS CHANGED
 XK  -0.25000000000000000       0.37500000000000000        2.6205453905912716E-017
 ORDER OF G-VECTORS FROM RESTART FILE HAS CHANGED
 XK  -0.25000000000000000       0.37500000000000000       0.12500000000000000     
 ORDER OF G-VECTORS FROM RESTART FILE HAS CHANGED
 XK  -0.25000000000000000       0.37500000000000000       0.25000000000000000     
 ORDER OF G-VECTORS FROM RESTART FILE HAS CHANGED
 XK  -0.25000000000000006       0.37500000000000006       0.37500000000000006     
 ORDER OF G-VECTORS FROM RESTART FILE HAS CHANGED
 XK  -0.25000000000000006       0.37500000000000006       0.49999999999999989     
 ORDER OF G-VECTORS FROM RESTART FILE HAS CHANGED
 XK  -0.25000000000000000      -0.50000000000000000       0.12500000000000000     
 ORDER OF G-VECTORS FROM RESTART FILE HAS CHANGED
 XK  -0.25000000000000006       0.50000000000000000       0.25000000000000006     
 ORDER OF G-VECTORS FROM RESTART FILE HAS CHANGED
 XK  -0.25000000000000006       0.50000000000000000       0.37500000000000006     
 ORDER OF G-VECTORS FROM RESTART FILE HAS CHANGED
 XK  -0.25000000000000000      -0.37499999999999994       0.12500000000000003     
 ORDER OF G-VECTORS FROM RESTART FILE HAS CHANGED
 XK  -0.25000000000000000      -0.37500000000000000       0.25000000000000000     
 ORDER OF G-VECTORS FROM RESTART FILE HAS CHANGED
 XK  -0.25000000000000000      -0.37500000000000000       0.37500000000000000     
 ORDER OF G-VECTORS FROM RESTART FILE HAS CHANGED
 XK  -0.25000000000000000      -0.25000000000000000       0.12500000000000000     
 ORDER OF G-VECTORS FROM RESTART FILE HAS CHANGED
 XK  -0.25000000000000000      -0.25000000000000000       0.25000000000000000     
 ORDER OF G-VECTORS FROM RESTART FILE HAS CHANGED
 XK  -0.25000000000000000      -0.25000000000000000       0.37500000000000000     
 ORDER OF G-VECTORS FROM RESTART FILE HAS CHANGED
 XK  -0.25000000000000000      -0.12500000000000003       0.12500000000000003     
 ORDER OF G-VECTORS FROM RESTART FILE HAS CHANGED
 XK  -0.25000000000000000      -0.12500000000000003       0.25000000000000000     
 ORDER OF G-VECTORS FROM RESTART FILE HAS CHANGED
 XK  -0.25000000000000000      -0.12500000000000003       0.37500000000000000     
 ORDER OF G-VECTORS FROM RESTART FILE HAS CHANGED
 XK  -0.12500000000000000       -1.5501217097161959E-018  0.12500000000000000     
 ORDER OF G-VECTORS FROM RESTART FILE HAS CHANGED
 XK  -0.12500000000000000       -1.5501217097161959E-018  0.25000000000000000     
 ORDER OF G-VECTORS FROM RESTART FILE HAS CHANGED
 XK  -0.12500000000000003        2.6205453905912716E-017  0.37500000000000000     
 ORDER OF G-VECTORS FROM RESTART FILE HAS CHANGED
 XK  -0.12500000000000000       0.12500000000000000        0.0000000000000000     
 ORDER OF G-VECTORS FROM RESTART FILE HAS CHANGED
 XK  -0.12500000000000000       0.12500000000000000       0.12500000000000000     
 ORDER OF G-VECTORS FROM RESTART FILE HAS CHANGED
 XK  -0.12500000000000003       0.12500000000000003       0.25000000000000000     
 ORDER OF G-VECTORS FROM RESTART FILE HAS CHANGED
 XK  -0.12500000000000000       0.12500000000000000       0.37500000000000000     
 ORDER OF G-VECTORS FROM RESTART FILE HAS CHANGED
 XK  -0.12499999999999997       0.12499999999999997       0.50000000000000000     
 ORDER OF G-VECTORS FROM RESTART FILE HAS CHANGED
 XK  -0.12500000000000000       0.25000000000000000       -1.5501217097161959E-018
 ORDER OF G-VECTORS FROM RESTART FILE HAS CHANGED
 XK  -0.12500000000000003       0.25000000000000006       0.12500000000000003     
 ORDER OF G-VECTORS FROM RESTART FILE HAS CHANGED
 XK  -0.12500000000000000       0.25000000000000000       0.25000000000000000     
 ORDER OF G-VECTORS FROM RESTART FILE HAS CHANGED
 XK  -0.12500000000000000       0.25000000000000000       0.37500000000000000     
 ORDER OF G-VECTORS FROM RESTART FILE HAS CHANGED
 XK  -0.12500000000000000       0.25000000000000000       0.50000000000000000     
 ORDER OF G-VECTORS FROM RESTART FILE HAS CHANGED
 XK  -0.12500000000000000       0.37500000000000000        2.4655332196196522E-017
 ORDER OF G-VECTORS FROM RESTART FILE HAS CHANGED
 XK  -0.12500000000000000       0.37500000000000000       0.12500000000000000     
 ORDER OF G-VECTORS FROM RESTART FILE HAS CHANGED
 XK  -0.12500000000000000       0.37500000000000000       0.25000000000000000     
 ORDER OF G-VECTORS FROM RESTART FILE HAS CHANGED
 XK  -0.12500000000000003       0.37500000000000000       0.37500000000000011     
 ORDER OF G-VECTORS FROM RESTART FILE HAS CHANGED
 XK  -0.12500000000000000       0.37500000000000000       0.50000000000000000     
 ORDER OF G-VECTORS FROM RESTART FILE HAS CHANGED
 XK  -0.12499999999999997       0.50000000000000000       0.12499999999999997     
 ORDER OF G-VECTORS FROM RESTART FILE HAS CHANGED
 XK  -0.12500000000000000       0.50000000000000000       0.25000000000000000     
 ORDER OF G-VECTORS FROM RESTART FILE HAS CHANGED
 XK  -0.12500000000000000       0.50000000000000000       0.37500000000000000     
 ORDER OF G-VECTORS FROM RESTART FILE HAS CHANGED
 XK  -0.12500000000000003      -0.37500000000000000       0.12500000000000003     
 ORDER OF G-VECTORS FROM RESTART FILE HAS CHANGED
 XK  -0.12500000000000003      -0.37500000000000000       0.25000000000000000     
 ORDER OF G-VECTORS FROM RESTART FILE HAS CHANGED
 XK  -0.12500000000000003      -0.37500000000000000       0.37500000000000000     
 ORDER OF G-VECTORS FROM RESTART FILE HAS CHANGED
 XK  -0.12500000000000003      -0.25000000000000000       0.12500000000000003     
 ORDER OF G-VECTORS FROM RESTART FILE HAS CHANGED
 XK  -0.12500000000000003      -0.25000000000000000       0.25000000000000000     
 ORDER OF G-VECTORS FROM RESTART FILE HAS CHANGED
 XK  -0.12500000000000003      -0.25000000000000000       0.37500000000000000     
 ORDER OF G-VECTORS FROM RESTART FILE HAS CHANGED
 XK  -0.12500000000000000      -0.12500000000000000       0.12500000000000000     
 ORDER OF G-VECTORS FROM RESTART FILE HAS CHANGED
 XK  -0.12500000000000000      -0.12500000000000000       0.25000000000000000     
 ORDER OF G-VECTORS FROM RESTART FILE HAS CHANGED
 XK  -0.12500000000000000      -0.12500000000000000       0.37500000000000000     
 ORDER OF G-VECTORS FROM RESTART FILE HAS CHANGED
READING: ENDOFFILE
 FERMI ENERGY AT   0.64326936805096468     
 LIB_FFTW: CREATE PLAN FOR: GTOR           1          18           4
 LIB_FFTW: CREATE PLAN FOR: RTOG          -1          18           5
 FERMI ENERGY AT   0.64331899602178377     
 CONSTANT ENERGY   -22.020507272002643        3.5982334881677901E-004
 FERMI ENERGY AT   0.64327444978315307     
 FERMI ENERGY AT   0.64301419751201239     
 CONSTANT ENERGY   -22.021531509480997        9.9265772205366066E-004
 FERMI ENERGY AT   0.64324831792718939     
 FERMI ENERGY AT   0.64260769490191305     
 CONSTANT ENERGY   -22.022896411774784        1.1672575598756598E-003
 FERMI ENERGY AT   0.64318425516976541     
 FERMI ENERGY AT   0.64220684366425951     
 CONSTANT ENERGY   -22.023998574951161        8.2217232715881710E-004
 FERMI ENERGY AT   0.64308651291696495     
 FERMI ENERGY AT   0.64183194996312420     
 CONSTANT ENERGY   -22.024597171221604        3.8486189389429540E-004
 FERMI ENERGY AT   0.64296105513323032     
 FERMI ENERGY AT   0.64148782233659507     
 CONSTANT ENERGY   -22.024821606549722        1.1034945651009189E-004
 FERMI ENERGY AT   0.64281380079159289     
 FERMI ENERGY AT   0.64120894285430619     
 CONSTANT ENERGY   -22.024884822732595        1.9617168876105566E-005
 FERMI ENERGY AT   0.64265311933322633     
 FERMI ENERGY AT   0.64099265894246793     
 CONSTANT ENERGY   -22.024910414993670        2.2137584015462423E-005
 FERMI ENERGY AT   0.64248720582698327     
 FERMI ENERGY AT   0.64084875030965505     
 CONSTANT ENERGY   -22.024943090875549        3.3486956285447819E-005
 FERMI ENERGY AT   0.64232335883519542     
 FERMI ENERGY AT   0.64076857286477684     
 CONSTANT ENERGY   -22.024975350374021        2.9879114426452779E-005
 FERMI ENERGY AT   0.64216779143902880     
 FERMI ENERGY AT   0.64074880782974164     
 CONSTANT ENERGY   -22.024996654193988        1.7641844115102052E-005
 FERMI ENERGY AT   0.64202581405346848     
 FERMI ENERGY AT   0.64078002692110658     
 CONSTANT ENERGY   -22.025006913342164        6.7611483163757640E-006
 FERMI ENERGY AT   0.64190137563273797     
 FERMI ENERGY AT   0.64084615766116915     
 CONSTANT ENERGY   -22.025011012879670        1.9063616992090756E-006
 FERMI ENERGY AT   0.64179585321317190     
 FERMI ENERGY AT   0.64091890278358321     
 CONSTANT ENERGY   -22.025012647551911        1.7188195820903395E-006
 FERMI ENERGY AT   0.64170815769871425     
 FERMI ENERGY AT   0.64099817293594619     
 CONSTANT ENERGY   -22.025014349268741        2.3489800718930502E-006
 FERMI ENERGY AT   0.64163715886737549     
 FERMI ENERGY AT   0.64107247971682890     
 CONSTANT ENERGY   -22.025016116478668        2.3343955101639530E-006
 FERMI ENERGY AT   0.64158069068292789     
 FERMI ENERGY AT   0.64113464417962129     
 CONSTANT ENERGY   -22.025017463470309        1.8109839157215686E-006
 FERMI ENERGY AT   0.64153608582397392     
 FERMI ENERGY AT   0.64118148300100963     
 CONSTANT ENERGY   -22.025018293867820        1.2845294203134146E-006
Note: The following floating-point exceptions are signalling: IEEE_UNDERFLOW_FLAG IEEE_DENORMAL
STOP NORMAL STOP IN MPE__STOPALL
 FERMI ENERGY AT   0.64150062537498775     
 FERMI ENERGY AT   0.64121306337504014     
 CONSTANT ENERGY   -22.025018802015115        1.0239641002328905E-006
 FERMI ENERGY AT   0.64147201765561512     
 FERMI ENERGY AT   0.64123563117740745     
 CONSTANT ENERGY   -22.025019181364904        9.8841427049851618E-007
 FERMI ENERGY AT   0.64144824513305931     
 FERMI ENERGY AT   0.64124044422183368     
 CONSTANT ENERGY   -22.025019583187287        1.0215914024363004E-006
 FERMI ENERGY AT   0.64142726468227296     
 FERMI ENERGY AT   0.64123850388068293     
 CONSTANT ENERGY   -22.025019971385653        1.0218924460576893E-006
 FERMI ENERGY AT   0.64140856873444374     
 FERMI ENERGY AT   0.64124576141750855     
 CONSTANT ENERGY   -22.025020255399504        9.8037871354801140E-007
WRITING : HEADER
WRITING : TIMESTEP
WRITING : ATOMS
WRITING : CELL
WRITING : OCCUPATIONS
WRITING : WAVES
WRITING : ENDOFFILE
 FERMI ENERGY AT   0.64139229120087393     
 FERMI ENERGY AT   0.64124796537165807     
 CONSTANT ENERGY   -22.025020508142507        9.3398178334798259E-007
 FERMI ENERGY AT   0.64137785558102900     
 FERMI ENERGY AT   0.64125167125628713     
 CONSTANT ENERGY   -22.025020718661231        9.1091680833751893E-007
 FERMI ENERGY AT   0.64136523707442283     
 FERMI ENERGY AT   0.64125777826984565     
 CONSTANT ENERGY   -22.025020903980021        9.1145533438264973E-007
 FERMI ENERGY AT   0.64135449112546739     
 FERMI ENERGY AT   0.64126608749640823     
 CONSTANT ENERGY   -22.025021073977182        9.2082324041721578E-007
 FERMI ENERGY AT   0.64134565069924987     
 FERMI ENERGY AT   0.64127587721842516     
 CONSTANT ENERGY   -22.025021229267875        9.2726674221464297E-007
 FERMI ENERGY AT   0.64133868523009807     
 FERMI ENERGY AT   0.64128685425175136     
 CONSTANT ENERGY   -22.025021367991343        9.2916759466467957E-007
 FERMI ENERGY AT   0.64133359919430755     
 FERMI ENERGY AT   0.64130031034520907     
 CONSTANT ENERGY   -22.025021473142164        9.3087457551816970E-007
 FERMI ENERGY AT   0.64133016618109995     
 FERMI ENERGY AT   0.64130656942943476     
 CONSTANT ENERGY   -22.025021598888625        9.3662589906625904E-007
 FERMI ENERGY AT   0.64132781574771569     
 FERMI ENERGY AT   0.64131497862851206     
 CONSTANT ENERGY   -22.025021696376907        9.4696022367472719E-007
 FERMI ENERGY AT   0.64132653199262624     
 FERMI ENERGY AT   0.64132181463607429     
 CONSTANT ENERGY   -22.025021784579934        9.5960572409546178E-007
 FERMI ENERGY AT   0.64132607822136978     
 FERMI ENERGY AT   0.64132770499624492     
 CONSTANT ENERGY   -22.025021864038038        9.7288292198513047E-007
 FERMI ENERGY AT   0.64132624086197521     
 FERMI ENERGY AT   0.64133225506702130     
 CONSTANT ENERGY   -22.025021935018817        9.8665859753218812E-007
 FERMI ENERGY AT   0.64132684224858438     
 FERMI ENERGY AT   0.64133587775282874     
 CONSTANT ENERGY   -22.025021998109786        1.0017779460940733E-006
WRITING : HEADER
WRITING : TIMESTEP
WRITING : ATOMS
WRITING : CELL
WRITING : OCCUPATIONS
WRITING : WAVES
WRITING : ENDOFFILE
 FERMI ENERGY AT   0.64132770327343946     
 FERMI ENERGY AT   0.64133771035645315     
 CONSTANT ENERGY   -22.025022060716655        1.0189747546695590E-006
NORMAL STOP: CALLING MPE__STOPALL TO CLOSE DOWN
