TRACE-PUSH(  1): LEVEL=    1 INTO MAIN
TRACE-MEM(  1): MAXMEM[MBYTE]=   0.00000 TIME20260907 133155.358
TRACE-PUSH(  1): LEVEL=    2 INTO PAW
TRACE-MEM(  1): MAXMEM[MBYTE]=   0.00000 TIME20260907 133155.367
TRACE-PUSH(  1): LEVEL=    3 INTO READIN
TRACE-MEM(  1): MAXMEM[MBYTE]=   0.00000 TIME20260907 133155.367
TRACE-PUSH(  1): LEVEL=    4 INTO READIN_FILES
TRACE-MEM(  1): MAXMEM[MBYTE]=   0.00000 TIME20260907 133155.368
TRACE-PUSH(  1): LEVEL=    5 INTO STANDARDFILES
TRACE-MEM(  1): MAXMEM[MBYTE]=   0.00000 TIME20260907 133155.368
TRACE-POP (  1): LEVEL=    5 FROM STANDARDFILES                   
TRACE-MEM(  1): MAXMEM[MBYTE]=   0.00000 TIME20260907 133155.368
TRACE-POP (  1): LEVEL=    4 FROM READIN_FILES                    
TRACE-MEM(  1): MAXMEM[MBYTE]=   0.00000 TIME20260907 133155.368
TRACE-PUSH(  1): LEVEL=    4 INTO READIN_GENERIC
TRACE-MEM(  1): MAXMEM[MBYTE]=   0.00000 TIME20260907 133155.368
 PAW_SETUPS.F90 A LAMBDA=   6.0000000000000000        6.0000000000000000        6.0000000000000000        6.0000000000000000     
================================================================================
===================  SETUP CONSTRUCTION FOR FE  ================================
================================================================================
 THIS%SETTING%SO= F
KEY: START,REL,NONSO,ZORA
RELATIVISTIC EFFECTS SWITCHED ON?     T
SPIN-ORBIT COUPLING SWITCHED ON?      F
ZORA SWITCHED ON?                     T
FOCK CONTRIBTION ON?                  F
START FROM SCRATCH?                    T
DOING SCF ITERATIONS FOR ATOM WITH Z=  26.00000
           1  AV(POT-POTIN)=   4.4229110866643060       MAX:(POT-POTIN)=   23977.764226356521                0 F
           2  AV(POT-POTIN)=   2.1600484783910665       MAX:(POT-POTIN)=   12959.745147272246                0 F
           3  AV(POT-POTIN)=   2.0666340552561890       MAX:(POT-POTIN)=   526.04687633272260                0 F
           4  AV(POT-POTIN)=   1.9569792805131856       MAX:(POT-POTIN)=   378.79662826168351                0 F
           5  AV(POT-POTIN)=  0.90795394534003371       MAX:(POT-POTIN)=   69.262384389992803                0 F
           6  AV(POT-POTIN)=  0.49872799753341124       MAX:(POT-POTIN)=   54.679951263125986                0 F
           7  AV(POT-POTIN)=   7.7256997375938954E-002  MAX:(POT-POTIN)=   21.526390051236376                0 F
           8  AV(POT-POTIN)=   2.4689031074649780E-002  MAX:(POT-POTIN)=   8.8337359088473022                0 F
           9  AV(POT-POTIN)=   1.8926523802576475E-002  MAX:(POT-POTIN)=   6.4941918936092407                0 F
          10  AV(POT-POTIN)=   1.0632900100832361E-002  MAX:(POT-POTIN)=  0.35845901235006750                0 F
          11  AV(POT-POTIN)=   4.4481552015931038E-003  MAX:(POT-POTIN)=  0.21074234205298126                0 F
          12  AV(POT-POTIN)=   2.5759199173337874E-003  MAX:(POT-POTIN)=   9.3759103678166866E-002           0 F
          13  AV(POT-POTIN)=   1.0516418828608518E-003  MAX:(POT-POTIN)=   3.3143575303256512E-002           0 F
          14  AV(POT-POTIN)=   2.7526588128831681E-004  MAX:(POT-POTIN)=   7.7363555319607258E-003           0 F
          15  AV(POT-POTIN)=   5.2737166264912103E-005  MAX:(POT-POTIN)=   1.8671241123229265E-003           0 F
          16  AV(POT-POTIN)=   2.7649631192073528E-005  MAX:(POT-POTIN)=   9.2230155132710934E-004           0 F
          17  AV(POT-POTIN)=   4.5073642394095216E-006  MAX:(POT-POTIN)=   1.1170059352301099E-004           0 F
          18  AV(POT-POTIN)=   1.3527087246045864E-006  MAX:(POT-POTIN)=   5.2534742280840874E-005           0 F
          19  AV(POT-POTIN)=   6.6616311351656304E-007  MAX:(POT-POTIN)=   2.5066547095775604E-005           0 F
          20  AV(POT-POTIN)=   8.3500821411180299E-008  MAX:(POT-POTIN)=   5.1846727728843689E-006           0 F
          21  AV(POT-POTIN)=   4.2123945836857964E-008  MAX:(POT-POTIN)=   2.3092143237590790E-006           0 F
          22  AV(POT-POTIN)=   3.4052004352599700E-008  MAX:(POT-POTIN)=   4.0053855627775192E-006           0 F
          23  AV(POT-POTIN)=   4.9770933243548328E-008  MAX:(POT-POTIN)=   2.6433262974023819E-006           0 F
          24  AV(POT-POTIN)=   1.0142446150072019E-008  MAX:(POT-POTIN)=   8.8592059910297394E-007           1 F
          25  AV(POT-POTIN)=   6.2015553248515351E-009  MAX:(POT-POTIN)=   3.9697624742984772E-007           0 F
          26  AV(POT-POTIN)=   1.0918051028208955E-008  MAX:(POT-POTIN)=   1.6328413039445877E-006           0 F
          27  AV(POT-POTIN)=   4.5513305818507632E-009  MAX:(POT-POTIN)=   8.2515180110931396E-007           1 F
          28  AV(POT-POTIN)=   7.5311301609672559E-009  MAX:(POT-POTIN)=   7.6717697083950043E-007           0 F
          29  AV(POT-POTIN)=   4.0945806266774970E-009  MAX:(POT-POTIN)=   4.5332126319408417E-007           1 F
          30  AV(POT-POTIN)=   8.4516452488533842E-009  MAX:(POT-POTIN)=   7.8976154327392578E-007           0 F
          31  AV(POT-POTIN)=   4.7134563831699025E-009  MAX:(POT-POTIN)=   4.9034133553504944E-007           1 F
          32  AV(POT-POTIN)=   5.2880338232326231E-009  MAX:(POT-POTIN)=   6.2678009271621704E-007           2 F
          33  AV(POT-POTIN)=   5.4245881494643427E-009  MAX:(POT-POTIN)=   5.8743171393871307E-007           3 F
          34  AV(POT-POTIN)=   6.6363069621310107E-009  MAX:(POT-POTIN)=   7.1851536631584167E-007           4 F
          35  AV(POT-POTIN)=   4.5680589748518206E-009  MAX:(POT-POTIN)=   5.2130781114101410E-007           5 F
===================ENERGY REPORT OF ATOMLIB__AESCF==============================
TOTAL ENERGY:................ -1277.33264409
KINETIC ENERGY:..............  1292.63376877
HARTREE ENERGY:.............. -2514.31011458
DFT XC ENERGY:...............     -55.656298
FINITE NUCLEUS:..............     0.00378772
.... CALCULATION USES FINITE NUCLEUS
.... DO NOT ADD FINITE NUCLEUS CORRECTION
... SELFCONSISTENCY OBTAINED
FINAL ONE-PARTICLE ENERGIES FROM AESCF  
  IB   L  SO         F#NODE                   E
   1   0   0      2.00    0            -259.355
   2   0   0      2.00    1             -30.160
   3   1   0      6.00    0             -25.694
   4   0   0      2.00    2              -3.455
   5   1   0      6.00    1              -2.206
   6   0   0      2.00    3              -0.194
   7   2   0      6.00    0              -0.276
 #ITERATIONS           36
========================================================
========= ALL-ELECTRON ATOM CALCULATION ================
========================================================
TOTAL ENERGY=            -1277.3326441
  IB   N   L  SO                   E         F#(REM. EL.
   1   1   0   0           -259.3549   2.00000  24.00000
   2   2   0   0            -30.1599   2.00000  22.00000
   3   2   1   0            -25.6942   6.00000  16.00000
   4   3   0   0             -3.4551   2.00000  14.00000
   5   3   1   0             -2.2061   6.00000   8.00000
--------- CORE ABOVE, VALENCE BELOW --------------------
   6   3   2   0             -0.2759   6.00000   2.00000
   7   4   0   0             -0.1944   2.00000   0.00000
========================================================
========================================================
 ISCATT=           0           0           0           1
 LOX=              0           1           2           2
 VFOCK%TON  F
=================== ENERGIES FOR ATOMIC WAVE FUNCTIONS =========================
=================== OLD: AE SCHRODINGER EQUATION           =====================
=================== NEW: NODELESS EQUATION                 =====================
=================== DIFFERENCE DUE TO RELATIVISTIC EFFECTS =====================
IB=  1 L= 0 E[NEW]=     -259.35488 E[OLD]=     -259.35488
IB=  2 L= 0 E[NEW]=      -30.15992 E[OLD]=      -30.15992
IB=  3 L= 1 E[NEW]=      -25.69417 E[OLD]=      -25.69417
IB=  4 L= 0 E[NEW]=       -3.45512 E[OLD]=       -3.45512
IB=  5 L= 1 E[NEW]=       -2.20615 E[OLD]=       -2.20615
IB=  6 L= 2 E[NEW]=       -0.27586 E[OLD]=       -0.27586
IB=  7 L= 0 E[NEW]=       -0.19441 E[OLD]=       -0.19441
=================== ENERGIES FOR PARTIAL-WAVE CONSTRUCTION======================
RBOX=  2.65318
LN= 1 L= 0 E=  -0.19441 RC= 1.658
LN= 2 L= 1 E=  -0.04840 RC= 1.658
LN= 3 L= 2 E=  -0.27586 RC= 1.658
LN= 4 L= 2 E=   1.09058 RC= 1.658
===================  TRANSU ====================================================
   1.0000000000   0.0000000000   0.0000000000   0.0000000000
   0.0000000000   1.0000000000   0.0000000000   0.0000000000
   0.0000000000   0.0000000000   1.0000000000   1.0000000000
   0.0000000000   0.0000000000   0.0000000000   1.3664370668
===================  TRANSU^(-1) ===============================================
   1.0000000000  -0.0000000000   0.0000000000  -0.0000000000
   0.0000000000   1.0000000000   0.0000000000  -0.0000000000
   0.0000000000   0.0000000000   1.0000000000  -0.7318302645
   0.0000000000   0.0000000000   0.0000000000   0.7318302645
===================  TEST QN EQ.  ==============================================
LN= 1 L= 0  [T+V-E_N]|QN>-|UC>=   0.000000000000000
LN= 2 L= 1  [T+V-E_N]|QN>-|UC>=   0.000000000000000
LN= 3 L= 2  [T+V-E_N]|QN>-|UC>=   0.000000000000035
LN= 4 L= 2  [T+V-E_N]|QN>-|UC>=   0.000000000000046
=================== <UC|AEPHI>/SQRT(<UC|UC>  ===================================
========= DEVIATION DUE NEGLECT OF SMALL COMPONENT==============================
========= ORTHOGONALIZATION DONE BASED ON ENERGIES==============================
   0.00000   0.00000   0.00000   0.00628   0.00000
   0.00000   0.00000   0.00000   0.00000   0.02152
   0.00000   0.00000   0.00000   0.00000   0.00000
   0.00000   0.00000   0.00000   0.00000   0.00000
===================  TEST AEPHI EQ.  ===========================================
LN= 1 L= 0  [T+V-E_N]|AEPHI_N> =   0.000000001395373
LN= 2 L= 1  [T+V-E_N]|AEPHI_N> =   0.000000000001329
LN= 3 L= 2  [T+V-E_N]|AEPHI_N> =   0.000000000000035
LN= 4 L= 2  [T+V-E_N]|AEPHI_N> =   0.000000000000046
 L            0  E= -0.19440826338748715      PHIPHASE BEFORE ADJUSTMENT=   0.65484077291420884     
 L            0  E= -0.19440826338748715      PHIPHASE AFTER ADJUSTMENT=   0.65484077291420884     
 L            1  E=  -4.8395753578059267E-002 PHIPHASE BEFORE ADJUSTMENT=   0.56767192126145649     
 L            1  E=  -4.8395753578059267E-002 PHIPHASE AFTER ADJUSTMENT=   0.56767192126145649     
 L            2  E= -0.27586146100824427      PHIPHASE BEFORE ADJUSTMENT=   0.77320924449347395     
 L            2  E= -0.27586146100824427      PHIPHASE AFTER ADJUSTMENT=   0.77320924449347395     
 L            2  E=   1.0905756057507390      PHIPHASE BEFORE ADJUSTMENT=    1.7880230051048260     
 L            2  E=   1.0905756057507390      PHIPHASE AFTER ADJUSTMENT=    1.7880230051048260     
===================  TEST RAW PAW EQUATION  ====================================
LN= 1 L= 0 RAW PAW EQ.   0.00000 SCHR. EQ.   0.00000
LN= 2 L= 1 RAW PAW EQ.   0.00000 SCHR. EQ.   0.00000
LN= 3 L= 2 RAW PAW EQ.   0.00000 SCHR. EQ.   0.00000
LN= 4 L= 2 RAW PAW EQ.   0.00000 SCHR. EQ.   0.00000
 VFOCK%TON   F
 RBND          2.6531751962925103     
DT    0.17607E+01 0.00000E+00 0.00000E+00 0.00000E+00
DT    0.00000E+00 0.13767E+01 0.00000E+00 0.00000E+00
DT    0.00000E+00 0.00000E+00 0.64553E+01 0.52380E+01
DT    0.00000E+00 0.00000E+00 0.52380E+01 0.30208E+01
DH    0.47749E+00 0.00000E+00 0.00000E+00 0.00000E+00
DH    0.00000E+00 0.18697E+00 0.00000E+00 0.00000E+00
DH    0.00000E+00 0.00000E+00-0.59581E+00-0.32444E+00
DH    0.00000E+00 0.00000E+00-0.32444E+00-0.16993E+01
DO   -0.14014E+00 0.00000E+00 0.00000E+00 0.00000E+00
DO    0.00000E+00-0.76795E-01 0.00000E+00 0.00000E+00
DO    0.00000E+00 0.00000E+00 0.64103E+00 0.23450E+00
DO    0.00000E+00 0.00000E+00 0.23450E+00 0.10989E+00
LN= 1 DTKIN-TRANSPOSE(DTKIN)=   0.00000   0.00000   0.00000   0.00000
LN= 2 DTKIN-TRANSPOSE(DTKIN)=   0.00000   0.00000   0.00000   0.00000
LN= 3 DTKIN-TRANSPOSE(DTKIN)=   0.00000   0.00000   0.00000   0.00000
LN= 4 DTKIN-TRANSPOSE(DTKIN)=   0.00000   0.00000  -0.00000   0.00000
LN= 1 <P|PSPHI>=   1.00000   0.00000   0.00000   0.00000
LN= 2 <P|PSPHI>=   0.00000   1.00000   0.00000   0.00000
LN= 3 <P|PSPHI>=   0.00000   0.00000   1.00000   0.00000
LN= 4 <P|PSPHI>=   0.00000   0.00000   0.00000   1.00000
===================  TEST PAW EQUATION  ========================================
LN= 1 L= 0 PAW EQ.             0.00000 SCHR. EQ.             0.00000 DPRO              0.00000
LN= 2 L= 1 PAW EQ.             0.00000 SCHR. EQ.             0.00000 DPRO              0.00000
LN= 3 L= 2 PAW EQ.             0.00000 SCHR. EQ.             0.00000 DPRO              0.00000
LN= 4 L= 2 PAW EQ.             0.00000 SCHR. EQ.             0.00000 DPRO              0.00000
 =================== L=           0  =================================
 BEFORE PAWBOUNDSTATE
 L=           0  NN=           0  E= -0.19440838419026857       NPRO=           1  ROUT=   19.716639202099568       IB=           7
  E= -0.19882701359291260     
 =================== L=           1  =================================
 =================== L=           2  =================================
 BEFORE PAWBOUNDSTATE
 L=           2  NN=           0  E= -0.27586146436247438       NPRO=           2  ROUT=   19.716639202099568       IB=           6
  E= -0.27586155108897881     
===================  STRAIGHT AE- AND PAW-ENERGY LEVELS ========================
IB= 6 L= 2 AE-ENERGY:  -7.50647 EV; PS-ENERGY:  -7.50647 EV
IB= 7 L= 0 AE-ENERGY:  -5.29005 EV; PS-ENERGY:  -5.41028 EV
 PSEUDO+AUGMENTATION CHARGE    1.1108414817494553E-014  (SHOULD BE ZERO)
===================  DTKIN BEFORE SYMMETRIZATION ===============================
       1.761       0.000       0.000       0.000
       0.000       1.377       0.000       0.000
       0.000       0.000       6.455       5.238
       0.000       0.000       5.238       3.021
===================  DO BEFORE SYMMETRIZATION ==================================
      -0.140       0.000       0.000       0.000
       0.000      -0.077       0.000       0.000
       0.000       0.000       0.641       0.234
       0.000       0.000       0.234       0.110
 LIB_FFTW: CREATE PLAN FOR: GTOR           1         500           0
 LIB_FFTW: CREATE PLAN FOR: RTOG          -1         500           1
L= 0 IB= 1 E(LOCAL)=  -1.02160 E(OUTER)=  -0.10245
L= 0 IB= 2 E(LOCAL)=  -0.06734 E(OUTER)=   0.01660
L= 0 IB= 3 E(LOCAL)=   0.02195 E(OUTER)=   0.07078
L= 0 IB= 4 E(LOCAL)=   0.08039 E(OUTER)=   0.16498
L= 1 IB= 1 E(LOCAL)=  -0.25764 E(OUTER)=  -0.01929
L= 1 IB= 2 E(LOCAL)=   0.00998 E(OUTER)=   0.03598
L= 1 IB= 3 E(LOCAL)=   0.05436 E(OUTER)=   0.10199
L= 1 IB= 4 E(LOCAL)=   0.13592 E(OUTER)=   0.19982
L= 2 IB= 1 E(LOCAL)=   0.03264 E(OUTER)=   0.03371
L= 2 IB= 2 E(LOCAL)=   0.07074 E(OUTER)=   0.07477
L= 2 IB= 3 E(LOCAL)=   0.14218 E(OUTER)=   0.15201
L= 2 IB= 4 E(LOCAL)=   0.23490 E(OUTER)=   0.25318
========= GHOSTBUSTER FOR=   FE Z=  26.0 =======================================
LN 1 L= 0 E(INNER)=  -0.05141 H
LN 2 L= 1 E(INNER)=   1.63279 H
LN 3 L= 2 E(INNER)=   3.37495 H
LN 4 L= 2 E(INNER)=   4.51374 H
 LIB_FFTW: CREATE PLAN FOR: GTOR           1        1024           2
 LIB_FFTW: CREATE PLAN FOR: RTOG          -1        1024           3
================================================================================
===================  SETUP CONSTRUCTION FINISHED  ==============================
================================================================================
NO. OF INEQUIVALENT K-POINTS   260
NUMBER OF DIFFERENT TETRAHEDRA : 1536
 DYNOCC__SETR8: SPIN HAS BEEN SET TO    0.0000000000000000     
 LIB_FFTW: CREATE PLAN FOR: GTOR           1          22           4
 LIB_FFTW: CREATE PLAN FOR: RTOG          -1          22           5
 FERMI ENERGY AT    2.1137952821456207     
 CONSTANT ENERGY   -6.3256133379376660       0.68580485764522492     
 FERMI ENERGY AT    2.1137952821456207     
 FERMI ENERGY AT    1.8475399757104296     
 CONSTANT ENERGY   -8.6951914355382165        2.0974855615439956     
 FERMI ENERGY AT    2.0873185013117741     
 FERMI ENERGY AT    1.5437109678710752     
 CONSTANT ENERGY   -11.393854790217921        2.8761314011697809     
 FERMI ENERGY AT    2.0334801104649900     
 FERMI ENERGY AT    1.3424905656025252     
 CONSTANT ENERGY   -14.279448965614103        2.6328864067216906     
 FERMI ENERGY AT    1.9655327782984489     
 FERMI ENERGY AT    1.2346935965621739     
 CONSTANT ENERGY   -16.589655904520693        1.9254735786770141     
 FERMI ENERGY AT    1.8944282839890907     
 FERMI ENERGY AT    1.1685424900724695     
 CONSTANT ENERGY   -18.155912323247833        1.2582528162898425     
 FERMI ENERGY AT    1.8245642460788858     
 FERMI ENERGY AT    1.1100482812871197     
 CONSTANT ENERGY   -19.145331852549180       0.81209103487882128     
 FERMI ENERGY AT    1.7558696512050718     
 FERMI ENERGY AT    1.0450798007798268     
 CONSTANT ENERGY   -19.782029885629630       0.56315536601578242     
 FERMI ENERGY AT    1.6872599716599990     
 FERMI ENERGY AT   0.97473711467496249     
 CONSTANT ENERGY   -20.226693953884524       0.43210171864843566     
 FERMI ENERGY AT    1.6180050223561808     
 FERMI ENERGY AT   0.90542022521896237     
 CONSTANT ENERGY   -20.562903754400651       0.35508128583195819     
 FERMI ENERGY AT    1.5483075184262347     
 FERMI ENERGY AT   0.84325056884725125     
 CONSTANT ENERGY   -20.828140498059550       0.29795920664565134     
 FERMI ENERGY AT    1.4790275068011332     
 FERMI ENERGY AT   0.79162401766186041     
 CONSTANT ENERGY   -21.038920868231493       0.24888724772761123     
 FERMI ENERGY AT    1.4111234640807047     
 FERMI ENERGY AT   0.75103020441047430     
 CONSTANT ENERGY   -21.205066089995995       0.20651866558243359     
 FERMI ENERGY AT    1.3457209830259380     
 FERMI ENERGY AT   0.72060073993076257     
 CONSTANT ENERGY   -21.335723362509267       0.17194634595530361     
 FERMI ENERGY AT    1.2836498883335710     
 FERMI ENERGY AT   0.69904559518194886     
 CONSTANT ENERGY   -21.438857697688885       0.14529474658831604     
 FERMI ENERGY AT    1.2254853246318669     
 FERMI ENERGY AT   0.68461863844530424     
 CONSTANT ENERGY   -21.521105730244450       0.12530945959234052     
 FERMI ENERGY AT    1.1716128822059972     
 FERMI ENERGY AT   0.67550707049486747     
 CONSTANT ENERGY   -21.587539756428960       0.11018500285127594     
 FERMI ENERGY AT    1.1222167798579143     
 FERMI ENERGY AT   0.67002445581008729     
 CONSTANT ENERGY   -21.642058849514132        9.8410799951918704E-002
 FERMI ENERGY AT    1.0771178446994756     
 FERMI ENERGY AT   0.66676403672331008     
 CONSTANT ENERGY   -21.686215223849697        8.9152337933980683E-002
 FERMI ENERGY AT    1.0361796038464011     
 FERMI ENERGY AT   0.66457785705213401     
 CONSTANT ENERGY   -21.721953933067592        8.1897405753395797E-002
 FERMI ENERGY AT   0.99914242177370505     
 FERMI ENERGY AT   0.66270808477821619     
 CONSTANT ENERGY   -21.751235431720797        7.6259333714619987E-002
 FERMI ENERGY AT   0.96566213186929495     
 FERMI ENERGY AT   0.66067126569139023     
 CONSTANT ENERGY   -21.775500543297724        7.1920358335789539E-002
 FERMI ENERGY AT   0.93536172366544901     
 FERMI ENERGY AT   0.65826035902073565     
 CONSTANT ENERGY   -21.795931471047258        6.8562387467510727E-002
 FERMI ENERGY AT   0.90787234854982590     
 FERMI ENERGY AT   0.65558524876063284     
 CONSTANT ENERGY   -21.813433262838121        6.5888981251759543E-002
 FERMI ENERGY AT   0.88286603437484767     
 FERMI ENERGY AT   0.65278775813643009     
 CONSTANT ENERGY   -21.828643264542009        6.3654856444674501E-002
 FERMI ENERGY AT   0.86007771387073551     
 FERMI ENERGY AT   0.65011868836574671     
 CONSTANT ENERGY   -21.842077684192596        6.1691350590938415E-002
 FERMI ENERGY AT   0.83928846779890720     
 FERMI ENERGY AT   0.64775190837295205     
 CONSTANT ENERGY   -21.854071889935994        5.9900650271066239E-002
 FERMI ENERGY AT   0.82032040309203902     
 FERMI ENERGY AT   0.64575006382307198     
 CONSTANT ENERGY   -21.864910136053147        5.8230655479340025E-002
 FERMI ENERGY AT   0.80303166543320714     
 FERMI ENERGY AT   0.64422278841866654     
 CONSTANT ENERGY   -21.874733948065828        5.6669378369346365E-002
 FERMI ENERGY AT   0.78732337993855162     
 FERMI ENERGY AT   0.64324167592466786     
 CONSTANT ENERGY   -21.883714011023720        5.5204656266388250E-002
 FERMI ENERGY AT   0.77308148655244591     
 FERMI ENERGY AT   0.64277318702890218     
 CONSTANT ENERGY   -21.891889068129771        5.3837380916348251E-002
 FERMI ENERGY AT   0.76020071565003222     
 FERMI ENERGY AT   0.64275115397760862     
 CONSTANT ENERGY   -21.899268631216724        5.2567260620864462E-002
 FERMI ENERGY AT   0.74858562781143978     
 FERMI ENERGY AT   0.64293421756664260     
 CONSTANT ENERGY   -21.906043478062927        5.1387133187830634E-002
 FERMI ENERGY AT   0.73812389424560576     
 FERMI ENERGY AT   0.64317948217517340     
 CONSTANT ENERGY   -21.912280983051009        5.0278684758346008E-002
 FERMI ENERGY AT   0.72870917515426314     
 FERMI ENERGY AT   0.64339660065322823     
 CONSTANT ENERGY   -21.918044532181025        4.9223891548098947E-002
 FERMI ENERGY AT   0.72024732022268856     
 FERMI ENERGY AT   0.64350499031277719     
 CONSTANT ENERGY   -21.923375858041062        4.8213426620256850E-002
 FERMI ENERGY AT   0.71264624354020012     
 FERMI ENERGY AT   0.64351298651993161     
 CONSTANT ENERGY   -21.928310499936806        4.7227784092095021E-002
 FERMI ENERGY AT   0.70581580221321616     
 FERMI ENERGY AT   0.64344026106614138     
 CONSTANT ENERGY   -21.932860576082508        4.6260102497122833E-002
 FERMI ENERGY AT   0.69965499891726479     
 FERMI ENERGY AT   0.64328439610845400     
 CONSTANT ENERGY   -21.937065648011718        4.5311584414225357E-002
 FERMI ENERGY AT   0.69409509001246328     
 FERMI ENERGY AT   0.64303660312557720     
 CONSTANT ENERGY   -21.941000721974696        4.4384743983832367E-002
 FERMI ENERGY AT   0.68905811985943066     
 FERMI ENERGY AT   0.64276388096738413     
 CONSTANT ENERGY   -21.944661028858736        4.3486496959946511E-002
 FERMI ENERGY AT   0.68448555866640115     
 FERMI ENERGY AT   0.64252121388811667     
 CONSTANT ENERGY   -21.948048113225667        4.2622315379777183E-002
 FERMI ENERGY AT   0.68032971512305307     
 FERMI ENERGY AT   0.64233724146814886     
 CONSTANT ENERGY   -21.951181536009603        4.1797861108885934E-002
 FERMI ENERGY AT   0.67654900428357168     
 FERMI ENERGY AT   0.64226306280714429     
 CONSTANT ENERGY   -21.954057677349802        4.1015602832295772E-002
 FERMI ENERGY AT   0.67311989705476416     
 FERMI ENERGY AT   0.64228007512847063     
 CONSTANT ENERGY   -21.956693232216004        4.0266801891700496E-002
 FERMI ENERGY AT   0.67002475472092360     
 FERMI ENERGY AT   0.64236908767598233     
 CONSTANT ENERGY   -21.959126623574019        3.9542063547808891E-002
 FERMI ENERGY AT   0.66724750768925756     
 FERMI ENERGY AT   0.64251115258539715     
 CONSTANT ENERGY   -21.961393881571638        3.8828151411244453E-002
 FERMI ENERGY AT   0.66476415916934883     
 FERMI ENERGY AT   0.64271469506105527     
 CONSTANT ENERGY   -21.963521845252920        3.8109010015387010E-002
 FERMI ENERGY AT   0.66254529442121057     
 FERMI ENERGY AT   0.64294595066206062     
 CONSTANT ENERGY   -21.965537101616643        3.7371411695459621E-002
WRITING : HEADER
WRITING : TIMESTEP
WRITING : ATOMS
WRITING : CELL
WRITING : OCCUPATIONS
WRITING : WAVES
WRITING : ENDOFFILE
 FERMI ENERGY AT   0.66056541032869531     
 FERMI ENERGY AT   0.64316702500317768     
 CONSTANT ENERGY   -21.967471434498993        3.6603025310768526E-002
 FERMI ENERGY AT   0.65880100851657886     
 FERMI ENERGY AT   0.64338715590950024     
 CONSTANT ENERGY   -21.969338327312347        3.5795728473299149E-002
 FERMI ENERGY AT   0.65723201529043540     
 FERMI ENERGY AT   0.64357647224196290     
 CONSTANT ENERGY   -21.971155645053841        3.4946383729868080E-002
 FERMI ENERGY AT   0.65583189255840335     
 FERMI ENERGY AT   0.64371586807066505     
 CONSTANT ENERGY   -21.972939061576309        3.4052830877598972E-002
 FERMI ENERGY AT   0.65457570139803301     
 FERMI ENERGY AT   0.64380543597956064     
 CONSTANT ENERGY   -21.974694627914516        3.3117851727986397E-002
 FERMI ENERGY AT   0.65344319752729230     
 FERMI ENERGY AT   0.64385414136693253     
 CONSTANT ENERGY   -21.976426944912678        3.2148248863348904E-002
 FERMI ENERGY AT   0.65241909021102040     
 FERMI ENERGY AT   0.64385410115479702     
 CONSTANT ENERGY   -21.978140352487916        3.1153623873650942E-002
 FERMI ENERGY AT   0.65149253185165945     
 FERMI ENERGY AT   0.64379220606629073     
 CONSTANT ENERGY   -21.979827744182177        3.0145511349110102E-002
 FERMI ENERGY AT   0.65065423431305358     
 FERMI ENERGY AT   0.64371869179590191     
 CONSTANT ENERGY   -21.981472089335611        2.9132123348584255E-002
 FERMI ENERGY AT   0.64989783183598637     
 FERMI ENERGY AT   0.64364712468523455     
 CONSTANT ENERGY   -21.983068669320765        2.8126347854356495E-002
 FERMI ENERGY AT   0.64921999000045472     
 FERMI ENERGY AT   0.64359542771159151     
 CONSTANT ENERGY   -21.984613688538921        2.7139735557293054E-002
 FERMI ENERGY AT   0.64861689945250078     
 FERMI ENERGY AT   0.64357135734715953     
 CONSTANT ENERGY   -21.986098566358844        2.6184425467194877E-002
 FERMI ENERGY AT   0.64808328259103931     
 FERMI ENERGY AT   0.64356979554049365     
 CONSTANT ENERGY   -21.987513942098801        2.5270769036735669E-002
 FERMI ENERGY AT   0.64761245359203745     
 FERMI ENERGY AT   0.64357903733930522     
 CONSTANT ENERGY   -21.988849749885976        2.4406590575747296E-002
 FERMI ENERGY AT   0.64719823546083088     
 FERMI ENERGY AT   0.64360453504513360     
 CONSTANT ENERGY   -21.990099883769865        2.3597278167930683E-002
 FERMI ENERGY AT   0.64683133040144147     
 FERMI ENERGY AT   0.64362989654187230     
 CONSTANT ENERGY   -21.991256959620770        2.2849271133979693E-002
 FERMI ENERGY AT   0.64650089468207406     
 FERMI ENERGY AT   0.64363628761464953     
 CONSTANT ENERGY   -21.992318026014694        2.2167813752820086E-002
 FERMI ENERGY AT   0.64619648692787868     
 FERMI ENERGY AT   0.64360809849547940     
 CONSTANT ENERGY   -21.993285026993053        2.1556557255554713E-002
 FERMI ENERGY AT   0.64591181299991696     
 FERMI ENERGY AT   0.64354890327203618     
 CONSTANT ENERGY   -21.994178331610772        2.1011008098056901E-002
 FERMI ENERGY AT   0.64564055120400565     
 FERMI ENERGY AT   0.64347798027311753     
 CONSTANT ENERGY   -21.995005449359766        2.0517886698707202E-002
 FERMI ENERGY AT   0.64538583411505568     
 FERMI ENERGY AT   0.64342914734498002     
 CONSTANT ENERGY   -21.995777883913917        2.0055336590956194E-002
 FERMI ENERGY AT   0.64515120916946522     
 FERMI ENERGY AT   0.64339708626629954     
 CONSTANT ENERGY   -21.996511727281423        1.9613059406141872E-002
 FERMI ENERGY AT   0.64493673091564696     
 FERMI ENERGY AT   0.64341212023871353     
 CONSTANT ENERGY   -21.997213965422922        1.9181523509356539E-002
 FERMI ENERGY AT   0.64474329480564063     
 FERMI ENERGY AT   0.64347617309057148     
 CONSTANT ENERGY   -21.997891712374958        1.8753257044495302E-002
 FERMI ENERGY AT   0.64457382753387937     
 FERMI ENERGY AT   0.64358238908397492     
 CONSTANT ENERGY   -21.998533017173774        1.8319882437596999E-002
 FERMI ENERGY AT   0.64443272269877705     
 FERMI ENERGY AT   0.64364033636534934     
 CONSTANT ENERGY   -21.999182879304477        1.7878596055875801E-002
 FERMI ENERGY AT   0.64431643500262126     
 FERMI ENERGY AT   0.64366677596494959     
 CONSTANT ENERGY   -21.999834239726493        1.7426275696075945E-002
 FERMI ENERGY AT   0.64421935160145249     
 FERMI ENERGY AT   0.64367924854415060     
 CONSTANT ENERGY   -22.000480167599800        1.6964255563387317E-002
 FERMI ENERGY AT   0.64413834429993577     
 FERMI ENERGY AT   0.64366730423758300     
 CONSTANT ENERGY   -22.001117608997312        1.6497315814656903E-002
 FERMI ENERGY AT   0.64406925798326331     
 FERMI ENERGY AT   0.64361995909106640     
 CONSTANT ENERGY   -22.001739984534105        1.6034250341564658E-002
 FERMI ENERGY AT   0.64400656628968045     
 FERMI ENERGY AT   0.64356431487683696     
 CONSTANT ENERGY   -22.002333330828900        1.5584865765677950E-002
 FERMI ENERGY AT   0.64394849071062765     
 FERMI ENERGY AT   0.64351848231191355     
 CONSTANT ENERGY   -22.002886562008428        1.5161160848920887E-002
 FERMI ENERGY AT   0.64389429802734632     
 FERMI ENERGY AT   0.64347913795962863     
 CONSTANT ENERGY   -22.003391530847779        1.4772967837440157E-002
 FERMI ENERGY AT   0.64384339007753244     
 FERMI ENERGY AT   0.64345077028447029     
 CONSTANT ENERGY   -22.003840077748965        1.4425997807114141E-002
 FERMI ENERGY AT   0.64379548669916309     
 FERMI ENERGY AT   0.64342556202211776     
 CONSTANT ENERGY   -22.004231719128384        1.4122925011830434E-002
 FERMI ENERGY AT   0.64375057908022637     
 FERMI ENERGY AT   0.64340140673802237     
 CONSTANT ENERGY   -22.004572013515951        1.3861535367291671E-002
 FERMI ENERGY AT   0.64370861223899489     
 FERMI ENERGY AT   0.64338094492876408     
 CONSTANT ENERGY   -22.004869595106022        1.3635850881510859E-002
 FERMI ENERGY AT   0.64366929834506459     
 FERMI ENERGY AT   0.64337054776903269     
 CONSTANT ENERGY   -22.005135918500613        1.3436512133271579E-002
 FERMI ENERGY AT   0.64363237713332677     
 FERMI ENERGY AT   0.64336092185140903     
 CONSTANT ENERGY   -22.005383933704024        1.3251719433199100E-002
 FERMI ENERGY AT   0.64359768521213734     
 FERMI ENERGY AT   0.64334891105535996     
 CONSTANT ENERGY   -22.005627977544787        1.3068101971199382E-002
 FERMI ENERGY AT   0.64356536347200743     
 FERMI ENERGY AT   0.64333471127646769     
 CONSTANT ENERGY   -22.005883664245701        1.2871043946202174E-002
 FERMI ENERGY AT   0.64353497248391422     
 FERMI ENERGY AT   0.64331756790508809     
 CONSTANT ENERGY   -22.006175518293301        1.2637053208641880E-002
 FERMI ENERGY AT   0.64350600990079265     
 FERMI ENERGY AT   0.64329402175663986     
 CONSTANT ENERGY   -22.006519283158802        1.2351008104046688E-002
 FERMI ENERGY AT   0.64347876735369625     
 FERMI ENERGY AT   0.64327143719257529     
 CONSTANT ENERGY   -22.006911087075704        1.2017209825161978E-002
 FERMI ENERGY AT   0.64345297972575455     
 FERMI ENERGY AT   0.64325468196769975     
 CONSTANT ENERGY   -22.007335687008364        1.1642399250258742E-002
 FERMI ENERGY AT   0.64343020157552921     
 FERMI ENERGY AT   0.64324722062061490     
 CONSTANT ENERGY   -22.007797592315665        1.1238068006280511E-002
 FERMI ENERGY AT   0.64341174536412660     
 FERMI ENERGY AT   0.64323990451431334     
 CONSTANT ENERGY   -22.008283818968387        1.0812308107750350E-002
 FERMI ENERGY AT   0.64339715072492298     
 FERMI ENERGY AT   0.64324445227806815     
 CONSTANT ENERGY   -22.008785917000509        1.0373296853919941E-002
 FERMI ENERGY AT   0.64338498698872637     
 FERMI ENERGY AT   0.64325038990896033     
 CONSTANT ENERGY   -22.009291675068180        9.9302297265552800E-003
 FERMI ENERGY AT   0.64337478597327447     
 FERMI ENERGY AT   0.64325934413827246     
 CONSTANT ENERGY   -22.009786888525561        9.4949274594825408E-003
WRITING : HEADER
WRITING : TIMESTEP
WRITING : ATOMS
WRITING : CELL
WRITING : OCCUPATIONS
WRITING : WAVES
WRITING : ENDOFFILE
 FERMI ENERGY AT   0.64336617895442705     
 FERMI ENERGY AT   0.64327121187074143     
 CONSTANT ENERGY   -22.010269314228726        9.0706116226945965E-003
 FERMI ENERGY AT   0.64335826602902213     
 FERMI ENERGY AT   0.64327075999537964     
 CONSTANT ENERGY   -22.010731637468901        8.6612577841826289E-003
 FERMI ENERGY AT   0.64335026742214629     
 FERMI ENERGY AT   0.64327583549047762     
 CONSTANT ENERGY   -22.011170649558203        8.2699234175542674E-003
 FERMI ENERGY AT   0.64334268333106071     
 FERMI ENERGY AT   0.64328323838003132     
 CONSTANT ENERGY   -22.011584651472589        7.8988152438074551E-003
 FERMI ENERGY AT   0.64333593330846495     
 FERMI ENERGY AT   0.64329566844820329     
 CONSTANT ENERGY   -22.011972651893760        7.5494623549622608E-003
 FERMI ENERGY AT   0.64333037742743904     
 FERMI ENERGY AT   0.64332011778095144     
 CONSTANT ENERGY   -22.012334381323047        7.2227256872343572E-003
 FERMI ENERGY AT   0.64332636737407611     
 FERMI ENERGY AT   0.64334985732051841     
 CONSTANT ENERGY   -22.012670412982779        6.9187892229022867E-003
 FERMI ENERGY AT   0.64332408075442316     
 FERMI ENERGY AT   0.64337280843361300     
 CONSTANT ENERGY   -22.012982038035318        6.6372170200305284E-003
 FERMI ENERGY AT   0.64332343247122226     
 FERMI ENERGY AT   0.64339592910336363     
 CONSTANT ENERGY   -22.013271713526571        6.3770108128203568E-003
 FERMI ENERGY AT   0.64332461666067708     
 FERMI ENERGY AT   0.64341628389144878     
 CONSTANT ENERGY   -22.013541367047395        6.1367071723717245E-003
 FERMI ENERGY AT   0.64332744847626311     
 FERMI ENERGY AT   0.64343243575050668     
 CONSTANT ENERGY   -22.013792732847318        5.9145977355503782E-003
 FERMI ENERGY AT   0.64333161019092377     
 FERMI ENERGY AT   0.64344327974529547     
 CONSTANT ENERGY   -22.014027927851028        5.7087429536475300E-003
 FERMI ENERGY AT   0.64333675700733517     
 FERMI ENERGY AT   0.64344896832451981     
 CONSTANT ENERGY   -22.014249077822448        5.5170648962781397E-003
 FERMI ENERGY AT   0.64334264068573743     
 FERMI ENERGY AT   0.64345060158628553     
 CONSTANT ENERGY   -22.014458224606809        5.3373631213699708E-003
 FERMI ENERGY AT   0.64334934498060714     
 FERMI ENERGY AT   0.64344991960933762     
 CONSTANT ENERGY   -22.014657334558503        5.1672599347621900E-003
 FERMI ENERGY AT   0.64335794308989924     
 FERMI ENERGY AT   0.64344879026609403     
 CONSTANT ENERGY   -22.014848396987929        5.0039813970770694E-003
 FERMI ENERGY AT   0.64337393765230788     
 FERMI ENERGY AT   0.64344734347890398     
 CONSTANT ENERGY   -22.015033875171774        4.8429442188889383E-003
 FERMI ENERGY AT   0.64338729242314274     
 FERMI ENERGY AT   0.64345191095343546     
 CONSTANT ENERGY   -22.015217979789611        4.6846569398509728E-003
 FERMI ENERGY AT   0.64339761207941581     
 FERMI ENERGY AT   0.64346501192768180     
 CONSTANT ENERGY   -22.015400502440542        4.5280608674717259E-003
 FERMI ENERGY AT   0.64340709674621011     
 FERMI ENERGY AT   0.64347603880673121     
 CONSTANT ENERGY   -22.015582371577647        4.3707836739139173E-003
 FERMI ENERGY AT   0.64341636402040792     
 FERMI ENERGY AT   0.64349312602853126     
 CONSTANT ENERGY   -22.015764191129797        4.2122472624132202E-003
 FERMI ENERGY AT   0.64342614524314834     
 FERMI ENERGY AT   0.64351163827238800     
 CONSTANT ENERGY   -22.015945621565930        4.0530760481926054E-003
 FERMI ENERGY AT   0.64343676168653241     
 FERMI ENERGY AT   0.64353168272993366     
 CONSTANT ENERGY   -22.016125482301934        3.8948145917440452E-003
 FERMI ENERGY AT   0.64344805185864185     
 FERMI ENERGY AT   0.64354170149686551     
 CONSTANT ENERGY   -22.016301737123250        3.7396019139085872E-003
 FERMI ENERGY AT   0.64345920846247562     
 FERMI ENERGY AT   0.64354915827847514     
 CONSTANT ENERGY   -22.016472093440118        3.5896432868281003E-003
 FERMI ENERGY AT   0.64346983888629539     
 FERMI ENERGY AT   0.64355025371014596     
 CONSTANT ENERGY   -22.016634623861520        3.4467153257750596E-003
 FERMI ENERGY AT   0.64347928339437466     
 FERMI ENERGY AT   0.64354507981441178     
 CONSTANT ENERGY   -22.016787984386813        3.3119525098603947E-003
 FERMI ENERGY AT   0.64348694463806644     
 FERMI ENERGY AT   0.64353465366650087     
 CONSTANT ENERGY   -22.016931521264976        3.1857875433496385E-003
 FERMI ENERGY AT   0.64349236965448342     
 FERMI ENERGY AT   0.64352073364978724     
 CONSTANT ENERGY   -22.017065229018687        3.0680523316028770E-003
 FERMI ENERGY AT   0.64349530166626101     
 FERMI ENERGY AT   0.64350535525871755     
 CONSTANT ENERGY   -22.017189822912083        2.9581916562202012E-003
 FERMI ENERGY AT   0.64349605177955183     
 FERMI ENERGY AT   0.64349096592509314     
 CONSTANT ENERGY   -22.017308812999129        2.8555939531188859E-003
 FERMI ENERGY AT   0.64349523459706037     
 FERMI ENERGY AT   0.64347864559742129     
 CONSTANT ENERGY   -22.017420631401645        2.7589140961698190E-003
 FERMI ENERGY AT   0.64349329680909539     
 FERMI ENERGY AT   0.64346843236722384     
 CONSTANT ENERGY   -22.017526116728440        2.6674618734467857E-003
 FERMI ENERGY AT   0.64349069112879798     
 FERMI ENERGY AT   0.64346304748667449     
 CONSTANT ENERGY   -22.017626039477260        2.5807024840500872E-003
 FERMI ENERGY AT   0.64348791354234447     
 FERMI ENERGY AT   0.64346030114536601     
 CONSTANT ENERGY   -22.017721113488669        2.4982524536045509E-003
 FERMI ENERGY AT   0.64348522070883285     
 FERMI ENERGY AT   0.64345978835545470     
 CONSTANT ENERGY   -22.017811944504082        2.4198502366936398E-003
 FERMI ENERGY AT   0.64348281128513829     
 FERMI ENERGY AT   0.64346083449952407     
 CONSTANT ENERGY   -22.017899066814358        2.3452762780488490E-003
 FERMI ENERGY AT   0.64348075942934302     
 FERMI ENERGY AT   0.64346249798591248     
 CONSTANT ENERGY   -22.017982958849299        2.2742812184683367E-003
 FERMI ENERGY AT   0.64347902975349291     
 FERMI ENERGY AT   0.64346395434211601     
 CONSTANT ENERGY   -22.018064072940792        2.2065351962500569E-003
 FERMI ENERGY AT   0.64347752032752681     
 FERMI ENERGY AT   0.64346490227431674     
 CONSTANT ENERGY   -22.018142831636645        2.1416137639242265E-003
 FERMI ENERGY AT   0.64347608995115713     
 FERMI ENERGY AT   0.64346444952443871     
 CONSTANT ENERGY   -22.018219660375244        2.0790113353480861E-003
 FERMI ENERGY AT   0.64347440466502870     
 FERMI ENERGY AT   0.64345854786154755     
 CONSTANT ENERGY   -22.018295042313675        2.0181806342381937E-003
 FERMI ENERGY AT   0.64347249135564533     
 FERMI ENERGY AT   0.64346189566693845     
 CONSTANT ENERGY   -22.018369286494622        1.9586631735127084E-003
 FERMI ENERGY AT   0.64347080243902988     
 FERMI ENERGY AT   0.64345922515626619     
 CONSTANT ENERGY   -22.018442845014608        1.9000225684462986E-003
 FERMI ENERGY AT   0.64346877506615197     
 FERMI ENERGY AT   0.64345137779935535     
 CONSTANT ENERGY   -22.018515994756690        1.8419624816113291E-003
 FERMI ENERGY AT   0.64346635644967443     
 FERMI ENERGY AT   0.64344869757310175     
 CONSTANT ENERGY   -22.018588833897841        1.7843472219977383E-003
 FERMI ENERGY AT   0.64346383071600977     
 FERMI ENERGY AT   0.64344195998914167     
 CONSTANT ENERGY   -22.018661427837586        1.7271707417987202E-003
 FERMI ENERGY AT   0.64346116822697863     
 FERMI ENERGY AT   0.64343976815160531     
 CONSTANT ENERGY   -22.018733582705256        1.6705962716806072E-003
 FERMI ENERGY AT   0.64345863528961111     
 FERMI ENERGY AT   0.64343469782053919     
 CONSTANT ENERGY   -22.018805063402699        1.6148892292270091E-003
 FERMI ENERGY AT   0.64345593631946263     
 FERMI ENERGY AT   0.64342608121127220     
 CONSTANT ENERGY   -22.018875493223184        1.5604050559522185E-003
WRITING : HEADER
WRITING : TIMESTEP
WRITING : ATOMS
WRITING : CELL
WRITING : OCCUPATIONS
WRITING : WAVES
WRITING : ENDOFFILE
 FERMI ENERGY AT   0.64345277944039714     
 FERMI ENERGY AT   0.64341515774694125     
 CONSTANT ENERGY   -22.018944427158907        1.5075335533816098E-003
 FERMI ENERGY AT   0.64344894985026102     
 FERMI ENERGY AT   0.64340167572168061     
 CONSTANT ENERGY   -22.019011423878105        1.4566392976172928E-003
 FERMI ENERGY AT   0.64344425193688493     
 FERMI ENERGY AT   0.64338654800758577     
 CONSTANT ENERGY   -22.019076077009551        1.4080145926105045E-003
 FERMI ENERGY AT   0.64343854990860616     
 FERMI ENERGY AT   0.64336953563562527     
 CONSTANT ENERGY   -22.019138067418233        1.3618406999579770E-003
 FERMI ENERGY AT   0.64343173433191747     
 FERMI ENERGY AT   0.64335153574207271     
 CONSTANT ENERGY   -22.019197170907532        1.3181746705322110E-003
 FERMI ENERGY AT   0.64342379763073232     
 FERMI ENERGY AT   0.64333338576533527     
 CONSTANT ENERGY   -22.019253273450477        1.2769531518479040E-003
 FERMI ENERGY AT   0.64341485912679064     
 FERMI ENERGY AT   0.64331687203303889     
 CONSTANT ENERGY   -22.019306364705777        1.2380153869136984E-003
 FERMI ENERGY AT   0.64340508127288643     
 FERMI ENERGY AT   0.64330020739735871     
 CONSTANT ENERGY   -22.019356549042122        1.2011292541092892E-003
 FERMI ENERGY AT   0.64339462406650683     
 FERMI ENERGY AT   0.64328693242973256     
 CONSTANT ENERGY   -22.019403979492445        1.1660349217544885E-003
 FERMI ENERGY AT   0.64338386266125569     
 FERMI ENERGY AT   0.64327678373162522     
 CONSTANT ENERGY   -22.019448897478334        1.1324625100110688E-003
 FERMI ENERGY AT   0.64337329073794447     
 FERMI ENERGY AT   0.64327398601967811     
 CONSTANT ENERGY   -22.019491538466664        1.1001583198405342E-003
 FERMI ENERGY AT   0.64336318293991357     
 FERMI ENERGY AT   0.64326622517695287     
 CONSTANT ENERGY   -22.019532231963989        1.0688674628363383E-003
 FERMI ENERGY AT   0.64335342552903463     
 FERMI ENERGY AT   0.64326573311914381     
 CONSTANT ENERGY   -22.019571258160109        1.0383771784173755E-003
 FERMI ENERGY AT   0.64334458652700932     
 FERMI ENERGY AT   0.64326820962270648     
 CONSTANT ENERGY   -22.019608947900938        1.0084764516016371E-003
 FERMI ENERGY AT   0.64333679334964444     
 FERMI ENERGY AT   0.64327104750854025     
 CONSTANT ENERGY   -22.019645626462157        9.7896741535852304E-004
 FERMI ENERGY AT   0.64333035410158301     
 FERMI ENERGY AT   0.64328390460424323     
 CONSTANT ENERGY   -22.019681527557783        9.4967633198342425E-004
 FERMI ENERGY AT   0.64332551251048276     
 FERMI ENERGY AT   0.64328831756928762     
 CONSTANT ENERGY   -22.019717021980487        9.2042579739109033E-004
 FERMI ENERGY AT   0.64332171288609230     
 FERMI ENERGY AT   0.64329682563936519     
 CONSTANT ENERGY   -22.019752233407090        8.9109567220931616E-004
 FERMI ENERGY AT   0.64331913469032276     
 FERMI ENERGY AT   0.64330551901804289     
 CONSTANT ENERGY   -22.019787321673316        8.6159953285790255E-004
 FERMI ENERGY AT   0.64331765357971837     
 FERMI ENERGY AT   0.64331345208653590     
 CONSTANT ENERGY   -22.019822349850500        8.3191178306286353E-004
 FERMI ENERGY AT   0.64331710797458119     
 FERMI ENERGY AT   0.64332064272063127     
 CONSTANT ENERGY   -22.019857304017098        8.0207333054305575E-004
 FERMI ENERGY AT   0.64331731341760401     
 FERMI ENERGY AT   0.64332668814887128     
 CONSTANT ENERGY   -22.019892097714710        7.7219339155628567E-004
 FERMI ENERGY AT   0.64331807722337675     
 FERMI ENERGY AT   0.64333136499632415     
 CONSTANT ENERGY   -22.019926582587328        7.4244376173267733E-004
 FERMI ENERGY AT   0.64331921256368518     
 FERMI ENERGY AT   0.64333464220607028     
 CONSTANT ENERGY   -22.019960565714911        7.1304563542810232E-004
 FERMI ENERGY AT   0.64332055086086859     
 FERMI ENERGY AT   0.64333659878818761     
 CONSTANT ENERGY   -22.019993829884761        6.8425026788346451E-004
 FERMI ENERGY AT   0.64332195146097459     
 FERMI ENERGY AT   0.64333742193454135     
 CONSTANT ENERGY   -22.020026153821650        6.5631594832165567E-004
 FERMI ENERGY AT   0.64332325053803285     
 FERMI ENERGY AT   0.64333572914837278     
 CONSTANT ENERGY   -22.020057340807444        6.2948361827126309E-004
 FERMI ENERGY AT   0.64332440072551655     
 FERMI ENERGY AT   0.64333698839513764     
 CONSTANT ENERGY   -22.020087185257299        6.0396014900824992E-004
 FERMI ENERGY AT   0.64332537360327025     
 FERMI ENERGY AT   0.64333226726037029     
 CONSTANT ENERGY   -22.020115606342596        5.7989258841386086E-004
 FERMI ENERGY AT   0.64332610782763022     
 FERMI ENERGY AT   0.64333601683649222     
 CONSTANT ENERGY   -22.020142429116035        5.5737750822730406E-004
 FERMI ENERGY AT   0.64332713599020830     
 FERMI ENERGY AT   0.64333811376445971     
 CONSTANT ENERGY   -22.020167676404274        5.3643616702382137E-004
 FERMI ENERGY AT   0.64332812556730945     
 FERMI ENERGY AT   0.64333496855302730     
 CONSTANT ENERGY   -22.020191383598871        5.1703289344591443E-004
 FERMI ENERGY AT   0.64332880245810886     
 FERMI ENERGY AT   0.64333427811878063     
 CONSTANT ENERGY   -22.020213563581308        4.9908752516873950E-004
 FERMI ENERGY AT   0.64332934728278857     
 FERMI ENERGY AT   0.64333345061202329     
 CONSTANT ENERGY   -22.020234332393084        4.8247795299281827E-004
 FERMI ENERGY AT   0.64332976411298004     
 FERMI ENERGY AT   0.64333284760329357     
 CONSTANT ENERGY   -22.020253823367874        4.6705972273245063E-004
 FERMI ENERGY AT   0.64332994278583633     
 FERMI ENERGY AT   0.64332912439275025     
 CONSTANT ENERGY   -22.020272211947688        4.5267659537239678E-004
 FERMI ENERGY AT   0.64332993466894084     
 FERMI ENERGY AT   0.64333182896594832     
 CONSTANT ENERGY   -22.020289607306875        4.3917885294341721E-004
 FERMI ENERGY AT   0.64333007701838840     
 FERMI ENERGY AT   0.64333135309493095     
 CONSTANT ENERGY   -22.020306232965169        4.2641682415714823E-004
 FERMI ENERGY AT   0.64333014304365921     
 FERMI ENERGY AT   0.64333063630094434     
 CONSTANT ENERGY   -22.020322226160506        4.1425828300898043E-004
 FERMI ENERGY AT   0.64332993601072619     
 FERMI ENERGY AT   0.64332480313857099     
 CONSTANT ENERGY   -22.020337754173941        4.0258160456487879E-004
 FERMI ENERGY AT   0.64332951231899471     
 FERMI ENERGY AT   0.64332904766345522     
 CONSTANT ENERGY   -22.020352836206918        3.9128742068709175E-004
 FERMI ENERGY AT   0.64332938518015925     
 FERMI ENERGY AT   0.64332783745791144     
 CONSTANT ENERGY   -22.020367643782244        3.8027914762243291E-004
 FERMI ENERGY AT   0.64332916412024554     
 FERMI ENERGY AT   0.64332620123223383     
 CONSTANT ENERGY   -22.020382200554227        3.6948112829418166E-004
 FERMI ENERGY AT   0.64332880388613822     
 FERMI ENERGY AT   0.64332388844458177     
 CONSTANT ENERGY   -22.020396533110173        3.5883160620349191E-004
 FERMI ENERGY AT   0.64332825753650780     
 FERMI ENERGY AT   0.64332104355836683     
 CONSTANT ENERGY   -22.020410646004933        3.4828546301451512E-004
 FERMI ENERGY AT   0.64332748136518536     
 FERMI ENERGY AT   0.64331743572327305     
 CONSTANT ENERGY   -22.020424527410295        3.3781481953112143E-004
 FERMI ENERGY AT   0.64332663352955632     
 FERMI ENERGY AT   0.64331846036296403     
 CONSTANT ENERGY   -22.020438123181634        3.2740997630900822E-004
 FERMI ENERGY AT   0.64332581621289708     
 FERMI ENERGY AT   0.64331354935686247     
 CONSTANT ENERGY   -22.020451467858233        3.1707035532165743E-004
 FERMI ENERGY AT   0.64332437756817473     
 FERMI ENERGY AT   0.64330213140279568     
 CONSTANT ENERGY   -22.020464540864513        3.0680696174312217E-004
 FERMI ENERGY AT   0.64332212519600107     
 FERMI ENERGY AT   0.64329628189241372     
 CONSTANT ENERGY   -22.020477253263149        2.9663933453523737E-004
WRITING : HEADER
WRITING : TIMESTEP
WRITING : ATOMS
WRITING : CELL
WRITING : OCCUPATIONS
WRITING : WAVES
WRITING : ENDOFFILE
 FERMI ENERGY AT   0.64331951206240534     
 FERMI ENERGY AT   0.64329075020986570     
 CONSTANT ENERGY   -22.020489619422094        2.8658357839329125E-004
 FERMI ENERGY AT   0.64331662256677824     
 FERMI ENERGY AT   0.64328622257218826     
 CONSTANT ENERGY   -22.020501627947468        2.7665428440250479E-004
 FERMI ENERGY AT   0.64331363859238189     
 FERMI ENERGY AT   0.64328456495983988     
 CONSTANT ENERGY   -22.020513257980376        2.6686340435394784E-004
 FERMI ENERGY AT   0.64331061044867033     
 FERMI ENERGY AT   0.64327839231839234     
 CONSTANT ENERGY   -22.020524550503215        2.5721837067842624E-004
 FERMI ENERGY AT   0.64330734641718135     
 FERMI ENERGY AT   0.64327517863536376     
 CONSTANT ENERGY   -22.020535461178007        2.4772939973796292E-004
 FERMI ENERGY AT   0.64330408097523673     
 FERMI ENERGY AT   0.64327229833802746     
 CONSTANT ENERGY   -22.020546004639346        2.3840991869128898E-004
 FERMI ENERGY AT   0.64330085909215873     
 FERMI ENERGY AT   0.64326981345111811     
 CONSTANT ENERGY   -22.020556183358543        2.2928098913340729E-004
 FERMI ENERGY AT   0.64329771303542038     
 FERMI ENERGY AT   0.64326761504182217     
 CONSTANT ENERGY   -22.020566000781827        2.2037145978505413E-004
 FERMI ENERGY AT   0.64329474096759776     
 FERMI ENERGY AT   0.64326765630035954     
 CONSTANT ENERGY   -22.020575450265262        2.1171832345858818E-004
 FERMI ENERGY AT   0.64329193225808634     
 FERMI ENERGY AT   0.64326372749722571     
 CONSTANT ENERGY   -22.020584576111158        2.0336281949058971E-004
 FERMI ENERGY AT   0.64328908534768425     
 FERMI ENERGY AT   0.64326217747092607     
 CONSTANT ENERGY   -22.020593355911085        1.9535098379783099E-004
 FERMI ENERGY AT   0.64328637172614322     
 FERMI ENERGY AT   0.64326103378288602     
 CONSTANT ENERGY   -22.020601818834106        1.8772571527704947E-004
 FERMI ENERGY AT   0.64328382293443365     
 FERMI ENERGY AT   0.64326048444490491     
 CONSTANT ENERGY   -22.020609987120057        1.8052351801246694E-004
 FERMI ENERGY AT   0.64328164080501382     
 FERMI ENERGY AT   0.64326473924063499     
 CONSTANT ENERGY   -22.020617859548523        1.7377026447177218E-004
 FERMI ENERGY AT   0.64327978955953802     
 FERMI ENERGY AT   0.64325991185339315     
 CONSTANT ENERGY   -22.020625544339143        1.6747349468015747E-004
 FERMI ENERGY AT   0.64327779398335283     
 FERMI ENERGY AT   0.64325995963398441     
 CONSTANT ENERGY   -22.020632989255567        1.6162745817357234E-004
 FERMI ENERGY AT   0.64327583499496965     
 FERMI ENERGY AT   0.64325613595550923     
 CONSTANT ENERGY   -22.020640271070512        1.5620531513010043E-004
 FERMI ENERGY AT   0.64327398479590414     
 FERMI ENERGY AT   0.64326148773939273     
 CONSTANT ENERGY   -22.020647329027202        1.5116796293406109E-004
 FERMI ENERGY AT   0.64327272138822256     
 FERMI ENERGY AT   0.64326247237126422     
 CONSTANT ENERGY   -22.020654251663927        1.4646108585238642E-004
 FERMI ENERGY AT   0.64327167999114521     
 FERMI ENERGY AT   0.64326300615740195     
 CONSTANT ENERGY   -22.020661014602556        1.4202730333889635E-004
 FERMI ENERGY AT   0.64327077632540419     
 FERMI ENERGY AT   0.64326243339780409     
 CONSTANT ENERGY   -22.020667612594838        1.3780935198916603E-004
 FERMI ENERGY AT   0.64326993774657126     
 FERMI ENERGY AT   0.64326212597551480     
 CONSTANT ENERGY   -22.020674020507357        1.3375683652407756E-004
 FERMI ENERGY AT   0.64326913635140304     
 FERMI ENERGY AT   0.64326072368533749     
 CONSTANT ENERGY   -22.020680222692711        1.2983005467765172E-004
 FERMI ENERGY AT   0.64326827061163117     
 FERMI ENERGY AT   0.64325869118599666     
 CONSTANT ENERGY   -22.020686187896921        1.2600311618255378E-004
 FERMI ENERGY AT   0.64326729543335703     
 FERMI ENERGY AT   0.64325643779022668     
 CONSTANT ENERGY   -22.020691885910907        1.2226397180825377E-004
 FERMI ENERGY AT   0.64326619507358707     
 FERMI ENERGY AT   0.64325420697965185     
 CONSTANT ENERGY   -22.020697288012954        1.1861283450617018E-004
 FERMI ENERGY AT   0.64326478563995393     
 FERMI ENERGY AT   0.64324705495648993     
 CONSTANT ENERGY   -22.020702401522172        1.1505843036671927E-004
 FERMI ENERGY AT   0.64326318275415040     
 FERMI ENERGY AT   0.64325166673535217     
 CONSTANT ENERGY   -22.020707115400160        1.1161726704760088E-004
 FERMI ENERGY AT   0.64326202469058835     
 FERMI ENERGY AT   0.64325155755589170     
 CONSTANT ENERGY   -22.020711514126948        1.0830336870709338E-004
 FERMI ENERGY AT   0.64326090528533764     
 FERMI ENERGY AT   0.64325010744828837     
 CONSTANT ENERGY   -22.020715579207391        1.0513073258487489E-004
 FERMI ENERGY AT   0.64325988305380122     
 FERMI ENERGY AT   0.64325282570120235     
 CONSTANT ENERGY   -22.020719289709149        1.0210873721369517E-004
 FERMI ENERGY AT   0.64325917403366184     
 FERMI ENERGY AT   0.64325389285805923     
 CONSTANT ENERGY   -22.020722697538389        9.9239522046080006E-005
 FERMI ENERGY AT   0.64325880890114406     
 FERMI ENERGY AT   0.64325931760287769     
 CONSTANT ENERGY   -22.020725793431605        9.6520228554429117E-005
 FERMI ENERGY AT   0.64325868045106160     
 FERMI ENERGY AT   0.64325454685381012     
 CONSTANT ENERGY   -22.020728693676386        9.3941051629796657E-005
 FERMI ENERGY AT   0.64325828507717231     
 FERMI ENERGY AT   0.64325555772359488     
 CONSTANT ENERGY   -22.020731345685537        9.1491531582696802E-005
 FERMI ENERGY AT   0.64325800668690802     
 FERMI ENERGY AT   0.64325595046305151     
 CONSTANT ENERGY   -22.020733826557425        8.9158143424577474E-005
 FERMI ENERGY AT   0.64325779478898115     
 FERMI ENERGY AT   0.64325638114280148     
 CONSTANT ENERGY   -22.020736172240429        8.6928702079793979E-005
 FERMI ENERGY AT   0.64325765815075930     
 FERMI ENERGY AT   0.64325727498875940     
 CONSTANT ENERGY   -22.020738421625211        8.4792960200747429E-005
 FERMI ENERGY AT   0.64325761316580965     
 FERMI ENERGY AT   0.64325833658521281     
 CONSTANT ENERGY   -22.020740611439166        8.2743100754179824E-005
 FERMI ENERGY AT   0.64325765688099723     
 FERMI ENERGY AT   0.64325908606880011     
 CONSTANT ENERGY   -22.020742778779212        8.0773321688647732E-005
 FERMI ENERGY AT   0.64325781399648807     
 FERMI ENERGY AT   0.64326135884559021     
 CONSTANT ENERGY   -22.020744942728872        7.8879024882020694E-005
 FERMI ENERGY AT   0.64325815766647676     
 FERMI ENERGY AT   0.64326315309979598     
 CONSTANT ENERGY   -22.020747138548174        7.7055111045628706E-005
 FERMI ENERGY AT   0.64325863887721568     
 FERMI ENERGY AT   0.64326465323310489     
 CONSTANT ENERGY   -22.020749382348985        7.5295027699250584E-005
 FERMI ENERGY AT   0.64325923709566346     
 FERMI ENERGY AT   0.64326608062971713     
 CONSTANT ENERGY   -22.020751687878320        7.3589572750831073E-005
 FERMI ENERGY AT   0.64325991908875402     
 FERMI ENERGY AT   0.64326717407655920     
 CONSTANT ENERGY   -22.020754062751408        7.1926481660176684E-005
 FERMI ENERGY AT   0.64326064293454666     
 FERMI ENERGY AT   0.64326786052529317     
 CONSTANT ENERGY   -22.020756508320893        7.0290688921038658E-005
 FERMI ENERGY AT   0.64326136353913643     
 FERMI ENERGY AT   0.64326817119364488     
 CONSTANT ENERGY   -22.020759019802046        6.8665313163183381E-005
 FERMI ENERGY AT   0.64326199649908145     
 FERMI ENERGY AT   0.64326689027177408     
 CONSTANT ENERGY   -22.020761593373873        6.7033160567050345E-005
 FERMI ENERGY AT   0.64326252286142893     
 FERMI ENERGY AT   0.64326792790807852     
 CONSTANT ENERGY   -22.020764193651022        6.5378941094044581E-005
 FERMI ENERGY AT   0.64326304249722444     
 FERMI ENERGY AT   0.64326722676488590     
 CONSTANT ENERGY   -22.020766820904690        6.3690482631035744E-005
WRITING : HEADER
WRITING : TIMESTEP
WRITING : ATOMS
WRITING : CELL
WRITING : OCCUPATIONS
WRITING : WAVES
WRITING : ENDOFFILE
 FERMI ENERGY AT   0.64326344219717047     
 FERMI ENERGY AT   0.64326612381561987     
 CONSTANT ENERGY   -22.020769449231754        6.1960852275916734E-005
 FERMI ENERGY AT   0.64326372400342213     
 FERMI ENERGY AT   0.64326586399714980     
 CONSTANT ENERGY   -22.020772047094923        6.0189080127127172E-005
 FERMI ENERGY AT   0.64326394300362477     
 FERMI ENERGY AT   0.64326528698343377     
 CONSTANT ENERGY   -22.020774599409748        5.8380144148956071E-005
 FERMI ENERGY AT   0.64326407463578383     
 FERMI ENERGY AT   0.64326465508909947     
 CONSTANT ENERGY   -22.020777081949099        5.6544687008754647E-005
 FERMI ENERGY AT   0.64326412964796564     
 FERMI ENERGY AT   0.64326409822602593     
 CONSTANT ENERGY   -22.020779475980071        5.4697750824342662E-005
 FERMI ENERGY AT   0.64326411781734649     
 FERMI ENERGY AT   0.64326342702742878     
 CONSTANT ENERGY   -22.020781766520670        5.2857249560137609E-005
 FERMI ENERGY AT   0.64326404568768725     
 FERMI ENERGY AT   0.64326277034287138     
 CONSTANT ENERGY   -22.020783942924414        5.1042224382408640E-005
 FERMI ENERGY AT   0.64326391534640737     
 FERMI ENERGY AT   0.64326203011462246     
 CONSTANT ENERGY   -22.020785999094301        4.9271125962466555E-005
 FERMI ENERGY AT   0.64326372438283719     
 FERMI ENERGY AT   0.64326116995129867     
 CONSTANT ENERGY   -22.020787933342643        4.7560318960017000E-005
 FERMI ENERGY AT   0.64326346693321601     
 FERMI ENERGY AT   0.64326016841308364     
 CONSTANT ENERGY   -22.020789747941617        4.5922964936271333E-005
 FERMI ENERGY AT   0.64326313551719017     
 FERMI ENERGY AT   0.64325902443769278     
 CONSTANT ENERGY   -22.020791448451643        4.4368387295346787E-005
 FERMI ENERGY AT   0.64326261841366106     
 FERMI ENERGY AT   0.64325499281699894     
 CONSTANT ENERGY   -22.020793059373549        4.2901878794210892E-005
 FERMI ENERGY AT   0.64326194935248648     
 FERMI ENERGY AT   0.64325680808269736     
Note: The following floating-point exceptions are signalling: IEEE_UNDERFLOW_FLAG IEEE_DENORMAL
STOP NORMAL STOP IN MPE__STOPALL
 CONSTANT ENERGY   -22.020794541335555        4.1525474311307623E-005
 FERMI ENERGY AT   0.64326143459112495     
 FERMI ENERGY AT   0.64325573355847332     
 CONSTANT ENERGY   -22.020795953561645        4.0237704464022084E-005
 FERMI ENERGY AT   0.64326086396940574     
 FERMI ENERGY AT   0.64325459437365462     
 CONSTANT ENERGY   -22.020797290651640        3.9035488878238952E-005
 FERMI ENERGY AT   0.64326023089433526     
 FERMI ENERGY AT   0.64325324879262857     
 CONSTANT ENERGY   -22.020798562912717        3.7914382673593446E-005
 FERMI ENERGY AT   0.64325953218342535     
 FERMI ENERGY AT   0.64325191491187406     
 CONSTANT ENERGY   -22.020799779809696        3.6869315093322015E-005
 FERMI ENERGY AT   0.64325860363388165     
 FERMI ENERGY AT   0.64324621050683184     
 CONSTANT ENERGY   -22.020800975630102        3.5894903190094315E-005
 FERMI ENERGY AT   0.64325751342101101     
 FERMI ENERGY AT   0.64325000223952467     
 CONSTANT ENERGY   -22.020802079807943        3.4985924699489551E-005
 FERMI ENERGY AT   0.64325662425377539     
 FERMI ENERGY AT   0.64324577356837764     
 CONSTANT ENERGY   -22.020803196310307        3.4136227091236854E-005
 FERMI ENERGY AT   0.64325566244185917     
 FERMI ENERGY AT   0.64324928711929241     
 CONSTANT ENERGY   -22.020804239511712        3.3340221804012429E-005
 FERMI ENERGY AT   0.64325502451512939     
 FERMI ENERGY AT   0.64324899228577914     
 CONSTANT ENERGY   -22.020805275724907        3.2591245806708850E-005
 FERMI ENERGY AT   0.64325462910845466     
 FERMI ENERGY AT   0.64325405756582044     
 CONSTANT ENERGY   -22.020806252517769        3.1882906214935209E-005
 FERMI ENERGY AT   0.64325457195419122     
 FERMI ENERGY AT   0.64325212790339326     
 CONSTANT ENERGY   -22.020807236572125        3.1208293882396903E-005
 FERMI ENERGY AT   0.64325414996639152     
 FERMI ENERGY AT   0.64324464423525962     
 CONSTANT ENERGY   -22.020808222745639        3.0561212027059085E-005
 FERMI ENERGY AT   0.64325319958045690     
 FERMI ENERGY AT   0.64324279377343585     
 CONSTANT ENERGY   -22.020809150247985        2.9935933531561336E-005
 FERMI ENERGY AT   0.64325215929252566     
 FERMI ENERGY AT   0.64324163824494895     
 CONSTANT ENERGY   -22.020810048096976        2.9327141857391081E-005
WRITING : HEADER
WRITING : TIMESTEP
WRITING : ATOMS
WRITING : CELL
WRITING : OCCUPATIONS
WRITING : WAVES
WRITING : ENDOFFILE
 FERMI ENERGY AT   0.64325110840929789     
 FERMI ENERGY AT   0.64324153279784835     
 CONSTANT ENERGY   -22.020810915009775        2.8730924810358886E-005
NORMAL STOP: CALLING MPE__STOPALL TO CLOSE DOWN
