TRACE-PUSH(  1): LEVEL=    1 INTO MAIN
TRACE-MEM(  1): MAXMEM[MBYTE]=   0.00000 TIME20260907 134043.688
TRACE-PUSH(  1): LEVEL=    2 INTO PAW
TRACE-MEM(  1): MAXMEM[MBYTE]=   0.00000 TIME20260907 134043.691
TRACE-PUSH(  1): LEVEL=    3 INTO READIN
TRACE-MEM(  1): MAXMEM[MBYTE]=   0.00000 TIME20260907 134043.691
TRACE-PUSH(  1): LEVEL=    4 INTO READIN_FILES
TRACE-MEM(  1): MAXMEM[MBYTE]=   0.00000 TIME20260907 134043.692
TRACE-PUSH(  1): LEVEL=    5 INTO STANDARDFILES
TRACE-MEM(  1): MAXMEM[MBYTE]=   0.00000 TIME20260907 134043.692
TRACE-POP (  1): LEVEL=    5 FROM STANDARDFILES                   
TRACE-MEM(  1): MAXMEM[MBYTE]=   0.00000 TIME20260907 134043.692
TRACE-POP (  1): LEVEL=    4 FROM READIN_FILES                    
TRACE-MEM(  1): MAXMEM[MBYTE]=   0.00000 TIME20260907 134043.692
TRACE-PUSH(  1): LEVEL=    4 INTO READIN_GENERIC
TRACE-MEM(  1): MAXMEM[MBYTE]=   0.00000 TIME20260907 134043.692
 PAW_SETUPS.F90 A LAMBDA=   6.0000000000000000        6.0000000000000000        6.0000000000000000        6.0000000000000000     
================================================================================
===================  SETUP CONSTRUCTION FOR SI  ================================
================================================================================
 THIS%SETTING%SO= F
KEY: START,REL,NONSO,ZORA
RELATIVISTIC EFFECTS SWITCHED ON?     T
SPIN-ORBIT COUPLING SWITCHED ON?      F
ZORA SWITCHED ON?                     T
FOCK CONTRIBTION ON?                  F
START FROM SCRATCH?                    T
DOING SCF ITERATIONS FOR ATOM WITH Z=  14.00000
           1  AV(POT-POTIN)=   2.3484706839813758       MAX:(POT-POTIN)=   21766.333955052542                0 F
           2  AV(POT-POTIN)=   1.1354361936198627       MAX:(POT-POTIN)=   11987.008812229848                0 F
           3  AV(POT-POTIN)=  0.65020489593549868       MAX:(POT-POTIN)=   661.45745545532554                0 F
           4  AV(POT-POTIN)=  0.50897477908261268       MAX:(POT-POTIN)=   311.04457219946198                0 F
           5  AV(POT-POTIN)=  0.21199586605391071       MAX:(POT-POTIN)=   70.550231548724696                0 F
           6  AV(POT-POTIN)=   8.5937499690668481E-002  MAX:(POT-POTIN)=   57.151716960594058                0 F
           7  AV(POT-POTIN)=   1.6855198246834811E-002  MAX:(POT-POTIN)=   6.8615882953163236                0 F
           8  AV(POT-POTIN)=   7.8259353198459405E-003  MAX:(POT-POTIN)=   3.0014224739279598                0 F
           9  AV(POT-POTIN)=   2.6060744334699274E-003  MAX:(POT-POTIN)=  0.37456498364917934                0 F
          10  AV(POT-POTIN)=   9.1398717101014810E-004  MAX:(POT-POTIN)=   5.9137249598279595E-002           0 F
          11  AV(POT-POTIN)=   2.4508223822675634E-004  MAX:(POT-POTIN)=   7.4975246097892523E-003           0 F
          12  AV(POT-POTIN)=   2.4947522619594843E-003  MAX:(POT-POTIN)=   6.2537666115134782E-002           0 F
          13  AV(POT-POTIN)=   2.2549474490823739E-003  MAX:(POT-POTIN)=   5.6522551186844835E-002           1 F
          14  AV(POT-POTIN)=   3.3540834885859700E-004  MAX:(POT-POTIN)=   7.7041087291480903E-003           2 F
          15  AV(POT-POTIN)=   4.6611065387248247E-004  MAX:(POT-POTIN)=   1.1559207629711892E-002           3 F
          16  AV(POT-POTIN)=   5.9446809970234741E-004  MAX:(POT-POTIN)=   1.4893093540523756E-002           4 F
          17  AV(POT-POTIN)=   2.5783726185405428E-003  MAX:(POT-POTIN)=   6.4689054049341957E-002           5 F
          18  AV(POT-POTIN)=   7.8189907800071772E-004  MAX:(POT-POTIN)=   1.9619930301127551E-002           6 F
          19  AV(POT-POTIN)=   1.0536412287737776E-003  MAX:(POT-POTIN)=   2.6440818399238945E-002           7 F
          20  AV(POT-POTIN)=   1.0608987561110002E-003  MAX:(POT-POTIN)=   2.6622855376503260E-002           8 F
          21  AV(POT-POTIN)=   2.4978025892281458E-003  MAX:(POT-POTIN)=   6.2681739687382998E-002           9 F
          22  AV(POT-POTIN)=   1.7587922827958179E-003  MAX:(POT-POTIN)=   4.4136510976070679E-002          10 F
          23  AV(POT-POTIN)=   1.0678976882448113E-003  MAX:(POT-POTIN)=   2.6798521987793849E-002          11 F
          24  AV(POT-POTIN)=   6.1490109809746781E-004  MAX:(POT-POTIN)=   1.5430391181062484E-002          12 F
          25  AV(POT-POTIN)=   2.4934663766785544E-003  MAX:(POT-POTIN)=   6.2573010376030483E-002          13 F
          26  AV(POT-POTIN)=   2.6758552628447035E-003  MAX:(POT-POTIN)=   6.7150037288148223E-002          14 F
          27  AV(POT-POTIN)=   4.3684575312918066E-003  MAX:(POT-POTIN)=  0.10962555605036492               15 F
          28  AV(POT-POTIN)=   1.9678227953687983E-003  MAX:(POT-POTIN)=   4.9382118367443495E-002          16 F
          29  AV(POT-POTIN)=   8.4166564790021559E-004  MAX:(POT-POTIN)=   2.1121403657167206E-002          17 F
          30  AV(POT-POTIN)=   6.2182619000030490E-004  MAX:(POT-POTIN)=   1.5604603678519707E-002          18 F
          31  AV(POT-POTIN)=   1.1578370601016901E-007  MAX:(POT-POTIN)=   2.8918437083996773E-006          19 F
          32  AV(POT-POTIN)=   1.1306403551714888E-007  MAX:(POT-POTIN)=   2.8165650351880123E-006           0 F
          33  AV(POT-POTIN)=   5.7029421442327639E-008  MAX:(POT-POTIN)=   2.2740568965673447E-006           0 F
          34  AV(POT-POTIN)=   4.5753233446064746E-008  MAX:(POT-POTIN)=   2.0351726561784744E-006           0 F
          35  AV(POT-POTIN)=   4.4900133557638785E-008  MAX:(POT-POTIN)=   1.1188621673596799E-006           0 F
          36  AV(POT-POTIN)=   2.3143137028827831E-008  MAX:(POT-POTIN)=   1.3206154108047485E-006           0 F
          37  AV(POT-POTIN)=   1.8680755119294084E-008  MAX:(POT-POTIN)=   1.6652047634124756E-006           0 F
          38  AV(POT-POTIN)=   1.7273861001163047E-008  MAX:(POT-POTIN)=   2.8756912797689438E-006           0 F
          39  AV(POT-POTIN)=   1.2634053946187974E-008  MAX:(POT-POTIN)=   1.0945368558168411E-006           0 F
          40  AV(POT-POTIN)=   7.4319661593468555E-009  MAX:(POT-POTIN)=   1.2211967259645462E-006           0 F
          41  AV(POT-POTIN)=   4.5387102688693890E-009  MAX:(POT-POTIN)=   8.3609484136104584E-007           0 F
          42  AV(POT-POTIN)=   5.7550257841198197E-009  MAX:(POT-POTIN)=   1.4982651919126511E-006           0 F
          43  AV(POT-POTIN)=   2.2348746733883862E-009  MAX:(POT-POTIN)=   5.0477683544158936E-007           1 F
          44  AV(POT-POTIN)=   5.1120939929353894E-009  MAX:(POT-POTIN)=   2.4607870727777481E-006           0 F
          45  AV(POT-POTIN)=   1.1482679368352297E-009  MAX:(POT-POTIN)=   8.6799263954162598E-007           1 F
          46  AV(POT-POTIN)=   4.6202991897682519E-009  MAX:(POT-POTIN)=   1.9685830920934677E-006           0 F
          47  AV(POT-POTIN)=   5.2249414908536531E-010  MAX:(POT-POTIN)=   1.2181699275970459E-006           1 F
          48  AV(POT-POTIN)=   4.2517369473901106E-009  MAX:(POT-POTIN)=   1.9266735762357712E-006           0 F
          49  AV(POT-POTIN)=   9.4009696563127810E-010  MAX:(POT-POTIN)=   1.0167714208364487E-006           1 F
          50  AV(POT-POTIN)=   4.1834259552732105E-009  MAX:(POT-POTIN)=   1.3434328138828278E-006           2 F
          51  AV(POT-POTIN)=   1.6100987109069503E-010  MAX:(POT-POTIN)=   1.0454095900058746E-006           3 F
          52  AV(POT-POTIN)=   3.5633629494900511E-009  MAX:(POT-POTIN)=   1.1562369763851166E-006           0 F
          53  AV(POT-POTIN)=   2.3007605497075428E-009  MAX:(POT-POTIN)=   1.5662517398595810E-006           1 F
          54  AV(POT-POTIN)=   2.7300619692621134E-009  MAX:(POT-POTIN)=   1.7690472304821014E-006           2 F
          55  AV(POT-POTIN)=   2.2892397862874690E-009  MAX:(POT-POTIN)=   4.0163286030292511E-007           3 F
          56  AV(POT-POTIN)=   3.2516964493339748E-009  MAX:(POT-POTIN)=   7.3667615652084351E-007           0 F
          57  AV(POT-POTIN)=   1.7342722974344155E-009  MAX:(POT-POTIN)=   9.9744647741317749E-007           1 F
          58  AV(POT-POTIN)=   2.2540981803766435E-009  MAX:(POT-POTIN)=   4.1862949728965759E-007           2 F
          59  AV(POT-POTIN)=   2.6735807445247517E-009  MAX:(POT-POTIN)=   1.1862721294164658E-006           3 F
          60  AV(POT-POTIN)=   1.7930170070215069E-009  MAX:(POT-POTIN)=   1.0977964848279953E-006           4 F
          61  AV(POT-POTIN)=   2.8330819987222542E-009  MAX:(POT-POTIN)=   8.5029751062393188E-007           5 F
===================ENERGY REPORT OF ATOMLIB__AESCF==============================
TOTAL ENERGY:................  -290.17130223
KINETIC ENERGY:..............   290.88996059
HARTREE ENERGY:..............  -560.39827146
DFT XC ENERGY:...............     -20.662991
FINITE NUCLEUS:..............     0.00016059
.... CALCULATION USES FINITE NUCLEUS
.... DO NOT ADD FINITE NUCLEUS CORRECTION
... SELFCONSISTENCY OBTAINED
FINAL ONE-PARTICLE ENERGIES FROM AESCF  
  IB   L  SO         F#NODE                   E
   1   0   0      2.00    0             -65.780
   2   0   0      2.00    1              -5.127
   3   1   0      6.00    0              -3.512
   4   0   0      2.00    2              -0.397
   5   1   0      2.00    1              -0.150
 #ITERATIONS           62
========================================================
========= ALL-ELECTRON ATOM CALCULATION ================
========================================================
TOTAL ENERGY=             -290.1713022
  IB   N   L  SO                   E         F#(REM. EL.
   1   1   0   0            -65.7800   2.00000  12.00000
   2   2   0   0             -5.1274   2.00000  10.00000
   3   2   1   0             -3.5120   6.00000   4.00000
--------- CORE ABOVE, VALENCE BELOW --------------------
   4   3   0   0             -0.3973   2.00000   2.00000
   5   3   1   0             -0.1499   2.00000   0.00000
========================================================
========================================================
 ISCATT=           0           1           0           1           0
 LOX=              0           0           1           1           2
 VFOCK%TON  F
=================== ENERGIES FOR ATOMIC WAVE FUNCTIONS =========================
=================== OLD: AE SCHRODINGER EQUATION           =====================
=================== NEW: NODELESS EQUATION                 =====================
=================== DIFFERENCE DUE TO RELATIVISTIC EFFECTS =====================
IB=  1 L= 0 E[NEW]=      -65.77998 E[OLD]=      -65.77998
IB=  2 L= 0 E[NEW]=       -5.12740 E[OLD]=       -5.12740
IB=  3 L= 1 E[NEW]=       -3.51198 E[OLD]=       -3.51198
IB=  4 L= 0 E[NEW]=       -0.39730 E[OLD]=       -0.39730
IB=  5 L= 1 E[NEW]=       -0.14992 E[OLD]=       -0.14992
=================== ENERGIES FOR PARTIAL-WAVE CONSTRUCTION======================
RBOX=  2.51712
LN= 1 L= 0 E=  -0.39730 RC= 1.573
LN= 2 L= 0 E=   2.01120 RC= 1.573
LN= 3 L= 1 E=  -0.14992 RC= 1.573
LN= 4 L= 1 E=   2.21198 RC= 1.573
LN= 5 L= 2 E=   0.03141 RC= 1.573
===================  TRANSU ====================================================
   1.0000000000   1.0000000000   0.0000000000   0.0000000000   0.0000000000
   0.0000000000   2.4085033281   0.0000000000   0.0000000000   0.0000000000
   0.0000000000   0.0000000000   1.0000000000   1.0000000000   0.0000000000
   0.0000000000   0.0000000000   0.0000000000   2.3619080198   0.0000000000
   0.0000000000   0.0000000000   0.0000000000   0.0000000000   1.0000000000
===================  TRANSU^(-1) ===============================================
   1.0000000000  -0.4151956065  -0.0000000000   0.0000000000  -0.0000000000
   0.0000000000   0.4151956065  -0.0000000000   0.0000000000  -0.0000000000
   0.0000000000   0.0000000000   1.0000000000  -0.4233865128  -0.0000000000
   0.0000000000   0.0000000000   0.0000000000   0.4233865128  -0.0000000000
   0.0000000000   0.0000000000   0.0000000000   0.0000000000   1.0000000000
===================  TEST QN EQ.  ==============================================
LN= 1 L= 0  [T+V-E_N]|QN>-|UC>=   0.000000000000001
LN= 2 L= 0  [T+V-E_N]|QN>-|UC>=   0.000000000000001
LN= 3 L= 1  [T+V-E_N]|QN>-|UC>=   0.000000000000001
LN= 4 L= 1  [T+V-E_N]|QN>-|UC>=   0.000000000000001
LN= 5 L= 2  [T+V-E_N]|QN>-|UC>=   0.000000000000001
=================== <UC|AEPHI>/SQRT(<UC|UC>  ===================================
========= DEVIATION DUE NEGLECT OF SMALL COMPONENT==============================
========= ORTHOGONALIZATION DONE BASED ON ENERGIES==============================
   0.00000   0.00121   0.00000
   0.00000  -0.00044   0.00000
   0.00000   0.00000   0.00377
   0.00000   0.00000  -0.00080
   0.00000   0.00000   0.00000
===================  TEST AEPHI EQ.  ===========================================
LN= 1 L= 0  [T+V-E_N]|AEPHI_N> =   0.000000000731617
LN= 2 L= 0  [T+V-E_N]|AEPHI_N> =   0.000000000550499
LN= 3 L= 1  [T+V-E_N]|AEPHI_N> =   0.000000000000238
LN= 4 L= 1  [T+V-E_N]|AEPHI_N> =   0.000000000000122
LN= 5 L= 2  [T+V-E_N]|AEPHI_N> =   0.000000000000001
 L            0  E= -0.39730268724570916      PHIPHASE BEFORE ADJUSTMENT=   0.73183744048336719     
 L            0  E= -0.39730268724570916      PHIPHASE AFTER ADJUSTMENT=   0.73183744048336719     
 L            0  E=   2.0112006408419694      PHIPHASE BEFORE ADJUSTMENT=    1.7630573220198205     
 L            0  E=   2.0112006408419694      PHIPHASE AFTER ADJUSTMENT=    1.7630573220198205     
 L            1  E= -0.14992428323251358      PHIPHASE BEFORE ADJUSTMENT=   0.66803295214287184     
 L            1  E= -0.14992428323251358      PHIPHASE AFTER ADJUSTMENT=   0.66803295214287184     
 L            1  E=   2.2119837365419199      PHIPHASE BEFORE ADJUSTMENT=    1.7092049275103192     
 L            1  E=   2.2119837365419199      PHIPHASE AFTER ADJUSTMENT=    1.7092049275103192     
 L            2  E=   3.1409085561269312E-002 PHIPHASE BEFORE ADJUSTMENT=   0.49176936911494928     
 L            2  E=   3.1409085561269312E-002 PHIPHASE AFTER ADJUSTMENT=   0.49176936911494928     
===================  TEST RAW PAW EQUATION  ====================================
LN= 1 L= 0 RAW PAW EQ.   0.00000 SCHR. EQ.   0.00000
LN= 2 L= 0 RAW PAW EQ.   0.00000 SCHR. EQ.   0.00000
LN= 3 L= 1 RAW PAW EQ.   0.00000 SCHR. EQ.   0.00000
LN= 4 L= 1 RAW PAW EQ.   0.00000 SCHR. EQ.   0.00000
LN= 5 L= 2 RAW PAW EQ.   0.00000 SCHR. EQ.   0.00000
 VFOCK%TON   F
 RBND          2.5171150545824967     
DT    0.15391E+01 0.89927E+00 0.00000E+00 0.00000E+00 0.00000E+00
DT    0.90153E+00 0.53029E+00 0.00000E+00 0.00000E+00 0.00000E+00
DT    0.00000E+00 0.00000E+00 0.93973E+00 0.49841E+00 0.00000E+00
DT    0.00000E+00 0.00000E+00 0.50228E+00 0.27962E+00 0.00000E+00
DT    0.00000E+00 0.00000E+00 0.00000E+00 0.00000E+00 0.54728E-01
DH    0.54193E+00 0.30843E+00 0.00000E+00 0.00000E+00 0.00000E+00
DH    0.31069E+00 0.19346E+00 0.00000E+00 0.00000E+00 0.00000E+00
DH    0.00000E+00 0.00000E+00 0.11503E+00 0.46618E-01 0.00000E+00
DH    0.00000E+00 0.00000E+00 0.50494E-01 0.27028E-01 0.00000E+00
DH    0.00000E+00 0.00000E+00 0.00000E+00 0.00000E+00-0.32338E-01
DO   -0.18840E+00-0.12757E+00 0.00000E+00 0.00000E+00 0.00000E+00
DO   -0.12757E+00-0.97617E-01 0.00000E+00 0.00000E+00 0.00000E+00
DO    0.00000E+00 0.00000E+00-0.41060E-01-0.18355E-01 0.00000E+00
DO    0.00000E+00 0.00000E+00-0.18355E-01-0.10282E-01 0.00000E+00
DO    0.00000E+00 0.00000E+00 0.00000E+00 0.00000E+00 0.17363E-01
LN= 1 DTKIN-TRANSPOSE(DTKIN)=   0.00000  -0.00225   0.00000   0.00000   0.00000
LN= 2 DTKIN-TRANSPOSE(DTKIN)=   0.00225   0.00000   0.00000   0.00000   0.00000
LN= 3 DTKIN-TRANSPOSE(DTKIN)=   0.00000   0.00000   0.00000  -0.00388   0.00000
LN= 4 DTKIN-TRANSPOSE(DTKIN)=   0.00000   0.00000   0.00388   0.00000   0.00000
LN= 5 DTKIN-TRANSPOSE(DTKIN)=   0.00000   0.00000   0.00000   0.00000   0.00000
LN= 1 <P|PSPHI>=   1.00000  -0.00000   0.00000   0.00000   0.00000
LN= 2 <P|PSPHI>=  -0.00000   1.00000   0.00000   0.00000   0.00000
LN= 3 <P|PSPHI>=   0.00000   0.00000   1.00000   0.00000   0.00000
LN= 4 <P|PSPHI>=   0.00000   0.00000  -0.00000   1.00000   0.00000
LN= 5 <P|PSPHI>=   0.00000   0.00000   0.00000   0.00000   1.00000
===================  TEST PAW EQUATION  ========================================
LN= 1 L= 0 PAW EQ.             0.00000 SCHR. EQ.             0.00000 DPRO              0.00000
LN= 2 L= 0 PAW EQ.             0.00000 SCHR. EQ.             0.00000 DPRO              0.00000
LN= 3 L= 1 PAW EQ.             0.00000 SCHR. EQ.             0.00000 DPRO              0.00000
LN= 4 L= 1 PAW EQ.             0.00000 SCHR. EQ.             0.00000 DPRO              0.00000
LN= 5 L= 2 PAW EQ.             0.00000 SCHR. EQ.             0.00000 DPRO              0.00000
 =================== L=           0  =================================
 BEFORE PAWBOUNDSTATE
 L=           0  NN=           0  E= -0.39730279875436741       NPRO=           2  ROUT=   19.716639202099568       IB=           4
  E= -0.39873313877772948     
 =================== L=           1  =================================
 BEFORE PAWBOUNDSTATE
 L=           1  NN=           0  E= -0.14992428423013904       NPRO=           2  ROUT=   19.716639202099568       IB=           5
  E= -0.15199800635621785     
 =================== L=           2  =================================
===================  STRAIGHT AE- AND PAW-ENERGY LEVELS ========================
IB= 4 L= 0 AE-ENERGY: -10.81101 EV; PS-ENERGY: -10.84993 EV
IB= 5 L= 1 AE-ENERGY:  -4.07959 EV; PS-ENERGY:  -4.13602 EV
 PSEUDO+AUGMENTATION CHARGE    1.8586399011130731E-014  (SHOULD BE ZERO)
===================  DTKIN BEFORE SYMMETRIZATION ===============================
       1.539       0.899       0.000       0.000       0.000
       0.902       0.530       0.000       0.000       0.000
       0.000       0.000       0.940       0.498       0.000
       0.000       0.000       0.502       0.280       0.000
       0.000       0.000       0.000       0.000       0.055
===================  DO BEFORE SYMMETRIZATION ==================================
      -0.188      -0.128       0.000       0.000       0.000
      -0.128      -0.098       0.000       0.000       0.000
       0.000       0.000      -0.041      -0.018       0.000
       0.000       0.000      -0.018      -0.010       0.000
       0.000       0.000       0.000       0.000       0.017
 LIB_FFTW: CREATE PLAN FOR: GTOR           1         500           0
 LIB_FFTW: CREATE PLAN FOR: RTOG          -1         500           1
L= 0 IB= 1 E(LOCAL)=  -0.93753 E(OUTER)=  -0.09800
L= 0 IB= 2 E(LOCAL)=  -0.06384 E(OUTER)=   0.01654
L= 0 IB= 3 E(LOCAL)=   0.02210 E(OUTER)=   0.07131
L= 0 IB= 4 E(LOCAL)=   0.08100 E(OUTER)=   0.16595
L= 1 IB= 1 E(LOCAL)=  -0.24566 E(OUTER)=  -0.02387
L= 1 IB= 2 E(LOCAL)=   0.01055 E(OUTER)=   0.03418
L= 1 IB= 3 E(LOCAL)=   0.05584 E(OUTER)=   0.09786
L= 1 IB= 4 E(LOCAL)=   0.13807 E(OUTER)=   0.19517
L= 2 IB= 1 E(LOCAL)=   0.03182 E(OUTER)=   0.03282
L= 2 IB= 2 E(LOCAL)=   0.06980 E(OUTER)=   0.07347
L= 2 IB= 3 E(LOCAL)=   0.13978 E(OUTER)=   0.14880
L= 2 IB= 4 E(LOCAL)=   0.23190 E(OUTER)=   0.24744
========= GHOSTBUSTER FOR=   SI Z=  14.0 =======================================
LN 1 L= 0 E(INNER)=   1.30022 H
LN 2 L= 0 E(INNER)=   1.75638 H
LN 3 L= 1 E(INNER)=   2.23741 H
LN 4 L= 1 E(INNER)=   5.79130 H
LN 5 L= 2 E(INNER)=   6.90812 H
 LIB_FFTW: CREATE PLAN FOR: GTOR           1        1024           2
 LIB_FFTW: CREATE PLAN FOR: RTOG          -1        1024           3
================================================================================
===================  SETUP CONSTRUCTION FINISHED  ==============================
================================================================================
NO. OF INEQUIVALENT K-POINTS     8
NUMBER OF DIFFERENT TETRAHEDRA :   24
 DYNOCC__SETR8: SPIN HAS BEEN SET TO    0.0000000000000000     
 LIB_FFTW: CREATE PLAN FOR: GTOR           1          18           4
 LIB_FFTW: CREATE PLAN FOR: RTOG          -1          18           5
 CONSTANT ENERGY    9.2196263040980853       0.38920741220697908     
 CONSTANT ENERGY    8.1271625453985745        1.2532185026690414     
 CONSTANT ENERGY    6.1744862010973325        1.9459502627854750     
 CONSTANT ENERGY    3.8317905893238708        2.1429794066475742     
 CONSTANT ENERGY    1.5934789876688540        1.9679293312801796     
 CONSTANT ENERGY  -0.27757512969483855        1.6242981018335136     
 CONSTANT ENERGY   -1.7267990977417238        1.2677806273620202     
 CONSTANT ENERGY   -2.8140905722960090       0.97518916245709275     
 CONSTANT ENERGY   -3.6321025207682158       0.76169192235391336     
 CONSTANT ENERGY   -4.2618526300140616       0.61208909964578551     
 CONSTANT ENERGY   -4.7600298334221680       0.50506801606485574     
 CONSTANT ENERGY   -5.1626870742547597       0.42452899755314877     
 CONSTANT ENERGY   -5.4929744224974808       0.36131748641029449     
 CONSTANT ENERGY   -5.7670506859278792       0.31087740284955423     
 CONSTANT ENERGY   -5.9971386490672405       0.27064044227779310     
 CONSTANT ENERGY   -6.1927217521950624       0.23857391779196005     
 CONSTANT ENERGY   -6.3610262293483322       0.21278730423196682     
 CONSTANT ENERGY   -6.5074041766861415       0.19162359586168087     
 CONSTANT ENERGY   -6.6357636277257601       0.17379648647407245     
 CONSTANT ENERGY   -6.7489885305595942       0.15841360475979299     
 CONSTANT ENERGY   -6.8492789376025671       0.14490620824060496     
 CONSTANT ENERGY   -6.9383908984577642       0.13293210641433795     
 CONSTANT ENERGY   -7.0177915444872685       0.12229312018075518     
 CONSTANT ENERGY   -7.0887533371599458       0.11287471209484055     
 CONSTANT ENERGY   -7.1524059004464187       0.10460090185164585     
 CONSTANT ENERGY   -7.2097581004353746        9.7399392299236040E-002
 CONSTANT ENERGY   -7.2617009542182629        9.1177489628695180E-002
 CONSTANT ENERGY   -7.3090016584105886        8.5811094777016428E-002
 CONSTANT ENERGY   -7.3522975805985862        8.1146544237577806E-002
 CONSTANT ENERGY   -7.3920959906028152        7.7011821992975266E-002
 CONSTANT ENERGY   -7.4287817777849758        7.3232304438030582E-002
 CONSTANT ENERGY   -7.4626327255921527        6.9646962233354481E-002
 CONSTANT ENERGY   -7.4938404863671693        6.6122524382496245E-002
 CONSTANT ENERGY   -7.5225349067469578        6.2564278797492975E-002
 CONSTANT ENERGY   -7.5488092601823471        5.8922624589291678E-002
 CONSTANT ENERGY   -7.5727439486813877        5.5194635132495173E-002
 CONSTANT ENERGY   -7.5944264412595350        5.1420270951916466E-002
 CONSTANT ENERGY   -7.6139656860221967        4.7673658392778775E-002
 CONSTANT ENERGY   -7.6315000414014236        4.4050773751593289E-002
 CONSTANT ENERGY   -7.6471987449869676        4.0655541259004765E-002
 CONSTANT ENERGY   -7.6612578425663251        3.7586502110599052E-002
 CONSTANT ENERGY   -7.6738921256855290        3.4925836464180043E-002
 CONSTANT ENERGY   -7.6853248795671645        3.2731818701716868E-002
 CONSTANT ENERGY   -7.6957771529036929        3.1035017278112240E-002
 CONSTANT ENERGY   -7.7054579180150506        2.9837918017789074E-002
 CONSTANT ENERGY   -7.7145560509813658        2.9117254803583400E-002
 CONSTANT ENERGY   -7.7232345980824464        2.8828180844757963E-002
 CONSTANT ENERGY   -7.7316274299830718        2.8909452901049536E-002
 CONSTANT ENERGY   -7.7398381163854584        2.9288949136505281E-002
WRITING : HEADER
WRITING : TIMESTEP
WRITING : ATOMS
WRITING : CELL
WRITING : OCCUPATIONS
WRITING : WAVES
WRITING : ENDOFFILE
 CONSTANT ENERGY   -7.7479406886489457        2.9889020835255579E-002
 CONSTANT ENERGY   -7.7559818879491704        3.0631336068500298E-002
 CONSTANT ENERGY   -7.7639844719867384        3.1440989966977397E-002
 CONSTANT ENERGY   -7.7719511695090464        3.2249739560237023E-002
 CONSTANT ENERGY   -7.7798689093286955        3.2998290285525048E-002
 CONSTANT ENERGY   -7.7877130038273252        3.3637630341395094E-002
 CONSTANT ENERGY   -7.7954510413157623        3.4129479668950809E-002
 CONSTANT ENERGY   -7.8030462935729625        3.4445984925698878E-002
 CONSTANT ENERGY   -7.8104605565374374        3.4568840222649264E-002
 CONSTANT ENERGY   -7.8176563744540850        3.4488038650298661E-002
 CONSTANT ENERGY   -7.8245986784776669        3.4200460437656219E-002
 CONSTANT ENERGY   -7.8312559013768128        3.3708482124972405E-002
 CONSTANT ENERGY   -7.8376006729939274        3.3018751457573388E-002
 CONSTANT ENERGY   -7.8436101852611477        3.2141221051678860E-002
 CONSTANT ENERGY   -7.8492663379505254        3.1088477699792335E-002
 CONSTANT ENERGY   -7.8545557449673140        2.9875350602246314E-002
 CONSTANT ENERGY   -7.8594696647719875        2.8518737690825920E-002
 CONSTANT ENERGY   -7.8640038933382410        2.7037559653317202E-002
 CONSTANT ENERGY   -7.8681586351023718        2.5452739015481035E-002
 CONSTANT ENERGY   -7.8719383488299188        2.3787107394045139E-002
 CONSTANT ENERGY   -7.8753515533872021        2.2065165978154680E-002
 CONSTANT ENERGY   -7.8784105739420633        2.0312657977991977E-002
 CONSTANT ENERGY   -7.8811312116763608        1.8555950495394484E-002
 CONSTANT ENERGY   -7.8835323278793492        1.6821259446798048E-002
 CONSTANT ENERGY   -7.8856353438740490        1.5133778440973120E-002
 CONSTANT ENERGY   -7.8874636690598461        1.3516787461669930E-002
 CONSTANT ENERGY   -7.8890420784965789        1.1990819727601090E-002
 CONSTANT ENERGY   -7.8937296092553089        7.2394159259416809E-003
 CONSTANT ENERGY   -7.8988512310124426        2.0848837224155684E-003
 CONSTANT ENERGY   -7.9000474970743566        9.3613268788039490E-004
 CONSTANT ENERGY   -7.9001592528695754        9.6386308156159550E-004
 CONSTANT ENERGY   -7.9002756184420830        1.0670173879965667E-003
 CONSTANT ENERGY   -7.9004031388025693        1.2236510672754730E-003
 CONSTANT ENERGY   -7.9005454724185462        1.4128651963576846E-003
 CONSTANT ENERGY   -7.9007038730918264        1.6157430843848008E-003
 CONSTANT ENERGY   -7.9008776947947572        1.8159686305992922E-003
 CONSTANT ENERGY   -7.9010648812082289        2.0001434920640915E-003
 CONSTANT ENERGY   -7.9012624133998743        2.1578582801310333E-003
 CONSTANT ENERGY   -7.9014666998681706        2.2815860597084174E-003
 CONSTANT ENERGY   -7.9016739021899758        2.3664629838728371E-003
 CONSTANT ENERGY   -7.9018801964270953        2.4100097480809161E-003
 CONSTANT ENERGY   -7.9020819751616100        2.4118335063652912E-003
 CONSTANT ENERGY   -7.9022762576166272        2.3730745779712856E-003
 CONSTANT ENERGY   -7.9024629015256496        2.2940141103504987E-003
 CONSTANT ENERGY   -7.9026414537940335        2.1770297373914400E-003
 CONSTANT ENERGY   -7.9028091714816675        2.0285799470868534E-003
 CONSTANT ENERGY   -7.9035705422514475        1.2493704320452822E-003
 CONSTANT ENERGY   -7.9044488163846527        3.5255916364279952E-004
 CONSTANT ENERGY   -7.9046971113260867        1.0008876457955677E-004
 CONSTANT ENERGY   -7.9047533466437798        5.1331873194615789E-005
WRITING : HEADER
WRITING : TIMESTEP
WRITING : ATOMS
WRITING : CELL
WRITING : OCCUPATIONS
WRITING : WAVES
WRITING : ENDOFFILE
 CONSTANT ENERGY   -7.9047582545579642        6.6206376975758304E-005
 CONSTANT ENERGY   -7.9047647704432640        8.9739263267164798E-005
 CONSTANT ENERGY   -7.9047734272338612        1.1890609626015245E-004
 CONSTANT ENERGY   -7.9047845245696315        1.5077049979371021E-004
 CONSTANT ENERGY   -7.9047981487666830        1.8272240019765858E-004
 CONSTANT ENERGY   -7.9048142060424897        2.1262837309382772E-004
 CONSTANT ENERGY   -7.9048324623574100        2.3889501971468906E-004
 CONSTANT ENERGY   -7.9048525843013673        2.6046039045965708E-004
 CONSTANT ENERGY   -7.9048741768598809        2.7673550541612720E-004
 CONSTANT ENERGY   -7.9048968155424033        2.8751901721111954E-004
 CONSTANT ENERGY   -7.9049200718934216        2.9290481620267443E-004
 CONSTANT ENERGY   -7.9049435325854356        2.9319665692169664E-004
 CONSTANT ENERGY   -7.9049668129400184        2.8883737152006922E-004
 CONSTANT ENERGY   -7.9049895659073695        2.8035457740042372E-004
 CONSTANT ENERGY   -7.9050114874495119        2.6832124751922080E-004
 CONSTANT ENERGY   -7.9050323191892540        2.5332842210376507E-004
 CONSTANT ENERGY   -7.9050518491709392        2.3596790254643447E-004
 CONSTANT ENERGY   -7.9051409192725046        1.4581589666165065E-004
 CONSTANT ENERGY   -7.9052438888312055        4.1778731670099052E-005
 CONSTANT ENERGY   -7.9052675406583175        1.8586505810913202E-005
 CONSTANT ENERGY   -7.9052690819777061        1.9037937499606321E-005
 CONSTANT ENERGY   -7.9052707143068757        2.0590509092295397E-005
 CONSTANT ENERGY   -7.9052724985352780        2.2775124549624748E-005
 CONSTANT ENERGY   -7.9052744610148160        2.5155786022953660E-005
 CONSTANT ENERGY   -7.9052765986965454        2.7375634537794190E-005
 CONSTANT ENERGY   -7.9052788866059007        2.9181298933101482E-005
 CONSTANT ENERGY   -7.9052812858868737        3.0426541355349210E-005
Note: The following floating-point exceptions are signalling: IEEE_UNDERFLOW_FLAG IEEE_DENORMAL
STOP NORMAL STOP IN MPE__STOPALL
 CONSTANT ENERGY   -7.9052837512007619        3.1060075845814917E-005
 CONSTANT ENERGY   -7.9052862367191743        3.1104181910683456E-005
 CONSTANT ENERGY   -7.9052887004176311        3.0630527601803294E-005
 CONSTANT ENERGY   -7.9052911067498526        2.9738068751561101E-005
 CONSTANT ENERGY   -7.9052934280002152        2.8535714120900912E-005
 CONSTANT ENERGY   -7.9052956446741360        2.7130300780278803E-005
 CONSTANT ENERGY   -7.9052977452019721        2.5618861480129506E-005
 CONSTANT ENERGY   -7.9052997251011003        2.4083540336970134E-005
 CONSTANT ENERGY   -7.9053015856665558        2.2587853575598386E-005
 CONSTANT ENERGY   -7.9053033322619681        2.1173945758902686E-005
 CONSTANT ENERGY   -7.9053049723851068        1.9861452642978189E-005
 CONSTANT ENERGY   -7.9053065137880898        1.8648980532759291E-005
 CONSTANT ENERGY   -7.9053079629809568        1.7518811279347308E-005
 CONSTANT ENERGY   -7.9053093243837491        1.6444448912346092E-005
 CONSTANT ENERGY   -7.9053106002572235        1.5399552814768503E-005
 CONSTANT ENERGY   -7.9053117913327755        1.4366182049551840E-005
 CONSTANT ENERGY   -7.9053128979186038        1.3340382717118614E-005
 CONSTANT ENERGY   -7.9053139211644989        1.2333913368139136E-005
 CONSTANT ENERGY   -7.9053185862056807        7.6499470796594334E-006
 CONSTANT ENERGY   -7.9053229079623373        3.4751629653252064E-006
 CONSTANT ENERGY   -7.9053231953578074        3.6407658379510719E-006
 CONSTANT ENERGY   -7.9053235087151466        4.0524587625984439E-006
 CONSTANT ENERGY   -7.9053238638264425        4.6411359446558401E-006
WRITING : HEADER
WRITING : TIMESTEP
WRITING : ATOMS
WRITING : CELL
WRITING : OCCUPATIONS
WRITING : WAVES
WRITING : ENDOFFILE
 CONSTANT ENERGY   -7.9053242708854130        5.3325653107934354E-006
 CONSTANT ENERGY   -7.9053247343369328        6.0552263789100469E-006
 CONSTANT ENERGY   -7.9053252534840919        6.7467042355892515E-006
 CONSTANT ENERGY   -7.9053258234475079        7.3578295041249411E-006
 CONSTANT ENERGY   -7.9053264362912907        7.8543215475757866E-006
 CONSTANT ENERGY   -7.9053270821376396        8.2161985752844716E-006
 CONSTANT ENERGY   -7.9053277501364105        8.4355799548630742E-006
 CONSTANT ENERGY   -7.9053284292182564        8.5136805431727741E-006
 CONSTANT ENERGY   -7.9053291086211370        8.4577707945970645E-006
 CONSTANT ENERGY   -7.9053297782305991        8.2786738700910479E-006
 CONSTANT ENERGY   -7.9053304287900232        7.9890656398294137E-006
 CONSTANT ENERGY   -7.9053310520343327        7.6025457018951666E-006
 CONSTANT ENERGY   -7.9053316407747598        7.1332596981450443E-006
 CONSTANT ENERGY   -7.9053321889607986        6.5958185473790312E-006
 CONSTANT ENERGY   -7.9053346502039572        4.0468622985540413E-006
 CONSTANT ENERGY   -7.9053374967778707        1.1452582709573807E-006
 CONSTANT ENERGY   -7.9053381446975983        5.1242835078410453E-007
 CONSTANT ENERGY   -7.9053381885999228        5.4594082913884280E-007
 CONSTANT ENERGY   -7.9053382374958394        6.2093040103655319E-007
 CONSTANT ENERGY   -7.9053382932076719        7.1653833974245105E-007
 CONSTANT ENERGY   -7.9053383563061272        8.1422341651510593E-007
 CONSTANT ENERGY   -7.9053384261921869        8.9996552863593535E-007
 CONSTANT ENERGY   -7.9053385015073854        9.6528160618803165E-007
 CONSTANT ENERGY   -7.9053385805507945        1.0071041624660554E-006
WRITING : HEADER
WRITING : TIMESTEP
WRITING : ATOMS
WRITING : CELL
WRITING : OCCUPATIONS
WRITING : WAVES
WRITING : ENDOFFILE
 CONSTANT ENERGY   -7.9053386616338175        1.0267989685102862E-006
NORMAL STOP: CALLING MPE__STOPALL TO CLOSE DOWN
