TRACE-PUSH(  1): LEVEL=    1 INTO MAIN
TRACE-MEM(  1): MAXMEM[MBYTE]=   0.00000 TIME20260907 134102.249
TRACE-PUSH(  1): LEVEL=    2 INTO PAW
TRACE-MEM(  1): MAXMEM[MBYTE]=   0.00000 TIME20260907 134102.249
TRACE-PUSH(  1): LEVEL=    3 INTO READIN
TRACE-MEM(  1): MAXMEM[MBYTE]=   0.00000 TIME20260907 134102.249
TRACE-PUSH(  1): LEVEL=    4 INTO READIN_FILES
TRACE-MEM(  1): MAXMEM[MBYTE]=   0.00000 TIME20260907 134102.250
TRACE-PUSH(  1): LEVEL=    5 INTO STANDARDFILES
TRACE-MEM(  1): MAXMEM[MBYTE]=   0.00000 TIME20260907 134102.250
TRACE-POP (  1): LEVEL=    5 FROM STANDARDFILES                   
TRACE-MEM(  1): MAXMEM[MBYTE]=   0.00000 TIME20260907 134102.251
TRACE-POP (  1): LEVEL=    4 FROM READIN_FILES                    
TRACE-MEM(  1): MAXMEM[MBYTE]=   0.00000 TIME20260907 134102.251
TRACE-PUSH(  1): LEVEL=    4 INTO READIN_GENERIC
TRACE-MEM(  1): MAXMEM[MBYTE]=   0.00000 TIME20260907 134102.251
 PAW_SETUPS.F90 A LAMBDA=   6.0000000000000000        6.0000000000000000        6.0000000000000000        6.0000000000000000     
================================================================================
===================  SETUP CONSTRUCTION FOR SI  ================================
================================================================================
 THIS%SETTING%SO= F
KEY: START,REL,NONSO,ZORA
RELATIVISTIC EFFECTS SWITCHED ON?     T
SPIN-ORBIT COUPLING SWITCHED ON?      F
ZORA SWITCHED ON?                     T
FOCK CONTRIBTION ON?                  F
START FROM SCRATCH?                    T
DOING SCF ITERATIONS FOR ATOM WITH Z=  14.00000
           1  AV(POT-POTIN)=   2.3484706839813758       MAX:(POT-POTIN)=   21766.333955052542                0 F
           2  AV(POT-POTIN)=   1.1354361936198627       MAX:(POT-POTIN)=   11987.008812229848                0 F
           3  AV(POT-POTIN)=  0.65020489593549868       MAX:(POT-POTIN)=   661.45745545532554                0 F
           4  AV(POT-POTIN)=  0.50897477908261268       MAX:(POT-POTIN)=   311.04457219946198                0 F
           5  AV(POT-POTIN)=  0.21199586605391071       MAX:(POT-POTIN)=   70.550231548724696                0 F
           6  AV(POT-POTIN)=   8.5937499690668481E-002  MAX:(POT-POTIN)=   57.151716960594058                0 F
           7  AV(POT-POTIN)=   1.6855198246834811E-002  MAX:(POT-POTIN)=   6.8615882953163236                0 F
           8  AV(POT-POTIN)=   7.8259353198459405E-003  MAX:(POT-POTIN)=   3.0014224739279598                0 F
           9  AV(POT-POTIN)=   2.6060744334699274E-003  MAX:(POT-POTIN)=  0.37456498364917934                0 F
          10  AV(POT-POTIN)=   9.1398717101014810E-004  MAX:(POT-POTIN)=   5.9137249598279595E-002           0 F
          11  AV(POT-POTIN)=   2.4508223822675634E-004  MAX:(POT-POTIN)=   7.4975246097892523E-003           0 F
          12  AV(POT-POTIN)=   2.4947522619594843E-003  MAX:(POT-POTIN)=   6.2537666115134782E-002           0 F
          13  AV(POT-POTIN)=   2.2549474490823739E-003  MAX:(POT-POTIN)=   5.6522551186844835E-002           1 F
          14  AV(POT-POTIN)=   3.3540834885859700E-004  MAX:(POT-POTIN)=   7.7041087291480903E-003           2 F
          15  AV(POT-POTIN)=   4.6611065387248247E-004  MAX:(POT-POTIN)=   1.1559207629711892E-002           3 F
          16  AV(POT-POTIN)=   5.9446809970234741E-004  MAX:(POT-POTIN)=   1.4893093540523756E-002           4 F
          17  AV(POT-POTIN)=   2.5783726185405428E-003  MAX:(POT-POTIN)=   6.4689054049341957E-002           5 F
          18  AV(POT-POTIN)=   7.8189907800071772E-004  MAX:(POT-POTIN)=   1.9619930301127551E-002           6 F
          19  AV(POT-POTIN)=   1.0536412287737776E-003  MAX:(POT-POTIN)=   2.6440818399238945E-002           7 F
          20  AV(POT-POTIN)=   1.0608987561110002E-003  MAX:(POT-POTIN)=   2.6622855376503260E-002           8 F
          21  AV(POT-POTIN)=   2.4978025892281458E-003  MAX:(POT-POTIN)=   6.2681739687382998E-002           9 F
          22  AV(POT-POTIN)=   1.7587922827958179E-003  MAX:(POT-POTIN)=   4.4136510976070679E-002          10 F
          23  AV(POT-POTIN)=   1.0678976882448113E-003  MAX:(POT-POTIN)=   2.6798521987793849E-002          11 F
          24  AV(POT-POTIN)=   6.1490109809746781E-004  MAX:(POT-POTIN)=   1.5430391181062484E-002          12 F
          25  AV(POT-POTIN)=   2.4934663766785544E-003  MAX:(POT-POTIN)=   6.2573010376030483E-002          13 F
          26  AV(POT-POTIN)=   2.6758552628447035E-003  MAX:(POT-POTIN)=   6.7150037288148223E-002          14 F
          27  AV(POT-POTIN)=   4.3684575312918066E-003  MAX:(POT-POTIN)=  0.10962555605036492               15 F
          28  AV(POT-POTIN)=   1.9678227953687983E-003  MAX:(POT-POTIN)=   4.9382118367443495E-002          16 F
          29  AV(POT-POTIN)=   8.4166564790021559E-004  MAX:(POT-POTIN)=   2.1121403657167206E-002          17 F
          30  AV(POT-POTIN)=   6.2182619000030490E-004  MAX:(POT-POTIN)=   1.5604603678519707E-002          18 F
          31  AV(POT-POTIN)=   1.1578370601016901E-007  MAX:(POT-POTIN)=   2.8918437083996773E-006          19 F
          32  AV(POT-POTIN)=   1.1306403551714888E-007  MAX:(POT-POTIN)=   2.8165650351880123E-006           0 F
          33  AV(POT-POTIN)=   5.7029421442327639E-008  MAX:(POT-POTIN)=   2.2740568965673447E-006           0 F
          34  AV(POT-POTIN)=   4.5753233446064746E-008  MAX:(POT-POTIN)=   2.0351726561784744E-006           0 F
          35  AV(POT-POTIN)=   4.4900133557638785E-008  MAX:(POT-POTIN)=   1.1188621673596799E-006           0 F
          36  AV(POT-POTIN)=   2.3143137028827831E-008  MAX:(POT-POTIN)=   1.3206154108047485E-006           0 F
          37  AV(POT-POTIN)=   1.8680755119294084E-008  MAX:(POT-POTIN)=   1.6652047634124756E-006           0 F
          38  AV(POT-POTIN)=   1.7273861001163047E-008  MAX:(POT-POTIN)=   2.8756912797689438E-006           0 F
          39  AV(POT-POTIN)=   1.2634053946187974E-008  MAX:(POT-POTIN)=   1.0945368558168411E-006           0 F
          40  AV(POT-POTIN)=   7.4319661593468555E-009  MAX:(POT-POTIN)=   1.2211967259645462E-006           0 F
          41  AV(POT-POTIN)=   4.5387102688693890E-009  MAX:(POT-POTIN)=   8.3609484136104584E-007           0 F
          42  AV(POT-POTIN)=   5.7550257841198197E-009  MAX:(POT-POTIN)=   1.4982651919126511E-006           0 F
          43  AV(POT-POTIN)=   2.2348746733883862E-009  MAX:(POT-POTIN)=   5.0477683544158936E-007           1 F
          44  AV(POT-POTIN)=   5.1120939929353894E-009  MAX:(POT-POTIN)=   2.4607870727777481E-006           0 F
          45  AV(POT-POTIN)=   1.1482679368352297E-009  MAX:(POT-POTIN)=   8.6799263954162598E-007           1 F
          46  AV(POT-POTIN)=   4.6202991897682519E-009  MAX:(POT-POTIN)=   1.9685830920934677E-006           0 F
          47  AV(POT-POTIN)=   5.2249414908536531E-010  MAX:(POT-POTIN)=   1.2181699275970459E-006           1 F
          48  AV(POT-POTIN)=   4.2517369473901106E-009  MAX:(POT-POTIN)=   1.9266735762357712E-006           0 F
          49  AV(POT-POTIN)=   9.4009696563127810E-010  MAX:(POT-POTIN)=   1.0167714208364487E-006           1 F
          50  AV(POT-POTIN)=   4.1834259552732105E-009  MAX:(POT-POTIN)=   1.3434328138828278E-006           2 F
          51  AV(POT-POTIN)=   1.6100987109069503E-010  MAX:(POT-POTIN)=   1.0454095900058746E-006           3 F
          52  AV(POT-POTIN)=   3.5633629494900511E-009  MAX:(POT-POTIN)=   1.1562369763851166E-006           0 F
          53  AV(POT-POTIN)=   2.3007605497075428E-009  MAX:(POT-POTIN)=   1.5662517398595810E-006           1 F
          54  AV(POT-POTIN)=   2.7300619692621134E-009  MAX:(POT-POTIN)=   1.7690472304821014E-006           2 F
          55  AV(POT-POTIN)=   2.2892397862874690E-009  MAX:(POT-POTIN)=   4.0163286030292511E-007           3 F
          56  AV(POT-POTIN)=   3.2516964493339748E-009  MAX:(POT-POTIN)=   7.3667615652084351E-007           0 F
          57  AV(POT-POTIN)=   1.7342722974344155E-009  MAX:(POT-POTIN)=   9.9744647741317749E-007           1 F
          58  AV(POT-POTIN)=   2.2540981803766435E-009  MAX:(POT-POTIN)=   4.1862949728965759E-007           2 F
          59  AV(POT-POTIN)=   2.6735807445247517E-009  MAX:(POT-POTIN)=   1.1862721294164658E-006           3 F
          60  AV(POT-POTIN)=   1.7930170070215069E-009  MAX:(POT-POTIN)=   1.0977964848279953E-006           4 F
          61  AV(POT-POTIN)=   2.8330819987222542E-009  MAX:(POT-POTIN)=   8.5029751062393188E-007           5 F
===================ENERGY REPORT OF ATOMLIB__AESCF==============================
TOTAL ENERGY:................  -290.17130223
KINETIC ENERGY:..............   290.88996059
HARTREE ENERGY:..............  -560.39827146
DFT XC ENERGY:...............     -20.662991
FINITE NUCLEUS:..............     0.00016059
.... CALCULATION USES FINITE NUCLEUS
.... DO NOT ADD FINITE NUCLEUS CORRECTION
... SELFCONSISTENCY OBTAINED
FINAL ONE-PARTICLE ENERGIES FROM AESCF  
  IB   L  SO         F#NODE                   E
   1   0   0      2.00    0             -65.780
   2   0   0      2.00    1              -5.127
   3   1   0      6.00    0              -3.512
   4   0   0      2.00    2              -0.397
   5   1   0      2.00    1              -0.150
 #ITERATIONS           62
========================================================
========= ALL-ELECTRON ATOM CALCULATION ================
========================================================
TOTAL ENERGY=             -290.1713022
  IB   N   L  SO                   E         F#(REM. EL.
   1   1   0   0            -65.7800   2.00000  12.00000
   2   2   0   0             -5.1274   2.00000  10.00000
   3   2   1   0             -3.5120   6.00000   4.00000
--------- CORE ABOVE, VALENCE BELOW --------------------
   4   3   0   0             -0.3973   2.00000   2.00000
   5   3   1   0             -0.1499   2.00000   0.00000
========================================================
========================================================
 ISCATT=           0           1           0           1           0
 LOX=              0           0           1           1           2
 VFOCK%TON  F
=================== ENERGIES FOR ATOMIC WAVE FUNCTIONS =========================
=================== OLD: AE SCHRODINGER EQUATION           =====================
=================== NEW: NODELESS EQUATION                 =====================
=================== DIFFERENCE DUE TO RELATIVISTIC EFFECTS =====================
IB=  1 L= 0 E[NEW]=      -65.77998 E[OLD]=      -65.77998
IB=  2 L= 0 E[NEW]=       -5.12740 E[OLD]=       -5.12740
IB=  3 L= 1 E[NEW]=       -3.51198 E[OLD]=       -3.51198
IB=  4 L= 0 E[NEW]=       -0.39730 E[OLD]=       -0.39730
IB=  5 L= 1 E[NEW]=       -0.14992 E[OLD]=       -0.14992
=================== ENERGIES FOR PARTIAL-WAVE CONSTRUCTION======================
RBOX=  2.51712
LN= 1 L= 0 E=  -0.39730 RC= 1.573
LN= 2 L= 0 E=   2.01120 RC= 1.573
LN= 3 L= 1 E=  -0.14992 RC= 1.573
LN= 4 L= 1 E=   2.21198 RC= 1.573
LN= 5 L= 2 E=   0.03141 RC= 1.573
===================  TRANSU ====================================================
   1.0000000000   1.0000000000   0.0000000000   0.0000000000   0.0000000000
   0.0000000000   2.4085033281   0.0000000000   0.0000000000   0.0000000000
   0.0000000000   0.0000000000   1.0000000000   1.0000000000   0.0000000000
   0.0000000000   0.0000000000   0.0000000000   2.3619080198   0.0000000000
   0.0000000000   0.0000000000   0.0000000000   0.0000000000   1.0000000000
===================  TRANSU^(-1) ===============================================
   1.0000000000  -0.4151956065  -0.0000000000   0.0000000000  -0.0000000000
   0.0000000000   0.4151956065  -0.0000000000   0.0000000000  -0.0000000000
   0.0000000000   0.0000000000   1.0000000000  -0.4233865128  -0.0000000000
   0.0000000000   0.0000000000   0.0000000000   0.4233865128  -0.0000000000
   0.0000000000   0.0000000000   0.0000000000   0.0000000000   1.0000000000
===================  TEST QN EQ.  ==============================================
LN= 1 L= 0  [T+V-E_N]|QN>-|UC>=   0.000000000000001
LN= 2 L= 0  [T+V-E_N]|QN>-|UC>=   0.000000000000001
LN= 3 L= 1  [T+V-E_N]|QN>-|UC>=   0.000000000000001
LN= 4 L= 1  [T+V-E_N]|QN>-|UC>=   0.000000000000001
LN= 5 L= 2  [T+V-E_N]|QN>-|UC>=   0.000000000000001
=================== <UC|AEPHI>/SQRT(<UC|UC>  ===================================
========= DEVIATION DUE NEGLECT OF SMALL COMPONENT==============================
========= ORTHOGONALIZATION DONE BASED ON ENERGIES==============================
   0.00000   0.00121   0.00000
   0.00000  -0.00044   0.00000
   0.00000   0.00000   0.00377
   0.00000   0.00000  -0.00080
   0.00000   0.00000   0.00000
===================  TEST AEPHI EQ.  ===========================================
LN= 1 L= 0  [T+V-E_N]|AEPHI_N> =   0.000000000731617
LN= 2 L= 0  [T+V-E_N]|AEPHI_N> =   0.000000000550499
LN= 3 L= 1  [T+V-E_N]|AEPHI_N> =   0.000000000000238
LN= 4 L= 1  [T+V-E_N]|AEPHI_N> =   0.000000000000122
LN= 5 L= 2  [T+V-E_N]|AEPHI_N> =   0.000000000000001
 L            0  E= -0.39730268724570916      PHIPHASE BEFORE ADJUSTMENT=   0.73183744048336719     
 L            0  E= -0.39730268724570916      PHIPHASE AFTER ADJUSTMENT=   0.73183744048336719     
 L            0  E=   2.0112006408419694      PHIPHASE BEFORE ADJUSTMENT=    1.7630573220198205     
 L            0  E=   2.0112006408419694      PHIPHASE AFTER ADJUSTMENT=    1.7630573220198205     
 L            1  E= -0.14992428323251358      PHIPHASE BEFORE ADJUSTMENT=   0.66803295214287184     
 L            1  E= -0.14992428323251358      PHIPHASE AFTER ADJUSTMENT=   0.66803295214287184     
 L            1  E=   2.2119837365419199      PHIPHASE BEFORE ADJUSTMENT=    1.7092049275103192     
 L            1  E=   2.2119837365419199      PHIPHASE AFTER ADJUSTMENT=    1.7092049275103192     
 L            2  E=   3.1409085561269312E-002 PHIPHASE BEFORE ADJUSTMENT=   0.49176936911494928     
 L            2  E=   3.1409085561269312E-002 PHIPHASE AFTER ADJUSTMENT=   0.49176936911494928     
===================  TEST RAW PAW EQUATION  ====================================
LN= 1 L= 0 RAW PAW EQ.   0.00000 SCHR. EQ.   0.00000
LN= 2 L= 0 RAW PAW EQ.   0.00000 SCHR. EQ.   0.00000
LN= 3 L= 1 RAW PAW EQ.   0.00000 SCHR. EQ.   0.00000
LN= 4 L= 1 RAW PAW EQ.   0.00000 SCHR. EQ.   0.00000
LN= 5 L= 2 RAW PAW EQ.   0.00000 SCHR. EQ.   0.00000
 VFOCK%TON   F
 RBND          2.5171150545824967     
DT    0.15391E+01 0.89927E+00 0.00000E+00 0.00000E+00 0.00000E+00
DT    0.90153E+00 0.53029E+00 0.00000E+00 0.00000E+00 0.00000E+00
DT    0.00000E+00 0.00000E+00 0.93973E+00 0.49841E+00 0.00000E+00
DT    0.00000E+00 0.00000E+00 0.50228E+00 0.27962E+00 0.00000E+00
DT    0.00000E+00 0.00000E+00 0.00000E+00 0.00000E+00 0.54728E-01
DH    0.54193E+00 0.30843E+00 0.00000E+00 0.00000E+00 0.00000E+00
DH    0.31069E+00 0.19346E+00 0.00000E+00 0.00000E+00 0.00000E+00
DH    0.00000E+00 0.00000E+00 0.11503E+00 0.46618E-01 0.00000E+00
DH    0.00000E+00 0.00000E+00 0.50494E-01 0.27028E-01 0.00000E+00
DH    0.00000E+00 0.00000E+00 0.00000E+00 0.00000E+00-0.32338E-01
DO   -0.18840E+00-0.12757E+00 0.00000E+00 0.00000E+00 0.00000E+00
DO   -0.12757E+00-0.97617E-01 0.00000E+00 0.00000E+00 0.00000E+00
DO    0.00000E+00 0.00000E+00-0.41060E-01-0.18355E-01 0.00000E+00
DO    0.00000E+00 0.00000E+00-0.18355E-01-0.10282E-01 0.00000E+00
DO    0.00000E+00 0.00000E+00 0.00000E+00 0.00000E+00 0.17363E-01
LN= 1 DTKIN-TRANSPOSE(DTKIN)=   0.00000  -0.00225   0.00000   0.00000   0.00000
LN= 2 DTKIN-TRANSPOSE(DTKIN)=   0.00225   0.00000   0.00000   0.00000   0.00000
LN= 3 DTKIN-TRANSPOSE(DTKIN)=   0.00000   0.00000   0.00000  -0.00388   0.00000
LN= 4 DTKIN-TRANSPOSE(DTKIN)=   0.00000   0.00000   0.00388   0.00000   0.00000
LN= 5 DTKIN-TRANSPOSE(DTKIN)=   0.00000   0.00000   0.00000   0.00000   0.00000
LN= 1 <P|PSPHI>=   1.00000  -0.00000   0.00000   0.00000   0.00000
LN= 2 <P|PSPHI>=  -0.00000   1.00000   0.00000   0.00000   0.00000
LN= 3 <P|PSPHI>=   0.00000   0.00000   1.00000   0.00000   0.00000
LN= 4 <P|PSPHI>=   0.00000   0.00000  -0.00000   1.00000   0.00000
LN= 5 <P|PSPHI>=   0.00000   0.00000   0.00000   0.00000   1.00000
===================  TEST PAW EQUATION  ========================================
LN= 1 L= 0 PAW EQ.             0.00000 SCHR. EQ.             0.00000 DPRO              0.00000
LN= 2 L= 0 PAW EQ.             0.00000 SCHR. EQ.             0.00000 DPRO              0.00000
LN= 3 L= 1 PAW EQ.             0.00000 SCHR. EQ.             0.00000 DPRO              0.00000
LN= 4 L= 1 PAW EQ.             0.00000 SCHR. EQ.             0.00000 DPRO              0.00000
LN= 5 L= 2 PAW EQ.             0.00000 SCHR. EQ.             0.00000 DPRO              0.00000
 =================== L=           0  =================================
 BEFORE PAWBOUNDSTATE
 L=           0  NN=           0  E= -0.39730279875436741       NPRO=           2  ROUT=   19.716639202099568       IB=           4
  E= -0.39873313877772948     
 =================== L=           1  =================================
 BEFORE PAWBOUNDSTATE
 L=           1  NN=           0  E= -0.14992428423013904       NPRO=           2  ROUT=   19.716639202099568       IB=           5
  E= -0.15199800635621785     
 =================== L=           2  =================================
===================  STRAIGHT AE- AND PAW-ENERGY LEVELS ========================
IB= 4 L= 0 AE-ENERGY: -10.81101 EV; PS-ENERGY: -10.84993 EV
IB= 5 L= 1 AE-ENERGY:  -4.07959 EV; PS-ENERGY:  -4.13602 EV
 PSEUDO+AUGMENTATION CHARGE    1.8586399011130731E-014  (SHOULD BE ZERO)
===================  DTKIN BEFORE SYMMETRIZATION ===============================
       1.539       0.899       0.000       0.000       0.000
       0.902       0.530       0.000       0.000       0.000
       0.000       0.000       0.940       0.498       0.000
       0.000       0.000       0.502       0.280       0.000
       0.000       0.000       0.000       0.000       0.055
===================  DO BEFORE SYMMETRIZATION ==================================
      -0.188      -0.128       0.000       0.000       0.000
      -0.128      -0.098       0.000       0.000       0.000
       0.000       0.000      -0.041      -0.018       0.000
       0.000       0.000      -0.018      -0.010       0.000
       0.000       0.000       0.000       0.000       0.017
 LIB_FFTW: CREATE PLAN FOR: GTOR           1         500           0
 LIB_FFTW: CREATE PLAN FOR: RTOG          -1         500           1
L= 0 IB= 1 E(LOCAL)=  -0.93753 E(OUTER)=  -0.09800
L= 0 IB= 2 E(LOCAL)=  -0.06384 E(OUTER)=   0.01654
L= 0 IB= 3 E(LOCAL)=   0.02210 E(OUTER)=   0.07131
L= 0 IB= 4 E(LOCAL)=   0.08100 E(OUTER)=   0.16595
L= 1 IB= 1 E(LOCAL)=  -0.24566 E(OUTER)=  -0.02387
L= 1 IB= 2 E(LOCAL)=   0.01055 E(OUTER)=   0.03418
L= 1 IB= 3 E(LOCAL)=   0.05584 E(OUTER)=   0.09786
L= 1 IB= 4 E(LOCAL)=   0.13807 E(OUTER)=   0.19517
L= 2 IB= 1 E(LOCAL)=   0.03182 E(OUTER)=   0.03282
L= 2 IB= 2 E(LOCAL)=   0.06980 E(OUTER)=   0.07347
L= 2 IB= 3 E(LOCAL)=   0.13978 E(OUTER)=   0.14880
L= 2 IB= 4 E(LOCAL)=   0.23190 E(OUTER)=   0.24744
========= GHOSTBUSTER FOR=   SI Z=  14.0 =======================================
LN 1 L= 0 E(INNER)=   1.30022 H
LN 2 L= 0 E(INNER)=   1.75638 H
LN 3 L= 1 E(INNER)=   2.23741 H
LN 4 L= 1 E(INNER)=   5.79130 H
LN 5 L= 2 E(INNER)=   6.90812 H
 LIB_FFTW: CREATE PLAN FOR: GTOR           1        1024           2
 LIB_FFTW: CREATE PLAN FOR: RTOG          -1        1024           3
================================================================================
===================  SETUP CONSTRUCTION FINISHED  ==============================
================================================================================
NO. OF INEQUIVALENT K-POINTS    36
NUMBER OF DIFFERENT TETRAHEDRA :  192
 DYNOCC__SETR8: SPIN HAS BEEN SET TO    0.0000000000000000     
 LIB_FFTW: CREATE PLAN FOR: GTOR           1          18           4
 LIB_FFTW: CREATE PLAN FOR: RTOG          -1          18           5
 CONSTANT ENERGY    9.4143225904051562       0.39210863334295643     
 CONSTANT ENERGY    8.3138815800456882        1.2632797808240925     
 CONSTANT ENERGY    6.3449554101902077        1.9640331979087784     
 CONSTANT ENERGY    3.9782771056751454        2.1680792722109690     
 CONSTANT ENERGY    1.7096597071724537        1.9989298332655792     
 CONSTANT ENERGY  -0.19630917343400922        1.6597146373455662     
 CONSTANT ENERGY   -1.6829642581230639        1.3057153098954548     
 CONSTANT ENERGY   -2.8080479254644581        1.0136885712976804     
 CONSTANT ENERGY   -3.6624129252769624       0.79913446931988275     
 CONSTANT ENERGY   -4.3258696658476286       0.64737923957581023     
 CONSTANT ENERGY   -4.8545035618803620       0.53762624637431733     
 CONSTANT ENERGY   -5.2842206580035560       0.45414797029726284     
 CONSTANT ENERGY   -5.6382725140689747       0.38797101857582766     
 CONSTANT ENERGY   -5.9329868841687388       0.33456371769376436     
 CONSTANT ENERGY   -6.1807242837764935       0.29131096504392895     
 CONSTANT ENERGY   -6.3910651797844551       0.25615118433121614     
 CONSTANT ENERGY   -6.5713386378723104       0.22723427484746278     
 CONSTANT ENERGY   -6.7270601678565782       0.20301186695700979     
 CONSTANT ENERGY   -6.8623885488129233       0.18233419859969785     
 CONSTANT ENERGY   -6.9805327429771662       0.16442175662805661     
 CONSTANT ENERGY   -7.0840494759872401       0.14875766992128697     
 CONSTANT ENERGY   -7.1750318511412194       0.13498022721750863     
 CONSTANT ENERGY   -7.2552237968025901       0.12281510628484572     
 CONSTANT ENERGY   -7.3260949179876995       0.11204424587327844     
 CONSTANT ENERGY   -7.3888950264259314       0.10249197080620567     
 CONSTANT ENERGY   -7.4446950593043955        9.4014161703503074E-002
 CONSTANT ENERGY   -7.4944165668812435        8.6487071473088484E-002
 CONSTANT ENERGY   -7.5388523941834578        7.9798363519678506E-002
 CONSTANT ENERGY   -7.5786821511431741        7.3842757550862642E-002
 CONSTANT ENERGY   -7.6144855871276071        6.8521938615343989E-002
 CONSTANT ENERGY   -7.6467554893674672        6.3746546485554681E-002
 CONSTANT ENERGY   -7.6759103360254652        5.9438114389424299E-002
 CONSTANT ENERGY   -7.7023062596434642        5.5529921611405700E-002
 CONSTANT ENERGY   -7.7262478340723213        5.1966716332615015E-002
 CONSTANT ENERGY   -7.7479973993504867        4.8703658452387631E-002
 CONSTANT ENERGY   -7.7677828248234322        4.5704789650822843E-002
 CONSTANT ENERGY   -7.7858037247350742        4.2941215157971155E-002
 CONSTANT ENERGY   -7.8022362229896771        4.0389163832493982E-002
 CONSTANT ENERGY   -7.8172364552919360        3.8028148371201040E-002
 CONSTANT ENERGY   -7.8309430764541919        3.5839471206982082E-002
 CONSTANT ENERGY   -7.8434790894239228        3.3805265153819548E-002
 CONSTANT ENERGY   -7.8549533018118662        3.1908146605386961E-002
 CONSTANT ENERGY   -7.8654616672223323        3.0131440651521707E-002
 CONSTANT ENERGY   -7.8750886902854393        2.8459838091398633E-002
 CONSTANT ENERGY   -7.8839089769931308        2.6880269825947756E-002
 CONSTANT ENERGY   -7.8919889190560379        2.5382742185465219E-002
 CONSTANT ENERGY   -7.8993884128779479        2.3960885030973114E-002
 CONSTANT ENERGY   -7.9061624678312663        2.2612035383889277E-002
 CONSTANT ENERGY   -7.9123625541239511        2.1336800175611965E-002
WRITING : HEADER
WRITING : TIMESTEP
WRITING : ATOMS
WRITING : CELL
WRITING : OCCUPATIONS
WRITING : WAVES
WRITING : ENDOFFILE
 CONSTANT ENERGY   -7.9180375802422525        2.0138173371382725E-002
 CONSTANT ENERGY   -7.9232344565443142        1.9020379775916509E-002
 CONSTANT ENERGY   -7.9279982690409581        1.7987653290728808E-002
 CONSTANT ENERGY   -7.9323721392652633        1.7043133757434426E-002
 CONSTANT ENERGY   -7.9363968731331980        1.6188007653579091E-002
 CONSTANT ENERGY   -7.9401105065395052        1.5420951718200727E-002
 CONSTANT ENERGY   -7.9435478408798490        1.4737883973618695E-002
 CONSTANT ENERGY   -7.9467400438266340        1.4131990517521807E-002
 CONSTANT ENERGY   -7.9497143629339355        1.3593978077253124E-002
 CONSTANT ENERGY   -7.9524939794901037        1.3112497971480086E-002
 CONSTANT ENERGY   -7.9550980115346190        1.2674692177961173E-002
 CONSTANT ENERGY   -7.9575416623866628        1.2266821351588620E-002
 CONSTANT ENERGY   -7.9598365032014975        1.1874942666555283E-002
 CONSTANT ENERGY   -7.9619908725086592        1.1485608771904680E-002
 CONSTANT ENERGY   -7.9640103709013239        1.1086557524986693E-002
 CONSTANT ENERGY   -7.9658984262867234        1.0667357709252942E-002
 CONSTANT ENERGY   -7.9676569009680227        1.0219971693339635E-002
 CONSTANT ENERGY   -7.9692867096494098        9.7391944285693602E-003
 CONSTANT ENERGY   -7.9707884161337885        9.2229308260598081E-003
 CONSTANT ENERGY   -7.9721627769563401        8.6722813551125093E-003
 CONSTANT ENERGY   -7.9734112028892579        8.0914192069429895E-003
 CONSTANT ENERGY   -7.9745361148051579        7.4872610574133608E-003
 CONSTANT ENERGY   -7.9755411784250096        6.8689550343827566E-003
 CONSTANT ENERGY   -7.9764314122429596        6.2472299985499701E-003
 CONSTANT ENERGY   -7.9772131737136966        5.6336653593939794E-003
 CONSTANT ENERGY   -7.9778940383105761        5.0399473303462446E-003
 CONSTANT ENERGY   -7.9784825930132168        4.4771750061066906E-003
 CONSTANT ENERGY   -7.9802354724906381        2.7079678473061579E-003
 CONSTANT ENERGY   -7.9817914381839996        1.1525427693306308E-003
 CONSTANT ENERGY   -7.9819204371816932        1.0616309024726058E-003
 CONSTANT ENERGY   -7.9820382988254943        1.0193068447736714E-003
 CONSTANT ENERGY   -7.9821504249960542        1.0178398272796803E-003
 CONSTANT ENERGY   -7.9822609166891452        1.0492932139891092E-003
 CONSTANT ENERGY   -7.9823727165490901        1.1060714073813324E-003
 CONSTANT ENERGY   -7.9824877857073675        1.1813380197006774E-003
 CONSTANT ENERGY   -7.9826072953496947        1.2693007572864598E-003
 CONSTANT ENERGY   -7.9827318178289612        1.3653769613685136E-003
 CONSTANT ENERGY   -7.9828615061308028        1.4662589124793720E-003
 CONSTANT ENERGY   -7.9829962530626712        1.5698965535208805E-003
 CONSTANT ENERGY   -7.9831358256527079        1.6754133145174806E-003
 CONSTANT ENERGY   -7.9832799720500232        1.7829697447992929E-003
 CONSTANT ENERGY   -7.9834287129535362        1.8933758887910972E-003
 CONSTANT ENERGY   -7.9835843392078472        2.0059134202139632E-003
 CONSTANT ENERGY   -7.9837489629080798        2.1203372855267228E-003
 CONSTANT ENERGY   -7.9839228477653963        2.2385808197738764E-003
 CONSTANT ENERGY   -7.9841064122085887        2.3624160629941923E-003
 CONSTANT ENERGY   -7.9843002007547232        2.4931044982399592E-003
 CONSTANT ENERGY   -7.9845048264258276        2.6310554693745182E-003
 CONSTANT ENERGY   -7.9847208866267732        2.7755199216575694E-003
 CONSTANT ENERGY   -7.9849488564575335        2.9243524079503769E-003
WRITING : HEADER
WRITING : TIMESTEP
WRITING : ATOMS
WRITING : CELL
WRITING : OCCUPATIONS
WRITING : WAVES
WRITING : ENDOFFILE
 CONSTANT ENERGY   -7.9851889664920277        3.0738778917942418E-003
 CONSTANT ENERGY   -7.9854410755726271        3.2189005140463357E-003
 CONSTANT ENERGY   -7.9857045516100857        3.3528863682849110E-003
 CONSTANT ENERGY   -7.9859781769952924        3.4683381126685599E-003
 CONSTANT ENERGY   -7.9862600945763820        3.5573543132568618E-003
 CONSTANT ENERGY   -7.9865478082488144        3.6123329437642011E-003
 CONSTANT ENERGY   -7.9868382465513088        3.6267431173542305E-003
 CONSTANT ENERGY   -7.9871278893294857        3.5958617485785938E-003
 CONSTANT ENERGY   -7.9874129479632270        3.5173624814939857E-003
 CONSTANT ENERGY   -7.9876895808486887        3.3916592563860487E-003
 CONSTANT ENERGY   -7.9879541198642094        3.2219457470400387E-003
 CONSTANT ENERGY   -7.9882032824506721        3.0139260207326648E-003
 CONSTANT ENERGY   -7.9893443520462206        1.8652815812210330E-003
 CONSTANT ENERGY   -7.9906602161871207        5.3152497877472123E-004
 CONSTANT ENERGY   -7.9910348726573508        1.5107646187634038E-004
 CONSTANT ENERGY   -7.9911201464929595        7.1302495584796456E-005
 CONSTANT ENERGY   -7.9911264501949626        8.1742645724927607E-005
 CONSTANT ENERGY   -7.9911339745919792        1.0038833200678315E-004
 CONSTANT ENERGY   -7.9911432353046479        1.2455312081650042E-004
 CONSTANT ENERGY   -7.9911545447185031        1.5166432862151163E-004
 CONSTANT ENERGY   -7.9911680305140322        1.7944458513201870E-004
 CONSTANT ENERGY   -7.9911836624251524        2.0600712097093839E-004
 CONSTANT ENERGY   -7.9912012817531251        2.2987807624605600E-004
 CONSTANT ENERGY   -7.9912206302962794        2.4997183111030258E-004
 CONSTANT ENERGY   -7.9912413771724173        2.6554651847507241E-004
 CONSTANT ENERGY   -7.9912631433102286        2.7615965200186807E-004
 CONSTANT ENERGY   -7.9912855239761482        2.8163315508409530E-004
Note: The following floating-point exceptions are signalling: IEEE_UNDERFLOW_FLAG IEEE_DENORMAL
STOP NORMAL STOP IN MPE__STOPALL
 CONSTANT ENERGY   -7.9913081096737244        2.8202748262615585E-004
 CONSTANT ENERGY   -7.9913305053295725        2.7761874387854197E-004
 CONSTANT ENERGY   -7.9913523472054102        2.6887156030103491E-004
 CONSTANT ENERGY   -7.9913733167059746        2.5640298175807900E-004
 CONSTANT ENERGY   -7.9913931503376752        2.4093723937889072E-004
 CONSTANT ENERGY   -7.9914116454632760        2.2325526545813491E-004
 CONSTANT ENERGY   -7.9914954063103645        1.3740086862339628E-004
 CONSTANT ENERGY   -7.9915922953201433        3.9177774399835335E-005
 CONSTANT ENERGY   -7.9916144566894083        1.7574045806063598E-005
 CONSTANT ENERGY   -7.9916159297136113        1.8519452889885083E-005
 CONSTANT ENERGY   -7.9916175485000736        2.0882103800720387E-005
 CONSTANT ENERGY   -7.9916193996703448        2.4189831752003286E-005
 CONSTANT ENERGY   -7.9916215338862377        2.7980673004758083E-005
 CONSTANT ENERGY   -7.9916239693920126        3.1848511614338179E-005
 CONSTANT ENERGY   -7.9916266974558861        3.5468166771112700E-005
 CONSTANT ENERGY   -7.9916296885869205        3.8601112249967559E-005
 CONSTANT ENERGY   -7.9916328983078131        4.1087525435498532E-005
 CONSTANT ENERGY   -7.9916362720758514        4.2832069620471856E-005
 CONSTANT ENERGY   -7.9916397493544773        4.3789853712364958E-005
 CONSTANT ENERGY   -7.9916432671066104        4.3956346776090344E-005
 CONSTANT ENERGY   -7.9916467629961190        4.3361919299223314E-005
 CONSTANT ENERGY   -7.9916501784443135        4.2069253634700326E-005
 CONSTANT ENERGY   -7.9916534614723167        4.0170777844872148E-005
WRITING : HEADER
WRITING : TIMESTEP
WRITING : ATOMS
WRITING : CELL
WRITING : OCCUPATIONS
WRITING : WAVES
WRITING : ENDOFFILE
 CONSTANT ENERGY   -7.9916565690330996        3.7783636241828483E-005
 CONSTANT ENERGY   -7.9916594687591784        3.5041122759938593E-005
 CONSTANT ENERGY   -7.9916726277449195        2.1592838467131964E-005
 CONSTANT ENERGY   -7.9916878843012364        6.2068023526948758E-006
 CONSTANT ENERGY   -7.9916913883618799        2.9223743698329551E-006
 CONSTANT ENERGY   -7.9916916451384017        3.2767815139212685E-006
 CONSTANT ENERGY   -7.9916919444269610        3.8963189721768385E-006
 CONSTANT ENERGY   -7.9916923001356936        4.6608101657639109E-006
 CONSTANT ENERGY   -7.9916927173296326        5.4553428316369689E-006
 CONSTANT ENERGY   -7.9916931932499304        6.1837927945091192E-006
 CONSTANT ENERGY   -7.9916937192106801        6.7764873821950044E-006
 CONSTANT ENERGY   -7.9916942826740405        7.1919667798067800E-006
 CONSTANT ENERGY   -7.9916948691714031        7.4142402772498641E-006
 CONSTANT ENERGY   -7.9916954638959830        7.4476073486365771E-006
 CONSTANT ENERGY   -7.9916960529327934        7.3109906452589615E-006
 CONSTANT ENERGY   -7.9916966241693217        7.0330498584944712E-006
 CONSTANT ENERGY   -7.9916971679546469        6.6484803773330400E-006
 CONSTANT ENERGY   -7.9916976775507429        6.1951984231892470E-006
 CONSTANT ENERGY   -7.9917000201306303        3.8410249979704635E-006
 CONSTANT ENERGY   -7.9917021935851240        1.6967626616638481E-006
 CONSTANT ENERGY   -7.9917023289196987        1.6864681050219743E-006
 CONSTANT ENERGY   -7.9917024685032310        1.7627128523729909E-006
 CONSTANT ENERGY   -7.9917026178110691        1.9039193612097369E-006
 CONSTANT ENERGY   -7.9917027805664800        2.0833457206680924E-006
 CONSTANT ENERGY   -7.9917029582689434        2.2726253749508055E-006
 CONSTANT ENERGY   -7.9917031502530920        2.4450641897627287E-006
 CONSTANT ENERGY   -7.9917033539695641        2.5783026506174252E-006
 CONSTANT ENERGY   -7.9917035654254605        2.6561111069827129E-006
 CONSTANT ENERGY   -7.9917037797116892        2.6692556355302906E-006
 CONSTANT ENERGY   -7.9917039915516037        2.6155144001623825E-006
WRITING : HEADER
WRITING : TIMESTEP
WRITING : ATOMS
WRITING : CELL
WRITING : OCCUPATIONS
WRITING : WAVES
WRITING : ENDOFFILE
 CONSTANT ENERGY   -7.9917041958180590        2.4990158319227734E-006
NORMAL STOP: CALLING MPE__STOPALL TO CLOSE DOWN
