TRACE-PUSH(  1): LEVEL=    1 INTO MAIN
TRACE-MEM(  1): MAXMEM[MBYTE]=   0.00000 TIME20260907 131757.129
TRACE-PUSH(  1): LEVEL=    2 INTO PAW
TRACE-MEM(  1): MAXMEM[MBYTE]=   0.00000 TIME20260907 131757.129
TRACE-PUSH(  1): LEVEL=    3 INTO READIN
TRACE-MEM(  1): MAXMEM[MBYTE]=   0.00000 TIME20260907 131757.129
TRACE-PUSH(  1): LEVEL=    4 INTO READIN_FILES
TRACE-MEM(  1): MAXMEM[MBYTE]=   0.00000 TIME20260907 131757.130
TRACE-PUSH(  1): LEVEL=    5 INTO STANDARDFILES
TRACE-MEM(  1): MAXMEM[MBYTE]=   0.00000 TIME20260907 131757.130
TRACE-POP (  1): LEVEL=    5 FROM STANDARDFILES                   
TRACE-MEM(  1): MAXMEM[MBYTE]=   0.00000 TIME20260907 131757.130
TRACE-POP (  1): LEVEL=    4 FROM READIN_FILES                    
TRACE-MEM(  1): MAXMEM[MBYTE]=   0.00000 TIME20260907 131757.130
TRACE-PUSH(  1): LEVEL=    4 INTO READIN_GENERIC
TRACE-MEM(  1): MAXMEM[MBYTE]=   0.00000 TIME20260907 131757.131
 PAW_SETUPS.F90 A LAMBDA=   6.0000000000000000        6.0000000000000000        6.0000000000000000        6.0000000000000000     
================================================================================
===================  SETUP CONSTRUCTION FOR FE  ================================
================================================================================
 THIS%SETTING%SO= F
KEY: START,REL,NONSO,ZORA
RELATIVISTIC EFFECTS SWITCHED ON?     T
SPIN-ORBIT COUPLING SWITCHED ON?      F
ZORA SWITCHED ON?                     T
FOCK CONTRIBTION ON?                  F
START FROM SCRATCH?                    T
DOING SCF ITERATIONS FOR ATOM WITH Z=  26.00000
           1  AV(POT-POTIN)=   4.4229110866643060       MAX:(POT-POTIN)=   23977.764226356521                0 F
           2  AV(POT-POTIN)=   2.1600484783910665       MAX:(POT-POTIN)=   12959.745147272246                0 F
           3  AV(POT-POTIN)=   2.0666340552561890       MAX:(POT-POTIN)=   526.04687633272260                0 F
           4  AV(POT-POTIN)=   1.9569792805131856       MAX:(POT-POTIN)=   378.79662826168351                0 F
           5  AV(POT-POTIN)=  0.90795394534003371       MAX:(POT-POTIN)=   69.262384389992803                0 F
           6  AV(POT-POTIN)=  0.49872799753341124       MAX:(POT-POTIN)=   54.679951263125986                0 F
           7  AV(POT-POTIN)=   7.7256997375938954E-002  MAX:(POT-POTIN)=   21.526390051236376                0 F
           8  AV(POT-POTIN)=   2.4689031074649780E-002  MAX:(POT-POTIN)=   8.8337359088473022                0 F
           9  AV(POT-POTIN)=   1.8926523802576475E-002  MAX:(POT-POTIN)=   6.4941918936092407                0 F
          10  AV(POT-POTIN)=   1.0632900100832361E-002  MAX:(POT-POTIN)=  0.35845901235006750                0 F
          11  AV(POT-POTIN)=   4.4481552015931038E-003  MAX:(POT-POTIN)=  0.21074234205298126                0 F
          12  AV(POT-POTIN)=   2.5759199173337874E-003  MAX:(POT-POTIN)=   9.3759103678166866E-002           0 F
          13  AV(POT-POTIN)=   1.0516418828608518E-003  MAX:(POT-POTIN)=   3.3143575303256512E-002           0 F
          14  AV(POT-POTIN)=   2.7526588128831681E-004  MAX:(POT-POTIN)=   7.7363555319607258E-003           0 F
          15  AV(POT-POTIN)=   5.2737166264912103E-005  MAX:(POT-POTIN)=   1.8671241123229265E-003           0 F
          16  AV(POT-POTIN)=   2.7649631192073528E-005  MAX:(POT-POTIN)=   9.2230155132710934E-004           0 F
          17  AV(POT-POTIN)=   4.5073642394095216E-006  MAX:(POT-POTIN)=   1.1170059352301099E-004           0 F
          18  AV(POT-POTIN)=   1.3527087246045864E-006  MAX:(POT-POTIN)=   5.2534742280840874E-005           0 F
          19  AV(POT-POTIN)=   6.6616311351656304E-007  MAX:(POT-POTIN)=   2.5066547095775604E-005           0 F
          20  AV(POT-POTIN)=   8.3500821411180299E-008  MAX:(POT-POTIN)=   5.1846727728843689E-006           0 F
          21  AV(POT-POTIN)=   4.2123945836857964E-008  MAX:(POT-POTIN)=   2.3092143237590790E-006           0 F
          22  AV(POT-POTIN)=   3.4052004352599700E-008  MAX:(POT-POTIN)=   4.0053855627775192E-006           0 F
          23  AV(POT-POTIN)=   4.9770933243548328E-008  MAX:(POT-POTIN)=   2.6433262974023819E-006           0 F
          24  AV(POT-POTIN)=   1.0142446150072019E-008  MAX:(POT-POTIN)=   8.8592059910297394E-007           1 F
          25  AV(POT-POTIN)=   6.2015553248515351E-009  MAX:(POT-POTIN)=   3.9697624742984772E-007           0 F
          26  AV(POT-POTIN)=   1.0918051028208955E-008  MAX:(POT-POTIN)=   1.6328413039445877E-006           0 F
          27  AV(POT-POTIN)=   4.5513305818507632E-009  MAX:(POT-POTIN)=   8.2515180110931396E-007           1 F
          28  AV(POT-POTIN)=   7.5311301609672559E-009  MAX:(POT-POTIN)=   7.6717697083950043E-007           0 F
          29  AV(POT-POTIN)=   4.0945806266774970E-009  MAX:(POT-POTIN)=   4.5332126319408417E-007           1 F
          30  AV(POT-POTIN)=   8.4516452488533842E-009  MAX:(POT-POTIN)=   7.8976154327392578E-007           0 F
          31  AV(POT-POTIN)=   4.7134563831699025E-009  MAX:(POT-POTIN)=   4.9034133553504944E-007           1 F
          32  AV(POT-POTIN)=   5.2880338232326231E-009  MAX:(POT-POTIN)=   6.2678009271621704E-007           2 F
          33  AV(POT-POTIN)=   5.4245881494643427E-009  MAX:(POT-POTIN)=   5.8743171393871307E-007           3 F
          34  AV(POT-POTIN)=   6.6363069621310107E-009  MAX:(POT-POTIN)=   7.1851536631584167E-007           4 F
          35  AV(POT-POTIN)=   4.5680589748518206E-009  MAX:(POT-POTIN)=   5.2130781114101410E-007           5 F
===================ENERGY REPORT OF ATOMLIB__AESCF==============================
TOTAL ENERGY:................ -1277.33264409
KINETIC ENERGY:..............  1292.63376877
HARTREE ENERGY:.............. -2514.31011458
DFT XC ENERGY:...............     -55.656298
FINITE NUCLEUS:..............     0.00378772
.... CALCULATION USES FINITE NUCLEUS
.... DO NOT ADD FINITE NUCLEUS CORRECTION
... SELFCONSISTENCY OBTAINED
FINAL ONE-PARTICLE ENERGIES FROM AESCF  
  IB   L  SO         F#NODE                   E
   1   0   0      2.00    0            -259.355
   2   0   0      2.00    1             -30.160
   3   1   0      6.00    0             -25.694
   4   0   0      2.00    2              -3.455
   5   1   0      6.00    1              -2.206
   6   0   0      2.00    3              -0.194
   7   2   0      6.00    0              -0.276
 #ITERATIONS           36
========================================================
========= ALL-ELECTRON ATOM CALCULATION ================
========================================================
TOTAL ENERGY=            -1277.3326441
  IB   N   L  SO                   E         F#(REM. EL.
   1   1   0   0           -259.3549   2.00000  24.00000
   2   2   0   0            -30.1599   2.00000  22.00000
   3   2   1   0            -25.6942   6.00000  16.00000
   4   3   0   0             -3.4551   2.00000  14.00000
   5   3   1   0             -2.2061   6.00000   8.00000
--------- CORE ABOVE, VALENCE BELOW --------------------
   6   3   2   0             -0.2759   6.00000   2.00000
   7   4   0   0             -0.1944   2.00000   0.00000
========================================================
========================================================
 ISCATT=           0           0           0           1
 LOX=              0           1           2           2
 VFOCK%TON  F
=================== ENERGIES FOR ATOMIC WAVE FUNCTIONS =========================
=================== OLD: AE SCHRODINGER EQUATION           =====================
=================== NEW: NODELESS EQUATION                 =====================
=================== DIFFERENCE DUE TO RELATIVISTIC EFFECTS =====================
IB=  1 L= 0 E[NEW]=     -259.35488 E[OLD]=     -259.35488
IB=  2 L= 0 E[NEW]=      -30.15992 E[OLD]=      -30.15992
IB=  3 L= 1 E[NEW]=      -25.69417 E[OLD]=      -25.69417
IB=  4 L= 0 E[NEW]=       -3.45512 E[OLD]=       -3.45512
IB=  5 L= 1 E[NEW]=       -2.20615 E[OLD]=       -2.20615
IB=  6 L= 2 E[NEW]=       -0.27586 E[OLD]=       -0.27586
IB=  7 L= 0 E[NEW]=       -0.19441 E[OLD]=       -0.19441
=================== ENERGIES FOR PARTIAL-WAVE CONSTRUCTION======================
RBOX=  2.65318
LN= 1 L= 0 E=  -0.19441 RC= 1.658
LN= 2 L= 1 E=  -0.04840 RC= 1.658
LN= 3 L= 2 E=  -0.27586 RC= 1.658
LN= 4 L= 2 E=   1.09058 RC= 1.658
===================  TRANSU ====================================================
   1.0000000000   0.0000000000   0.0000000000   0.0000000000
   0.0000000000   1.0000000000   0.0000000000   0.0000000000
   0.0000000000   0.0000000000   1.0000000000   1.0000000000
   0.0000000000   0.0000000000   0.0000000000   1.3664370668
===================  TRANSU^(-1) ===============================================
   1.0000000000  -0.0000000000   0.0000000000  -0.0000000000
   0.0000000000   1.0000000000   0.0000000000  -0.0000000000
   0.0000000000   0.0000000000   1.0000000000  -0.7318302645
   0.0000000000   0.0000000000   0.0000000000   0.7318302645
===================  TEST QN EQ.  ==============================================
LN= 1 L= 0  [T+V-E_N]|QN>-|UC>=   0.000000000000000
LN= 2 L= 1  [T+V-E_N]|QN>-|UC>=   0.000000000000000
LN= 3 L= 2  [T+V-E_N]|QN>-|UC>=   0.000000000000035
LN= 4 L= 2  [T+V-E_N]|QN>-|UC>=   0.000000000000046
=================== <UC|AEPHI>/SQRT(<UC|UC>  ===================================
========= DEVIATION DUE NEGLECT OF SMALL COMPONENT==============================
========= ORTHOGONALIZATION DONE BASED ON ENERGIES==============================
   0.00000   0.00000   0.00000   0.00628   0.00000
   0.00000   0.00000   0.00000   0.00000   0.02152
   0.00000   0.00000   0.00000   0.00000   0.00000
   0.00000   0.00000   0.00000   0.00000   0.00000
===================  TEST AEPHI EQ.  ===========================================
LN= 1 L= 0  [T+V-E_N]|AEPHI_N> =   0.000000001395373
LN= 2 L= 1  [T+V-E_N]|AEPHI_N> =   0.000000000001329
LN= 3 L= 2  [T+V-E_N]|AEPHI_N> =   0.000000000000035
LN= 4 L= 2  [T+V-E_N]|AEPHI_N> =   0.000000000000046
 L            0  E= -0.19440826338748715      PHIPHASE BEFORE ADJUSTMENT=   0.65484077291420884     
 L            0  E= -0.19440826338748715      PHIPHASE AFTER ADJUSTMENT=   0.65484077291420884     
 L            1  E=  -4.8395753578059267E-002 PHIPHASE BEFORE ADJUSTMENT=   0.56767192126145649     
 L            1  E=  -4.8395753578059267E-002 PHIPHASE AFTER ADJUSTMENT=   0.56767192126145649     
 L            2  E= -0.27586146100824427      PHIPHASE BEFORE ADJUSTMENT=   0.77320924449347395     
 L            2  E= -0.27586146100824427      PHIPHASE AFTER ADJUSTMENT=   0.77320924449347395     
 L            2  E=   1.0905756057507390      PHIPHASE BEFORE ADJUSTMENT=    1.7880230051048260     
 L            2  E=   1.0905756057507390      PHIPHASE AFTER ADJUSTMENT=    1.7880230051048260     
===================  TEST RAW PAW EQUATION  ====================================
LN= 1 L= 0 RAW PAW EQ.   0.00000 SCHR. EQ.   0.00000
LN= 2 L= 1 RAW PAW EQ.   0.00000 SCHR. EQ.   0.00000
LN= 3 L= 2 RAW PAW EQ.   0.00000 SCHR. EQ.   0.00000
LN= 4 L= 2 RAW PAW EQ.   0.00000 SCHR. EQ.   0.00000
 VFOCK%TON   F
 RBND          2.6531751962925103     
DT    0.17607E+01 0.00000E+00 0.00000E+00 0.00000E+00
DT    0.00000E+00 0.13767E+01 0.00000E+00 0.00000E+00
DT    0.00000E+00 0.00000E+00 0.64553E+01 0.52380E+01
DT    0.00000E+00 0.00000E+00 0.52380E+01 0.30208E+01
DH    0.47749E+00 0.00000E+00 0.00000E+00 0.00000E+00
DH    0.00000E+00 0.18697E+00 0.00000E+00 0.00000E+00
DH    0.00000E+00 0.00000E+00-0.59581E+00-0.32444E+00
DH    0.00000E+00 0.00000E+00-0.32444E+00-0.16993E+01
DO   -0.14014E+00 0.00000E+00 0.00000E+00 0.00000E+00
DO    0.00000E+00-0.76795E-01 0.00000E+00 0.00000E+00
DO    0.00000E+00 0.00000E+00 0.64103E+00 0.23450E+00
DO    0.00000E+00 0.00000E+00 0.23450E+00 0.10989E+00
LN= 1 DTKIN-TRANSPOSE(DTKIN)=   0.00000   0.00000   0.00000   0.00000
LN= 2 DTKIN-TRANSPOSE(DTKIN)=   0.00000   0.00000   0.00000   0.00000
LN= 3 DTKIN-TRANSPOSE(DTKIN)=   0.00000   0.00000   0.00000   0.00000
LN= 4 DTKIN-TRANSPOSE(DTKIN)=   0.00000   0.00000  -0.00000   0.00000
LN= 1 <P|PSPHI>=   1.00000   0.00000   0.00000   0.00000
LN= 2 <P|PSPHI>=   0.00000   1.00000   0.00000   0.00000
LN= 3 <P|PSPHI>=   0.00000   0.00000   1.00000   0.00000
LN= 4 <P|PSPHI>=   0.00000   0.00000   0.00000   1.00000
===================  TEST PAW EQUATION  ========================================
LN= 1 L= 0 PAW EQ.             0.00000 SCHR. EQ.             0.00000 DPRO              0.00000
LN= 2 L= 1 PAW EQ.             0.00000 SCHR. EQ.             0.00000 DPRO              0.00000
LN= 3 L= 2 PAW EQ.             0.00000 SCHR. EQ.             0.00000 DPRO              0.00000
LN= 4 L= 2 PAW EQ.             0.00000 SCHR. EQ.             0.00000 DPRO              0.00000
 =================== L=           0  =================================
 BEFORE PAWBOUNDSTATE
 L=           0  NN=           0  E= -0.19440838419026857       NPRO=           1  ROUT=   19.716639202099568       IB=           7
  E= -0.19882701359291260     
 =================== L=           1  =================================
 =================== L=           2  =================================
 BEFORE PAWBOUNDSTATE
 L=           2  NN=           0  E= -0.27586146436247438       NPRO=           2  ROUT=   19.716639202099568       IB=           6
  E= -0.27586155108897881     
===================  STRAIGHT AE- AND PAW-ENERGY LEVELS ========================
IB= 6 L= 2 AE-ENERGY:  -7.50647 EV; PS-ENERGY:  -7.50647 EV
IB= 7 L= 0 AE-ENERGY:  -5.29005 EV; PS-ENERGY:  -5.41028 EV
 PSEUDO+AUGMENTATION CHARGE    1.1108414817494553E-014  (SHOULD BE ZERO)
===================  DTKIN BEFORE SYMMETRIZATION ===============================
       1.761       0.000       0.000       0.000
       0.000       1.377       0.000       0.000
       0.000       0.000       6.455       5.238
       0.000       0.000       5.238       3.021
===================  DO BEFORE SYMMETRIZATION ==================================
      -0.140       0.000       0.000       0.000
       0.000      -0.077       0.000       0.000
       0.000       0.000       0.641       0.234
       0.000       0.000       0.234       0.110
 LIB_FFTW: CREATE PLAN FOR: GTOR           1         500           0
 LIB_FFTW: CREATE PLAN FOR: RTOG          -1         500           1
L= 0 IB= 1 E(LOCAL)=  -1.02160 E(OUTER)=  -0.10245
L= 0 IB= 2 E(LOCAL)=  -0.06734 E(OUTER)=   0.01660
L= 0 IB= 3 E(LOCAL)=   0.02195 E(OUTER)=   0.07078
L= 0 IB= 4 E(LOCAL)=   0.08039 E(OUTER)=   0.16498
L= 1 IB= 1 E(LOCAL)=  -0.25764 E(OUTER)=  -0.01929
L= 1 IB= 2 E(LOCAL)=   0.00998 E(OUTER)=   0.03598
L= 1 IB= 3 E(LOCAL)=   0.05436 E(OUTER)=   0.10199
L= 1 IB= 4 E(LOCAL)=   0.13592 E(OUTER)=   0.19982
L= 2 IB= 1 E(LOCAL)=   0.03264 E(OUTER)=   0.03371
L= 2 IB= 2 E(LOCAL)=   0.07074 E(OUTER)=   0.07477
L= 2 IB= 3 E(LOCAL)=   0.14218 E(OUTER)=   0.15201
L= 2 IB= 4 E(LOCAL)=   0.23490 E(OUTER)=   0.25318
========= GHOSTBUSTER FOR=   FE Z=  26.0 =======================================
LN 1 L= 0 E(INNER)=  -0.05141 H
LN 2 L= 1 E(INNER)=   1.63279 H
LN 3 L= 2 E(INNER)=   3.37495 H
LN 4 L= 2 E(INNER)=   4.51374 H
 LIB_FFTW: CREATE PLAN FOR: GTOR           1        1024           2
 LIB_FFTW: CREATE PLAN FOR: RTOG          -1        1024           3
================================================================================
===================  SETUP CONSTRUCTION FINISHED  ==============================
================================================================================
NO. OF INEQUIVALENT K-POINTS   260
NUMBER OF DIFFERENT TETRAHEDRA : 1536
 DYNOCC__SETR8: SPIN HAS BEEN SET TO    0.0000000000000000     
 LIB_FFTW: CREATE PLAN FOR: GTOR           1          16           4
 LIB_FFTW: CREATE PLAN FOR: RTOG          -1          16           5
 FERMI ENERGY AT    2.1137582194716171     
 CONSTANT ENERGY   -6.3256523720858988       0.68579516096681847     
 FERMI ENERGY AT    2.1137582194716171     
 FERMI ENERGY AT    1.8475105365179187     
 CONSTANT ENERGY   -8.6952082850492314        2.0974653387859750     
 FERMI ENERGY AT    2.0872821991811534     
 FERMI ENERGY AT    1.5436912242160767     
 CONSTANT ENERGY   -11.393852514900416        2.8761319894813306     
 FERMI ENERGY AT    2.0334453960049648     
 FERMI ENERGY AT    1.3424813774101068     
 CONSTANT ENERGY   -14.279457877111977        2.6329167817600974     
 FERMI ENERGY AT    1.9655011358254026     
 FERMI ENERGY AT    1.2346900611168796     
 CONSTANT ENERGY   -16.589699698963621        1.9255117688331302     
 FERMI ENERGY AT    1.8944005663144725     
 FERMI ENERGY AT    1.1685467864700849     
 CONSTANT ENERGY   -18.155990442598579        1.2582755243260995     
 FERMI ENERGY AT    1.8245399016803070     
 FERMI ENERGY AT    1.1100580296049880     
 CONSTANT ENERGY   -19.145420658800518       0.81209478807313962     
 FERMI ENERGY AT    1.7558467949359922     
 FERMI ENERGY AT    1.0450877982934654     
 CONSTANT ENERGY   -19.782096074152129       0.56314607458815691     
 FERMI ENERGY AT    1.6872411124368312     
 FERMI ENERGY AT   0.97475128802163380     
 CONSTANT ENERGY   -20.226767235864859       0.43209233329877694     
 FERMI ENERGY AT    1.6179882834337340     
 FERMI ENERGY AT   0.90543111168881751     
 CONSTANT ENERGY   -20.562958863189131       0.35507069427558191     
 FERMI ENERGY AT    1.5482950683389818     
 FERMI ENERGY AT   0.84326706587354672     
 CONSTANT ENERGY   -20.828215027898533       0.29795219475985890     
 FERMI ENERGY AT    1.4790175301403861     
 FERMI ENERGY AT   0.79163803481737394     
 CONSTANT ENERGY   -21.038988937852242       0.24888148467504950     
 FERMI ENERGY AT    1.4111165865193209     
 FERMI ENERGY AT   0.75104475675836790     
 CONSTANT ENERGY   -21.205143387829050       0.20651466928579043     
 FERMI ENERGY AT    1.3457159727202177     
 FERMI ENERGY AT   0.72061135084690120     
 CONSTANT ENERGY   -21.335795579933247       0.17194259825323582     
 FERMI ENERGY AT    1.2836468143089577     
 FERMI ENERGY AT   0.69905426586761199     
 CONSTANT ENERGY   -21.438933376113582       0.14529120498087789     
 FERMI ENERGY AT    1.2254834483602282     
 FERMI ENERGY AT   0.68462377672246166     
 CONSTANT ENERGY   -21.521179223375924       0.12530563486303106     
 FERMI ENERGY AT    1.1716113055010076     
 FERMI ENERGY AT   0.67550681157076664     
 CONSTANT ENERGY   -21.587605725548599       0.11018045175996133     
 FERMI ENERGY AT    1.1222164129829793     
 FERMI ENERGY AT   0.67002581804633909     
 CONSTANT ENERGY   -21.642136264405153        9.8406633083321260E-002
 FERMI ENERGY AT    1.0771164978582131     
 FERMI ENERGY AT   0.66675615214482920     
 CONSTANT ENERGY   -21.686275568632567        8.9147456340897949E-002
 FERMI ENERGY AT    1.0361770825177286     
 FERMI ENERGY AT   0.66456505709558622     
 CONSTANT ENERGY   -21.722007602245263        8.1891947748056887E-002
 FERMI ENERGY AT   0.99914010043616197     
 FERMI ENERGY AT   0.66270193308919756     
 CONSTANT ENERGY   -21.751302323624984        7.6254371369563964E-002
 FERMI ENERGY AT   0.96565879831847190     
 FERMI ENERGY AT   0.66066091938995952     
 CONSTANT ENERGY   -21.775559943642751        7.1915196362705699E-002
 FERMI ENERGY AT   0.93535833286014902     
 FERMI ENERGY AT   0.65825504833732318     
 CONSTANT ENERGY   -21.795997313747353        6.8557574013392006E-002
 FERMI ENERGY AT   0.90786834793672655     
 FERMI ENERGY AT   0.65557758480889483     
 CONSTANT ENERGY   -21.813494305353132        6.5884107626564936E-002
 FERMI ENERGY AT   0.88286163802971074     
 FERMI ENERGY AT   0.65278101710361269     
 CONSTANT ENERGY   -21.828704009203271        6.3649934529158486E-002
 FERMI ENERGY AT   0.86007304716405686     
 FERMI ENERGY AT   0.65011315006112347     
 CONSTANT ENERGY   -21.842137969454068        6.1686471626469459E-002
 FERMI ENERGY AT   0.83928364813095901     
 FERMI ENERGY AT   0.64774722069864366     
 CONSTANT ENERGY   -21.854131614411418        5.9895917039939434E-002
 FERMI ENERGY AT   0.82031528424869016     
 FERMI ENERGY AT   0.64574338291956901     
 CONSTANT ENERGY   -21.864967231400364        5.8225931553251058E-002
 FERMI ENERGY AT   0.80302657094525365     
 FERMI ENERGY AT   0.64421961817289197     
 CONSTANT ENERGY   -21.874792707067538        5.6664937531177975E-002
 FERMI ENERGY AT   0.78731845128385025     
 FERMI ENERGY AT   0.64323887178081884     
 CONSTANT ENERGY   -21.883772237860477        5.5200566201978149E-002
 FERMI ENERGY AT   0.77307677356714666     
 FERMI ENERGY AT   0.64277036184087033     
 CONSTANT ENERGY   -21.891946818837802        5.3833613991565721E-002
 FERMI ENERGY AT   0.76019618469407124     
 FERMI ENERGY AT   0.64274805652952938     
 CONSTANT ENERGY   -21.899325905024845        5.2563779234691702E-002
 FERMI ENERGY AT   0.74858122176953190     
 FERMI ENERGY AT   0.64293049920173639     
 CONSTANT ENERGY   -21.906100257554954        5.1383895403354717E-002
 FERMI ENERGY AT   0.73811963680651882     
 FERMI ENERGY AT   0.64317654108718869     
 CONSTANT ENERGY   -21.912337772276370        5.0275735622049358E-002
 FERMI ENERGY AT   0.72870467399085481     
 FERMI ENERGY AT   0.64338788337572450     
 CONSTANT ENERGY   -21.918099096165673        4.9220916415288904E-002
 FERMI ENERGY AT   0.72024249964547649     
 FERMI ENERGY AT   0.64349863917646488     
 CONSTANT ENERGY   -21.923431170104458        4.8210506318488680E-002
 FERMI ENERGY AT   0.71264128609435473     
 FERMI ENERGY AT   0.64350812920492206     
 CONSTANT ENERGY   -21.928365945748251        4.7225040429207304E-002
 FERMI ENERGY AT   0.70581103963166347     
 FERMI ENERGY AT   0.64343992073107170     
 CONSTANT ENERGY   -21.932916616457032        4.6257744630044034E-002
 FERMI ENERGY AT   0.69965042019343748     
 FERMI ENERGY AT   0.64328021775936783     
 CONSTANT ENERGY   -21.937120552790390        4.5309404096492853E-002
 FERMI ENERGY AT   0.69409056830077209     
 FERMI ENERGY AT   0.64303308375034551     
 CONSTANT ENERGY   -21.941055502727139        4.4382686115150061E-002
 FERMI ENERGY AT   0.68905374728798685     
 FERMI ENERGY AT   0.64276180543048012     
 CONSTANT ENERGY   -21.944715777336349        4.3484579773217680E-002
 FERMI ENERGY AT   0.68448140938315560     
 FERMI ENERGY AT   0.64251916154792488     
 CONSTANT ENERGY   -21.948102627358200        4.2620516871589451E-002
 FERMI ENERGY AT   0.68032578409948652     
 FERMI ENERGY AT   0.64233504685436127     
 CONSTANT ENERGY   -21.951235907415409        4.1796161427802916E-002
 FERMI ENERGY AT   0.67654524267838567     
 FERMI ENERGY AT   0.64226066068589338     
 CONSTANT ENERGY   -21.954111911893939        4.1013983814672909E-002
 FERMI ENERGY AT   0.67311625838437039     
 FERMI ENERGY AT   0.64227718103057485     
 CONSTANT ENERGY   -21.956747336632805        4.0265264765510192E-002
 FERMI ENERGY AT   0.67002102695121912     
 FERMI ENERGY AT   0.64236236011321779     
 CONSTANT ENERGY   -21.959180386632216        3.9540491146825646E-002
 FERMI ENERGY AT   0.66724365061576330     
 FERMI ENERGY AT   0.64250796566759827     
 CONSTANT ENERGY   -21.961447957036846        3.8826660698388860E-002
 FERMI ENERGY AT   0.66476025064603439     
 FERMI ENERGY AT   0.64270951154332479     
 CONSTANT ENERGY   -21.963575664801535        3.8107580948566117E-002
 FERMI ENERGY AT   0.66254135607190678     
 FERMI ENERGY AT   0.64294312133781195     
 CONSTANT ENERGY   -21.965590917702794        3.7370127354226221E-002
WRITING : HEADER
WRITING : TIMESTEP
WRITING : ATOMS
WRITING : CELL
WRITING : OCCUPATIONS
WRITING : WAVES
WRITING : ENDOFFILE
 FERMI ENERGY AT   0.66056173744520663     
 FERMI ENERGY AT   0.64316714832773747     
 CONSTANT ENERGY   -21.967525174161953        3.6601984586596484E-002
 FERMI ENERGY AT   0.65879761362019673     
 FERMI ENERGY AT   0.64338427034055345     
 CONSTANT ENERGY   -21.969391711468742        3.5794857582372865E-002
 FERMI ENERGY AT   0.65722867991662259     
 FERMI ENERGY AT   0.64357335539764637     
 CONSTANT ENERGY   -21.971208847998220        3.4945670852576140E-002
 FERMI ENERGY AT   0.65582857165489139     
 FERMI ENERGY AT   0.64371246089406697     
 CONSTANT ENERGY   -21.972992104101408        3.4052268927860146E-002
 FERMI ENERGY AT   0.65457235881918385     
 FERMI ENERGY AT   0.64380182431348643     
 CONSTANT ENERGY   -21.974747567620430        3.3117431797045391E-002
 FERMI ENERGY AT   0.65343981758881242     
 FERMI ENERGY AT   0.64385043570662781     
 CONSTANT ENERGY   -21.976479824846628        3.2147951120783988E-002
 FERMI ENERGY AT   0.65241566341900659     
 FERMI ENERGY AT   0.64385040897344958     
 CONSTANT ENERGY   -21.978193207969834        3.1153436967662672E-002
 FERMI ENERGY AT   0.65148906131484596     
 FERMI ENERGY AT   0.64378857715239479     
 CONSTANT ENERGY   -21.979880576093631        3.0145408721125887E-002
 FERMI ENERGY AT   0.65065073394998796     
 FERMI ENERGY AT   0.64371525217697434     
 CONSTANT ENERGY   -21.981524920110342        2.9132082712325112E-002
 FERMI ENERGY AT   0.64989432242898726     
 FERMI ENERGY AT   0.64364395876548386     
 CONSTANT ENERGY   -21.983121522970340        2.8126348040892118E-002
 FERMI ENERGY AT   0.64921649703166118     
 FERMI ENERGY AT   0.64359250777235777     
 CONSTANT ENERGY   -21.984666592404487        2.7139757137993731E-002
 FERMI ENERGY AT   0.64861344536076326     
 FERMI ENERGY AT   0.64356872044748203     
 CONSTANT ENERGY   -21.986151551180509        2.6184444713980837E-002
 FERMI ENERGY AT   0.64807989188972592     
 FERMI ENERGY AT   0.64356747758431732     
 CONSTANT ENERGY   -21.987566995813268        2.5270768129817239E-002
 FERMI ENERGY AT   0.64760914828135074     
 FERMI ENERGY AT   0.64357692097052654     
 CONSTANT ENERGY   -21.988902860008189        2.4406547177423875E-002
 FERMI ENERGY AT   0.64719502581429944     
 FERMI ENERGY AT   0.64360206004432496     
 CONSTANT ENERGY   -21.990153088098936        2.3597172431548505E-002
 FERMI ENERGY AT   0.64682835271442718     
 FERMI ENERGY AT   0.64363157804732540     
 CONSTANT ENERGY   -21.991310233583945        2.2849151880116554E-002
 FERMI ENERGY AT   0.64649824002431477     
 FERMI ENERGY AT   0.64363277399835717     
 CONSTANT ENERGY   -21.992371365961418        2.2167597435775989E-002
 FERMI ENERGY AT   0.64619374194573764     
 FERMI ENERGY AT   0.64360385084131100     
 CONSTANT ENERGY   -21.993338434147883        2.1556270312364970E-002
 FERMI ENERGY AT   0.64590882705062491     
 FERMI ENERGY AT   0.64354181329642235     
 CONSTANT ENERGY   -21.994231775203875        2.1010636714338154E-002
 FERMI ENERGY AT   0.64563734541799300     
 FERMI ENERGY AT   0.64347705682378786     
 CONSTANT ENERGY   -21.995058816851412        2.0517571407031213E-002
 FERMI ENERGY AT   0.64538273908976951     
 FERMI ENERGY AT   0.64342474270946837     
 CONSTANT ENERGY   -21.995831129227138        2.0055060761850940E-002
 FERMI ENERGY AT   0.64514797932651746     
 FERMI ENERGY AT   0.64339275280192909     
 CONSTANT ENERGY   -21.996564853337986        1.9612873681565827E-002
 FERMI ENERGY AT   0.64493340580321534     
 FERMI ENERGY AT   0.64340813461623125     
 CONSTANT ENERGY   -21.997266925405896        1.9181451940560909E-002
 FERMI ENERGY AT   0.64473992276024328     
 FERMI ENERGY AT   0.64347288198581387     
 CONSTANT ENERGY   -21.997944489954168        1.8753326695282364E-002
 FERMI ENERGY AT   0.64457046698320364     
 FERMI ENERGY AT   0.64357968569767965     
 CONSTANT ENERGY   -21.998585582958881        1.8320103624650613E-002
 FERMI ENERGY AT   0.64442926139902412     
 FERMI ENERGY AT   0.64363320021607362     
 CONSTANT ENERGY   -21.999235322924815        1.7878908150819908E-002
 FERMI ENERGY AT   0.64431274861857735     
 FERMI ENERGY AT   0.64366551739519284     
 CONSTANT ENERGY   -21.999886487325433        1.7426717930284739E-002
 FERMI ENERGY AT   0.64421599632525428     
 FERMI ENERGY AT   0.64368227193877459     
 CONSTANT ENERGY   -22.000532243815350        1.6964793793041118E-002
 FERMI ENERGY AT   0.64413549273106174     
 FERMI ENERGY AT   0.64366660603291947     
 CONSTANT ENERGY   -22.001169608147183        1.6497811948815375E-002
 FERMI ENERGY AT   0.64406665791579731     
 FERMI ENERGY AT   0.64362168455491431     
 CONSTANT ENERGY   -22.001791750571702        1.6034569808445052E-002
 FERMI ENERGY AT   0.64400444940394075     
 FERMI ENERGY AT   0.64356381811590868     
 CONSTANT ENERGY   -22.002385527590818        1.5585075501737426E-002
 FERMI ENERGY AT   0.64394648721625058     
 FERMI ENERGY AT   0.64351482977534735     
 CONSTANT ENERGY   -22.002939064796109        1.5161095014187855E-002
 FERMI ENERGY AT   0.64389211199518337     
 FERMI ENERGY AT   0.64347386508287119     
 CONSTANT ENERGY   -22.003444375780951        1.4772581188971481E-002
 FERMI ENERGY AT   0.64384088140907836     
 FERMI ENERGY AT   0.64344451258733915     
 CONSTANT ENERGY   -22.003893287444875        1.4425275640926456E-002
 FERMI ENERGY AT   0.64379259353695484     
 FERMI ENERGY AT   0.64341912499840825     
 CONSTANT ENERGY   -22.004285250345916        1.4121890443596366E-002
 FERMI ENERGY AT   0.64374732251540556     
 FERMI ENERGY AT   0.64339551657692384     
 CONSTANT ENERGY   -22.004625788545695        1.3860263027764497E-002
 FERMI ENERGY AT   0.64370508375302393     
 FERMI ENERGY AT   0.64337605553339128     
 CONSTANT ENERGY   -22.004923491255397        1.3634463129403673E-002
 FERMI ENERGY AT   0.64366563652576492     
 FERMI ENERGY AT   0.64336702419908809     
 CONSTANT ENERGY   -22.005189769199944        1.3435176438404623E-002
 FERMI ENERGY AT   0.64362873504965590     
 FERMI ENERGY AT   0.64335877650541629     
 CONSTANT ENERGY   -22.005437534552009        1.3250639209726897E-002
 FERMI ENERGY AT   0.64359419576551702     
 FERMI ENERGY AT   0.64334787481937428     
 CONSTANT ENERGY   -22.005681101613103        1.3067493214029004E-002
 FERMI ENERGY AT   0.64356212076063390     
 FERMI ENERGY AT   0.64333432039460847     
 CONSTANT ENERGY   -22.005936127143134        1.2871080728008131E-002
 FERMI ENERGY AT   0.64353202233161311     
 FERMI ENERGY AT   0.64331719615430660     
 CONSTANT ENERGY   -22.006227223438191        1.2637815752666872E-002
 FERMI ENERGY AT   0.64350333186247233     
 FERMI ENERGY AT   0.64329339154284104     
 CONSTANT ENERGY   -22.006570237101236        1.2352479820197854E-002
 FERMI ENERGY AT   0.64347628520255240     
 FERMI ENERGY AT   0.64326996804898740     
 CONSTANT ENERGY   -22.006961321826378        1.2019273132025592E-002
 FERMI ENERGY AT   0.64345077424499630     
 FERMI ENERGY AT   0.64325829078054730     
 CONSTANT ENERGY   -22.007385405515812        1.1644956255977237E-002
 FERMI ENERGY AT   0.64342837135050412     
 FERMI ENERGY AT   0.64324263216318556     
 CONSTANT ENERGY   -22.007847008041555        1.1240881318380268E-002
 FERMI ENERGY AT   0.64340970668740405     
 FERMI ENERGY AT   0.64323660226224799     
 CONSTANT ENERGY   -22.008333018820096        1.0815285270796841E-002
 FERMI ENERGY AT   0.64339489304867359     
 FERMI ENERGY AT   0.64323686222564402     
 CONSTANT ENERGY   -22.008835077147324        1.0376290886846832E-002
 FERMI ENERGY AT   0.64338222079967944     
 FERMI ENERGY AT   0.64324253087734629     
 CONSTANT ENERGY   -22.009341075929797        9.9330677308765471E-003
 FERMI ENERGY AT   0.64337149771581259     
 FERMI ENERGY AT   0.64325209303971043     
 CONSTANT ENERGY   -22.009836469377298        9.4976354546499487E-003
WRITING : HEADER
WRITING : TIMESTEP
WRITING : ATOMS
WRITING : CELL
WRITING : OCCUPATIONS
WRITING : WAVES
WRITING : ENDOFFILE
 FERMI ENERGY AT   0.64336232375905067     
 FERMI ENERGY AT   0.64326051895738190     
 CONSTANT ENERGY   -22.010319148337430        9.0731225184513195E-003
 FERMI ENERGY AT   0.64335382743026182     
 FERMI ENERGY AT   0.64326637556733401     
 CONSTANT ENERGY   -22.010781693492035        8.6635889128936633E-003
 FERMI ENERGY AT   0.64334585998291727     
 FERMI ENERGY AT   0.64327523306789336     
 CONSTANT ENERGY   -22.011220962652615        8.2720413065328728E-003
 FERMI ENERGY AT   0.64333864841258470     
 FERMI ENERGY AT   0.64328494533079861     
 CONSTANT ENERGY   -22.011635241831833        7.9006919971128312E-003
 FERMI ENERGY AT   0.64333244029238934     
 FERMI ENERGY AT   0.64329824977506322     
 CONSTANT ENERGY   -22.012023526126317        7.5510784633064879E-003
 FERMI ENERGY AT   0.64332748184560773     
 FERMI ENERGY AT   0.64332276022802926     
 CONSTANT ENERGY   -22.012385548794796        7.2240607762427385E-003
 FERMI ENERGY AT   0.64332386105672101     
 FERMI ENERGY AT   0.64334707129422741     
 CONSTANT ENERGY   -22.012721907026521        6.9198075860276024E-003
 FERMI ENERGY AT   0.64332167610898383     
 FERMI ENERGY AT   0.64337321219820842     
 CONSTANT ENERGY   -22.013033830859595        6.6379367521488585E-003
 FERMI ENERGY AT   0.64332128261119015     
 FERMI ENERGY AT   0.64339440539097481     
 CONSTANT ENERGY   -22.013323837583474        6.3774071165920328E-003
 FERMI ENERGY AT   0.64332251630008419     
 FERMI ENERGY AT   0.64341274454959052     
 CONSTANT ENERGY   -22.013593818770737        6.1367791215411992E-003
 FERMI ENERGY AT   0.64332519659913057     
 FERMI ENERGY AT   0.64342710752950305     
 CONSTANT ENERGY   -22.013845503405076        5.9143540098424725E-003
 FERMI ENERGY AT   0.64332895692336656     
 FERMI ENERGY AT   0.64343409315730848     
 CONSTANT ENERGY   -22.014081010201942        5.7081960348990459E-003
 FERMI ENERGY AT   0.64333353770760238     
 FERMI ENERGY AT   0.64344223156566371     
 CONSTANT ENERGY   -22.014302407642106        5.5162691642890796E-003
 FERMI ENERGY AT   0.64333908396844519     
 FERMI ENERGY AT   0.64344440583764628     
 CONSTANT ENERGY   -22.014511755447142        5.3363655453287050E-003
 FERMI ENERGY AT   0.64334547753474047     
 FERMI ENERGY AT   0.64344264887010794     
 CONSTANT ENERGY   -22.014711010241562        5.1661170757419626E-003
 FERMI ENERGY AT   0.64335385305883597     
 FERMI ENERGY AT   0.64344523077399252     
 CONSTANT ENERGY   -22.014902118382057        5.0027772416550709E-003
 FERMI ENERGY AT   0.64336997844801858     
 FERMI ENERGY AT   0.64344552377773967     
 CONSTANT ENERGY   -22.015087598490595        4.8417368170532871E-003
 FERMI ENERGY AT   0.64338353271825299     
 FERMI ENERGY AT   0.64345130669879036     
 CONSTANT ENERGY   -22.015271598821244        4.6835580007493658E-003
 FERMI ENERGY AT   0.64339407021561834     
 FERMI ENERGY AT   0.64346202543997533     
 CONSTANT ENERGY   -22.015453975566970        4.5271101094781713E-003
 FERMI ENERGY AT   0.64340370519039658     
 FERMI ENERGY AT   0.64347613009159554     
 CONSTANT ENERGY   -22.015635620587606        4.3700392125209696E-003
 FERMI ENERGY AT   0.64341328555884292     
 FERMI ENERGY AT   0.64349119713557268     
 CONSTANT ENERGY   -22.015817225434226        4.2117149504113747E-003
 FERMI ENERGY AT   0.64342324116284466     
 FERMI ENERGY AT   0.64351060740784005     
 CONSTANT ENERGY   -22.015998428554557        4.0527638172099412E-003
 FERMI ENERGY AT   0.64343394934184406     
 FERMI ENERGY AT   0.64352643989758262     
 CONSTANT ENERGY   -22.016178108571197        3.8946875757907180E-003
 FERMI ENERGY AT   0.64344509331310928     
 FERMI ENERGY AT   0.64353832229585350     
 CONSTANT ENERGY   -22.016354190442296        3.7396407869854046E-003
 FERMI ENERGY AT   0.64345621324464986     
 FERMI ENERGY AT   0.64354473420601777     
 CONSTANT ENERGY   -22.016524427481698        3.5898003052098467E-003
 FERMI ENERGY AT   0.64346670972885656     
 FERMI ENERGY AT   0.64354511890473609     
 CONSTANT ENERGY   -22.016686879057040        3.4469501500534305E-003
 FERMI ENERGY AT   0.64347595389592460     
 FERMI ENERGY AT   0.64353936841830528     
 CONSTANT ENERGY   -22.016840197434316        3.3122294446094594E-003
 FERMI ENERGY AT   0.64348337846792125     
 FERMI ENERGY AT   0.64352891167365633     
 CONSTANT ENERGY   -22.016983719769215        3.1860796261637329E-003
 FERMI ENERGY AT   0.64348858445831014     
 FERMI ENERGY AT   0.64351534473642036     
 CONSTANT ENERGY   -22.017117432928298        3.0683408297281457E-003
 FERMI ENERGY AT   0.64349135463417839     
 FERMI ENERGY AT   0.64350071462470615     
 CONSTANT ENERGY   -22.017242071805107        2.9584684631569365E-003
 FERMI ENERGY AT   0.64349212910340803     
 FERMI ENERGY AT   0.64348960706676628     
 CONSTANT ENERGY   -22.017361082629819        2.8558518144496067E-003
 FERMI ENERGY AT   0.64349149231811587     
 FERMI ENERGY AT   0.64347531349971232     
 CONSTANT ENERGY   -22.017472943994324        2.7591418553178102E-003
 FERMI ENERGY AT   0.64348962083451600     
 FERMI ENERGY AT   0.64346630832677820     
 CONSTANT ENERGY   -22.017578459534747        2.6676614811183036E-003
 FERMI ENERGY AT   0.64348695430842962     
 FERMI ENERGY AT   0.64345559445183254     
 CONSTANT ENERGY   -22.017678445475461        2.5808607346532444E-003
 FERMI ENERGY AT   0.64348414567236600     
 FERMI ENERGY AT   0.64346329478233932     
 CONSTANT ENERGY   -22.017773495284533        2.4983946067923882E-003
 FERMI ENERGY AT   0.64348194639174539     
 FERMI ENERGY AT   0.64345708243566091     
 CONSTANT ENERGY   -22.017864378499041        2.4199511749840256E-003
 FERMI ENERGY AT   0.64347959099369190     
 FERMI ENERGY AT   0.64345747179849877     
 CONSTANT ENERGY   -22.017951525825794        2.3453419421157829E-003
 FERMI ENERGY AT   0.64347752208710152     
 FERMI ENERGY AT   0.64345852891871902     
 CONSTANT ENERGY   -22.018035442146445        2.2743114918915234E-003
 FERMI ENERGY AT   0.64347570462189041     
 FERMI ENERGY AT   0.64345939161809362     
 CONSTANT ENERGY   -22.018116579892244        2.2065315242672402E-003
 FERMI ENERGY AT   0.64347404128992058     
 FERMI ENERGY AT   0.64345954179028808     
 CONSTANT ENERGY   -22.018195362707822        2.1415789876741281E-003
 FERMI ENERGY AT   0.64347241845303615     
 FERMI ENERGY AT   0.64345912209972678     
 CONSTANT ENERGY   -22.018272211037239        2.0789516149649695E-003
 FERMI ENERGY AT   0.64347074475125610     
 FERMI ENERGY AT   0.64345810874187681     
 CONSTANT ENERGY   -22.018347582148401        2.0181085178148437E-003
 FERMI ENERGY AT   0.64346908299176764     
 FERMI ENERGY AT   0.64345885419843873     
 CONSTANT ENERGY   -22.018421861662695        1.9585703397945729E-003
 FERMI ENERGY AT   0.64346733910446574     
 FERMI ENERGY AT   0.64345307427145182     
 CONSTANT ENERGY   -22.018495462038981        1.8999098986707671E-003
 FERMI ENERGY AT   0.64346520641267690     
 FERMI ENERGY AT   0.64344927249411799     
 CONSTANT ENERGY   -22.018568615126618        1.8418404969010940E-003
 FERMI ENERGY AT   0.64346289485276664     
 FERMI ENERGY AT   0.64344497844432968     
 CONSTANT ENERGY   -22.018641492118515        1.7842087484917345E-003
 FERMI ENERGY AT   0.64346043456531221     
 FERMI ENERGY AT   0.64344037062202075     
 CONSTANT ENERGY   -22.018714103793677        1.7270188092666323E-003
 FERMI ENERGY AT   0.64345783798164435     
 FERMI ENERGY AT   0.64343463639560294     
 CONSTANT ENERGY   -22.018786310296704        1.6704212884116687E-003
 FERMI ENERGY AT   0.64345507595785434     
 FERMI ENERGY AT   0.64342798221500141     
 CONSTANT ENERGY   -22.018857835568909        1.6146894204928210E-003
 FERMI ENERGY AT   0.64345223695210907     
 FERMI ENERGY AT   0.64342422131286148     
 CONSTANT ENERGY   -22.018928269505416        1.5601866011331991E-003
WRITING : HEADER
WRITING : TIMESTEP
WRITING : ATOMS
WRITING : CELL
WRITING : OCCUPATIONS
WRITING : WAVES
WRITING : ENDOFFILE
 FERMI ENERGY AT   0.64344911203217026     
 FERMI ENERGY AT   0.64340898102629573     
 CONSTANT ENERGY   -22.018997263039509        1.5072841359503810E-003
 FERMI ENERGY AT   0.64344504227434418     
 FERMI ENERGY AT   0.64339622437496802     
 CONSTANT ENERGY   -22.019064286743632        1.4563649427846511E-003
 FERMI ENERGY AT   0.64344018366298494     
 FERMI ENERGY AT   0.64338159381683591     
 CONSTANT ENERGY   -22.019128964627921        1.4077177808448286E-003
 FERMI ENERGY AT   0.64343439352097964     
 FERMI ENERGY AT   0.64336539885767885     
 CONSTANT ENERGY   -22.019190971996455        1.3615267497494037E-003
 FERMI ENERGY AT   0.64342757965638941     
 FERMI ENERGY AT   0.64334815892780006     
 CONSTANT ENERGY   -22.019250084425895        1.3178503751258208E-003
 FERMI ENERGY AT   0.64341972000675218     
 FERMI ENERGY AT   0.64333063089359532     
 CONSTANT ENERGY   -22.019306187080922        1.2766263990613605E-003
 FERMI ENERGY AT   0.64341087404166919     
 FERMI ENERGY AT   0.64331360841924190     
 CONSTANT ENERGY   -22.019359275777916        1.2376932810591124E-003
 FERMI ENERGY AT   0.64340118520073741     
 FERMI ENERGY AT   0.64329777829950785     
 CONSTANT ENERGY   -22.019409437735508        1.2008217454170058E-003
 FERMI ENERGY AT   0.64339087415910146     
 FERMI ENERGY AT   0.64328428862644726     
 CONSTANT ENERGY   -22.019456843323109        1.1657481664868537E-003
 FERMI ENERGY AT   0.64338022324490773     
 FERMI ENERGY AT   0.64327368364807969     
 CONSTANT ENERGY   -22.019501729558723        1.1322022430259302E-003
 FERMI ENERGY AT   0.64336955415593799     
 FERMI ENERGY AT   0.64326637997896752     
 CONSTANT ENERGY   -22.019544358835986        1.0999241744354036E-003
 FERMI ENERGY AT   0.64335919591298263     
 FERMI ENERGY AT   0.64326251467748241     
 CONSTANT ENERGY   -22.019584983218042        1.0686712316905567E-003
 FERMI ENERGY AT   0.64334946627822509     
 FERMI ENERGY AT   0.64326196588097040     
 CONSTANT ENERGY   -22.019623962380095        1.0382181400310001E-003
 FERMI ENERGY AT   0.64334064782415257     
 FERMI ENERGY AT   0.64326440983019262     
 CONSTANT ENERGY   -22.019661604700438        1.0083568220032629E-003
 FERMI ENERGY AT   0.64333295188883777     
 FERMI ENERGY AT   0.64326936884575070     
 CONSTANT ENERGY   -22.019698221193359        9.7889140242761854E-004
 FERMI ENERGY AT   0.64332651970469756     
 FERMI ENERGY AT   0.64327625439990177     
 CONSTANT ENERGY   -22.019734113333030        9.4963832719739260E-004
 FERMI ENERGY AT   0.64332141748663219     
 FERMI ENERGY AT   0.64328441679469961     
 CONSTANT ENERGY   -22.019769541870222        9.2043451108363324E-004
 FERMI ENERGY AT   0.64331763718862223     
 FERMI ENERGY AT   0.64329319562116316     
 CONSTANT ENERGY   -22.019804712497169        8.9114903232303156E-004
 FERMI ENERGY AT   0.64331498235186368     
 FERMI ENERGY AT   0.64329883228285067     
 CONSTANT ENERGY   -22.019839785204283        8.6169411110620158E-004
 FERMI ENERGY AT   0.64331337124461696     
 FERMI ENERGY AT   0.64331063971661417     
 CONSTANT ENERGY   -22.019874761744859        8.3204967393217619E-004
 FERMI ENERGY AT   0.64331297236285057     
 FERMI ENERGY AT   0.64331820403404916     
 CONSTANT ENERGY   -22.019909689891275        8.0224859777701949E-004
 FERMI ENERGY AT   0.64331334639623872     
 FERMI ENERGY AT   0.64332452981901200     
 CONSTANT ENERGY   -22.019944464276815        7.7240022282141054E-004
 FERMI ENERGY AT   0.64331432086662377     
 FERMI ENERGY AT   0.64333010324971995     
 CONSTANT ENERGY   -22.019978928431478        7.4267568757039812E-004
 FERMI ENERGY AT   0.64331565994683582     
 FERMI ENERGY AT   0.64333141993104048     
 CONSTANT ENERGY   -22.020012916087836        7.1329263978659753E-004
 FERMI ENERGY AT   0.64331703142722862     
 FERMI ENERGY AT   0.64333262847467032     
 CONSTANT ENERGY   -22.020046184734586        6.8450388855195233E-004
 FERMI ENERGY AT   0.64331843579621728     
 FERMI ENERGY AT   0.64333399927018498     
 CONSTANT ENERGY   -22.020078512850404        6.5656779798015509E-004
 FERMI ENERGY AT   0.64331975821493304     
 FERMI ENERGY AT   0.64333196775457557     
 CONSTANT ENERGY   -22.020109717916416        6.2972462529640018E-004
 FERMI ENERGY AT   0.64332081439264721     
 FERMI ENERGY AT   0.64333092901852396     
 CONSTANT ENERGY   -22.020139598138318        6.0418178928547494E-004
 FERMI ENERGY AT   0.64332169520844606     
 FERMI ENERGY AT   0.64332997981524398     
 CONSTANT ENERGY   -22.020168024487063        5.8009163495542377E-004
 FERMI ENERGY AT   0.64332250676126379     
 FERMI ENERGY AT   0.64333132936339310     
 CONSTANT ENERGY   -22.020194894465771        5.5754649281905392E-004
 FERMI ENERGY AT   0.64332326458864297     
 FERMI ENERGY AT   0.64332888162416757     
 CONSTANT ENERGY   -22.020220207227968        5.3657075978705455E-004
 FERMI ENERGY AT   0.64332379983048471     
 FERMI ENERGY AT   0.64332885762578818     
 CONSTANT ENERGY   -22.020243936109171        5.1713529925313481E-004
 FERMI ENERGY AT   0.64332429871318852     
 FERMI ENERGY AT   0.64332916965749809     
 CONSTANT ENERGY   -22.020266151350238        4.9915707023572204E-004
 FERMI ENERGY AT   0.64332478669421811     
 FERMI ENERGY AT   0.64332961464480709     
 CONSTANT ENERGY   -22.020286951954727        4.8251633169934833E-004
 FERMI ENERGY AT   0.64332526714169347     
 FERMI ENERGY AT   0.64332995477612220     
 CONSTANT ENERGY   -22.020306469881753        4.6706963669346642E-004
 FERMI ENERGY AT   0.64332572199523097     
 FERMI ENERGY AT   0.64332979403427970     
 CONSTANT ENERGY   -22.020324859967680        4.5266303592141717E-004
 FERMI ENERGY AT   0.64332595536067161     
 FERMI ENERGY AT   0.64332529888347545     
 CONSTANT ENERGY   -22.020342316057743        4.3914084514188342E-004
 FERMI ENERGY AT   0.64332598832256949     
 FERMI ENERGY AT   0.64332918780518156     
 CONSTANT ENERGY   -22.020358923826400        4.2636340227915175E-004
 FERMI ENERGY AT   0.64332624343084788     
 FERMI ENERGY AT   0.64332815169135715     
 CONSTANT ENERGY   -22.020374918707798        4.1419225237164254E-004
 FERMI ENERGY AT   0.64332636272556187     
 FERMI ENERGY AT   0.64332655021091811     
 CONSTANT ENERGY   -22.020390411553144        4.0250953732390846E-004
 FERMI ENERGY AT   0.64332630511847988     
 FERMI ENERGY AT   0.64332441187840406     
 CONSTANT ENERGY   -22.020405513872237        3.9120980906256618E-004
 FERMI ENERGY AT   0.64332604464247289     
 FERMI ENERGY AT   0.64332203763823748     
 CONSTANT ENERGY   -22.020420308603583        3.8020143737136150E-004
 FERMI ENERGY AT   0.64332560007632067     
 FERMI ENERGY AT   0.64332015485919058     
 CONSTANT ENERGY   -22.020434845295451        3.6940728662342170E-004
 FERMI ENERGY AT   0.64332496717813636     
 FERMI ENERGY AT   0.64331666854082814     
 CONSTANT ENERGY   -22.020449165075025        3.5876440880751748E-004
 FERMI ENERGY AT   0.64332408280495335     
 FERMI ENERGY AT   0.64331390718665082     
 CONSTANT ENERGY   -22.020463260253596        3.4822779745774876E-004
 FERMI ENERGY AT   0.64332301980715334     
 FERMI ENERGY AT   0.64331113201901202     
 CONSTANT ENERGY   -22.020477124163669        3.3776875606526227E-004
 FERMI ENERGY AT   0.64332196709774936     
 FERMI ENERGY AT   0.64331278858086394     
 CONSTANT ENERGY   -22.020490706804996        3.2737668909041748E-004
 FERMI ENERGY AT   0.64332086100991626     
 FERMI ENERGY AT   0.64330444695445166     
 CONSTANT ENERGY   -22.020504066400871        3.1704904964264272E-004
 FERMI ENERGY AT   0.64331919102060175     
 FERMI ENERGY AT   0.64330039164922526     
 CONSTANT ENERGY   -22.020517094249165        3.0680054890970553E-004
 FERMI ENERGY AT   0.64331712675937458     
 FERMI ENERGY AT   0.64329194588674221     
 CONSTANT ENERGY   -22.020529820453135        2.9664518100432064E-004
WRITING : HEADER
WRITING : TIMESTEP
WRITING : ATOMS
WRITING : CELL
WRITING : OCCUPATIONS
WRITING : WAVES
WRITING : ENDOFFILE
 FERMI ENERGY AT   0.64331472097790132     
 FERMI ENERGY AT   0.64329200035697109     
 CONSTANT ENERGY   -22.020542152675933        2.8660302708410072E-004
 FERMI ENERGY AT   0.64331259833771048     
 FERMI ENERGY AT   0.64329230013257943     
 CONSTANT ENERGY   -22.020554124164441        2.7668700772720263E-004
 FERMI ENERGY AT   0.64331037089370757     
 FERMI ENERGY AT   0.64328208994329172     
 CONSTANT ENERGY   -22.020565791180303        2.6690528775703175E-004
 FERMI ENERGY AT   0.64330762339294800     
 FERMI ENERGY AT   0.64327966697191097     
 CONSTANT ENERGY   -22.020577046990081        2.5727090438406621E-004
 FERMI ENERGY AT   0.64330467816638648     
 FERMI ENERGY AT   0.64327059325769420     
 CONSTANT ENERGY   -22.020587974371047        2.4778944723972756E-004
 FERMI ENERGY AT   0.64330124105348674     
 FERMI ENERGY AT   0.64326558625564867     
 CONSTANT ENERGY   -22.020598517893699        2.3847672004678532E-004
 FERMI ENERGY AT   0.64329763206857904     
 FERMI ENERGY AT   0.64326141614009391     
 CONSTANT ENERGY   -22.020608697958476        2.2935333792240337E-004
 FERMI ENERGY AT   0.64329396912616810     
 FERMI ENERGY AT   0.64325846594349745     
 CONSTANT ENERGY   -22.020618517564518        2.2044821253389420E-004
 FERMI ENERGY AT   0.64329038133916272     
 FERMI ENERGY AT   0.64325680796459650     
 CONSTANT ENERGY   -22.020627981664322        2.1179794944214985E-004
 FERMI ENERGY AT   0.64328688842233150     
 FERMI ENERGY AT   0.64325362602482539     
 CONSTANT ENERGY   -22.020637114860953        2.0344445230360193E-004
 FERMI ENERGY AT   0.64328376983425872     
 FERMI ENERGY AT   0.64326091137793051     
 CONSTANT ENERGY   -22.020645858357437        1.9543504508439275E-004
 FERMI ENERGY AT   0.64328133761425188     
 FERMI ENERGY AT   0.64325809188714156     
 CONSTANT ENERGY   -22.020654344075989        1.8780952834116638E-004
 FERMI ENERGY AT   0.64327899820058909     
 FERMI ENERGY AT   0.64325914713616206     
 CONSTANT ENERGY   -22.020662512710157        1.8060673391642697E-004
 FERMI ENERGY AT   0.64327705970626370     
 FERMI ENERGY AT   0.64326157410061724     
 CONSTANT ENERGY   -22.020670402510788        1.7385160948367912E-004
 FERMI ENERGY AT   0.64327545117178975     
 FERMI ENERGY AT   0.64326037727621754     
 CONSTANT ENERGY   -22.020678068536700        1.6755338660907193E-004
 FERMI ENERGY AT   0.64327381823264984     
 FERMI ENERGY AT   0.64325709948115006     
 CONSTANT ENERGY   -22.020685530031486        1.6170468967832249E-004
 FERMI ENERGY AT   0.64327224366797886     
 FERMI ENERGY AT   0.64325996413365683     
 CONSTANT ENERGY   -22.020692764081936        1.5628150651535700E-004
 FERMI ENERGY AT   0.64327098061520571     
 FERMI ENERGY AT   0.64325857817035681     
 CONSTANT ENERGY   -22.020699848302961        1.5124152184688958E-004
 FERMI ENERGY AT   0.64326974848043927     
 FERMI ENERGY AT   0.64325828643832339     
 CONSTANT ENERGY   -22.020706763641556        1.4653322197712563E-004
 FERMI ENERGY AT   0.64326842915070315     
 FERMI ENERGY AT   0.64325292984815030     
 CONSTANT ENERGY   -22.020713545572601        1.4209795296276468E-004
 FERMI ENERGY AT   0.64326699875149318     
 FERMI ENERGY AT   0.64325578454975918     
 CONSTANT ENERGY   -22.020720115452288        1.3788025434044530E-004
 FERMI ENERGY AT   0.64326585729931762     
 FERMI ENERGY AT   0.64325472616280932     
 CONSTANT ENERGY   -22.020726522806342        1.3382799465814387E-004
 FERMI ENERGY AT   0.64326472400912005     
 FERMI ENERGY AT   0.64325364663559936     
 CONSTANT ENERGY   -22.020732721992161        1.2990201911323494E-004
 FERMI ENERGY AT   0.64326359710916525     
 FERMI ENERGY AT   0.64325260109134474     
 CONSTANT ENERGY   -22.020738684549336        1.2607623095543566E-004
 FERMI ENERGY AT   0.64326248033286804     
 FERMI ENERGY AT   0.64325163202661217     
 CONSTANT ENERGY   -22.020744380322625        1.2233842450422121E-004
 FERMI ENERGY AT   0.64326138097267371     
 FERMI ENERGY AT   0.64325072558871166     
 CONSTANT ENERGY   -22.020749780622275        1.1868867625640107E-004
 FERMI ENERGY AT   0.64326021693926605     
 FERMI ENERGY AT   0.64324763222982861     
 CONSTANT ENERGY   -22.020754875732496        1.1513596935790729E-004
 FERMI ENERGY AT   0.64325903177213228     
 FERMI ENERGY AT   0.64324977839748376     
 CONSTANT ENERGY   -22.020759605301134        1.1169575231958859E-004
 FERMI ENERGY AT   0.64325810002436890     
 FERMI ENERGY AT   0.64324959484965516     
 CONSTANT ENERGY   -22.020764003602199        1.0838307758956515E-004
 FERMI ENERGY AT   0.64325724485326552     
 FERMI ENERGY AT   0.64324944929957939     
 CONSTANT ENERGY   -22.020768057852855        1.0521191018275381E-004
 FERMI ENERGY AT   0.64325634358383821     
 FERMI ENERGY AT   0.64324616258611345     
 CONSTANT ENERGY   -22.020771797852770        1.0219085797594491E-004
 FERMI ENERGY AT   0.64325543537152852     
 FERMI ENERGY AT   0.64324961240698486     
 CONSTANT ENERGY   -22.020775187875596        9.9323690687093955E-005
 FERMI ENERGY AT   0.64325486207254012     
 FERMI ENERGY AT   0.64325014835557537     
 CONSTANT ENERGY   -22.020778310689565        9.6606124372749597E-005
 FERMI ENERGY AT   0.64325438660345724     
 FERMI ENERGY AT   0.64325057960005905     
 CONSTANT ENERGY   -22.020781181448029        9.4029962443554449E-005
 FERMI ENERGY AT   0.64325402725117464     
 FERMI ENERGY AT   0.64325175820386993     
 CONSTANT ENERGY   -22.020783833292430        9.1583442758405779E-005
 FERMI ENERGY AT   0.64325387153366309     
 FERMI ENERGY AT   0.64325421214653022     
 CONSTANT ENERGY   -22.020786302059818        8.9253570687496535E-005
 FERMI ENERGY AT   0.64325367233793440     
 FERMI ENERGY AT   0.64324828324951122     
 CONSTANT ENERGY   -22.020788684398582        8.7027255014552652E-005
 FERMI ENERGY AT   0.64325324966909470     
 FERMI ENERGY AT   0.64325303546043722     
 CONSTANT ENERGY   -22.020790911953632        8.4895443660644904E-005
 FERMI ENERGY AT   0.64325331498675209     
 FERMI ENERGY AT   0.64325711831994381     
 CONSTANT ENERGY   -22.020793085859214        8.2849373263521687E-005
 FERMI ENERGY AT   0.64325358587696857     
 FERMI ENERGY AT   0.64325574887036219     
 CONSTANT ENERGY   -22.020795262802221        8.0882887096832816E-005
 FERMI ENERGY AT   0.64325379634410484     
 FERMI ENERGY AT   0.64325719538159920     
 CONSTANT ENERGY   -22.020797428716044        7.8991645163258310E-005
 FERMI ENERGY AT   0.64325413119223973     
 FERMI ENERGY AT   0.64325855385116593     
 CONSTANT ENERGY   -22.020799622972596        7.7170431732397115E-005
 FERMI ENERGY AT   0.64325445754331911     
 FERMI ENERGY AT   0.64325683015566504     
 CONSTANT ENERGY   -22.020801885551872        7.5412420645904829E-005
 FERMI ENERGY AT   0.64325480711573524     
 FERMI ENERGY AT   0.64326216207876441     
 CONSTANT ENERGY   -22.020804169614923        7.3709024268630679E-005
 FERMI ENERGY AT   0.64325552767311944     
 FERMI ENERGY AT   0.64326349000688043     
 CONSTANT ENERGY   -22.020806542929090        7.2047404446091442E-005
 FERMI ENERGY AT   0.64325632222283979     
 FERMI ENERGY AT   0.64326443148811141     
 CONSTANT ENERGY   -22.020808987062477        7.0412734910508049E-005
 FERMI ENERGY AT   0.64325713195860901     
 FERMI ENERGY AT   0.64326479700296024     
 CONSTANT ENERGY   -22.020811497319606        6.8788171350791567E-005
 FERMI ENERGY AT   0.64325789752468554     
 FERMI ENERGY AT   0.64326460840296906     
 CONSTANT ENERGY   -22.020814063285886        6.7156611194919483E-005
 FERMI ENERGY AT   0.64325856768461809     
 FERMI ENERGY AT   0.64326396484359871     
 CONSTANT ENERGY   -22.020816669549511        6.5502577004497077E-005
 FERMI ENERGY AT   0.64325905670109129     
 FERMI ENERGY AT   0.64326171393612908     
 CONSTANT ENERGY   -22.020819304586166        6.3814004529941454E-005
WRITING : HEADER
WRITING : TIMESTEP
WRITING : ATOMS
WRITING : CELL
WRITING : OCCUPATIONS
WRITING : WAVES
WRITING : ENDOFFILE
 FERMI ENERGY AT   0.64325936554072694     
 FERMI ENERGY AT   0.64326213958876388     
 CONSTANT ENERGY   -22.020821922876610        6.2084147052240146E-005
 FERMI ENERGY AT   0.64325964099774158     
 FERMI ENERGY AT   0.64326124174458577     
 CONSTANT ENERGY   -22.020824524225930        6.0311732448300469E-005
 FERMI ENERGY AT   0.64325980016635431     
 FERMI ENERGY AT   0.64326047129709008     
 CONSTANT ENERGY   -22.020827077760973        5.8501887293933281E-005
 FERMI ENERGY AT   0.64325986447707972     
 FERMI ENERGY AT   0.64325983426454691     
 CONSTANT ENERGY   -22.020829561863774        5.6665244346078466E-005
 FERMI ENERGY AT   0.64325985838956423     
 FERMI ENERGY AT   0.64325947305395237     
 CONSTANT ENERGY   -22.020831957722184        5.4816874883341681E-005
 FERMI ENERGY AT   0.64325980373127778     
 FERMI ENERGY AT   0.64325894835054687     
 CONSTANT ENERGY   -22.020834250267843        5.2974736018397770E-005
 FERMI ENERGY AT   0.64325971511496460     
 FERMI ENERGY AT   0.64325856481539567     
 CONSTANT ENERGY   -22.020836428770366        5.1157924005265054E-005
 FERMI ENERGY AT   0.64325959725237680     
 FERMI ENERGY AT   0.64325809511882426     
 CONSTANT ENERGY   -22.020838487059859        4.9384952879604723E-005
 FERMI ENERGY AT   0.64325944457348594     
 FERMI ENERGY AT   0.64325745006268686     
 CONSTANT ENERGY   -22.020840423391473        4.7672253895051969E-005
 FERMI ENERGY AT   0.64325924309086346     
 FERMI ENERGY AT   0.64325656816817167     
 CONSTANT ENERGY   -22.020842240000320        4.6033052455007268E-005
 FERMI ENERGY AT   0.64325897400906151     
 FERMI ENERGY AT   0.64325542855446893     
 CONSTANT ENERGY   -22.020843942428446        4.4476726857768946E-005
 FERMI ENERGY AT   0.64325861827168485     
 FERMI ENERGY AT   0.64325393195142544     
 CONSTANT ENERGY   -22.020845538719282        4.3008685007420828E-005
 FERMI ENERGY AT   0.64325802484765970     
 FERMI ENERGY AT   0.64324891801487283     
Note: The following floating-point exceptions are signalling: IEEE_UNDERFLOW_FLAG IEEE_DENORMAL
STOP NORMAL STOP IN MPE__STOPALL
 CONSTANT ENERGY   -22.020847059944632        4.1630624346256925E-005
 FERMI ENERGY AT   0.64325723612794872     
 FERMI ENERGY AT   0.64325141125020668     
 CONSTANT ENERGY   -22.020848452944833        4.0341735060619203E-005
 FERMI ENERGY AT   0.64325665309387126     
 FERMI ENERGY AT   0.64325021641559743     
 CONSTANT ENERGY   -22.020849791675150        3.9138394726752766E-005
 FERMI ENERGY AT   0.64325603228366113     
 FERMI ENERGY AT   0.64324957352706358     
 CONSTANT ENERGY   -22.020851061881583        3.8016288640388402E-005
 FERMI ENERGY AT   0.64325536484742696     
 FERMI ENERGY AT   0.64324758622841316     
 CONSTANT ENERGY   -22.020852283985391        3.6970261663530097E-005
 FERMI ENERGY AT   0.64325458642284172     
 FERMI ENERGY AT   0.64324626632611304     
 CONSTANT ENERGY   -22.020853455482122        3.5994997343026939E-005
 FERMI ENERGY AT   0.64325375382804029     
 FERMI ENERGY AT   0.64324506277064442     
 CONSTANT ENERGY   -22.020854586943926        3.5084937404977424E-005
 FERMI ENERGY AT   0.64325288414916992     
 FERMI ENERGY AT   0.64324390305555146     
 CONSTANT ENERGY   -22.020855683879304        3.4234358425974296E-005
 FERMI ENERGY AT   0.64325200108134872     
 FERMI ENERGY AT   0.64324327543065341     
 CONSTANT ENERGY   -22.020856749831022        3.3437256033160465E-005
 FERMI ENERGY AT   0.64325112539110352     
 FERMI ENERGY AT   0.64324256177424999     
 CONSTANT ENERGY   -22.020857788786362        3.2687293040834851E-005
 FERMI ENERGY AT   0.64325026875285440     
 FERMI ENERGY AT   0.64324212537612302     
 CONSTANT ENERGY   -22.020858800632389        3.1977870782511970E-005
 FERMI ENERGY AT   0.64324945429409219     
 FERMI ENERGY AT   0.64324185500673836     
 CONSTANT ENERGY   -22.020859786023696        3.1302282437871057E-005
 FERMI ENERGY AT   0.64324869439934207     
 FERMI ENERGY AT   0.64324170762987765     
 CONSTANT ENERGY   -22.020860744322373        3.0654012341704212E-005
 FERMI ENERGY AT   0.64324785848524801     
 FERMI ENERGY AT   0.64323800822181521     
 CONSTANT ENERGY   -22.020861695829286        3.0027097332635958E-005
 FERMI ENERGY AT   0.64324699740575086     
 FERMI ENERGY AT   0.64324212846341866     
 CONSTANT ENERGY   -22.020862575058462        2.9416587964734447E-005
WRITING : HEADER
WRITING : TIMESTEP
WRITING : ATOMS
WRITING : CELL
WRITING : OCCUPATIONS
WRITING : WAVES
WRITING : ENDOFFILE
 FERMI ENERGY AT   0.64324651085575846     
 FERMI ENERGY AT   0.64324250858126442     
 CONSTANT ENERGY   -22.020863444511086        2.8818243195908027E-005
NORMAL STOP: CALLING MPE__STOPALL TO CLOSE DOWN
