TRACE-PUSH(  1): LEVEL=    1 INTO MAIN
TRACE-MEM(  1): MAXMEM[MBYTE]=   0.00000 TIME20260907 125548.530
TRACE-PUSH(  1): LEVEL=    2 INTO PAW
TRACE-MEM(  1): MAXMEM[MBYTE]=   0.00000 TIME20260907 125548.531
TRACE-PUSH(  1): LEVEL=    3 INTO READIN
TRACE-MEM(  1): MAXMEM[MBYTE]=   0.00000 TIME20260907 125548.531
TRACE-PUSH(  1): LEVEL=    4 INTO READIN_FILES
TRACE-MEM(  1): MAXMEM[MBYTE]=   0.00000 TIME20260907 125548.534
TRACE-PUSH(  1): LEVEL=    5 INTO STANDARDFILES
TRACE-MEM(  1): MAXMEM[MBYTE]=   0.00000 TIME20260907 125548.534
TRACE-POP (  1): LEVEL=    5 FROM STANDARDFILES                   
TRACE-MEM(  1): MAXMEM[MBYTE]=   0.00000 TIME20260907 125548.534
TRACE-POP (  1): LEVEL=    4 FROM READIN_FILES                    
TRACE-MEM(  1): MAXMEM[MBYTE]=   0.00000 TIME20260907 125548.534
TRACE-PUSH(  1): LEVEL=    4 INTO READIN_GENERIC
TRACE-MEM(  1): MAXMEM[MBYTE]=   0.00000 TIME20260907 125548.534
 PAW_SETUPS.F90 A LAMBDA=   6.0000000000000000        6.0000000000000000        6.0000000000000000        6.0000000000000000     
 PAW_SETUPS.F90 A LAMBDA=   6.0000000000000000        6.0000000000000000        6.0000000000000000        6.0000000000000000     
================================================================================
===================  SETUP CONSTRUCTION FOR O_  ================================
================================================================================
 THIS%SETTING%SO= F
KEY: START,REL,NONSO,ZORA
RELATIVISTIC EFFECTS SWITCHED ON?     T
SPIN-ORBIT COUPLING SWITCHED ON?      F
ZORA SWITCHED ON?                     T
FOCK CONTRIBTION ON?                  F
START FROM SCRATCH?                    T
DOING SCF ITERATIONS FOR ATOM WITH Z=   8.00000
           1  AV(POT-POTIN)=   1.3307728744126808       MAX:(POT-POTIN)=   18441.739180372679                0 F
           2  AV(POT-POTIN)=  0.64088692114230683       MAX:(POT-POTIN)=   10329.654043849092                0 F
           3  AV(POT-POTIN)=  0.66592411882725699       MAX:(POT-POTIN)=   759.34959191328380                0 F
           4  AV(POT-POTIN)=  0.59430927415406354       MAX:(POT-POTIN)=   503.28310270642396                0 F
           5  AV(POT-POTIN)=  0.27235845689632282       MAX:(POT-POTIN)=   93.036304480978288                0 F
           6  AV(POT-POTIN)=  0.13260826152035246       MAX:(POT-POTIN)=   103.70765667245723                0 F
           7  AV(POT-POTIN)=   3.5584155647227514E-002  MAX:(POT-POTIN)=   13.384391989558935                0 F
           8  AV(POT-POTIN)=   1.3950000205583934E-002  MAX:(POT-POTIN)=   3.2573707074625418                0 F
           9  AV(POT-POTIN)=   8.1781706670863950E-003  MAX:(POT-POTIN)=   3.0133090192684904                0 F
          10  AV(POT-POTIN)=   2.2791391279787000E-003  MAX:(POT-POTIN)=  0.40127286082133651                0 F
          11  AV(POT-POTIN)=   1.0714041305406963E-003  MAX:(POT-POTIN)=  0.18346737744286656                0 F
          12  AV(POT-POTIN)=   1.3451345371999935E-004  MAX:(POT-POTIN)=   8.2895751460455358E-002           0 F
          13  AV(POT-POTIN)=   1.3487229071427150E-004  MAX:(POT-POTIN)=   2.5493114371784031E-002           0 F
          14  AV(POT-POTIN)=   4.8241039437253872E-005  MAX:(POT-POTIN)=   6.3604039605706930E-003           0 F
          15  AV(POT-POTIN)=   2.3773960896411682E-005  MAX:(POT-POTIN)=   2.7011203346773982E-003           0 F
          16  AV(POT-POTIN)=   6.4029947803217282E-006  MAX:(POT-POTIN)=   1.0437174933031201E-003           0 F
          17  AV(POT-POTIN)=   1.7051793260674278E-006  MAX:(POT-POTIN)=   3.0559429433196783E-004           0 F
          18  AV(POT-POTIN)=   2.0716782199299600E-007  MAX:(POT-POTIN)=   5.2713206969201565E-005           0 F
          19  AV(POT-POTIN)=   8.9652470686241065E-008  MAX:(POT-POTIN)=   1.1506956070661545E-005           0 F
          20  AV(POT-POTIN)=   2.2456545985192856E-008  MAX:(POT-POTIN)=   7.1831746026873589E-006           0 F
          21  AV(POT-POTIN)=   1.1086875778010342E-008  MAX:(POT-POTIN)=   5.6114513427019119E-006           0 F
          22  AV(POT-POTIN)=   6.2518456447343948E-009  MAX:(POT-POTIN)=   1.7171259969472885E-006           0 F
          23  AV(POT-POTIN)=   5.0119254057700321E-009  MAX:(POT-POTIN)=   5.7334545999765396E-006           0 F
          24  AV(POT-POTIN)=   3.0724076570235027E-009  MAX:(POT-POTIN)=   4.2598694562911987E-006           0 F
          25  AV(POT-POTIN)=   3.4797065855109025E-009  MAX:(POT-POTIN)=   2.3979227989912033E-006           0 F
          26  AV(POT-POTIN)=   1.2502892792287363E-009  MAX:(POT-POTIN)=   3.8552097976207733E-006           1 F
          27  AV(POT-POTIN)=   7.2916285206470906E-010  MAX:(POT-POTIN)=   2.4752225726842880E-006           0 F
          28  AV(POT-POTIN)=   1.6584435863919848E-009  MAX:(POT-POTIN)=   1.6521662473678589E-006           0 F
          29  AV(POT-POTIN)=   1.2188614395643402E-009  MAX:(POT-POTIN)=   3.0306400731205940E-006           0 F
          30  AV(POT-POTIN)=   1.3163260707113119E-009  MAX:(POT-POTIN)=   1.6350531950592995E-006           1 F
          31  AV(POT-POTIN)=   1.3453250353467558E-009  MAX:(POT-POTIN)=   3.2052630558609962E-006           0 F
          32  AV(POT-POTIN)=   1.9575014445352307E-010  MAX:(POT-POTIN)=   5.8630248531699181E-006           1 F
          33  AV(POT-POTIN)=   1.3329542203694689E-009  MAX:(POT-POTIN)=   3.3156247809529305E-006           0 F
          34  AV(POT-POTIN)=   1.0142697715490633E-009  MAX:(POT-POTIN)=   5.6277494877576828E-006           1 F
          35  AV(POT-POTIN)=   5.9601396457525359E-010  MAX:(POT-POTIN)=   4.8333313316106796E-006           2 F
          36  AV(POT-POTIN)=   2.7406056025774004E-009  MAX:(POT-POTIN)=   3.1568342819809914E-006           3 F
          37  AV(POT-POTIN)=   5.5967782645753691E-010  MAX:(POT-POTIN)=   4.7971261665225029E-006           4 F
          38  AV(POT-POTIN)=   5.1775899533857738E-010  MAX:(POT-POTIN)=   1.2902310118079185E-006           5 F
          39  AV(POT-POTIN)=   1.7306860430219047E-009  MAX:(POT-POTIN)=   2.7964124456048012E-006           0 F
          40  AV(POT-POTIN)=   8.3396462973915938E-010  MAX:(POT-POTIN)=   2.8980430215597153E-006           1 F
          41  AV(POT-POTIN)=   8.7279428445999685E-010  MAX:(POT-POTIN)=   1.4745164662599564E-006           2 F
          42  AV(POT-POTIN)=   1.5113762054110663E-009  MAX:(POT-POTIN)=   1.3202661648392677E-006           3 F
          43  AV(POT-POTIN)=   8.9227334143743699E-010  MAX:(POT-POTIN)=   2.6854686439037323E-006           4 F
          44  AV(POT-POTIN)=   1.0237098119396417E-009  MAX:(POT-POTIN)=   1.1222437024116516E-006           5 F
          45  AV(POT-POTIN)=   1.5800235143703213E-009  MAX:(POT-POTIN)=   3.2369280233979225E-006           0 F
          46  AV(POT-POTIN)=   2.0015743755932877E-010  MAX:(POT-POTIN)=   3.6613782867789268E-006           1 F
          47  AV(POT-POTIN)=   1.1874043316535317E-009  MAX:(POT-POTIN)=   2.4120090529322624E-006           2 F
          48  AV(POT-POTIN)=   1.6000396852225992E-009  MAX:(POT-POTIN)=   2.2238818928599358E-006           3 F
          49  AV(POT-POTIN)=   8.4480425035630942E-010  MAX:(POT-POTIN)=   1.5654368326067924E-006           4 F
          50  AV(POT-POTIN)=   1.3322285380157972E-009  MAX:(POT-POTIN)=   2.4876790121197701E-006           5 F
===================ENERGY REPORT OF ATOMLIB__AESCF==============================
TOTAL ENERGY:................   -75.03156919
KINETIC ENERGY:..............    74.92595276
HARTREE ENERGY:..............  -141.68014456
DFT XC ENERGY:...............      -8.277377
FINITE NUCLEUS:..............     0.00001058
.... CALCULATION USES FINITE NUCLEUS
.... DO NOT ADD FINITE NUCLEUS CORRECTION
... SELFCONSISTENCY OBTAINED
FINAL ONE-PARTICLE ENERGIES FROM AESCF  
  IB   L  SO         F#NODE                   E
   1   0   0      2.00    0             -18.927
   2   0   0      2.00    1              -0.881
   3   1   0      4.00    0              -0.332
 #ITERATIONS           51
========================================================
========= ALL-ELECTRON ATOM CALCULATION ================
========================================================
TOTAL ENERGY=              -75.0315692
  IB   N   L  SO                   E         F#(REM. EL.
   1   1   0   0            -18.9274   2.00000   6.00000
--------- CORE ABOVE, VALENCE BELOW --------------------
   2   2   0   0             -0.8806   2.00000   4.00000
   3   2   1   0             -0.3318   4.00000   0.00000
========================================================
========================================================
 ISCATT=           0           1           0           1           0
 LOX=              0           0           1           1           2
 VFOCK%TON  F
=================== ENERGIES FOR ATOMIC WAVE FUNCTIONS =========================
=================== OLD: AE SCHRODINGER EQUATION           =====================
=================== NEW: NODELESS EQUATION                 =====================
=================== DIFFERENCE DUE TO RELATIVISTIC EFFECTS =====================
IB=  1 L= 0 E[NEW]=      -18.92745 E[OLD]=      -18.92745
IB=  2 L= 0 E[NEW]=       -0.88058 E[OLD]=       -0.88058
IB=  3 L= 1 E[NEW]=       -0.33184 E[OLD]=       -0.33184
=================== ENERGIES FOR PARTIAL-WAVE CONSTRUCTION======================
RBOX=  1.65540
LN= 1 L= 0 E=  -0.88058 RC= 1.035
LN= 2 L= 0 E=   3.48228 RC= 1.035
LN= 3 L= 1 E=  -0.33184 RC= 1.035
LN= 4 L= 1 E=   3.10319 RC= 1.035
LN= 5 L= 2 E=   0.04189 RC= 1.035
===================  TRANSU ====================================================
   1.0000000000   1.0000000000   0.0000000000   0.0000000000   0.0000000000
   0.0000000000   4.3628660042   0.0000000000   0.0000000000   0.0000000000
   0.0000000000   0.0000000000   1.0000000000   1.0000000000   0.0000000000
   0.0000000000   0.0000000000   0.0000000000   3.4350301242   0.0000000000
   0.0000000000   0.0000000000   0.0000000000   0.0000000000   1.0000000000
===================  TRANSU^(-1) ===============================================
   1.0000000000  -0.2292071311  -0.0000000000   0.0000000000  -0.0000000000
   0.0000000000   0.2292071311  -0.0000000000   0.0000000000  -0.0000000000
   0.0000000000   0.0000000000   1.0000000000  -0.2911182621  -0.0000000000
   0.0000000000   0.0000000000   0.0000000000   0.2911182621  -0.0000000000
   0.0000000000   0.0000000000   0.0000000000   0.0000000000   1.0000000000
===================  TEST QN EQ.  ==============================================
LN= 1 L= 0  [T+V-E_N]|QN>-|UC>=   0.000000000000028
LN= 2 L= 0  [T+V-E_N]|QN>-|UC>=   0.000000000000057
LN= 3 L= 1  [T+V-E_N]|QN>-|UC>=   0.000000000000038
LN= 4 L= 1  [T+V-E_N]|QN>-|UC>=   0.000000000000077
LN= 5 L= 2  [T+V-E_N]|QN>-|UC>=   0.000000000000000
=================== <UC|AEPHI>/SQRT(<UC|UC>  ===================================
========= DEVIATION DUE NEGLECT OF SMALL COMPONENT==============================
========= ORTHOGONALIZATION DONE BASED ON ENERGIES==============================
   0.00005
  -0.00004
   0.00000
   0.00000
   0.00000
===================  TEST AEPHI EQ.  ===========================================
LN= 1 L= 0  [T+V-E_N]|AEPHI_N> =   0.000000000582139
LN= 2 L= 0  [T+V-E_N]|AEPHI_N> =   0.000000000438120
LN= 3 L= 1  [T+V-E_N]|AEPHI_N> =   0.000000000000038
LN= 4 L= 1  [T+V-E_N]|AEPHI_N> =   0.000000000000077
LN= 5 L= 2  [T+V-E_N]|AEPHI_N> =   0.000000000000000
 L            0  E= -0.88058264306795964      PHIPHASE BEFORE ADJUSTMENT=   0.82350956379427454     
 L            0  E= -0.88058264306795964      PHIPHASE AFTER ADJUSTMENT=   0.82350956379427454     
 L            0  E=   3.4822833611740052      PHIPHASE BEFORE ADJUSTMENT=    1.8417647701664568     
 L            0  E=   3.4822833611740052      PHIPHASE AFTER ADJUSTMENT=    1.8417647701664568     
 L            1  E= -0.33184205430137115      PHIPHASE BEFORE ADJUSTMENT=   0.78723956512988646     
 L            1  E= -0.33184205430137115      PHIPHASE AFTER ADJUSTMENT=   0.78723956512988646     
 L            1  E=   3.1031880698614547      PHIPHASE BEFORE ADJUSTMENT=    1.8071635284885974     
 L            1  E=   3.1031880698614547      PHIPHASE AFTER ADJUSTMENT=    1.8071635284885974     
 L            2  E=   4.1886363650380079E-002 PHIPHASE BEFORE ADJUSTMENT=   0.31469492606584576     
 L            2  E=   4.1886363650380079E-002 PHIPHASE AFTER ADJUSTMENT=   0.31469492606584576     
===================  TEST RAW PAW EQUATION  ====================================
LN= 1 L= 0 RAW PAW EQ.   0.00000 SCHR. EQ.   0.00000
LN= 2 L= 0 RAW PAW EQ.   0.00000 SCHR. EQ.   0.00000
LN= 3 L= 1 RAW PAW EQ.   0.00000 SCHR. EQ.   0.00000
LN= 4 L= 1 RAW PAW EQ.   0.00000 SCHR. EQ.   0.00000
LN= 5 L= 2 RAW PAW EQ.   0.00000 SCHR. EQ.   0.00000
 VFOCK%TON   F
 RBND          1.6554000127699953     
DT    0.22676E+01 0.16847E+01 0.00000E+00 0.00000E+00 0.00000E+00
DT    0.16851E+01 0.12440E+01 0.00000E+00 0.00000E+00 0.00000E+00
DT    0.00000E+00 0.00000E+00 0.11553E+01 0.10371E+01 0.00000E+00
DT    0.00000E+00 0.00000E+00 0.10371E+01 0.79473E+00 0.00000E+00
DT    0.00000E+00 0.00000E+00 0.00000E+00 0.00000E+00 0.91298E-03
DH    0.42723E+00 0.25605E+00 0.00000E+00 0.00000E+00 0.00000E+00
DH    0.25636E+00 0.14660E+00 0.00000E+00 0.00000E+00 0.00000E+00
DH    0.00000E+00 0.00000E+00-0.53708E+00-0.22734E+00 0.00000E+00
DH    0.00000E+00 0.00000E+00-0.22734E+00-0.22691E+00 0.00000E+00
DH    0.00000E+00 0.00000E+00 0.00000E+00 0.00000E+00-0.11646E-02
DO   -0.13002E+00-0.10065E+00 0.00000E+00 0.00000E+00 0.00000E+00
DO   -0.10065E+00-0.87865E-01 0.00000E+00 0.00000E+00 0.00000E+00
DO    0.00000E+00 0.00000E+00 0.16162E+00 0.83766E-01 0.00000E+00
DO    0.00000E+00 0.00000E+00 0.83766E-01 0.53208E-01 0.00000E+00
DO    0.00000E+00 0.00000E+00 0.00000E+00 0.00000E+00 0.23093E-03
LN= 1 DTKIN-TRANSPOSE(DTKIN)=   0.00000  -0.00031   0.00000   0.00000   0.00000
LN= 2 DTKIN-TRANSPOSE(DTKIN)=   0.00031   0.00000   0.00000   0.00000   0.00000
LN= 3 DTKIN-TRANSPOSE(DTKIN)=   0.00000   0.00000   0.00000   0.00000   0.00000
LN= 4 DTKIN-TRANSPOSE(DTKIN)=   0.00000   0.00000  -0.00000   0.00000   0.00000
LN= 5 DTKIN-TRANSPOSE(DTKIN)=   0.00000   0.00000   0.00000   0.00000   0.00000
LN= 1 <P|PSPHI>=   1.00000   0.00000   0.00000   0.00000   0.00000
LN= 2 <P|PSPHI>=  -0.00000   1.00000   0.00000   0.00000   0.00000
LN= 3 <P|PSPHI>=   0.00000   0.00000   1.00000   0.00000   0.00000
LN= 4 <P|PSPHI>=   0.00000   0.00000  -0.00000   1.00000   0.00000
LN= 5 <P|PSPHI>=   0.00000   0.00000   0.00000   0.00000   1.00000
===================  TEST PAW EQUATION  ========================================
LN= 1 L= 0 PAW EQ.             0.00000 SCHR. EQ.             0.00000 DPRO              0.00000
LN= 2 L= 0 PAW EQ.             0.00000 SCHR. EQ.             0.00000 DPRO              0.00000
LN= 3 L= 1 PAW EQ.             0.00000 SCHR. EQ.             0.00000 DPRO              0.00000
LN= 4 L= 1 PAW EQ.             0.00000 SCHR. EQ.             0.00000 DPRO              0.00000
LN= 5 L= 2 PAW EQ.             0.00000 SCHR. EQ.             0.00000 DPRO              0.00000
 =================== L=           0  =================================
 BEFORE PAWBOUNDSTATE
 L=           0  NN=           0  E= -0.88058282705004320       NPRO=           2  ROUT=   19.716639202099568       IB=           2
  E= -0.88075192931961732     
 =================== L=           1  =================================
 BEFORE PAWBOUNDSTATE
 L=           1  NN=           0  E= -0.33184205630031238       NPRO=           2  ROUT=   19.716639202099568       IB=           3
  E= -0.33184332725120069     
 =================== L=           2  =================================
===================  STRAIGHT AE- AND PAW-ENERGY LEVELS ========================
IB= 2 L= 0 AE-ENERGY: -23.96154 EV; PS-ENERGY: -23.96614 EV
IB= 3 L= 1 AE-ENERGY:  -9.02975 EV; PS-ENERGY:  -9.02979 EV
 PSEUDO+AUGMENTATION CHARGE    7.8938474409318214E-015  (SHOULD BE ZERO)
===================  DTKIN BEFORE SYMMETRIZATION ===============================
       2.268       1.685       0.000       0.000       0.000
       1.685       1.244       0.000       0.000       0.000
       0.000       0.000       1.155       1.037       0.000
       0.000       0.000       1.037       0.795       0.000
       0.000       0.000       0.000       0.000       0.001
===================  DO BEFORE SYMMETRIZATION ==================================
      -0.130      -0.101       0.000       0.000       0.000
      -0.101      -0.088       0.000       0.000       0.000
       0.000       0.000       0.162       0.084       0.000
       0.000       0.000       0.084       0.053       0.000
       0.000       0.000       0.000       0.000       0.000
 LIB_FFTW: CREATE PLAN FOR: GTOR           1         500           0
 LIB_FFTW: CREATE PLAN FOR: RTOG          -1         500           1
L= 0 IB= 1 E(LOCAL)=  -1.18041 E(OUTER)=  -0.06312
L= 0 IB= 2 E(LOCAL)=  -0.01329 E(OUTER)=   0.02179
L= 0 IB= 3 E(LOCAL)=   0.03083 E(OUTER)=   0.07934
L= 0 IB= 4 E(LOCAL)=   0.09878 E(OUTER)=   0.16559
L= 1 IB= 1 E(LOCAL)=  -0.02729 E(OUTER)=   0.01525
L= 1 IB= 2 E(LOCAL)=   0.02926 E(OUTER)=   0.04551
L= 1 IB= 3 E(LOCAL)=   0.08589 E(OUTER)=   0.11109
L= 1 IB= 4 E(LOCAL)=   0.16753 E(OUTER)=   0.20287
L= 2 IB= 1 E(LOCAL)=   0.04189 E(OUTER)=   0.04189
L= 2 IB= 2 E(LOCAL)=   0.09892 E(OUTER)=   0.09898
L= 2 IB= 3 E(LOCAL)=   0.17544 E(OUTER)=   0.17568
L= 2 IB= 4 E(LOCAL)=   0.28001 E(OUTER)=   0.28061
========= GHOSTBUSTER FOR=   O_ Z=   8.0 =======================================
LN 1 L= 0 E(INNER)=   1.12039 H
LN 2 L= 0 E(INNER)=   1.22208 H
LN 3 L= 1 E(INNER)=   6.99828 H
LN 4 L= 1 E(INNER)=  11.53628 H
LN 5 L= 2 E(INNER)=  11.86098 H
 LIB_FFTW: CREATE PLAN FOR: GTOR           1        1024           2
 LIB_FFTW: CREATE PLAN FOR: RTOG          -1        1024           3
================================================================================
===================  SETUP CONSTRUCTION FINISHED  ==============================
================================================================================
================================================================================
===================  SETUP CONSTRUCTION FOR H_  ================================
================================================================================
 THIS%SETTING%SO= F
KEY: START,REL,NONSO,ZORA
RELATIVISTIC EFFECTS SWITCHED ON?     T
SPIN-ORBIT COUPLING SWITCHED ON?      F
ZORA SWITCHED ON?                     T
FOCK CONTRIBTION ON?                  F
START FROM SCRATCH?                    T
DOING SCF ITERATIONS FOR ATOM WITH Z=   1.00000
           1  AV(POT-POTIN)=  0.12477561511940513       MAX:(POT-POTIN)=   13346.104522029113                0 F
           2  AV(POT-POTIN)=   5.9579808329667285E-002  MAX:(POT-POTIN)=   7884.2422690116800                0 F
           3  AV(POT-POTIN)=   1.5244370807788598E-002  MAX:(POT-POTIN)=   725.78454839938786                0 F
           4  AV(POT-POTIN)=   7.1389769043571881E-003  MAX:(POT-POTIN)=   175.52146191339125                0 F
           5  AV(POT-POTIN)=   2.2317444047818273E-003  MAX:(POT-POTIN)=   54.646216539316811                0 F
           6  AV(POT-POTIN)=   1.3067978047669794E-003  MAX:(POT-POTIN)=   34.129700832796516                0 F
           7  AV(POT-POTIN)=   6.3201045266804594E-005  MAX:(POT-POTIN)=   6.6744333858659957                0 F
           8  AV(POT-POTIN)=   9.1651996302166493E-005  MAX:(POT-POTIN)=   1.9036992675974034                0 F
           9  AV(POT-POTIN)=   3.0819466058419726E-005  MAX:(POT-POTIN)=  0.64324395416770130                0 F
          10  AV(POT-POTIN)=   1.9072138831198738E-006  MAX:(POT-POTIN)=  0.23520179410115816                0 F
          11  AV(POT-POTIN)=   2.9998759054878872E-006  MAX:(POT-POTIN)=  0.15275529862265103                0 F
          12  AV(POT-POTIN)=   1.2717087962863477E-006  MAX:(POT-POTIN)=   5.0594410626217723E-002           0 F
          13  AV(POT-POTIN)=   9.9964171386906929E-007  MAX:(POT-POTIN)=   1.9380329904379323E-002           0 F
          14  AV(POT-POTIN)=   5.2115302218884455E-008  MAX:(POT-POTIN)=   4.9229165306314826E-003           0 F
          15  AV(POT-POTIN)=   9.7144947899665358E-008  MAX:(POT-POTIN)=   2.6268023648299277E-003           0 F
          16  AV(POT-POTIN)=   1.3483819732836990E-008  MAX:(POT-POTIN)=   1.8380944675300270E-003           0 F
          17  AV(POT-POTIN)=   2.5175773097818555E-008  MAX:(POT-POTIN)=   5.4323565564118326E-004           0 F
          18  AV(POT-POTIN)=   5.5408319286863573E-009  MAX:(POT-POTIN)=   2.2925768280401826E-004           0 F
          19  AV(POT-POTIN)=   3.5378620767572830E-009  MAX:(POT-POTIN)=   7.4344861786812544E-005           0 F
          20  AV(POT-POTIN)=   1.3342034326473425E-009  MAX:(POT-POTIN)=   5.1499227993190289E-005           0 F
          21  AV(POT-POTIN)=   1.5306328955808877E-009  MAX:(POT-POTIN)=   1.3123938697390258E-004           0 F
          22  AV(POT-POTIN)=   4.2608522196180387E-010  MAX:(POT-POTIN)=   1.3216602383181453E-005           1 F
          23  AV(POT-POTIN)=   5.8269650457898058E-010  MAX:(POT-POTIN)=   1.3335922267287970E-004           0 F
          24  AV(POT-POTIN)=   2.0425358651813855E-010  MAX:(POT-POTIN)=   1.0813993867486715E-005           1 F
          25  AV(POT-POTIN)=   5.3590116151868724E-010  MAX:(POT-POTIN)=   1.3586992281489074E-004           0 F
          26  AV(POT-POTIN)=   1.1912761889306755E-010  MAX:(POT-POTIN)=   8.7063963292166591E-006           1 F
          27  AV(POT-POTIN)=   5.4267595375668323E-010  MAX:(POT-POTIN)=   1.3389342348091304E-004           0 F
          28  AV(POT-POTIN)=   5.9543081577586201E-011  MAX:(POT-POTIN)=   9.8664022516459227E-006           1 F
          29  AV(POT-POTIN)=   5.5026435018873921E-010  MAX:(POT-POTIN)=   1.3640508404932916E-004           0 F
          30  AV(POT-POTIN)=   2.6130597423698589E-011  MAX:(POT-POTIN)=   8.3861523307859898E-006           1 F
          31  AV(POT-POTIN)=   5.5780653581145284E-010  MAX:(POT-POTIN)=   1.3912358554080129E-004           0 F
          32  AV(POT-POTIN)=   1.3611814436461453E-011  MAX:(POT-POTIN)=   9.2372356448322535E-006           1 F
          33  AV(POT-POTIN)=   5.6089974381221155E-010  MAX:(POT-POTIN)=   1.3985656551085413E-004           0 F
          34  AV(POT-POTIN)=   8.4212562776201777E-012  MAX:(POT-POTIN)=   1.0926334653049707E-005           1 F
          35  AV(POT-POTIN)=   5.6397212583648239E-010  MAX:(POT-POTIN)=   1.3865419896319509E-004           0 F
          36  AV(POT-POTIN)=   2.4382955853454386E-012  MAX:(POT-POTIN)=   7.6552969403564930E-006           1 F
          37  AV(POT-POTIN)=   5.6710380657965775E-010  MAX:(POT-POTIN)=   1.3197437510825694E-004           0 F
          38  AV(POT-POTIN)=   1.0598050242091116E-012  MAX:(POT-POTIN)=   1.1846103006973863E-005           1 F
          39  AV(POT-POTIN)=   5.6605371919886136E-010  MAX:(POT-POTIN)=   1.3616253272630274E-004           0 F
          40  AV(POT-POTIN)=   4.1398007040966671E-012  MAX:(POT-POTIN)=   1.2296222848817706E-005           1 F
          41  AV(POT-POTIN)=   5.6181019530991975E-010  MAX:(POT-POTIN)=   1.3423518976196647E-004           2 F
          42  AV(POT-POTIN)=   8.8184350623898017E-012  MAX:(POT-POTIN)=   1.3337063137441874E-005           3 F
          43  AV(POT-POTIN)=   5.5915535231270127E-010  MAX:(POT-POTIN)=   1.3047398533672094E-004           4 F
          44  AV(POT-POTIN)=   1.0639158629150012E-011  MAX:(POT-POTIN)=   7.9617893788963556E-006           5 F
===================ENERGY REPORT OF ATOMLIB__AESCF==============================
TOTAL ENERGY:................    -0.45894011
KINETIC ENERGY:..............     0.44732405
HARTREE ENERGY:..............    -0.65487079
DFT XC ENERGY:...............      -0.251393
FINITE NUCLEUS:..............     0.00000000
.... CALCULATION USES FINITE NUCLEUS
.... DO NOT ADD FINITE NUCLEUS CORRECTION
... SELFCONSISTENCY OBTAINED
FINAL ONE-PARTICLE ENERGIES FROM AESCF  
  IB   L  SO         F#NODE                   E
   1   0   0      1.00    0              -0.239
 #ITERATIONS           45
========================================================
========= ALL-ELECTRON ATOM CALCULATION ================
========================================================
TOTAL ENERGY=               -0.4589401
  IB   N   L  SO                   E         F#(REM. EL.
   1   1   0   0             -0.2386   1.00000   0.00000
========================================================
========================================================
 ISCATT=           0
 LOX=              0
 VFOCK%TON  F
=================== ENERGIES FOR ATOMIC WAVE FUNCTIONS =========================
=================== OLD: AE SCHRODINGER EQUATION           =====================
=================== NEW: NODELESS EQUATION                 =====================
=================== DIFFERENCE DUE TO RELATIVISTIC EFFECTS =====================
IB=  1 L= 0 E[NEW]=       -0.23857 E[OLD]=       -0.23857
=================== ENERGIES FOR PARTIAL-WAVE CONSTRUCTION======================
RBOX=  0.72565
LN= 1 L= 0 E=  -0.23857 RC= 0.454
===================  TRANSU ====================================================
   1.0000000000
===================  TRANSU^(-1) ===============================================
   1.0000000000
===================  TEST QN EQ.  ==============================================
LN= 1 L= 0  [T+V-E_N]|QN>-|UC>=   0.000000000033973
=================== <UC|AEPHI>/SQRT(<UC|UC>  ===================================
========= DEVIATION DUE NEGLECT OF SMALL COMPONENT==============================
========= ORTHOGONALIZATION DONE BASED ON ENERGIES==============================

===================  TEST AEPHI EQ.  ===========================================
LN= 1 L= 0  [T+V-E_N]|AEPHI_N> =   0.000000000033973
 L            0  E= -0.23857015173863635      PHIPHASE BEFORE ADJUSTMENT=   0.74918138098727560     
 L            0  E= -0.23857015173863635      PHIPHASE AFTER ADJUSTMENT=   0.74918138098727560     
===================  TEST RAW PAW EQUATION  ====================================
LN= 1 L= 0 RAW PAW EQ.   0.00000 SCHR. EQ.   0.00000
 VFOCK%TON   F
 RBND         0.72565476493875181     
DT    0.12858E-01
DH   -0.39066E-01
DO    0.27456E-02
LN= 1 DTKIN-TRANSPOSE(DTKIN)=   0.00000
LN= 1 <P|PSPHI>=   1.00000
===================  TEST PAW EQUATION  ========================================
LN= 1 L= 0 PAW EQ.             0.00000 SCHR. EQ.             0.00000 DPRO              0.00000
 =================== L=           0  =================================
 BEFORE PAWBOUNDSTATE
 L=           0  NN=           0  E= -0.23857015793273895       NPRO=           1  ROUT=   19.716639202099568       IB=           1
  E= -0.23857237214575733     
===================  STRAIGHT AE- AND PAW-ENERGY LEVELS ========================
IB= 1 L= 0 AE-ENERGY:  -6.49173 EV; PS-ENERGY:  -6.49179 EV
 PSEUDO+AUGMENTATION CHARGE   -1.0304993612734785E-015  (SHOULD BE ZERO)
===================  DTKIN BEFORE SYMMETRIZATION ===============================
       0.013
===================  DO BEFORE SYMMETRIZATION ==================================
       0.003
L= 0 IB= 1 E(LOCAL)=  -0.20808 E(OUTER)=  -0.14696
L= 0 IB= 2 E(LOCAL)=   0.01005 E(OUTER)=   0.01320
L= 0 IB= 3 E(LOCAL)=   0.05098 E(OUTER)=   0.05663
L= 0 IB= 4 E(LOCAL)=   0.12704 E(OUTER)=   0.13373
========= GHOSTBUSTER FOR=   H_ Z=   1.0 =======================================
LN 1 L= 0 E(INNER)=  12.65134 H
================================================================================
===================  SETUP CONSTRUCTION FINISHED  ==============================
================================================================================
NO. OF INEQUIVALENT K-POINTS     1
NUMBER OF DIFFERENT TETRAHEDRA :    1
 DYNOCC__SETR8: SPIN HAS BEEN SET TO    0.0000000000000000     
 LIB_FFTW: CREATE PLAN FOR: GTOR           1          40           4
 LIB_FFTW: CREATE PLAN FOR: RTOG          -1          40           5
 ISOLATE TOTAL CHARGE   -4.7500544202411419        2.4853334905464237        2.2647209590543298      QLM  -5.9982349115629630      RHOGAMMA*VOL   7.9981421983132153     
 CONSTANT ENERGY    16.552568942603987       0.47223557543757000     
 ISOLATE TOTAL CHARGE   -4.6191808222967978        2.4164733687242688        2.2027074763711312      QLM  -5.9922938468858726      RHOGAMMA*VOL   7.9921583377022110     
 CONSTANT ENERGY    15.244619273078552        1.6011367142848878     
 ISOLATE TOTAL CHARGE   -4.3477313509394122        2.2702867664903863        2.0774446272248213      QLM  -5.9764329339168141      RHOGAMMA*VOL   7.9762032063263080     
 CONSTANT ENERGY    12.688386559266585        2.7582775309297127     
 ISOLATE TOTAL CHARGE   -3.8937031918391796        2.0237945933798187        1.8699085896212750      QLM  -5.9421965710413964      RHOGAMMA*VOL   7.9417969477213290     
 CONSTANT ENERGY    9.1327850144914198        3.6187295246714601     
 ISOLATE TOTAL CHARGE   -3.2342722136563680        1.6707490666427987        1.5635231752961545      QLM  -5.8805277804536438      RHOGAMMA*VOL   7.8798612547746441     
 CONSTANT ENERGY    4.8962216623931401        4.2002845648339804     
 ISOLATE TOTAL CHARGE   -2.4271743240391288        1.2520825633477841        1.1750917853879628      QLM  -5.7923817700634421      RHOGAMMA*VOL   7.7913628997368223     
 CONSTANT ENERGY   0.32857406451314830        4.3982698031340988     
 ISOLATE TOTAL CHARGE   -1.6219317167686000       0.84662676605290699       0.77530500228232313      QLM  -5.6971437073424545      RHOGAMMA*VOL   7.6957449899470438     
 CONSTANT ENERGY   -4.0213571632380454        4.0640600063592043     
 ISOLATE TOTAL CHARGE  -0.96017777965014517       0.50914861098827657       0.45102920115674294      QLM  -5.6182766364107364      RHOGAMMA*VOL   7.6165234142662737     
 CONSTANT ENERGY   -7.6391453930498106        3.3006961762853257     
 ISOLATE TOTAL CHARGE  -0.49063754482124722       0.24655496437257796       0.24408261456683533      QLM  -5.5638110226787525      RHOGAMMA*VOL   7.5617270510887300     
 CONSTANT ENERGY   -10.331775145000966        2.4239281925548770     
 ISOLATE TOTAL CHARGE  -0.18975707535401654        4.6899631899215422E-002  0.14285747348078104      QLM  -5.5304265859688329      RHOGAMMA*VOL   7.5280002627514442     
 CONSTANT ENERGY   -12.192596191856575        1.6809361898095838     
 ISOLATE TOTAL CHARGE   -1.2873018907725964E-002 -0.10189956968881830       0.11477261432435881      QLM  -5.5137770233136827      RHOGAMMA*VOL   7.5109656781539957     
 CONSTANT ENERGY   -13.435336429873402        1.1492542869600402     
 ISOLATE TOTAL CHARGE    7.8680578027523040E-002 -0.20931655502473490       0.13063600494754013      QLM  -5.5105609297348641      RHOGAMMA*VOL   7.5073098075918114     
 CONSTANT ENERGY   -14.268746915164639       0.80382645671009278     
 ISOLATE TOTAL CHARGE   0.11389263476375078      -0.28320186786505985       0.16930926554422854      QLM  -5.5172603080148139      RHOGAMMA*VOL   7.5135201008232677     
 CONSTANT ENERGY   -14.848229010689382       0.59065848373502194     
 ISOLATE TOTAL CHARGE   0.11529468849655444      -0.33056970544394559       0.21527505228976906      QLM  -5.5298376838761500      RHOGAMMA*VOL   7.5255763086486445     
 CONSTANT ENERGY   -15.274123653089399       0.46096065841385575     
 ISOLATE TOTAL CHARGE   0.10084118526692620      -0.35770281219894429       0.25686166585375148      QLM  -5.5443715513774183      RHOGAMMA*VOL   7.5395805410270604     
 CONSTANT ENERGY   -15.605814868333164       0.38004342985676814     
 ISOLATE TOTAL CHARGE    8.4378607501943037E-002 -0.37005119976018719       0.28567263412593036      QLM  -5.5577117716071722      RHOGAMMA*VOL   7.5524084282408124     
 CONSTANT ENERGY   -15.876781677937164       0.32641253189060326     
 ISOLATE TOTAL CHARGE    7.5819028611746830E-002 -0.37222685905777908       0.29640787345108421      QLM  -5.5677946784449093      RHOGAMMA*VOL   7.5620210015884108     
 CONSTANT ENERGY   -16.105725527239038       0.28794149024861926     
 ISOLATE TOTAL CHARGE    8.1394139329184156E-002 -0.36807825485015400       0.28668415774742684      QLM  -5.5736457369131474      RHOGAMMA*VOL   7.5674648454191100     
 CONSTANT ENERGY   -16.303340107811362       0.25799090300088462     
 ISOLATE TOTAL CHARGE   0.10398069263545118      -0.36077486392665925       0.25679421149825998      QLM  -5.5752145093315351      RHOGAMMA*VOL   7.5687049860797773     
 CONSTANT ENERGY   -16.475859558390745       0.23265470016790704     
 ISOLATE TOTAL CHARGE   0.14344469003616567      -0.35280809444095773       0.20936344217859748      QLM  -5.5731374361472499      RHOGAMMA*VOL   7.5663859808179739     
 CONSTANT ENERGY   -16.626800441816361       0.20935201358497030     
 ISOLATE TOTAL CHARGE   0.19711605715432867      -0.34593019687806148       0.14881417524761886      QLM  -5.5684794692555002      RHOGAMMA*VOL   7.5615726367018992     
 CONSTANT ENERGY   -16.757981488024939       0.18643426661888329     
 ISOLATE TOTAL CHARGE   0.26048276506488222      -0.34109143059971103        8.0608699279633100E-002 QLM  -5.5624728322690595      RHOGAMMA*VOL   7.5554890866562117     
 CONSTANT ENERGY   -16.870360609446184       0.16320713417928784     
 ISOLATE TOTAL CHARGE   0.32812330003783607      -0.33847731121361058        1.0354043663401313E-002 QLM  -5.5562850258957877      RHOGAMMA*VOL   7.5492885789199606     
 CONSTANT ENERGY   -16.964753359688721       0.13985312819264789     
 ISOLATE TOTAL CHARGE   0.39467798529719289      -0.33766741938259504       -5.7010508166086105E-002 QLM  -5.5508423995561760      RHOGAMMA*VOL   7.5438799520977877     
 CONSTANT ENERGY   -17.042283974734055       0.11712326364835249     
 ISOLATE TOTAL CHARGE   0.45565587893231729      -0.33788762822906859      -0.11776819743664113      QLM  -5.5467344252141713      RHOGAMMA*VOL   7.5398348820990986     
 CONSTANT ENERGY   -17.104542936737790        9.5919918717929570E-002
 ISOLATE TOTAL CHARGE   0.50792162100444216      -0.33827891195670912      -0.16964265893930985      QLM  -5.5441993274953347      RHOGAMMA*VOL   7.5373761352519990     
 CONSTANT ENERGY   -17.153485733200561        7.6950974694798113E-002
 ISOLATE TOTAL CHARGE   0.54980393539502792      -0.33809925970085075      -0.21170462801907597      QLM  -5.5431791259471721      RHOGAMMA*VOL   7.5364338426114559     
 CONSTANT ENERGY   -17.191214891546281        6.0587697287284872E-002
 ISOLATE TOTAL CHARGE   0.58092400068790973      -0.33683194934937655      -0.24409200570530576      QLM  -5.5434106034831681      RHOGAMMA*VOL   7.5367368035622802     
 CONSTANT ENERGY   -17.219782503214269        4.6895931257030267E-002
 ISOLATE TOTAL CHARGE   0.60188677824963399      -0.33421360715728965      -0.26767312728526171      QLM  -5.5445242513510555      RHOGAMMA*VOL   7.5379110110444305     
 CONSTANT ENERGY   -17.241059119298779        3.5736150715049694E-002
 ISOLATE TOTAL CHARGE   0.61394283470609246      -0.33021209810723584      -0.28373069447282528      QLM  -5.5461358348048844      RHOGAMMA*VOL   7.5395704633583502     
 CONSTANT ENERGY   -17.256672159868739        2.6858141122461342E-002
 ISOLATE TOTAL CHARGE   0.61868655187305066      -0.32497691445269794      -0.29370959682739528      QLM  -5.5479146047102663      RHOGAMMA*VOL   7.5413845436922164     
 CONSTANT ENERGY   -17.267987873656171        1.9963113034938064E-002
 ISOLATE TOTAL CHARGE   0.61780837127895261      -0.31877824294052748      -0.29903008907919348      QLM  -5.5496226041998300      RHOGAMMA*VOL   7.5431165802332121     
 CONSTANT ENERGY   -17.276116581358810        1.4734787447777571E-002
 ISOLATE TOTAL CHARGE   0.61291952180675580      -0.31194804396342346      -0.30097143964440742      QLM  -5.5511248460334928      RHOGAMMA*VOL   7.5446334311586769     
 CONSTANT ENERGY   -17.281932624845489        1.0858162125791781E-002
 ISOLATE TOTAL CHARGE   0.60543868561787306      -0.30482950023115474      -0.30060914790284410      QLM  -5.5523786583963579      RHOGAMMA*VOL   7.5458944015746088     
 CONSTANT ENERGY   -17.286100379473641        8.0363644483056208E-003
 ISOLATE TOTAL CHARGE   0.59653325334309137      -0.29774076559694063      -0.29879245058593229      QLM  -5.5534090890025567      RHOGAMMA*VOL   7.5469263727709439     
 CONSTANT ENERGY   -17.289108177347455        6.0076209489832158E-003
 ISOLATE TOTAL CHARGE   0.58710477016269813      -0.29095235351220250      -0.29615237941317440      QLM  -5.5542788597302124      RHOGAMMA*VOL   7.5477936114001709     
 CONSTANT ENERGY   -17.291305066319392        4.5575923745480151E-003
 ISOLATE TOTAL CHARGE   0.57780768357245726      -0.28467755618214863      -0.29313008970469734      QLM  -5.5550596680583899      RHOGAMMA*VOL   7.5485690276530590     
 CONSTANT ENERGY   -17.292935593722010        3.5221702100511954E-003
 ISOLATE TOTAL CHARGE   0.56908831660708614      -0.27907287836928685      -0.29001539979601620      QLM  -5.5558093312445740      RHOGAMMA*VOL   7.5493113447613194     
 CONSTANT ENERGY   -17.294169945461402        2.7814286913371289E-003
 ISOLATE TOTAL CHARGE   0.56123060448731188      -0.27424309115734857      -0.28698747390850032      QLM  -5.5565582598048060      RHOGAMMA*VOL   7.5500516367537944     
 CONSTANT ENERGY   -17.295125859930209        2.2489063876668554E-003
 ISOLATE TOTAL CHARGE   0.55440084590998673      -0.27024930161798144      -0.28415150375911713      QLM  -5.5573054800648976      RHOGAMMA*VOL   7.5507894287560005     
 CONSTANT ENERGY   -17.295884007801092        1.8612513418878043E-003
 ISOLATE TOTAL CHARGE   0.54868373889432043      -0.26711605025880081      -0.28156764694762559      QLM  -5.5580228741161157      RHOGAMMA*VOL   7.5514970058666187     
 CONSTANT ENERGY   -17.296498768710556        1.5713124214831369E-003
 ISOLATE TOTAL CHARGE   0.54410885223037475      -0.26483745693431482      -0.27927135248495638      QLM  -5.5586649095087006      RHOGAMMA*VOL   7.5521291933265973     
 CONSTANT ENERGY   -17.297005848041767        1.3445769621512210E-003
 ISOLATE TOTAL CHARGE   0.54066632285038985      -0.26338145117347089      -0.27728482783163111      QLM  -5.5591813798716618      RHOGAMMA*VOL   7.5526361221808616     
 CONSTANT ENERGY   -17.297428380804114        1.1574885841273285E-003
 ISOLATE TOTAL CHARGE   0.53831522106666085      -0.26269302911821146      -0.27562214719593792      QLM  -5.5595297533734618      RHOGAMMA*VOL   7.5529755811229178     
 CONSTANT ENERGY   -17.297781636736886        9.9589566719233600E-004
 ISOLATE TOTAL CHARGE   0.53698688045943577      -0.26269713134967398      -0.27428970359762284      QLM  -5.5596845346268049      RHOGAMMA*VOL   7.5531223651391359     
 CONSTANT ENERGY   -17.298076518425120        8.5282878120043000E-004
 ISOLATE TOTAL CHARGE   0.53658643821382057      -0.26330177901688279      -0.27328461307808372      QLM  -5.5596425487031143      RHOGAMMA*VOL   7.5530735375802633     
 CONSTANT ENERGY   -17.298321642999259        7.2582526467695422E-004
 ISOLATE TOTAL CHARGE   0.53699553184015159      -0.26440225751543700      -0.27259322774649108      QLM  -5.5594233274737963      RHOGAMMA*VOL   7.5528487943570708     
 CONSTANT ENERGY   -17.298524475646861        6.1451400855249718E-004
 ISOLATE TOTAL CHARGE   0.53807666932767440      -0.26588599182327677      -0.27219063060130955      QLM  -5.5590652698958367      RHOGAMMA*VOL   7.5524866085497377     
 CONSTANT ENERGY   -17.298691773703776        5.1897732823258131E-004
 ISOLATE TOTAL CHARGE   0.53968040377414361      -0.26763823225497019      -0.27204212440832309      QLM  -5.5586187097900854      RHOGAMMA*VOL   7.5520372931667747     
 CONSTANT ENERGY   -17.298829674709594        4.3891263879297670E-004
WRITING : HEADER
WRITING : TIMESTEP
WRITING : ATOMS
WRITING : CELL
WRITING : OCCUPATIONS
WRITING : WAVES
WRITING : ENDOFFILE
 ISOLATE TOTAL CHARGE   0.54165366368486190      -0.26954759842631582      -0.27210601803835965      QLM  -5.5581377293816558      RHOGAMMA*VOL   7.5515548217061106     
 CONSTANT ENERGY   -17.298943607989322        3.7341916843365369E-004
 ISOLATE TOTAL CHARGE   0.54384929807978111      -0.27151148245707279      -0.27233776837308010      QLM  -5.5576719678769591      RHOGAMMA*VOL   7.5510886539106092     
 CONSTANT ENERGY   -17.299038323443948        3.2107578641767798E-004
 ISOLATE TOTAL CHARGE   0.54613438633119848      -0.27344021516024464      -0.27269412395491877      QLM  -5.5572600957749190      RHOGAMMA*VOL   7.5506772355828442     
 CONSTANT ENERGY   -17.299117863637370        2.8003432082026816E-004
 ISOLATE TOTAL CHARGE   0.54839651354290275      -0.27525988289685488      -0.27313658351128511      QLM  -5.5569259387997976      RHOGAMMA*VOL   7.5503441510838769     
 CONSTANT ENERGY   -17.299185542048903        2.4813145526522966E-004
 ISOLATE TOTAL CHARGE   0.55054718859246066      -0.27691353424362575      -0.27363360732900510      QLM  -5.5566776195549874      RHOGAMMA*VOL   7.5500972923469547     
 CONSTANT ENERGY   -17.299243928626396        2.2306821524433962E-004
 ISOLATE TOTAL CHARGE   0.55252230620525822      -0.27836087415452049      -0.27416138516677835      QLM  -5.5565094311427323      RHOGAMMA*VOL   7.5499307544532863     
 CONSTANT ENERGY   -17.299294921504433        2.0265974437967037E-004
 ISOLATE TOTAL CHARGE   0.55428006560621057      -0.27957685532876986      -0.27470316353815472      QLM  -5.5564057703685164      RHOGAMMA*VOL   7.5498287822914723     
 CONSTANT ENERGY   -17.299339845646873        1.8508217779352371E-004
 ISOLATE TOTAL CHARGE   0.55579713477736448      -0.28054950280032820      -0.27524758537971428      QLM  -5.5563461568571482      RHOGAMMA*VOL   7.5497707939632495     
 CONSTANT ENERGY   -17.299379596677305        1.6902924951730106E-004
 ISOLATE TOTAL CHARGE   0.55706387163192517      -0.28127732159753549      -0.27578650356584644      QLM  -5.5563102441966326      RHOGAMMA*VOL   7.5497363877686627     
 CONSTANT ENERGY   -17.299414768873849        1.5373240397911254E-004
 ISOLATE TOTAL CHARGE   0.55807990101729388      -0.28176691974727475      -0.27631293490775111      QLM  -5.5562818509267871      RHOGAMMA*VOL   7.5497093623507885     
 CONSTANT ENERGY   -17.299445781662612        1.3886097773933777E-004
 ISOLATE TOTAL CHARGE   0.55885026432412843      -0.28203089688272165      -0.27681932115574215      QLM  -5.5562514985612212      RHOGAMMA*VOL   7.5496802404957917     
 CONSTANT ENERGY   -17.299472939790633        1.2437760363010419E-004
 ISOLATE TOTAL CHARGE   0.55938296232612927      -0.28208627981335654      -0.27729663626912471      QLM  -5.5562171573035730      RHOGAMMA*VOL   7.5496470007693999     
 CONSTANT ENERGY   -17.299496495336751        1.1042412594053171E-004
 ISOLATE TOTAL CHARGE   0.55968776673245735      -0.28195350503633199      -0.27773421545827737      QLM  -5.5561832362473300      RHOGAMMA*VOL   7.5496140560865577     
 CONSTANT ENERGY   -17.299516687199855        9.7259616680430095E-005
 ISOLATE TOTAL CHARGE   0.55977635245327306      -0.28165588595474667      -0.27812042023133388      QLM  -5.5561583409660358      RHOGAMMA*VOL   7.5495900040861903     
 CONSTANT ENERGY   -17.299533798300025        8.5224280872903639E-005
 ISOLATE TOTAL CHARGE   0.55966317024080503      -0.28121926737780645      -0.27844385653526893      QLM  -5.5561523805797757      RHOGAMMA*VOL   7.5495847332431794     
 CONSTANT ENERGY   -17.299548168955766        7.4689961494498903E-005
 ISOLATE TOTAL CHARGE   0.55936669333632238      -0.28067185548996498      -0.27869479143289166      QLM  -5.5561736986140025      RHOGAMMA*VOL   7.5496065576065456     
 CONSTANT ENERGY   -17.299560205483758        6.5980076745594812E-005
 ISOLATE TOTAL CHARGE   0.55891037971948698      -0.28004379829115034      -0.27886653491138147      QLM  -5.5562267958172189      RHOGAMMA*VOL   7.5496599470668491     
 CONSTANT ENERGY   -17.299570361443614        5.9271841041322681E-005
 ISOLATE TOTAL CHARGE   0.55832304743451111      -0.27936651858983308      -0.27895648221423519      QLM  -5.5563110771151907      RHOGAMMA*VOL   7.5497442833219797     
 CONSTANT ENERGY   -17.299579097900551        5.4527188065162349E-005
 ISOLATE TOTAL CHARGE   0.55763828692062489      -0.27867163864507849      -0.27896660152882991      QLM  -5.5564208207617556      RHOGAMMA*VOL   7.5498538370063715     
 CONSTANT ENERGY   -17.299586832804486        5.1482846216477010E-005
 ISOLATE TOTAL CHARGE   0.55689296722386494      -0.27798958672638796      -0.27890333363771447      QLM  -5.5565461907293434      RHOGAMMA*VOL   7.5499787857771281     
 CONSTANT ENERGY   -17.299593908800819        4.9699633549340228E-005
 ISOLATE TOTAL CHARGE   0.55612505448770122      -0.27734805183707434      -0.27877695568514604      QLM  -5.5566750710547774      RHOGAMMA*VOL   7.5501070505358188     
 CONSTANT ENERGY   -17.299600568600614        4.8650107217086104E-005
 ISOLATE TOTAL CHARGE   0.55537104992727571      -0.27677052664592083      -0.27860047621957085      QLM  -5.5567952524178681      RHOGAMMA*VOL   7.5502264794677094     
 CONSTANT ENERGY   -17.299606947489327        4.7808847101145509E-005
 ISOLATE TOTAL CHARGE   0.55466350195366054      -0.27627509203071843      -0.27838836277446033      QLM  -5.5568964815918536      RHOGAMMA*VOL   7.5503268909023040     
 CONSTANT ENERGY   -17.299613087412666        4.6724574211048083E-005
 ISOLATE TOTAL CHARGE   0.55402897388587746      -0.27587371301129027      -0.27815521364743923      QLM  -5.5569720136866234      RHOGAMMA*VOL   7.5504016164921337     
 CONSTANT ENERGY   -17.299618949680436        4.5070210741071499E-005
 ISOLATE TOTAL CHARGE   0.55348669782091342      -0.27557203780581485      -0.27791461271457907      QLM  -5.5570194298813496      RHOGAMMA*VOL   7.5504483094277903     
 CONSTANT ENERGY   -17.299624449424737        4.2671206062753732E-005
 ISOLATE TOTAL CHARGE   0.55304816512937371      -0.27536981170057517      -0.27767830605675048      QLM  -5.5570405644248160      RHOGAMMA*VOL   7.5504688626279668     
 CONSTANT ENERGY   -17.299629479856414        3.9518560313774758E-005
 ISOLATE TOTAL CHARGE   0.55271764706832549      -0.27526185781406154      -0.27745574180911725      QLM  -5.5570406444152951      RHOGAMMA*VOL   7.5504685420408055     
 CONSTANT ENERGY   -17.299633945775398        3.5766998724977308E-005
 ISOLATE TOTAL CHARGE   0.55249336878612532      -0.27523936106519820      -0.27725396019799975      QLM  -5.5570269213499230      RHOGAMMA*VOL   7.5504546152682428     
 CONSTANT ENERGY   -17.299647682661497        2.1823868237574024E-005
 ISOLATE TOTAL CHARGE   0.55244295761379902      -0.27528586361874696      -0.27715706023322184      QLM  -5.5570138594954228      RHOGAMMA*VOL   7.5504415700303538     
 CONSTANT ENERGY   -17.299660041205168        1.0050298250562799E-005
 ISOLATE TOTAL CHARGE   0.55248235088966524      -0.27539904248753944      -0.27708326068501465      QLM  -5.5569978622122571      RHOGAMMA*VOL   7.5504257790118521     
 CONSTANT ENERGY   -17.299661259377821        1.1009888084712976E-005
 ISOLATE TOTAL CHARGE   0.55260044100518257      -0.27556860993315047      -0.27703178327440825      QLM  -5.5569816575164719      RHOGAMMA*VOL   7.5504098920429890     
 CONSTANT ENERGY   -17.299662616646245        1.2818858549654139E-005
 ISOLATE TOTAL CHARGE   0.55278487323135117      -0.27578407144303263      -0.27700075390420431      QLM  -5.5569664635532838      RHOGAMMA*VOL   7.5503950967555875     
 CONSTANT ENERGY   -17.299664155893126        1.4772119671601235E-005
 ISOLATE TOTAL CHARGE   0.55302274170427879      -0.27603510309459867      -0.27698759063176071      QLM  -5.5569520894313449      RHOGAMMA*VOL   7.5503811565048915     
 CONSTANT ENERGY   -17.299665859451959        1.6331811197754155E-005
 ISOLATE TOTAL CHARGE   0.55330101749660443      -0.27631169215298468      -0.27698927726575562      QLM  -5.5569373268375148      RHOGAMMA*VOL   7.5503668212517434     
 CONSTANT ENERGY   -17.299667680756002        1.7205695136560830E-005
 ISOLATE TOTAL CHARGE   0.55360666911294665      -0.27660408225435118      -0.27700253867551283      QLM  -5.5569205306587675      RHOGAMMA*VOL   7.5503504123014009     
 CONSTANT ENERGY   -17.299669561299737        1.7319881951598309E-005
 ISOLATE TOTAL CHARGE   0.55392676322431988      -0.27690272209366285      -0.27702399283811330      QLM  -5.5569001960855946      RHOGAMMA*VOL   7.5503304013681678     
 CONSTANT ENERGY   -17.299671438087476        1.6740794158768053E-005
 ISOLATE TOTAL CHARGE   0.55424848324516240      -0.27719819082713104      -0.27705024401293898      QLM  -5.5568754490745951      RHOGAMMA*VOL   7.5503059011391578     
 CONSTANT ENERGY   -17.299673249707965        1.5604245579712383E-005
 ISOLATE TOTAL CHARGE   0.55455927201059829      -0.27748123184005657      -0.27707799165093028      QLM  -5.5568463314078143      RHOGAMMA*VOL   7.5502769489404979     
 CONSTANT ENERGY   -17.299674940418651        1.4078626925437785E-005
 ISOLATE TOTAL CHARGE   0.55484718976113889      -0.27774294689124357      -0.27710419423496524      QLM  -5.5568138193049297      RHOGAMMA*VOL   7.5502445227109556     
 CONSTANT ENERGY   -17.299680380521071        8.4364799925979873E-006
 ISOLATE TOTAL CHARGE   0.55498602420520449      -0.27786957519919242      -0.27711641518999319      QLM  -5.5567938293691146      RHOGAMMA*VOL   7.5502245079977808     
 CONSTANT ENERGY   -17.299685352338621        3.6077443584160384E-006
 ISOLATE TOTAL CHARGE   0.55509273814607774      -0.27796784347300219      -0.27712484587063946      QLM  -5.5567727993656284      RHOGAMMA*VOL   7.5502034139462300     
 CONSTANT ENERGY   -17.299685914072590        3.8183959267821100E-006
 ISOLATE TOTAL CHARGE   0.55516413162264300      -0.27803508610424954      -0.27712899661807677      QLM  -5.5567523237949263      RHOGAMMA*VOL   7.5501827966856432     
 CONSTANT ENERGY   -17.299686475355699        4.4111530426039700E-006
 ISOLATE TOTAL CHARGE   0.55519893043159030      -0.27806983761108306      -0.27712904382425552      QLM  -5.5567339022170872      RHOGAMMA*VOL   7.5501641777233202     
 CONSTANT ENERGY   -17.299687048734476        5.1174482950746904E-006
 ISOLATE TOTAL CHARGE   0.55519802524552730      -0.27807206501739601      -0.27712591114730034      QLM  -5.5567186800145780      RHOGAMMA*VOL   7.5501487108863614     
 CONSTANT ENERGY   -17.299687626469449        5.7047584593855425E-006
 ISOLATE TOTAL CHARGE   0.55516458199459606      -0.27804326892735554      -0.27712126397148307      QLM  -5.5567073213912730      RHOGAMMA*VOL   7.5501370714454721     
 CONSTANT ENERGY   -17.299688198305660        6.0317407516006576E-006
 ISOLATE TOTAL CHARGE   0.55510389729517939      -0.27798649299665601      -0.27711735519168279      QLM  -5.5566999382161804      RHOGAMMA*VOL   7.5501293854155955     
 CONSTANT ENERGY   -17.299688749976539        6.0610945329156227E-006
 ISOLATE TOTAL CHARGE   0.55502294628258753      -0.27790609002683331      -0.27711680714184928      QLM  -5.5566961887215793      RHOGAMMA*VOL   7.5501253282456062     
 CONSTANT ENERGY   -17.299689267530024        5.8302585290250024E-006
 ISOLATE TOTAL CHARGE   0.55492971520304479      -0.27780737003087319      -0.27712229605516536      QLM  -5.5566954505846002      RHOGAMMA*VOL   7.5501242973025935     
 CONSTANT ENERGY   -17.299689742537357        5.4177355416795126E-006
 ISOLATE TOTAL CHARGE   0.55483238996249185      -0.27769615120919466      -0.27713618963680031      QLM  -5.5566970262073365      RHOGAMMA*VOL   7.5501256155574055     
 CONSTANT ENERGY   -17.299691749647103        3.3308469271459201E-006
 ISOLATE TOTAL CHARGE   0.55478001385440656      -0.27762778867381765      -0.27715219134654956      QLM  -5.5566992524453038      RHOGAMMA*VOL   7.5501277228692381     
 CONSTANT ENERGY   -17.299693610939208        1.5343813748501168E-006
WRITING : HEADER
WRITING : TIMESTEP
WRITING : ATOMS
WRITING : CELL
WRITING : OCCUPATIONS
WRITING : WAVES
WRITING : ENDOFFILE
 ISOLATE TOTAL CHARGE   0.55473338269602834      -0.27755433427808995      -0.27717899936667867      QLM  -5.5567030324677802      RHOGAMMA*VOL   7.5501314726256830     
 CONSTANT ENERGY   -17.299693754402046        1.7385231490565127E-006
 ISOLATE TOTAL CHARGE   0.55469447927541538      -0.27747868873487080      -0.27721574149378592      QLM  -5.5567084403526064      RHOGAMMA*VOL   7.5501368970447791     
 CONSTANT ENERGY   -17.299693889024883        2.0821275023304004E-006
 ISOLATE TOTAL CHARGE   0.55466401401918475      -0.27740330557963611      -0.27726065939519584      QLM  -5.5567157128685194      RHOGAMMA*VOL   7.5501442471647549     
 CONSTANT ENERGY   -17.299694024330417        2.4299968423909529E-006
 ISOLATE TOTAL CHARGE   0.55464155764204826      -0.27733022620482140      -0.27731128239352865      QLM  -5.5567251097765658      RHOGAMMA*VOL   7.5501537767662104     
 CONSTANT ENERGY   -17.299694146845439        2.6697166261431638E-006
 ISOLATE TOTAL CHARGE   0.55462583591485703      -0.27726114570849925      -0.27736464116117454      QLM  -5.5567367688413514      RHOGAMMA*VOL   7.5501656130372439     
 CONSTANT ENERGY   -17.299694244505073        2.7389334231801109E-006
 ISOLATE TOTAL CHARGE   0.55461508642066626      -0.27719750591886205      -0.27741753145303938      QLM  -5.5567505816075942      RHOGAMMA*VOL   7.5501796332449080     
 CONSTANT ENERGY   -17.299695169770402        1.7691559002388775E-006
 ISOLATE TOTAL CHARGE   0.55461146581859566      -0.27716660939110094      -0.27744482260607173      QLM  -5.5567597881661657      RHOGAMMA*VOL   7.5501889534017899     
 CONSTANT ENERGY   -17.299696324155974        5.4434435165162400E-007
 ISOLATE TOTAL CHARGE   0.55461103938482914      -0.27715399268884866      -0.27745701287820768      QLM  -5.5567661620984516      RHOGAMMA*VOL   7.5501954063397978     
 CONSTANT ENERGY   -17.299696563614859        3.3645034549406474E-007
 ISOLATE TOTAL CHARGE   0.55461211663022425      -0.27714736724621680      -0.27746470035220239      QLM  -5.5567736378723529      RHOGAMMA*VOL   7.5502029800860653     
Note: The following floating-point exceptions are signalling: IEEE_UNDERFLOW_FLAG IEEE_DENORMAL
STOP NORMAL STOP IN MPE__STOPALL
 CONSTANT ENERGY   -17.299696547541636        4.7923306050890774E-007
 ISOLATE TOTAL CHARGE   0.55461422983657371      -0.27714675898006158      -0.27746742182202677      QLM  -5.5567815277874182      RHOGAMMA*VOL   7.5502109512970659     
 CONSTANT ENERGY   -17.299696530839515        6.4061691501540627E-007
 ISOLATE TOTAL CHARGE   0.55461702283355230      -0.27715203354500995      -0.27746494025163715      QLM  -5.5567890986087995      RHOGAMMA*VOL   7.5502185976711571     
 CONSTANT ENERGY   -17.299696531132430        7.6912067906058437E-007
 ISOLATE TOTAL CHARGE   0.55462015235951512      -0.27716285634760718      -0.27745724697253782      QLM  -5.5567956917489845      RHOGAMMA*VOL   7.5502252575845930     
 CONSTANT ENERGY   -17.299696549270124        8.3451488351615827E-007
 ISOLATE TOTAL CHARGE   0.55462324108199290      -0.27717865310145795      -0.27744453893885468      QLM  -5.5568008282097852      RHOGAMMA*VOL   7.5502304502826680     
 CONSTANT ENERGY   -17.299696583863764        8.3220733809729644E-007
 ISOLATE TOTAL CHARGE   0.55462582385224657      -0.27719858809927267      -0.27742718670934785      QLM  -5.5568042697505780      RHOGAMMA*VOL   7.5502339368342923     
 CONSTANT ENERGY   -17.299696883239232        5.2490047142323807E-007
 ISOLATE TOTAL CHARGE   0.55462648962756234      -0.27721236662233784      -0.27741408918230670      QLM  -5.5568049045874019      RHOGAMMA*VOL   7.5502345733533920     
 CONSTANT ENERGY   -17.299697245114857        1.5737517448292627E-007
WRITING : HEADER
WRITING : TIMESTEP
WRITING : ATOMS
WRITING : CELL
WRITING : OCCUPATIONS
WRITING : WAVES
WRITING : ENDOFFILE
 ISOLATE TOTAL CHARGE   0.55462585736489523      -0.27722229903899187      -0.27740352450449590      QLM  -5.5568041338197185      RHOGAMMA*VOL   7.5502338044015929     
 CONSTANT ENERGY   -17.299697344977542        9.9985998853208306E-008
NORMAL STOP: CALLING MPE__STOPALL TO CLOSE DOWN
