TRACE-PUSH(  1): LEVEL=    1 INTO MAIN
TRACE-MEM(  1): MAXMEM[MBYTE]=   0.00000 TIME20260907 131109.817
TRACE-PUSH(  1): LEVEL=    2 INTO PAW
TRACE-MEM(  1): MAXMEM[MBYTE]=   0.00000 TIME20260907 131109.817
TRACE-PUSH(  1): LEVEL=    3 INTO READIN
TRACE-MEM(  1): MAXMEM[MBYTE]=   0.00000 TIME20260907 131109.817
TRACE-PUSH(  1): LEVEL=    4 INTO READIN_FILES
TRACE-MEM(  1): MAXMEM[MBYTE]=   0.00000 TIME20260907 131109.827
TRACE-PUSH(  1): LEVEL=    5 INTO STANDARDFILES
TRACE-MEM(  1): MAXMEM[MBYTE]=   0.00000 TIME20260907 131109.827
TRACE-POP (  1): LEVEL=    5 FROM STANDARDFILES                   
TRACE-MEM(  1): MAXMEM[MBYTE]=   0.00000 TIME20260907 131109.827
TRACE-POP (  1): LEVEL=    4 FROM READIN_FILES                    
TRACE-MEM(  1): MAXMEM[MBYTE]=   0.00000 TIME20260907 131109.827
TRACE-PUSH(  1): LEVEL=    4 INTO READIN_GENERIC
TRACE-MEM(  1): MAXMEM[MBYTE]=   0.00000 TIME20260907 131109.827
 PAW_SETUPS.F90 A LAMBDA=   6.0000000000000000        6.0000000000000000        6.0000000000000000        6.0000000000000000     
================================================================================
===================  SETUP CONSTRUCTION FOR FE  ================================
================================================================================
 THIS%SETTING%SO= F
KEY: START,REL,NONSO,ZORA
RELATIVISTIC EFFECTS SWITCHED ON?     T
SPIN-ORBIT COUPLING SWITCHED ON?      F
ZORA SWITCHED ON?                     T
FOCK CONTRIBTION ON?                  F
START FROM SCRATCH?                    T
DOING SCF ITERATIONS FOR ATOM WITH Z=  26.00000
           1  AV(POT-POTIN)=   4.4229110866643060       MAX:(POT-POTIN)=   23977.764226356521                0 F
           2  AV(POT-POTIN)=   2.1600484783910665       MAX:(POT-POTIN)=   12959.745147272246                0 F
           3  AV(POT-POTIN)=   2.0666340552561890       MAX:(POT-POTIN)=   526.04687633272260                0 F
           4  AV(POT-POTIN)=   1.9569792805131856       MAX:(POT-POTIN)=   378.79662826168351                0 F
           5  AV(POT-POTIN)=  0.90795394534003371       MAX:(POT-POTIN)=   69.262384389992803                0 F
           6  AV(POT-POTIN)=  0.49872799753341124       MAX:(POT-POTIN)=   54.679951263125986                0 F
           7  AV(POT-POTIN)=   7.7256997375938954E-002  MAX:(POT-POTIN)=   21.526390051236376                0 F
           8  AV(POT-POTIN)=   2.4689031074649780E-002  MAX:(POT-POTIN)=   8.8337359088473022                0 F
           9  AV(POT-POTIN)=   1.8926523802576475E-002  MAX:(POT-POTIN)=   6.4941918936092407                0 F
          10  AV(POT-POTIN)=   1.0632900100832361E-002  MAX:(POT-POTIN)=  0.35845901235006750                0 F
          11  AV(POT-POTIN)=   4.4481552015931038E-003  MAX:(POT-POTIN)=  0.21074234205298126                0 F
          12  AV(POT-POTIN)=   2.5759199173337874E-003  MAX:(POT-POTIN)=   9.3759103678166866E-002           0 F
          13  AV(POT-POTIN)=   1.0516418828608518E-003  MAX:(POT-POTIN)=   3.3143575303256512E-002           0 F
          14  AV(POT-POTIN)=   2.7526588128831681E-004  MAX:(POT-POTIN)=   7.7363555319607258E-003           0 F
          15  AV(POT-POTIN)=   5.2737166264912103E-005  MAX:(POT-POTIN)=   1.8671241123229265E-003           0 F
          16  AV(POT-POTIN)=   2.7649631192073528E-005  MAX:(POT-POTIN)=   9.2230155132710934E-004           0 F
          17  AV(POT-POTIN)=   4.5073642394095216E-006  MAX:(POT-POTIN)=   1.1170059352301099E-004           0 F
          18  AV(POT-POTIN)=   1.3527087246045864E-006  MAX:(POT-POTIN)=   5.2534742280840874E-005           0 F
          19  AV(POT-POTIN)=   6.6616311351656304E-007  MAX:(POT-POTIN)=   2.5066547095775604E-005           0 F
          20  AV(POT-POTIN)=   8.3500821411180299E-008  MAX:(POT-POTIN)=   5.1846727728843689E-006           0 F
          21  AV(POT-POTIN)=   4.2123945836857964E-008  MAX:(POT-POTIN)=   2.3092143237590790E-006           0 F
          22  AV(POT-POTIN)=   3.4052004352599700E-008  MAX:(POT-POTIN)=   4.0053855627775192E-006           0 F
          23  AV(POT-POTIN)=   4.9770933243548328E-008  MAX:(POT-POTIN)=   2.6433262974023819E-006           0 F
          24  AV(POT-POTIN)=   1.0142446150072019E-008  MAX:(POT-POTIN)=   8.8592059910297394E-007           1 F
          25  AV(POT-POTIN)=   6.2015553248515351E-009  MAX:(POT-POTIN)=   3.9697624742984772E-007           0 F
          26  AV(POT-POTIN)=   1.0918051028208955E-008  MAX:(POT-POTIN)=   1.6328413039445877E-006           0 F
          27  AV(POT-POTIN)=   4.5513305818507632E-009  MAX:(POT-POTIN)=   8.2515180110931396E-007           1 F
          28  AV(POT-POTIN)=   7.5311301609672559E-009  MAX:(POT-POTIN)=   7.6717697083950043E-007           0 F
          29  AV(POT-POTIN)=   4.0945806266774970E-009  MAX:(POT-POTIN)=   4.5332126319408417E-007           1 F
          30  AV(POT-POTIN)=   8.4516452488533842E-009  MAX:(POT-POTIN)=   7.8976154327392578E-007           0 F
          31  AV(POT-POTIN)=   4.7134563831699025E-009  MAX:(POT-POTIN)=   4.9034133553504944E-007           1 F
          32  AV(POT-POTIN)=   5.2880338232326231E-009  MAX:(POT-POTIN)=   6.2678009271621704E-007           2 F
          33  AV(POT-POTIN)=   5.4245881494643427E-009  MAX:(POT-POTIN)=   5.8743171393871307E-007           3 F
          34  AV(POT-POTIN)=   6.6363069621310107E-009  MAX:(POT-POTIN)=   7.1851536631584167E-007           4 F
          35  AV(POT-POTIN)=   4.5680589748518206E-009  MAX:(POT-POTIN)=   5.2130781114101410E-007           5 F
===================ENERGY REPORT OF ATOMLIB__AESCF==============================
TOTAL ENERGY:................ -1277.33264409
KINETIC ENERGY:..............  1292.63376877
HARTREE ENERGY:.............. -2514.31011458
DFT XC ENERGY:...............     -55.656298
FINITE NUCLEUS:..............     0.00378772
.... CALCULATION USES FINITE NUCLEUS
.... DO NOT ADD FINITE NUCLEUS CORRECTION
... SELFCONSISTENCY OBTAINED
FINAL ONE-PARTICLE ENERGIES FROM AESCF  
  IB   L  SO         F#NODE                   E
   1   0   0      2.00    0            -259.355
   2   0   0      2.00    1             -30.160
   3   1   0      6.00    0             -25.694
   4   0   0      2.00    2              -3.455
   5   1   0      6.00    1              -2.206
   6   0   0      2.00    3              -0.194
   7   2   0      6.00    0              -0.276
 #ITERATIONS           36
========================================================
========= ALL-ELECTRON ATOM CALCULATION ================
========================================================
TOTAL ENERGY=            -1277.3326441
  IB   N   L  SO                   E         F#(REM. EL.
   1   1   0   0           -259.3549   2.00000  24.00000
   2   2   0   0            -30.1599   2.00000  22.00000
   3   2   1   0            -25.6942   6.00000  16.00000
   4   3   0   0             -3.4551   2.00000  14.00000
   5   3   1   0             -2.2061   6.00000   8.00000
--------- CORE ABOVE, VALENCE BELOW --------------------
   6   3   2   0             -0.2759   6.00000   2.00000
   7   4   0   0             -0.1944   2.00000   0.00000
========================================================
========================================================
 ISCATT=           0           0           0           1
 LOX=              0           1           2           2
 VFOCK%TON  F
=================== ENERGIES FOR ATOMIC WAVE FUNCTIONS =========================
=================== OLD: AE SCHRODINGER EQUATION           =====================
=================== NEW: NODELESS EQUATION                 =====================
=================== DIFFERENCE DUE TO RELATIVISTIC EFFECTS =====================
IB=  1 L= 0 E[NEW]=     -259.35488 E[OLD]=     -259.35488
IB=  2 L= 0 E[NEW]=      -30.15992 E[OLD]=      -30.15992
IB=  3 L= 1 E[NEW]=      -25.69417 E[OLD]=      -25.69417
IB=  4 L= 0 E[NEW]=       -3.45512 E[OLD]=       -3.45512
IB=  5 L= 1 E[NEW]=       -2.20615 E[OLD]=       -2.20615
IB=  6 L= 2 E[NEW]=       -0.27586 E[OLD]=       -0.27586
IB=  7 L= 0 E[NEW]=       -0.19441 E[OLD]=       -0.19441
=================== ENERGIES FOR PARTIAL-WAVE CONSTRUCTION======================
RBOX=  2.65318
LN= 1 L= 0 E=  -0.19441 RC= 1.658
LN= 2 L= 1 E=  -0.04840 RC= 1.658
LN= 3 L= 2 E=  -0.27586 RC= 1.658
LN= 4 L= 2 E=   1.09058 RC= 1.658
===================  TRANSU ====================================================
   1.0000000000   0.0000000000   0.0000000000   0.0000000000
   0.0000000000   1.0000000000   0.0000000000   0.0000000000
   0.0000000000   0.0000000000   1.0000000000   1.0000000000
   0.0000000000   0.0000000000   0.0000000000   1.3664370668
===================  TRANSU^(-1) ===============================================
   1.0000000000  -0.0000000000   0.0000000000  -0.0000000000
   0.0000000000   1.0000000000   0.0000000000  -0.0000000000
   0.0000000000   0.0000000000   1.0000000000  -0.7318302645
   0.0000000000   0.0000000000   0.0000000000   0.7318302645
===================  TEST QN EQ.  ==============================================
LN= 1 L= 0  [T+V-E_N]|QN>-|UC>=   0.000000000000000
LN= 2 L= 1  [T+V-E_N]|QN>-|UC>=   0.000000000000000
LN= 3 L= 2  [T+V-E_N]|QN>-|UC>=   0.000000000000035
LN= 4 L= 2  [T+V-E_N]|QN>-|UC>=   0.000000000000046
=================== <UC|AEPHI>/SQRT(<UC|UC>  ===================================
========= DEVIATION DUE NEGLECT OF SMALL COMPONENT==============================
========= ORTHOGONALIZATION DONE BASED ON ENERGIES==============================
   0.00000   0.00000   0.00000   0.00628   0.00000
   0.00000   0.00000   0.00000   0.00000   0.02152
   0.00000   0.00000   0.00000   0.00000   0.00000
   0.00000   0.00000   0.00000   0.00000   0.00000
===================  TEST AEPHI EQ.  ===========================================
LN= 1 L= 0  [T+V-E_N]|AEPHI_N> =   0.000000001395373
LN= 2 L= 1  [T+V-E_N]|AEPHI_N> =   0.000000000001329
LN= 3 L= 2  [T+V-E_N]|AEPHI_N> =   0.000000000000035
LN= 4 L= 2  [T+V-E_N]|AEPHI_N> =   0.000000000000046
 L            0  E= -0.19440826338748715      PHIPHASE BEFORE ADJUSTMENT=   0.65484077291420884     
 L            0  E= -0.19440826338748715      PHIPHASE AFTER ADJUSTMENT=   0.65484077291420884     
 L            1  E=  -4.8395753578059267E-002 PHIPHASE BEFORE ADJUSTMENT=   0.56767192126145649     
 L            1  E=  -4.8395753578059267E-002 PHIPHASE AFTER ADJUSTMENT=   0.56767192126145649     
 L            2  E= -0.27586146100824427      PHIPHASE BEFORE ADJUSTMENT=   0.77320924449347395     
 L            2  E= -0.27586146100824427      PHIPHASE AFTER ADJUSTMENT=   0.77320924449347395     
 L            2  E=   1.0905756057507390      PHIPHASE BEFORE ADJUSTMENT=    1.7880230051048260     
 L            2  E=   1.0905756057507390      PHIPHASE AFTER ADJUSTMENT=    1.7880230051048260     
===================  TEST RAW PAW EQUATION  ====================================
LN= 1 L= 0 RAW PAW EQ.   0.00000 SCHR. EQ.   0.00000
LN= 2 L= 1 RAW PAW EQ.   0.00000 SCHR. EQ.   0.00000
LN= 3 L= 2 RAW PAW EQ.   0.00000 SCHR. EQ.   0.00000
LN= 4 L= 2 RAW PAW EQ.   0.00000 SCHR. EQ.   0.00000
 VFOCK%TON   F
 RBND          2.6531751962925103     
DT    0.17607E+01 0.00000E+00 0.00000E+00 0.00000E+00
DT    0.00000E+00 0.13767E+01 0.00000E+00 0.00000E+00
DT    0.00000E+00 0.00000E+00 0.64553E+01 0.52380E+01
DT    0.00000E+00 0.00000E+00 0.52380E+01 0.30208E+01
DH    0.47749E+00 0.00000E+00 0.00000E+00 0.00000E+00
DH    0.00000E+00 0.18697E+00 0.00000E+00 0.00000E+00
DH    0.00000E+00 0.00000E+00-0.59581E+00-0.32444E+00
DH    0.00000E+00 0.00000E+00-0.32444E+00-0.16993E+01
DO   -0.14014E+00 0.00000E+00 0.00000E+00 0.00000E+00
DO    0.00000E+00-0.76795E-01 0.00000E+00 0.00000E+00
DO    0.00000E+00 0.00000E+00 0.64103E+00 0.23450E+00
DO    0.00000E+00 0.00000E+00 0.23450E+00 0.10989E+00
LN= 1 DTKIN-TRANSPOSE(DTKIN)=   0.00000   0.00000   0.00000   0.00000
LN= 2 DTKIN-TRANSPOSE(DTKIN)=   0.00000   0.00000   0.00000   0.00000
LN= 3 DTKIN-TRANSPOSE(DTKIN)=   0.00000   0.00000   0.00000   0.00000
LN= 4 DTKIN-TRANSPOSE(DTKIN)=   0.00000   0.00000  -0.00000   0.00000
LN= 1 <P|PSPHI>=   1.00000   0.00000   0.00000   0.00000
LN= 2 <P|PSPHI>=   0.00000   1.00000   0.00000   0.00000
LN= 3 <P|PSPHI>=   0.00000   0.00000   1.00000   0.00000
LN= 4 <P|PSPHI>=   0.00000   0.00000   0.00000   1.00000
===================  TEST PAW EQUATION  ========================================
LN= 1 L= 0 PAW EQ.             0.00000 SCHR. EQ.             0.00000 DPRO              0.00000
LN= 2 L= 1 PAW EQ.             0.00000 SCHR. EQ.             0.00000 DPRO              0.00000
LN= 3 L= 2 PAW EQ.             0.00000 SCHR. EQ.             0.00000 DPRO              0.00000
LN= 4 L= 2 PAW EQ.             0.00000 SCHR. EQ.             0.00000 DPRO              0.00000
 =================== L=           0  =================================
 BEFORE PAWBOUNDSTATE
 L=           0  NN=           0  E= -0.19440838419026857       NPRO=           1  ROUT=   19.716639202099568       IB=           7
  E= -0.19882701359291260     
 =================== L=           1  =================================
 =================== L=           2  =================================
 BEFORE PAWBOUNDSTATE
 L=           2  NN=           0  E= -0.27586146436247438       NPRO=           2  ROUT=   19.716639202099568       IB=           6
  E= -0.27586155108897881     
===================  STRAIGHT AE- AND PAW-ENERGY LEVELS ========================
IB= 6 L= 2 AE-ENERGY:  -7.50647 EV; PS-ENERGY:  -7.50647 EV
IB= 7 L= 0 AE-ENERGY:  -5.29005 EV; PS-ENERGY:  -5.41028 EV
 PSEUDO+AUGMENTATION CHARGE    1.1108414817494553E-014  (SHOULD BE ZERO)
===================  DTKIN BEFORE SYMMETRIZATION ===============================
       1.761       0.000       0.000       0.000
       0.000       1.377       0.000       0.000
       0.000       0.000       6.455       5.238
       0.000       0.000       5.238       3.021
===================  DO BEFORE SYMMETRIZATION ==================================
      -0.140       0.000       0.000       0.000
       0.000      -0.077       0.000       0.000
       0.000       0.000       0.641       0.234
       0.000       0.000       0.234       0.110
 LIB_FFTW: CREATE PLAN FOR: GTOR           1         500           0
 LIB_FFTW: CREATE PLAN FOR: RTOG          -1         500           1
L= 0 IB= 1 E(LOCAL)=  -1.02160 E(OUTER)=  -0.10245
L= 0 IB= 2 E(LOCAL)=  -0.06734 E(OUTER)=   0.01660
L= 0 IB= 3 E(LOCAL)=   0.02195 E(OUTER)=   0.07078
L= 0 IB= 4 E(LOCAL)=   0.08039 E(OUTER)=   0.16498
L= 1 IB= 1 E(LOCAL)=  -0.25764 E(OUTER)=  -0.01929
L= 1 IB= 2 E(LOCAL)=   0.00998 E(OUTER)=   0.03598
L= 1 IB= 3 E(LOCAL)=   0.05436 E(OUTER)=   0.10199
L= 1 IB= 4 E(LOCAL)=   0.13592 E(OUTER)=   0.19982
L= 2 IB= 1 E(LOCAL)=   0.03264 E(OUTER)=   0.03371
L= 2 IB= 2 E(LOCAL)=   0.07074 E(OUTER)=   0.07477
L= 2 IB= 3 E(LOCAL)=   0.14218 E(OUTER)=   0.15201
L= 2 IB= 4 E(LOCAL)=   0.23490 E(OUTER)=   0.25318
========= GHOSTBUSTER FOR=   FE Z=  26.0 =======================================
LN 1 L= 0 E(INNER)=  -0.05141 H
LN 2 L= 1 E(INNER)=   1.63279 H
LN 3 L= 2 E(INNER)=   3.37495 H
LN 4 L= 2 E(INNER)=   4.51374 H
 LIB_FFTW: CREATE PLAN FOR: GTOR           1        1024           2
 LIB_FFTW: CREATE PLAN FOR: RTOG          -1        1024           3
================================================================================
===================  SETUP CONSTRUCTION FINISHED  ==============================
================================================================================
NO. OF INEQUIVALENT K-POINTS   260
NUMBER OF DIFFERENT TETRAHEDRA : 1536
 DYNOCC__SETR8: SPIN HAS BEEN SET TO    0.0000000000000000     
READING RESTART FILE
CHECKING RESTART FILE: HEADER        0
CHECKING RESTART FILE: TIMESTEP      1
CHECKING RESTART FILE: ATOMS         4
CHECKING RESTART FILE: CELL          1
CHECKING RESTART FILE: OCCUPATION    6
CHECKING RESTART FILE: WAVES      8469
CHECKING RESTART FILE: ENDOFFILE     0
READING: HEADER
READING: TIMESTEP
READING: ATOMS
READING: CELL
READING: OCCUPATIONS
READING: WAVES
 XK    0.0000000000000000        0.0000000000000000        0.0000000000000000     
 XK    1.3352872747528561E-018   1.3352872747528561E-018  0.12500000000000000     
 XK    2.6705745495057122E-018   2.6705745495057122E-018  0.25000000000000000     
 XK    4.0058618242585687E-018   4.0058618242585687E-018  0.37500000000000006     
 XK   -5.3411490990114244E-018  -5.3411490990114244E-018  0.50000000000000000     
 XK    1.5501217097161959E-018  0.12500000000000000       -1.5501217097161959E-018
 XK    1.5501217097161959E-018  0.12500000000000000       0.12500000000000000     
 XK   -2.6205453905912716E-017  0.12500000000000003       0.25000000000000000     
 ORDER OF G-VECTORS FROM RESTART FILE HAS CHANGED
 XK    1.5501217097161959E-018  0.12500000000000000       0.37500000000000000     
 XK    2.9305697325345111E-017  0.12499999999999997       0.50000000000000000     
 XK    3.1002434194323918E-018  0.25000000000000000       -3.1002434194323918E-018
 XK   -2.4655332196196522E-017  0.25000000000000006       0.12500000000000000     
 ORDER OF G-VECTORS FROM RESTART FILE HAS CHANGED
 XK    3.1002434194323918E-018  0.25000000000000000       0.25000000000000000     
 XK    3.0855819035061308E-017  0.24999999999999997       0.37500000000000000     
 XK    3.1002434194323918E-018  0.25000000000000000       0.50000000000000000     
 XK   -1.1126195509898824E-017  0.37500000000000006        1.1126195509898824E-017
 XK    1.6629380105730090E-017  0.37500000000000000       0.12499999999999999     
 XK    4.2284064280005223E-018  0.37500000000000000       0.25000000000000000     
 XK    4.2284064280005223E-018  0.37500000000000000       0.37500000000000006     
 XK    1.6629380105730090E-017  0.37500000000000000       0.50000000000000000     
 XK   -6.2004868388647836E-018  0.50000000000000000        6.2004868388647836E-018
 XK   -6.2004868388647836E-018  0.50000000000000000       0.12499999999999997     
 XK   -6.2004868388647836E-018  0.50000000000000000       0.25000000000000000     
 XK   -6.2004868388647836E-018  0.50000000000000000       0.37500000000000006     
 XK   -6.2004868388647836E-018  0.50000000000000000      -0.50000000000000000     
 XK    1.1126195509898824E-017 -0.37500000000000006       0.12499999999999999     
 ORDER OF G-VECTORS FROM RESTART FILE HAS CHANGED
 XK   -1.6629380105730090E-017 -0.37500000000000000       0.25000000000000000     
 ORDER OF G-VECTORS FROM RESTART FILE HAS CHANGED
 XK    1.1126195509898824E-017 -0.37500000000000006       0.37500000000000006     
 XK   -3.1002434194323918E-018 -0.25000000000000000       0.12500000000000000     
 XK   -3.1002434194323918E-018 -0.25000000000000000       0.25000000000000000     
 XK    2.4655332196196522E-017 -0.25000000000000006       0.37500000000000000     
 ORDER OF G-VECTORS FROM RESTART FILE HAS CHANGED
 XK   -1.5501217097161959E-018 -0.12500000000000000       0.12500000000000000     
 XK   -1.5501217097161959E-018 -0.12500000000000000       0.25000000000000000     
 XK    2.6205453905912716E-017 -0.12500000000000003       0.37500000000000000     
 ORDER OF G-VECTORS FROM RESTART FILE HAS CHANGED
 XK   0.12500000000000000        1.5501217097161959E-018  -1.5501217097161959E-018
 XK   0.12500000000000000        1.5501217097161959E-018  0.12500000000000000     
 XK   0.12500000000000003       -2.6205453905912716E-017  0.25000000000000000     
 XK   0.12500000000000000        1.5501217097161959E-018  0.37500000000000000     
 XK   0.12499999999999997        2.9305697325345111E-017  0.50000000000000000     
 XK   0.12500000000000000       0.12500000000000000       -3.1002434194323918E-018
 XK   0.12500000000000000       0.12500000000000000       0.12500000000000000     
 XK   0.12500000000000000       0.12500000000000000       0.25000000000000006     
 XK   0.12500000000000000       0.12500000000000000       0.37500000000000000     
 XK   0.12500000000000000       0.12500000000000000       0.49999999999999989     
 XK   0.12500000000000003       0.25000000000000000       -1.6629380105730090E-017
 ORDER OF G-VECTORS FROM RESTART FILE HAS CHANGED
 XK   0.12499999999999999       0.25000000000000006       0.12499999999999999     
 XK   0.12500000000000006       0.25000000000000000       0.24999999999999997     
 XK   0.12500000000000006       0.25000000000000000       0.37500000000000000     
 XK   0.12499999999999999       0.25000000000000006       0.50000000000000000     
 XK   0.12500000000000000       0.37500000000000000       -6.2004868388647836E-018
 XK   0.12500000000000000       0.37500000000000000       0.12500000000000003     
 XK   0.12500000000000000       0.37500000000000000       0.25000000000000006     
 XK   0.12500000000000000       0.37500000000000000       0.37500000000000006     
 XK   0.12500000000000000       0.37500000000000000       0.49999999999999989     
 XK   0.12499999999999999       0.50000000000000000        1.6629380105730090E-017
 XK   0.12499999999999999       0.50000000000000000       0.12499999999999999     
 XK   0.12499999999999999       0.50000000000000000       0.25000000000000006     
 XK   0.12499999999999999       0.50000000000000000       0.37500000000000000     
 XK   0.12499999999999999       0.50000000000000000      -0.50000000000000000     
 XK   0.12500000000000000      -0.37500000000000000       0.12499999999999997     
 XK   0.12500000000000006      -0.37500000000000006       0.25000000000000000     
 ORDER OF G-VECTORS FROM RESTART FILE HAS CHANGED
 XK   0.12500000000000000      -0.37500000000000000       0.37500000000000000     
 XK   0.12500000000000000      -0.25000000000000000       0.12500000000000000     
 XK   0.12500000000000003      -0.25000000000000006       0.25000000000000006     
 XK   0.12500000000000000      -0.25000000000000000       0.37500000000000000     
 ORDER OF G-VECTORS FROM RESTART FILE HAS CHANGED
 XK   0.12500000000000000      -0.12500000000000000       0.12500000000000000     
 XK   0.12500000000000003      -0.12500000000000003       0.25000000000000000     
 XK   0.12500000000000000      -0.12500000000000000       0.37500000000000000     
 XK   0.25000000000000000        3.1002434194323918E-018  -3.1002434194323918E-018
 XK   0.25000000000000006       -2.4655332196196522E-017  0.12500000000000000     
 ORDER OF G-VECTORS FROM RESTART FILE HAS CHANGED
 XK   0.25000000000000000        3.1002434194323918E-018  0.25000000000000000     
 XK   0.24999999999999997        3.0855819035061308E-017  0.37500000000000000     
 XK   0.25000000000000000        3.1002434194323918E-018  0.50000000000000000     
 XK   0.25000000000000000       0.12500000000000003       -1.6629380105730090E-017
 ORDER OF G-VECTORS FROM RESTART FILE HAS CHANGED
 XK   0.25000000000000006       0.12499999999999999       0.12499999999999999     
 XK   0.25000000000000000       0.12500000000000006       0.24999999999999997     
 XK   0.25000000000000000       0.12500000000000006       0.37500000000000000     
 XK   0.25000000000000006       0.12499999999999999       0.50000000000000000     
 XK   0.25000000000000000       0.25000000000000000       -6.2004868388647836E-018
 XK   0.25000000000000000       0.25000000000000000       0.12500000000000006     
 XK   0.25000000000000000       0.24999999999999994       0.25000000000000000     
 XK   0.25000000000000000       0.25000000000000000       0.37499999999999989     
 XK   0.25000000000000000       0.25000000000000000       0.50000000000000000     
 XK   0.24999999999999997       0.37500000000000000        1.6629380105730090E-017
 XK   0.24999999999999997       0.37500000000000000       0.12500000000000006     
 XK   0.24999999999999997       0.37500000000000000       0.25000000000000000     
 XK   0.24999999999999997       0.37500000000000000       0.37500000000000006     
 XK   0.25000000000000000       0.37500000000000000       0.50000000000000000     
 XK   0.25000000000000000       0.50000000000000000        3.1002434194323918E-018
 XK   0.25000000000000006       0.49999999999999989       0.12500000000000000     
 XK   0.25000000000000000       0.50000000000000000       0.25000000000000000     
 XK   0.25000000000000000       0.50000000000000000       0.37500000000000000     
 XK   0.25000000000000006       0.49999999999999989      -0.49999999999999989     
 XK   0.25000000000000006      -0.37500000000000006       0.12500000000000000     
 ORDER OF G-VECTORS FROM RESTART FILE HAS CHANGED
 XK   0.25000000000000000      -0.37500000000000000       0.25000000000000000     
 ORDER OF G-VECTORS FROM RESTART FILE HAS CHANGED
 XK   0.25000000000000000      -0.37500000000000000       0.37500000000000000     
 XK   0.25000000000000000      -0.25000000000000000       0.12500000000000003     
 XK   0.25000000000000000      -0.25000000000000000       0.25000000000000000     
 XK   0.25000000000000000      -0.25000000000000000       0.37500000000000000     
 XK   0.25000000000000006      -0.12500000000000003       0.12500000000000003     
 XK   0.25000000000000000      -0.12500000000000000       0.25000000000000000     
 ORDER OF G-VECTORS FROM RESTART FILE HAS CHANGED
 XK   0.25000000000000000      -0.12500000000000000       0.37500000000000000     
 XK   0.37500000000000006       -1.1126195509898824E-017   1.1126195509898824E-017
 XK   0.37500000000000000        1.6629380105730090E-017  0.12499999999999999     
 XK   0.37500000000000000        4.2284064280005223E-018  0.25000000000000000     
 XK   0.37500000000000000        4.2284064280005223E-018  0.37500000000000006     
 XK   0.37500000000000000        1.6629380105730090E-017  0.50000000000000000     
 XK   0.37500000000000006       0.12499999999999997       -6.2004868388647836E-018
 XK   0.37500000000000000       0.12500000000000000       0.12500000000000003     
 XK   0.37500000000000000       0.12500000000000000       0.25000000000000006     
 XK   0.37500000000000000       0.12500000000000000       0.37500000000000006     
 XK   0.37500000000000006       0.12499999999999994       0.50000000000000000     
 XK   0.37500000000000000       0.25000000000000000       -7.3286498474329142E-018
 XK   0.37500000000000000       0.25000000000000000       0.12500000000000003     
 XK   0.37500000000000000       0.25000000000000000       0.25000000000000000     
 XK   0.37500000000000000       0.25000000000000000       0.37500000000000000     
 XK   0.37500000000000000       0.24999999999999997       0.50000000000000000     
 XK   0.37500000000000000       0.37500000000000000        6.8977890818983016E-018
 XK   0.37500000000000000       0.37500000000000000       0.12499999999999997     
 XK   0.37500000000000000       0.37500000000000000       0.24999999999999997     
 XK   0.37500000000000000       0.37500000000000000       0.37500000000000011     
 XK   0.37500000000000006       0.37500000000000000       0.50000000000000000     
 XK   0.37500000000000000       0.50000000000000000        1.7326682348763608E-017
 XK   0.37500000000000000       0.50000000000000000       0.12499999999999996     
 XK   0.37500000000000000       0.50000000000000000       0.25000000000000000     
 XK   0.37500000000000006       0.50000000000000000       0.37500000000000006     
 XK   0.37500000000000000       0.50000000000000000      -0.50000000000000000     
 XK   0.37500000000000000      -0.37500000000000000       0.12499999999999996     
 XK   0.37500000000000000      -0.37500000000000000       0.24999999999999997     
 XK   0.37500000000000006      -0.37500000000000006       0.37500000000000006     
 XK   0.37500000000000000      -0.25000000000000000       0.12499999999999999     
 ORDER OF G-VECTORS FROM RESTART FILE HAS CHANGED
 XK   0.37500000000000000      -0.25000000000000000       0.25000000000000000     
 XK   0.37500000000000006      -0.25000000000000006       0.37500000000000006     
 XK   0.37500000000000000      -0.12499999999999997       0.12499999999999997     
 XK   0.37500000000000000      -0.12499999999999997       0.24999999999999997     
 XK   0.37500000000000000      -0.12499999999999999       0.37500000000000006     
 XK   0.50000000000000000       -6.2004868388647836E-018   6.2004868388647836E-018
 XK   0.50000000000000000       -6.2004868388647836E-018  0.12499999999999997     
 XK   0.50000000000000000       -6.2004868388647836E-018  0.25000000000000000     
 XK   0.50000000000000000       -6.2004868388647836E-018  0.37500000000000006     
 XK   0.50000000000000000       -6.2004868388647836E-018 -0.50000000000000000     
 XK   0.50000000000000000       0.12499999999999999        1.6629380105730090E-017
 XK   0.50000000000000000       0.12499999999999999       0.12499999999999999     
 XK   0.50000000000000000       0.12499999999999999       0.25000000000000006     
 XK   0.50000000000000000       0.12499999999999999       0.37500000000000000     
 XK   0.50000000000000000       0.12499999999999999      -0.50000000000000000     
 XK   0.50000000000000000       0.25000000000000000        3.1002434194323918E-018
 XK   0.49999999999999989       0.25000000000000006       0.12500000000000000     
 XK   0.50000000000000000       0.25000000000000000       0.25000000000000000     
 XK   0.50000000000000000       0.25000000000000000       0.37500000000000000     
 XK   0.49999999999999989       0.25000000000000006      -0.49999999999999989     
 XK   0.50000000000000000       0.37500000000000000        2.9305697325345111E-017
 XK   0.50000000000000000       0.37500000000000000       0.12499999999999997     
 XK   0.50000000000000000       0.37500000000000000       0.25000000000000000     
 XK   0.49999999999999989       0.37500000000000006       0.37500000000000006     
 XK   0.50000000000000000       0.37500000000000000      -0.50000000000000000     
 XK   0.50000000000000000      -0.50000000000000000        0.0000000000000000     
 XK   0.50000000000000000      -0.50000000000000000       0.12499999999999997     
 XK   0.50000000000000000      -0.50000000000000000       0.25000000000000006     
 XK   0.50000000000000000      -0.50000000000000000       0.37500000000000000     
 XK   0.50000000000000000       0.50000000000000000      -0.50000000000000000     
 XK  -0.50000000000000000      -0.37500000000000000       0.12499999999999997     
 XK  -0.49999999999999989      -0.37500000000000006       0.25000000000000006     
 XK   0.50000000000000000      -0.37499999999999994       0.37500000000000000     
 XK  -0.50000000000000000      -0.25000000000000000       0.12500000000000000     
 XK   0.50000000000000000      -0.25000000000000006       0.25000000000000006     
 XK   0.50000000000000000      -0.25000000000000006       0.37500000000000006     
 XK   0.50000000000000000      -0.12499999999999997       0.12499999999999997     
 XK   0.50000000000000000      -0.12500000000000000       0.25000000000000000     
 XK   0.50000000000000000      -0.12500000000000000       0.37500000000000000     
 XK  -0.37500000000000006        1.1126195509898824E-017  0.12499999999999999     
 ORDER OF G-VECTORS FROM RESTART FILE HAS CHANGED
 XK  -0.37500000000000000       -1.6629380105730090E-017  0.25000000000000000     
 ORDER OF G-VECTORS FROM RESTART FILE HAS CHANGED
 XK  -0.37500000000000006        1.1126195509898824E-017  0.37500000000000006     
 XK  -0.37500000000000000       0.12499999999999997       -6.9730224303351792E-019
 ORDER OF G-VECTORS FROM RESTART FILE HAS CHANGED
 XK  -0.37500000000000000       0.12499999999999997       0.12500000000000000     
 XK  -0.37500000000000006       0.12500000000000003       0.25000000000000000     
 ORDER OF G-VECTORS FROM RESTART FILE HAS CHANGED
 XK  -0.37500000000000000       0.12499999999999997       0.37500000000000000     
 XK  -0.37500000000000000       0.12499999999999997      -0.50000000000000000     
 XK  -0.37500000000000000       0.25000000000000000       -1.4226438929331216E-017
 ORDER OF G-VECTORS FROM RESTART FILE HAS CHANGED
 XK  -0.37500000000000006       0.25000000000000006       0.12500000000000000     
 ORDER OF G-VECTORS FROM RESTART FILE HAS CHANGED
 XK  -0.37500000000000000       0.25000000000000000       0.25000000000000000     
 ORDER OF G-VECTORS FROM RESTART FILE HAS CHANGED
 XK  -0.37500000000000000       0.25000000000000000       0.37500000000000000     
 XK  -0.37500000000000006       0.25000000000000006      -0.49999999999999989     
 XK  -0.37500000000000006       0.37500000000000006        1.1979014976581502E-017
 XK  -0.37500000000000000       0.37500000000000000       0.12499999999999999     
 XK  -0.37500000000000000       0.37500000000000000       0.25000000000000000     
 XK  -0.37500000000000006       0.37500000000000006       0.37500000000000006     
 XK  -0.37500000000000000       0.37500000000000000       0.50000000000000000     
 XK  -0.37500000000000000      -0.50000000000000000       0.12499999999999999     
 XK  -0.37500000000000006      -0.50000000000000000       0.25000000000000006     
 XK  -0.37500000000000000      -0.49999999999999994       0.37499999999999994     
 XK  -0.37500000000000011      -0.37500000000000000       0.12500000000000003     
 XK  -0.37500000000000006      -0.37500000000000000       0.25000000000000006     
 XK  -0.37500000000000006      -0.37500000000000000       0.37500000000000006     
 XK  -0.37500000000000000      -0.24999999999999997       0.12499999999999997     
 XK  -0.37500000000000000      -0.24999999999999997       0.24999999999999997     
 XK  -0.37500000000000000      -0.24999999999999997       0.37500000000000000     
 XK  -0.37500000000000006      -0.12499999999999997       0.12499999999999997     
 XK  -0.37500000000000000      -0.12500000000000000       0.25000000000000000     
 ORDER OF G-VECTORS FROM RESTART FILE HAS CHANGED
 XK  -0.37500000000000000      -0.12500000000000000       0.37500000000000000     
 XK  -0.25000000000000000       -3.1002434194323918E-018  0.12500000000000000     
 XK  -0.25000000000000000       -3.1002434194323918E-018  0.25000000000000000     
 XK  -0.25000000000000006        2.4655332196196522E-017  0.37500000000000000     
 ORDER OF G-VECTORS FROM RESTART FILE HAS CHANGED
 XK  -0.25000000000000000       0.12500000000000000        1.5501217097161959E-018
 XK  -0.25000000000000000       0.12500000000000000       0.12500000000000000     
 XK  -0.25000000000000006       0.12500000000000003       0.25000000000000006     
 XK  -0.25000000000000000       0.12500000000000000       0.37500000000000000     
 ORDER OF G-VECTORS FROM RESTART FILE HAS CHANGED
 XK  -0.25000000000000000       0.12500000000000000      -0.50000000000000000     
 XK  -0.25000000000000000       0.25000000000000000        0.0000000000000000     
 XK  -0.25000000000000000       0.25000000000000000       0.12500000000000003     
 XK  -0.25000000000000000       0.25000000000000000       0.25000000000000000     
 XK  -0.25000000000000000       0.25000000000000000       0.37500000000000000     
 XK  -0.25000000000000006       0.25000000000000006       0.50000000000000000     
 XK  -0.25000000000000000       0.37500000000000000        2.6205453905912716E-017
 ORDER OF G-VECTORS FROM RESTART FILE HAS CHANGED
 XK  -0.25000000000000000       0.37500000000000000       0.12500000000000000     
 ORDER OF G-VECTORS FROM RESTART FILE HAS CHANGED
 XK  -0.25000000000000000       0.37500000000000000       0.25000000000000000     
 XK  -0.25000000000000006       0.37500000000000006       0.37500000000000006     
 XK  -0.25000000000000006       0.37500000000000006       0.49999999999999989     
 XK  -0.25000000000000000      -0.50000000000000000       0.12500000000000000     
 XK  -0.25000000000000006       0.50000000000000000       0.25000000000000006     
 XK  -0.25000000000000006       0.50000000000000000       0.37500000000000006     
 XK  -0.25000000000000000      -0.37499999999999994       0.12500000000000003     
 XK  -0.25000000000000000      -0.37500000000000000       0.25000000000000000     
 XK  -0.25000000000000000      -0.37500000000000000       0.37500000000000000     
 XK  -0.25000000000000000      -0.25000000000000000       0.12500000000000000     
 ORDER OF G-VECTORS FROM RESTART FILE HAS CHANGED
 XK  -0.25000000000000000      -0.25000000000000000       0.25000000000000000     
 XK  -0.25000000000000000      -0.25000000000000000       0.37500000000000000     
 ORDER OF G-VECTORS FROM RESTART FILE HAS CHANGED
 XK  -0.25000000000000000      -0.12500000000000003       0.12500000000000003     
 XK  -0.25000000000000000      -0.12500000000000003       0.25000000000000000     
 XK  -0.25000000000000000      -0.12500000000000003       0.37500000000000000     
 ORDER OF G-VECTORS FROM RESTART FILE HAS CHANGED
 XK  -0.12500000000000000       -1.5501217097161959E-018  0.12500000000000000     
 XK  -0.12500000000000000       -1.5501217097161959E-018  0.25000000000000000     
 XK  -0.12500000000000003        2.6205453905912716E-017  0.37500000000000000     
 ORDER OF G-VECTORS FROM RESTART FILE HAS CHANGED
 XK  -0.12500000000000000       0.12500000000000000        0.0000000000000000     
 XK  -0.12500000000000000       0.12500000000000000       0.12500000000000000     
 XK  -0.12500000000000003       0.12500000000000003       0.25000000000000000     
 XK  -0.12500000000000000       0.12500000000000000       0.37500000000000000     
 XK  -0.12499999999999997       0.12499999999999997       0.50000000000000000     
 XK  -0.12500000000000000       0.25000000000000000       -1.5501217097161959E-018
 XK  -0.12500000000000003       0.25000000000000006       0.12500000000000003     
 XK  -0.12500000000000000       0.25000000000000000       0.25000000000000000     
 ORDER OF G-VECTORS FROM RESTART FILE HAS CHANGED
 XK  -0.12500000000000000       0.25000000000000000       0.37500000000000000     
 XK  -0.12500000000000000       0.25000000000000000       0.50000000000000000     
 XK  -0.12500000000000000       0.37500000000000000        2.4655332196196522E-017
 ORDER OF G-VECTORS FROM RESTART FILE HAS CHANGED
 XK  -0.12500000000000000       0.37500000000000000       0.12500000000000000     
 XK  -0.12500000000000000       0.37500000000000000       0.25000000000000000     
 XK  -0.12500000000000003       0.37500000000000000       0.37500000000000011     
 XK  -0.12500000000000000       0.37500000000000000       0.50000000000000000     
 XK  -0.12499999999999997       0.50000000000000000       0.12499999999999997     
 XK  -0.12500000000000000       0.50000000000000000       0.25000000000000000     
 XK  -0.12500000000000000       0.50000000000000000       0.37500000000000000     
 XK  -0.12500000000000003      -0.37500000000000000       0.12500000000000003     
 XK  -0.12500000000000003      -0.37500000000000000       0.25000000000000000     
 XK  -0.12500000000000003      -0.37500000000000000       0.37500000000000000     
 XK  -0.12500000000000003      -0.25000000000000000       0.12500000000000003     
 XK  -0.12500000000000003      -0.25000000000000000       0.25000000000000000     
 XK  -0.12500000000000003      -0.25000000000000000       0.37500000000000000     
 ORDER OF G-VECTORS FROM RESTART FILE HAS CHANGED
 XK  -0.12500000000000000      -0.12500000000000000       0.12500000000000000     
 XK  -0.12500000000000000      -0.12500000000000000       0.25000000000000000     
 XK  -0.12500000000000000      -0.12500000000000000       0.37500000000000000     
READING: ENDOFFILE
 FERMI ENERGY AT   0.64326936805096468     
 LIB_FFTW: CREATE PLAN FOR: GTOR           1          10           4
 LIB_FFTW: CREATE PLAN FOR: RTOG          -1          10           5
 FERMI ENERGY AT   0.64126405818958154     
 CONSTANT ENERGY   -22.012861861186533        2.3869875523031117E-005
 FERMI ENERGY AT   0.64306823549575021     
 FERMI ENERGY AT   0.64145230798923591     
 CONSTANT ENERGY   -22.012926054793180        7.4172682067908969E-005
 FERMI ENERGY AT   0.64290612743406805     
 FERMI ENERGY AT   0.64173427594409838     
 CONSTANT ENERGY   -22.013035510129299        1.0933969071255279E-004
 FERMI ENERGY AT   0.64278852620971627     
 FERMI ENERGY AT   0.64205406443890456     
 CONSTANT ENERGY   -22.013159428471162        1.1321763943415886E-004
 FERMI ENERGY AT   0.64271474719275767     
 FERMI ENERGY AT   0.64237499146575705     
 CONSTANT ENERGY   -22.013270671304742        9.7567593762159648E-005
 FERMI ENERGY AT   0.64268049998902466     
 FERMI ENERGY AT   0.64267381442591376     
 CONSTANT ENERGY   -22.013357686808664        7.5371475439922831E-005
 FERMI ENERGY AT   0.64267959416921161     
 FERMI ENERGY AT   0.64293684479640334     
 CONSTANT ENERGY   -22.013420102284105        5.4473599841974897E-005
 FERMI ENERGY AT   0.64270513761192172     
 FERMI ENERGY AT   0.64315877449235381     
 CONSTANT ENERGY   -22.013462556654471        3.7983760938127347E-005
 FERMI ENERGY AT   0.64275036784263184     
 FERMI ENERGY AT   0.64333958454544715     
 CONSTANT ENERGY   -22.013490697599440        2.6195709378032724E-005
 FERMI ENERGY AT   0.64280917237729640     
 FERMI ENERGY AT   0.64348209950184299     
 CONSTANT ENERGY   -22.013509263471231        1.8219513444786494E-005
 FERMI ENERGY AT   0.64287619522929873     
 FERMI ENERGY AT   0.64358722086396103     
 CONSTANT ENERGY   -22.013521649357703        1.2943032152769733E-005
 FERMI ENERGY AT   0.64294738615405689     
 FERMI ENERGY AT   0.64367457206817702     
 CONSTANT ENERGY   -22.013529960054612        9.4409223586102666E-006
 FERMI ENERGY AT   0.64302005119849193     
 FERMI ENERGY AT   0.64373602363288329     
 CONSTANT ENERGY   -22.013535757496228        7.0685764394965563E-006
 FERMI ENERGY AT   0.64309160762703588     
 FERMI ENERGY AT   0.64378138990119260     
 CONSTANT ENERGY   -22.013539906695200        5.4191636352262188E-006
 FERMI ENERGY AT   0.64316055455075083     
 FERMI ENERGY AT   0.64381546978640136     
 CONSTANT ENERGY   -22.013542895053117        4.2437203106242259E-006
 FERMI ENERGY AT   0.64322602137601648     
 FERMI ENERGY AT   0.64384222481135622     
 CONSTANT ENERGY   -22.013545074010086        3.3900932460670666E-006
 FERMI ENERGY AT   0.64328771757865644     
 FERMI ENERGY AT   0.64386677484762445     
 CONSTANT ENERGY   -22.013546650264161        2.7620418309894483E-006
 FERMI ENERGY AT   0.64334550628362897     
 FERMI ENERGY AT   0.64388300378919683     
 CONSTANT ENERGY   -22.013547848565452        2.2964578717098984E-006
 FERMI ENERGY AT   0.64339923266306098     
 FERMI ENERGY AT   0.64390047705514086     
 CONSTANT ENERGY   -22.013548723313775        1.9500986568572918E-006
 FERMI ENERGY AT   0.64344935665873770     
 FERMI ENERGY AT   0.64391786610619228     
 CONSTANT ENERGY   -22.013549370118493        1.6918969873431593E-006
 FERMI ENERGY AT   0.64349619940323366     
 FERMI ENERGY AT   0.64393448328031455     
 CONSTANT ENERGY   -22.013549855567959        1.4993966864265048E-006
 FERMI ENERGY AT   0.64354002116392084     
 FERMI ENERGY AT   0.64395045832810682     
 CONSTANT ENERGY   -22.013550221611343        1.3559328622871573E-006
 FERMI ENERGY AT   0.64358095231715950     
 FERMI ENERGY AT   0.64396289528350648     
 CONSTANT ENERGY   -22.013550517895634        1.2491619325262817E-006
WRITING : HEADER
WRITING : TIMESTEP
WRITING : ATOMS
WRITING : CELL
WRITING : OCCUPATIONS
WRITING : WAVES
WRITING : ENDOFFILE
 FERMI ENERGY AT   0.64361923875644489     
 FERMI ENERGY AT   0.64397966905820070     
 CONSTANT ENERGY   -22.013550713008858        1.1697038006129395E-006
 FERMI ENERGY AT   0.64365527827045543     
 FERMI ENERGY AT   0.64399220309303129     
 CONSTANT ENERGY   -22.013550877276476        1.1107437028087637E-006
 FERMI ENERGY AT   0.64368896789984120     
 FERMI ENERGY AT   0.64400296468552831     
 CONSTANT ENERGY   -22.013551004782272        1.0676840264332339E-006
 FERMI ENERGY AT   0.64372036526058041     
 FERMI ENERGY AT   0.64401193380516608     
 CONSTANT ENERGY   -22.013551104472892        1.0371045783501499E-006
 FERMI ENERGY AT   0.64374952022926424     
 FERMI ENERGY AT   0.64401920993969597     
 CONSTANT ENERGY   -22.013551183071378        1.0165139967739292E-006
 FERMI ENERGY AT   0.64377648766399431     
 FERMI ENERGY AT   0.64402498249893725     
 CONSTANT ENERGY   -22.013551245670580        1.0040490863463255E-006
 FERMI ENERGY AT   0.64380150168658201     
 FERMI ENERGY AT   0.64403353657033025     
 CONSTANT ENERGY   -22.013551270391623        9.9816346947524178E-007
 FERMI ENERGY AT   0.64382455493860147     
 FERMI ENERGY AT   0.64403249223844805     
 CONSTANT ENERGY   -22.013551336990250        9.9791157865356562E-007
 FERMI ENERGY AT   0.64384547758617139     
 FERMI ENERGY AT   0.64403809517462873     
 CONSTANT ENERGY   -22.013551351635556        1.0024735969494601E-006
 FERMI ENERGY AT   0.64386456330912845     
 FERMI ENERGY AT   0.64403519802239528     
 CONSTANT ENERGY   -22.013551408827404        1.0111380943130304E-006
 FERMI ENERGY AT   0.64388167893111536     
 FERMI ENERGY AT   0.64403824271645460     
 CONSTANT ENERGY   -22.013551425202660        1.0233865698934339E-006
 FERMI ENERGY AT   0.64389735434632800     
 FERMI ENERGY AT   0.64404017878999642     
 CONSTANT ENERGY   -22.013551446979804        1.0385709635124606E-006
 FERMI ENERGY AT   0.64391163641182569     
 FERMI ENERGY AT   0.64404181798530347     
 CONSTANT ENERGY   -22.013551466103660        1.0563525797351113E-006
 FERMI ENERGY AT   0.64392465425828316     
 FERMI ENERGY AT   0.64404328230957508     
 CONSTANT ENERGY   -22.013551482942994        1.0764238652676849E-006
 FERMI ENERGY AT   0.64393651680839559     
Note: The following floating-point exceptions are signalling: IEEE_UNDERFLOW_FLAG IEEE_DENORMAL
STOP NORMAL STOP IN MPE__STOPALL
 FERMI ENERGY AT   0.64404448801114089     
 CONSTANT ENERGY   -22.013551497715618        1.0985606084853340E-006
WRITING : HEADER
WRITING : TIMESTEP
WRITING : ATOMS
WRITING : CELL
WRITING : OCCUPATIONS
WRITING : WAVES
WRITING : ENDOFFILE
 FERMI ENERGY AT   0.64394731371978686     
 FERMI ENERGY AT   0.64404536633555154     
 CONSTANT ENERGY   -22.013551510533137        1.1226131900359886E-006
NORMAL STOP: CALLING MPE__STOPALL TO CLOSE DOWN
