TRACE-PUSH(  1): LEVEL=    1 INTO MAIN
TRACE-MEM(  1): MAXMEM[MBYTE]=   0.00000 TIME20260907 131231.286
TRACE-PUSH(  1): LEVEL=    2 INTO PAW
TRACE-MEM(  1): MAXMEM[MBYTE]=   0.00000 TIME20260907 131231.289
TRACE-PUSH(  1): LEVEL=    3 INTO READIN
TRACE-MEM(  1): MAXMEM[MBYTE]=   0.00000 TIME20260907 131231.289
TRACE-PUSH(  1): LEVEL=    4 INTO READIN_FILES
TRACE-MEM(  1): MAXMEM[MBYTE]=   0.00000 TIME20260907 131231.290
TRACE-PUSH(  1): LEVEL=    5 INTO STANDARDFILES
TRACE-MEM(  1): MAXMEM[MBYTE]=   0.00000 TIME20260907 131231.290
TRACE-POP (  1): LEVEL=    5 FROM STANDARDFILES                   
TRACE-MEM(  1): MAXMEM[MBYTE]=   0.00000 TIME20260907 131231.290
TRACE-POP (  1): LEVEL=    4 FROM READIN_FILES                    
TRACE-MEM(  1): MAXMEM[MBYTE]=   0.00000 TIME20260907 131231.290
TRACE-PUSH(  1): LEVEL=    4 INTO READIN_GENERIC
TRACE-MEM(  1): MAXMEM[MBYTE]=   0.00000 TIME20260907 131231.290
 PAW_SETUPS.F90 A LAMBDA=   6.0000000000000000        6.0000000000000000        6.0000000000000000        6.0000000000000000     
================================================================================
===================  SETUP CONSTRUCTION FOR FE  ================================
================================================================================
 THIS%SETTING%SO= F
KEY: START,REL,NONSO,ZORA
RELATIVISTIC EFFECTS SWITCHED ON?     T
SPIN-ORBIT COUPLING SWITCHED ON?      F
ZORA SWITCHED ON?                     T
FOCK CONTRIBTION ON?                  F
START FROM SCRATCH?                    T
DOING SCF ITERATIONS FOR ATOM WITH Z=  26.00000
           1  AV(POT-POTIN)=   4.4229110866643060       MAX:(POT-POTIN)=   23977.764226356521                0 F
           2  AV(POT-POTIN)=   2.1600484783910665       MAX:(POT-POTIN)=   12959.745147272246                0 F
           3  AV(POT-POTIN)=   2.0666340552561890       MAX:(POT-POTIN)=   526.04687633272260                0 F
           4  AV(POT-POTIN)=   1.9569792805131856       MAX:(POT-POTIN)=   378.79662826168351                0 F
           5  AV(POT-POTIN)=  0.90795394534003371       MAX:(POT-POTIN)=   69.262384389992803                0 F
           6  AV(POT-POTIN)=  0.49872799753341124       MAX:(POT-POTIN)=   54.679951263125986                0 F
           7  AV(POT-POTIN)=   7.7256997375938954E-002  MAX:(POT-POTIN)=   21.526390051236376                0 F
           8  AV(POT-POTIN)=   2.4689031074649780E-002  MAX:(POT-POTIN)=   8.8337359088473022                0 F
           9  AV(POT-POTIN)=   1.8926523802576475E-002  MAX:(POT-POTIN)=   6.4941918936092407                0 F
          10  AV(POT-POTIN)=   1.0632900100832361E-002  MAX:(POT-POTIN)=  0.35845901235006750                0 F
          11  AV(POT-POTIN)=   4.4481552015931038E-003  MAX:(POT-POTIN)=  0.21074234205298126                0 F
          12  AV(POT-POTIN)=   2.5759199173337874E-003  MAX:(POT-POTIN)=   9.3759103678166866E-002           0 F
          13  AV(POT-POTIN)=   1.0516418828608518E-003  MAX:(POT-POTIN)=   3.3143575303256512E-002           0 F
          14  AV(POT-POTIN)=   2.7526588128831681E-004  MAX:(POT-POTIN)=   7.7363555319607258E-003           0 F
          15  AV(POT-POTIN)=   5.2737166264912103E-005  MAX:(POT-POTIN)=   1.8671241123229265E-003           0 F
          16  AV(POT-POTIN)=   2.7649631192073528E-005  MAX:(POT-POTIN)=   9.2230155132710934E-004           0 F
          17  AV(POT-POTIN)=   4.5073642394095216E-006  MAX:(POT-POTIN)=   1.1170059352301099E-004           0 F
          18  AV(POT-POTIN)=   1.3527087246045864E-006  MAX:(POT-POTIN)=   5.2534742280840874E-005           0 F
          19  AV(POT-POTIN)=   6.6616311351656304E-007  MAX:(POT-POTIN)=   2.5066547095775604E-005           0 F
          20  AV(POT-POTIN)=   8.3500821411180299E-008  MAX:(POT-POTIN)=   5.1846727728843689E-006           0 F
          21  AV(POT-POTIN)=   4.2123945836857964E-008  MAX:(POT-POTIN)=   2.3092143237590790E-006           0 F
          22  AV(POT-POTIN)=   3.4052004352599700E-008  MAX:(POT-POTIN)=   4.0053855627775192E-006           0 F
          23  AV(POT-POTIN)=   4.9770933243548328E-008  MAX:(POT-POTIN)=   2.6433262974023819E-006           0 F
          24  AV(POT-POTIN)=   1.0142446150072019E-008  MAX:(POT-POTIN)=   8.8592059910297394E-007           1 F
          25  AV(POT-POTIN)=   6.2015553248515351E-009  MAX:(POT-POTIN)=   3.9697624742984772E-007           0 F
          26  AV(POT-POTIN)=   1.0918051028208955E-008  MAX:(POT-POTIN)=   1.6328413039445877E-006           0 F
          27  AV(POT-POTIN)=   4.5513305818507632E-009  MAX:(POT-POTIN)=   8.2515180110931396E-007           1 F
          28  AV(POT-POTIN)=   7.5311301609672559E-009  MAX:(POT-POTIN)=   7.6717697083950043E-007           0 F
          29  AV(POT-POTIN)=   4.0945806266774970E-009  MAX:(POT-POTIN)=   4.5332126319408417E-007           1 F
          30  AV(POT-POTIN)=   8.4516452488533842E-009  MAX:(POT-POTIN)=   7.8976154327392578E-007           0 F
          31  AV(POT-POTIN)=   4.7134563831699025E-009  MAX:(POT-POTIN)=   4.9034133553504944E-007           1 F
          32  AV(POT-POTIN)=   5.2880338232326231E-009  MAX:(POT-POTIN)=   6.2678009271621704E-007           2 F
          33  AV(POT-POTIN)=   5.4245881494643427E-009  MAX:(POT-POTIN)=   5.8743171393871307E-007           3 F
          34  AV(POT-POTIN)=   6.6363069621310107E-009  MAX:(POT-POTIN)=   7.1851536631584167E-007           4 F
          35  AV(POT-POTIN)=   4.5680589748518206E-009  MAX:(POT-POTIN)=   5.2130781114101410E-007           5 F
===================ENERGY REPORT OF ATOMLIB__AESCF==============================
TOTAL ENERGY:................ -1277.33264409
KINETIC ENERGY:..............  1292.63376877
HARTREE ENERGY:.............. -2514.31011458
DFT XC ENERGY:...............     -55.656298
FINITE NUCLEUS:..............     0.00378772
.... CALCULATION USES FINITE NUCLEUS
.... DO NOT ADD FINITE NUCLEUS CORRECTION
... SELFCONSISTENCY OBTAINED
FINAL ONE-PARTICLE ENERGIES FROM AESCF  
  IB   L  SO         F#NODE                   E
   1   0   0      2.00    0            -259.355
   2   0   0      2.00    1             -30.160
   3   1   0      6.00    0             -25.694
   4   0   0      2.00    2              -3.455
   5   1   0      6.00    1              -2.206
   6   0   0      2.00    3              -0.194
   7   2   0      6.00    0              -0.276
 #ITERATIONS           36
========================================================
========= ALL-ELECTRON ATOM CALCULATION ================
========================================================
TOTAL ENERGY=            -1277.3326441
  IB   N   L  SO                   E         F#(REM. EL.
   1   1   0   0           -259.3549   2.00000  24.00000
   2   2   0   0            -30.1599   2.00000  22.00000
   3   2   1   0            -25.6942   6.00000  16.00000
   4   3   0   0             -3.4551   2.00000  14.00000
   5   3   1   0             -2.2061   6.00000   8.00000
--------- CORE ABOVE, VALENCE BELOW --------------------
   6   3   2   0             -0.2759   6.00000   2.00000
   7   4   0   0             -0.1944   2.00000   0.00000
========================================================
========================================================
 ISCATT=           0           0           0           1
 LOX=              0           1           2           2
 VFOCK%TON  F
=================== ENERGIES FOR ATOMIC WAVE FUNCTIONS =========================
=================== OLD: AE SCHRODINGER EQUATION           =====================
=================== NEW: NODELESS EQUATION                 =====================
=================== DIFFERENCE DUE TO RELATIVISTIC EFFECTS =====================
IB=  1 L= 0 E[NEW]=     -259.35488 E[OLD]=     -259.35488
IB=  2 L= 0 E[NEW]=      -30.15992 E[OLD]=      -30.15992
IB=  3 L= 1 E[NEW]=      -25.69417 E[OLD]=      -25.69417
IB=  4 L= 0 E[NEW]=       -3.45512 E[OLD]=       -3.45512
IB=  5 L= 1 E[NEW]=       -2.20615 E[OLD]=       -2.20615
IB=  6 L= 2 E[NEW]=       -0.27586 E[OLD]=       -0.27586
IB=  7 L= 0 E[NEW]=       -0.19441 E[OLD]=       -0.19441
=================== ENERGIES FOR PARTIAL-WAVE CONSTRUCTION======================
RBOX=  2.65318
LN= 1 L= 0 E=  -0.19441 RC= 1.658
LN= 2 L= 1 E=  -0.04840 RC= 1.658
LN= 3 L= 2 E=  -0.27586 RC= 1.658
LN= 4 L= 2 E=   1.09058 RC= 1.658
===================  TRANSU ====================================================
   1.0000000000   0.0000000000   0.0000000000   0.0000000000
   0.0000000000   1.0000000000   0.0000000000   0.0000000000
   0.0000000000   0.0000000000   1.0000000000   1.0000000000
   0.0000000000   0.0000000000   0.0000000000   1.3664370668
===================  TRANSU^(-1) ===============================================
   1.0000000000  -0.0000000000   0.0000000000  -0.0000000000
   0.0000000000   1.0000000000   0.0000000000  -0.0000000000
   0.0000000000   0.0000000000   1.0000000000  -0.7318302645
   0.0000000000   0.0000000000   0.0000000000   0.7318302645
===================  TEST QN EQ.  ==============================================
LN= 1 L= 0  [T+V-E_N]|QN>-|UC>=   0.000000000000000
LN= 2 L= 1  [T+V-E_N]|QN>-|UC>=   0.000000000000000
LN= 3 L= 2  [T+V-E_N]|QN>-|UC>=   0.000000000000035
LN= 4 L= 2  [T+V-E_N]|QN>-|UC>=   0.000000000000046
=================== <UC|AEPHI>/SQRT(<UC|UC>  ===================================
========= DEVIATION DUE NEGLECT OF SMALL COMPONENT==============================
========= ORTHOGONALIZATION DONE BASED ON ENERGIES==============================
   0.00000   0.00000   0.00000   0.00628   0.00000
   0.00000   0.00000   0.00000   0.00000   0.02152
   0.00000   0.00000   0.00000   0.00000   0.00000
   0.00000   0.00000   0.00000   0.00000   0.00000
===================  TEST AEPHI EQ.  ===========================================
LN= 1 L= 0  [T+V-E_N]|AEPHI_N> =   0.000000001395373
LN= 2 L= 1  [T+V-E_N]|AEPHI_N> =   0.000000000001329
LN= 3 L= 2  [T+V-E_N]|AEPHI_N> =   0.000000000000035
LN= 4 L= 2  [T+V-E_N]|AEPHI_N> =   0.000000000000046
 L            0  E= -0.19440826338748715      PHIPHASE BEFORE ADJUSTMENT=   0.65484077291420884     
 L            0  E= -0.19440826338748715      PHIPHASE AFTER ADJUSTMENT=   0.65484077291420884     
 L            1  E=  -4.8395753578059267E-002 PHIPHASE BEFORE ADJUSTMENT=   0.56767192126145649     
 L            1  E=  -4.8395753578059267E-002 PHIPHASE AFTER ADJUSTMENT=   0.56767192126145649     
 L            2  E= -0.27586146100824427      PHIPHASE BEFORE ADJUSTMENT=   0.77320924449347395     
 L            2  E= -0.27586146100824427      PHIPHASE AFTER ADJUSTMENT=   0.77320924449347395     
 L            2  E=   1.0905756057507390      PHIPHASE BEFORE ADJUSTMENT=    1.7880230051048260     
 L            2  E=   1.0905756057507390      PHIPHASE AFTER ADJUSTMENT=    1.7880230051048260     
===================  TEST RAW PAW EQUATION  ====================================
LN= 1 L= 0 RAW PAW EQ.   0.00000 SCHR. EQ.   0.00000
LN= 2 L= 1 RAW PAW EQ.   0.00000 SCHR. EQ.   0.00000
LN= 3 L= 2 RAW PAW EQ.   0.00000 SCHR. EQ.   0.00000
LN= 4 L= 2 RAW PAW EQ.   0.00000 SCHR. EQ.   0.00000
 VFOCK%TON   F
 RBND          2.6531751962925103     
DT    0.17607E+01 0.00000E+00 0.00000E+00 0.00000E+00
DT    0.00000E+00 0.13767E+01 0.00000E+00 0.00000E+00
DT    0.00000E+00 0.00000E+00 0.64553E+01 0.52380E+01
DT    0.00000E+00 0.00000E+00 0.52380E+01 0.30208E+01
DH    0.47749E+00 0.00000E+00 0.00000E+00 0.00000E+00
DH    0.00000E+00 0.18697E+00 0.00000E+00 0.00000E+00
DH    0.00000E+00 0.00000E+00-0.59581E+00-0.32444E+00
DH    0.00000E+00 0.00000E+00-0.32444E+00-0.16993E+01
DO   -0.14014E+00 0.00000E+00 0.00000E+00 0.00000E+00
DO    0.00000E+00-0.76795E-01 0.00000E+00 0.00000E+00
DO    0.00000E+00 0.00000E+00 0.64103E+00 0.23450E+00
DO    0.00000E+00 0.00000E+00 0.23450E+00 0.10989E+00
LN= 1 DTKIN-TRANSPOSE(DTKIN)=   0.00000   0.00000   0.00000   0.00000
LN= 2 DTKIN-TRANSPOSE(DTKIN)=   0.00000   0.00000   0.00000   0.00000
LN= 3 DTKIN-TRANSPOSE(DTKIN)=   0.00000   0.00000   0.00000   0.00000
LN= 4 DTKIN-TRANSPOSE(DTKIN)=   0.00000   0.00000  -0.00000   0.00000
LN= 1 <P|PSPHI>=   1.00000   0.00000   0.00000   0.00000
LN= 2 <P|PSPHI>=   0.00000   1.00000   0.00000   0.00000
LN= 3 <P|PSPHI>=   0.00000   0.00000   1.00000   0.00000
LN= 4 <P|PSPHI>=   0.00000   0.00000   0.00000   1.00000
===================  TEST PAW EQUATION  ========================================
LN= 1 L= 0 PAW EQ.             0.00000 SCHR. EQ.             0.00000 DPRO              0.00000
LN= 2 L= 1 PAW EQ.             0.00000 SCHR. EQ.             0.00000 DPRO              0.00000
LN= 3 L= 2 PAW EQ.             0.00000 SCHR. EQ.             0.00000 DPRO              0.00000
LN= 4 L= 2 PAW EQ.             0.00000 SCHR. EQ.             0.00000 DPRO              0.00000
 =================== L=           0  =================================
 BEFORE PAWBOUNDSTATE
 L=           0  NN=           0  E= -0.19440838419026857       NPRO=           1  ROUT=   19.716639202099568       IB=           7
  E= -0.19882701359291260     
 =================== L=           1  =================================
 =================== L=           2  =================================
 BEFORE PAWBOUNDSTATE
 L=           2  NN=           0  E= -0.27586146436247438       NPRO=           2  ROUT=   19.716639202099568       IB=           6
  E= -0.27586155108897881     
===================  STRAIGHT AE- AND PAW-ENERGY LEVELS ========================
IB= 6 L= 2 AE-ENERGY:  -7.50647 EV; PS-ENERGY:  -7.50647 EV
IB= 7 L= 0 AE-ENERGY:  -5.29005 EV; PS-ENERGY:  -5.41028 EV
 PSEUDO+AUGMENTATION CHARGE    1.1108414817494553E-014  (SHOULD BE ZERO)
===================  DTKIN BEFORE SYMMETRIZATION ===============================
       1.761       0.000       0.000       0.000
       0.000       1.377       0.000       0.000
       0.000       0.000       6.455       5.238
       0.000       0.000       5.238       3.021
===================  DO BEFORE SYMMETRIZATION ==================================
      -0.140       0.000       0.000       0.000
       0.000      -0.077       0.000       0.000
       0.000       0.000       0.641       0.234
       0.000       0.000       0.234       0.110
 LIB_FFTW: CREATE PLAN FOR: GTOR           1         500           0
 LIB_FFTW: CREATE PLAN FOR: RTOG          -1         500           1
L= 0 IB= 1 E(LOCAL)=  -1.02160 E(OUTER)=  -0.10245
L= 0 IB= 2 E(LOCAL)=  -0.06734 E(OUTER)=   0.01660
L= 0 IB= 3 E(LOCAL)=   0.02195 E(OUTER)=   0.07078
L= 0 IB= 4 E(LOCAL)=   0.08039 E(OUTER)=   0.16498
L= 1 IB= 1 E(LOCAL)=  -0.25764 E(OUTER)=  -0.01929
L= 1 IB= 2 E(LOCAL)=   0.00998 E(OUTER)=   0.03598
L= 1 IB= 3 E(LOCAL)=   0.05436 E(OUTER)=   0.10199
L= 1 IB= 4 E(LOCAL)=   0.13592 E(OUTER)=   0.19982
L= 2 IB= 1 E(LOCAL)=   0.03264 E(OUTER)=   0.03371
L= 2 IB= 2 E(LOCAL)=   0.07074 E(OUTER)=   0.07477
L= 2 IB= 3 E(LOCAL)=   0.14218 E(OUTER)=   0.15201
L= 2 IB= 4 E(LOCAL)=   0.23490 E(OUTER)=   0.25318
========= GHOSTBUSTER FOR=   FE Z=  26.0 =======================================
LN 1 L= 0 E(INNER)=  -0.05141 H
LN 2 L= 1 E(INNER)=   1.63279 H
LN 3 L= 2 E(INNER)=   3.37495 H
LN 4 L= 2 E(INNER)=   4.51374 H
 LIB_FFTW: CREATE PLAN FOR: GTOR           1        1024           2
 LIB_FFTW: CREATE PLAN FOR: RTOG          -1        1024           3
================================================================================
===================  SETUP CONSTRUCTION FINISHED  ==============================
================================================================================
NO. OF INEQUIVALENT K-POINTS   260
NUMBER OF DIFFERENT TETRAHEDRA : 1536
 DYNOCC__SETR8: SPIN HAS BEEN SET TO    0.0000000000000000     
READING RESTART FILE
CHECKING RESTART FILE: HEADER        0
CHECKING RESTART FILE: TIMESTEP      1
CHECKING RESTART FILE: ATOMS         4
CHECKING RESTART FILE: CELL          1
CHECKING RESTART FILE: OCCUPATION    6
CHECKING RESTART FILE: WAVES      8469
CHECKING RESTART FILE: ENDOFFILE     0
READING: HEADER
READING: TIMESTEP
READING: ATOMS
READING: CELL
READING: OCCUPATIONS
READING: WAVES
 XK    0.0000000000000000        0.0000000000000000        0.0000000000000000     
 ORDER OF G-VECTORS FROM RESTART FILE HAS CHANGED
 XK    1.3352872747528561E-018   1.3352872747528561E-018  0.12500000000000000     
 ORDER OF G-VECTORS FROM RESTART FILE HAS CHANGED
 XK    2.6705745495057122E-018   2.6705745495057122E-018  0.25000000000000000     
 ORDER OF G-VECTORS FROM RESTART FILE HAS CHANGED
 XK    4.0058618242585687E-018   4.0058618242585687E-018  0.37500000000000006     
 ORDER OF G-VECTORS FROM RESTART FILE HAS CHANGED
 XK   -5.3411490990114244E-018  -5.3411490990114244E-018  0.50000000000000000     
 ORDER OF G-VECTORS FROM RESTART FILE HAS CHANGED
 XK    1.5501217097161959E-018  0.12500000000000000       -1.5501217097161959E-018
 ORDER OF G-VECTORS FROM RESTART FILE HAS CHANGED
 XK    1.5501217097161959E-018  0.12500000000000000       0.12500000000000000     
 ORDER OF G-VECTORS FROM RESTART FILE HAS CHANGED
 XK   -2.6205453905912716E-017  0.12500000000000003       0.25000000000000000     
 ORDER OF G-VECTORS FROM RESTART FILE HAS CHANGED
 XK    1.5501217097161959E-018  0.12500000000000000       0.37500000000000000     
 ORDER OF G-VECTORS FROM RESTART FILE HAS CHANGED
 XK    2.9305697325345111E-017  0.12499999999999997       0.50000000000000000     
 ORDER OF G-VECTORS FROM RESTART FILE HAS CHANGED
 XK    3.1002434194323918E-018  0.25000000000000000       -3.1002434194323918E-018
 ORDER OF G-VECTORS FROM RESTART FILE HAS CHANGED
 XK   -2.4655332196196522E-017  0.25000000000000006       0.12500000000000000     
 ORDER OF G-VECTORS FROM RESTART FILE HAS CHANGED
 XK    3.1002434194323918E-018  0.25000000000000000       0.25000000000000000     
 ORDER OF G-VECTORS FROM RESTART FILE HAS CHANGED
 XK    3.0855819035061308E-017  0.24999999999999997       0.37500000000000000     
 ORDER OF G-VECTORS FROM RESTART FILE HAS CHANGED
 XK    3.1002434194323918E-018  0.25000000000000000       0.50000000000000000     
 ORDER OF G-VECTORS FROM RESTART FILE HAS CHANGED
 XK   -1.1126195509898824E-017  0.37500000000000006        1.1126195509898824E-017
 ORDER OF G-VECTORS FROM RESTART FILE HAS CHANGED
 XK    1.6629380105730090E-017  0.37500000000000000       0.12499999999999999     
 ORDER OF G-VECTORS FROM RESTART FILE HAS CHANGED
 XK    4.2284064280005223E-018  0.37500000000000000       0.25000000000000000     
 ORDER OF G-VECTORS FROM RESTART FILE HAS CHANGED
 XK    4.2284064280005223E-018  0.37500000000000000       0.37500000000000006     
 ORDER OF G-VECTORS FROM RESTART FILE HAS CHANGED
 XK    1.6629380105730090E-017  0.37500000000000000       0.50000000000000000     
 ORDER OF G-VECTORS FROM RESTART FILE HAS CHANGED
 XK   -6.2004868388647836E-018  0.50000000000000000        6.2004868388647836E-018
 ORDER OF G-VECTORS FROM RESTART FILE HAS CHANGED
 XK   -6.2004868388647836E-018  0.50000000000000000       0.12499999999999997     
 ORDER OF G-VECTORS FROM RESTART FILE HAS CHANGED
 XK   -6.2004868388647836E-018  0.50000000000000000       0.25000000000000000     
 ORDER OF G-VECTORS FROM RESTART FILE HAS CHANGED
 XK   -6.2004868388647836E-018  0.50000000000000000       0.37500000000000006     
 ORDER OF G-VECTORS FROM RESTART FILE HAS CHANGED
 XK   -6.2004868388647836E-018  0.50000000000000000      -0.50000000000000000     
 ORDER OF G-VECTORS FROM RESTART FILE HAS CHANGED
 XK    1.1126195509898824E-017 -0.37500000000000006       0.12499999999999999     
 ORDER OF G-VECTORS FROM RESTART FILE HAS CHANGED
 XK   -1.6629380105730090E-017 -0.37500000000000000       0.25000000000000000     
 ORDER OF G-VECTORS FROM RESTART FILE HAS CHANGED
 XK    1.1126195509898824E-017 -0.37500000000000006       0.37500000000000006     
 ORDER OF G-VECTORS FROM RESTART FILE HAS CHANGED
 XK   -3.1002434194323918E-018 -0.25000000000000000       0.12500000000000000     
 ORDER OF G-VECTORS FROM RESTART FILE HAS CHANGED
 XK   -3.1002434194323918E-018 -0.25000000000000000       0.25000000000000000     
 ORDER OF G-VECTORS FROM RESTART FILE HAS CHANGED
 XK    2.4655332196196522E-017 -0.25000000000000006       0.37500000000000000     
 ORDER OF G-VECTORS FROM RESTART FILE HAS CHANGED
 XK   -1.5501217097161959E-018 -0.12500000000000000       0.12500000000000000     
 ORDER OF G-VECTORS FROM RESTART FILE HAS CHANGED
 XK   -1.5501217097161959E-018 -0.12500000000000000       0.25000000000000000     
 ORDER OF G-VECTORS FROM RESTART FILE HAS CHANGED
 XK    2.6205453905912716E-017 -0.12500000000000003       0.37500000000000000     
 ORDER OF G-VECTORS FROM RESTART FILE HAS CHANGED
 XK   0.12500000000000000        1.5501217097161959E-018  -1.5501217097161959E-018
 ORDER OF G-VECTORS FROM RESTART FILE HAS CHANGED
 XK   0.12500000000000000        1.5501217097161959E-018  0.12500000000000000     
 ORDER OF G-VECTORS FROM RESTART FILE HAS CHANGED
 XK   0.12500000000000003       -2.6205453905912716E-017  0.25000000000000000     
 ORDER OF G-VECTORS FROM RESTART FILE HAS CHANGED
 XK   0.12500000000000000        1.5501217097161959E-018  0.37500000000000000     
 ORDER OF G-VECTORS FROM RESTART FILE HAS CHANGED
 XK   0.12499999999999997        2.9305697325345111E-017  0.50000000000000000     
 ORDER OF G-VECTORS FROM RESTART FILE HAS CHANGED
 XK   0.12500000000000000       0.12500000000000000       -3.1002434194323918E-018
 ORDER OF G-VECTORS FROM RESTART FILE HAS CHANGED
 XK   0.12500000000000000       0.12500000000000000       0.12500000000000000     
 ORDER OF G-VECTORS FROM RESTART FILE HAS CHANGED
 XK   0.12500000000000000       0.12500000000000000       0.25000000000000006     
 ORDER OF G-VECTORS FROM RESTART FILE HAS CHANGED
 XK   0.12500000000000000       0.12500000000000000       0.37500000000000000     
 ORDER OF G-VECTORS FROM RESTART FILE HAS CHANGED
 XK   0.12500000000000000       0.12500000000000000       0.49999999999999989     
 ORDER OF G-VECTORS FROM RESTART FILE HAS CHANGED
 XK   0.12500000000000003       0.25000000000000000       -1.6629380105730090E-017
 ORDER OF G-VECTORS FROM RESTART FILE HAS CHANGED
 XK   0.12499999999999999       0.25000000000000006       0.12499999999999999     
 ORDER OF G-VECTORS FROM RESTART FILE HAS CHANGED
 XK   0.12500000000000006       0.25000000000000000       0.24999999999999997     
 ORDER OF G-VECTORS FROM RESTART FILE HAS CHANGED
 XK   0.12500000000000006       0.25000000000000000       0.37500000000000000     
 ORDER OF G-VECTORS FROM RESTART FILE HAS CHANGED
 XK   0.12499999999999999       0.25000000000000006       0.50000000000000000     
 ORDER OF G-VECTORS FROM RESTART FILE HAS CHANGED
 XK   0.12500000000000000       0.37500000000000000       -6.2004868388647836E-018
 ORDER OF G-VECTORS FROM RESTART FILE HAS CHANGED
 XK   0.12500000000000000       0.37500000000000000       0.12500000000000003     
 ORDER OF G-VECTORS FROM RESTART FILE HAS CHANGED
 XK   0.12500000000000000       0.37500000000000000       0.25000000000000006     
 ORDER OF G-VECTORS FROM RESTART FILE HAS CHANGED
 XK   0.12500000000000000       0.37500000000000000       0.37500000000000006     
 ORDER OF G-VECTORS FROM RESTART FILE HAS CHANGED
 XK   0.12500000000000000       0.37500000000000000       0.49999999999999989     
 ORDER OF G-VECTORS FROM RESTART FILE HAS CHANGED
 XK   0.12499999999999999       0.50000000000000000        1.6629380105730090E-017
 ORDER OF G-VECTORS FROM RESTART FILE HAS CHANGED
 XK   0.12499999999999999       0.50000000000000000       0.12499999999999999     
 ORDER OF G-VECTORS FROM RESTART FILE HAS CHANGED
 XK   0.12499999999999999       0.50000000000000000       0.25000000000000006     
 ORDER OF G-VECTORS FROM RESTART FILE HAS CHANGED
 XK   0.12499999999999999       0.50000000000000000       0.37500000000000000     
 ORDER OF G-VECTORS FROM RESTART FILE HAS CHANGED
 XK   0.12499999999999999       0.50000000000000000      -0.50000000000000000     
 ORDER OF G-VECTORS FROM RESTART FILE HAS CHANGED
 XK   0.12500000000000000      -0.37500000000000000       0.12499999999999997     
 ORDER OF G-VECTORS FROM RESTART FILE HAS CHANGED
 XK   0.12500000000000006      -0.37500000000000006       0.25000000000000000     
 ORDER OF G-VECTORS FROM RESTART FILE HAS CHANGED
 XK   0.12500000000000000      -0.37500000000000000       0.37500000000000000     
 ORDER OF G-VECTORS FROM RESTART FILE HAS CHANGED
 XK   0.12500000000000000      -0.25000000000000000       0.12500000000000000     
 ORDER OF G-VECTORS FROM RESTART FILE HAS CHANGED
 XK   0.12500000000000003      -0.25000000000000006       0.25000000000000006     
 ORDER OF G-VECTORS FROM RESTART FILE HAS CHANGED
 XK   0.12500000000000000      -0.25000000000000000       0.37500000000000000     
 ORDER OF G-VECTORS FROM RESTART FILE HAS CHANGED
 XK   0.12500000000000000      -0.12500000000000000       0.12500000000000000     
 ORDER OF G-VECTORS FROM RESTART FILE HAS CHANGED
 XK   0.12500000000000003      -0.12500000000000003       0.25000000000000000     
 ORDER OF G-VECTORS FROM RESTART FILE HAS CHANGED
 XK   0.12500000000000000      -0.12500000000000000       0.37500000000000000     
 ORDER OF G-VECTORS FROM RESTART FILE HAS CHANGED
 XK   0.25000000000000000        3.1002434194323918E-018  -3.1002434194323918E-018
 ORDER OF G-VECTORS FROM RESTART FILE HAS CHANGED
 XK   0.25000000000000006       -2.4655332196196522E-017  0.12500000000000000     
 ORDER OF G-VECTORS FROM RESTART FILE HAS CHANGED
 XK   0.25000000000000000        3.1002434194323918E-018  0.25000000000000000     
 ORDER OF G-VECTORS FROM RESTART FILE HAS CHANGED
 XK   0.24999999999999997        3.0855819035061308E-017  0.37500000000000000     
 ORDER OF G-VECTORS FROM RESTART FILE HAS CHANGED
 XK   0.25000000000000000        3.1002434194323918E-018  0.50000000000000000     
 ORDER OF G-VECTORS FROM RESTART FILE HAS CHANGED
 XK   0.25000000000000000       0.12500000000000003       -1.6629380105730090E-017
 ORDER OF G-VECTORS FROM RESTART FILE HAS CHANGED
 XK   0.25000000000000006       0.12499999999999999       0.12499999999999999     
 ORDER OF G-VECTORS FROM RESTART FILE HAS CHANGED
 XK   0.25000000000000000       0.12500000000000006       0.24999999999999997     
 ORDER OF G-VECTORS FROM RESTART FILE HAS CHANGED
 XK   0.25000000000000000       0.12500000000000006       0.37500000000000000     
 ORDER OF G-VECTORS FROM RESTART FILE HAS CHANGED
 XK   0.25000000000000006       0.12499999999999999       0.50000000000000000     
 ORDER OF G-VECTORS FROM RESTART FILE HAS CHANGED
 XK   0.25000000000000000       0.25000000000000000       -6.2004868388647836E-018
 ORDER OF G-VECTORS FROM RESTART FILE HAS CHANGED
 XK   0.25000000000000000       0.25000000000000000       0.12500000000000006     
 ORDER OF G-VECTORS FROM RESTART FILE HAS CHANGED
 XK   0.25000000000000000       0.24999999999999994       0.25000000000000000     
 ORDER OF G-VECTORS FROM RESTART FILE HAS CHANGED
 XK   0.25000000000000000       0.25000000000000000       0.37499999999999989     
 ORDER OF G-VECTORS FROM RESTART FILE HAS CHANGED
 XK   0.25000000000000000       0.25000000000000000       0.50000000000000000     
 ORDER OF G-VECTORS FROM RESTART FILE HAS CHANGED
 XK   0.24999999999999997       0.37500000000000000        1.6629380105730090E-017
 ORDER OF G-VECTORS FROM RESTART FILE HAS CHANGED
 XK   0.24999999999999997       0.37500000000000000       0.12500000000000006     
 ORDER OF G-VECTORS FROM RESTART FILE HAS CHANGED
 XK   0.24999999999999997       0.37500000000000000       0.25000000000000000     
 ORDER OF G-VECTORS FROM RESTART FILE HAS CHANGED
 XK   0.24999999999999997       0.37500000000000000       0.37500000000000006     
 ORDER OF G-VECTORS FROM RESTART FILE HAS CHANGED
 XK   0.25000000000000000       0.37500000000000000       0.50000000000000000     
 ORDER OF G-VECTORS FROM RESTART FILE HAS CHANGED
 XK   0.25000000000000000       0.50000000000000000        3.1002434194323918E-018
 ORDER OF G-VECTORS FROM RESTART FILE HAS CHANGED
 XK   0.25000000000000006       0.49999999999999989       0.12500000000000000     
 ORDER OF G-VECTORS FROM RESTART FILE HAS CHANGED
 XK   0.25000000000000000       0.50000000000000000       0.25000000000000000     
 ORDER OF G-VECTORS FROM RESTART FILE HAS CHANGED
 XK   0.25000000000000000       0.50000000000000000       0.37500000000000000     
 ORDER OF G-VECTORS FROM RESTART FILE HAS CHANGED
 XK   0.25000000000000006       0.49999999999999989      -0.49999999999999989     
 ORDER OF G-VECTORS FROM RESTART FILE HAS CHANGED
 XK   0.25000000000000006      -0.37500000000000006       0.12500000000000000     
 ORDER OF G-VECTORS FROM RESTART FILE HAS CHANGED
 XK   0.25000000000000000      -0.37500000000000000       0.25000000000000000     
 ORDER OF G-VECTORS FROM RESTART FILE HAS CHANGED
 XK   0.25000000000000000      -0.37500000000000000       0.37500000000000000     
 ORDER OF G-VECTORS FROM RESTART FILE HAS CHANGED
 XK   0.25000000000000000      -0.25000000000000000       0.12500000000000003     
 ORDER OF G-VECTORS FROM RESTART FILE HAS CHANGED
 XK   0.25000000000000000      -0.25000000000000000       0.25000000000000000     
 ORDER OF G-VECTORS FROM RESTART FILE HAS CHANGED
 XK   0.25000000000000000      -0.25000000000000000       0.37500000000000000     
 ORDER OF G-VECTORS FROM RESTART FILE HAS CHANGED
 XK   0.25000000000000006      -0.12500000000000003       0.12500000000000003     
 ORDER OF G-VECTORS FROM RESTART FILE HAS CHANGED
 XK   0.25000000000000000      -0.12500000000000000       0.25000000000000000     
 ORDER OF G-VECTORS FROM RESTART FILE HAS CHANGED
 XK   0.25000000000000000      -0.12500000000000000       0.37500000000000000     
 ORDER OF G-VECTORS FROM RESTART FILE HAS CHANGED
 XK   0.37500000000000006       -1.1126195509898824E-017   1.1126195509898824E-017
 ORDER OF G-VECTORS FROM RESTART FILE HAS CHANGED
 XK   0.37500000000000000        1.6629380105730090E-017  0.12499999999999999     
 ORDER OF G-VECTORS FROM RESTART FILE HAS CHANGED
 XK   0.37500000000000000        4.2284064280005223E-018  0.25000000000000000     
 ORDER OF G-VECTORS FROM RESTART FILE HAS CHANGED
 XK   0.37500000000000000        4.2284064280005223E-018  0.37500000000000006     
 ORDER OF G-VECTORS FROM RESTART FILE HAS CHANGED
 XK   0.37500000000000000        1.6629380105730090E-017  0.50000000000000000     
 ORDER OF G-VECTORS FROM RESTART FILE HAS CHANGED
 XK   0.37500000000000006       0.12499999999999997       -6.2004868388647836E-018
 ORDER OF G-VECTORS FROM RESTART FILE HAS CHANGED
 XK   0.37500000000000000       0.12500000000000000       0.12500000000000003     
 ORDER OF G-VECTORS FROM RESTART FILE HAS CHANGED
 XK   0.37500000000000000       0.12500000000000000       0.25000000000000006     
 ORDER OF G-VECTORS FROM RESTART FILE HAS CHANGED
 XK   0.37500000000000000       0.12500000000000000       0.37500000000000006     
 ORDER OF G-VECTORS FROM RESTART FILE HAS CHANGED
 XK   0.37500000000000006       0.12499999999999994       0.50000000000000000     
 ORDER OF G-VECTORS FROM RESTART FILE HAS CHANGED
 XK   0.37500000000000000       0.25000000000000000       -7.3286498474329142E-018
 ORDER OF G-VECTORS FROM RESTART FILE HAS CHANGED
 XK   0.37500000000000000       0.25000000000000000       0.12500000000000003     
 ORDER OF G-VECTORS FROM RESTART FILE HAS CHANGED
 XK   0.37500000000000000       0.25000000000000000       0.25000000000000000     
 ORDER OF G-VECTORS FROM RESTART FILE HAS CHANGED
 XK   0.37500000000000000       0.25000000000000000       0.37500000000000000     
 ORDER OF G-VECTORS FROM RESTART FILE HAS CHANGED
 XK   0.37500000000000000       0.24999999999999997       0.50000000000000000     
 ORDER OF G-VECTORS FROM RESTART FILE HAS CHANGED
 XK   0.37500000000000000       0.37500000000000000        6.8977890818983016E-018
 ORDER OF G-VECTORS FROM RESTART FILE HAS CHANGED
 XK   0.37500000000000000       0.37500000000000000       0.12499999999999997     
 ORDER OF G-VECTORS FROM RESTART FILE HAS CHANGED
 XK   0.37500000000000000       0.37500000000000000       0.24999999999999997     
 ORDER OF G-VECTORS FROM RESTART FILE HAS CHANGED
 XK   0.37500000000000000       0.37500000000000000       0.37500000000000011     
 ORDER OF G-VECTORS FROM RESTART FILE HAS CHANGED
 XK   0.37500000000000006       0.37500000000000000       0.50000000000000000     
 ORDER OF G-VECTORS FROM RESTART FILE HAS CHANGED
 XK   0.37500000000000000       0.50000000000000000        1.7326682348763608E-017
 ORDER OF G-VECTORS FROM RESTART FILE HAS CHANGED
 XK   0.37500000000000000       0.50000000000000000       0.12499999999999996     
 ORDER OF G-VECTORS FROM RESTART FILE HAS CHANGED
 XK   0.37500000000000000       0.50000000000000000       0.25000000000000000     
 ORDER OF G-VECTORS FROM RESTART FILE HAS CHANGED
 XK   0.37500000000000006       0.50000000000000000       0.37500000000000006     
 ORDER OF G-VECTORS FROM RESTART FILE HAS CHANGED
 XK   0.37500000000000000       0.50000000000000000      -0.50000000000000000     
 ORDER OF G-VECTORS FROM RESTART FILE HAS CHANGED
 XK   0.37500000000000000      -0.37500000000000000       0.12499999999999996     
 ORDER OF G-VECTORS FROM RESTART FILE HAS CHANGED
 XK   0.37500000000000000      -0.37500000000000000       0.24999999999999997     
 ORDER OF G-VECTORS FROM RESTART FILE HAS CHANGED
 XK   0.37500000000000006      -0.37500000000000006       0.37500000000000006     
 ORDER OF G-VECTORS FROM RESTART FILE HAS CHANGED
 XK   0.37500000000000000      -0.25000000000000000       0.12499999999999999     
 ORDER OF G-VECTORS FROM RESTART FILE HAS CHANGED
 XK   0.37500000000000000      -0.25000000000000000       0.25000000000000000     
 ORDER OF G-VECTORS FROM RESTART FILE HAS CHANGED
 XK   0.37500000000000006      -0.25000000000000006       0.37500000000000006     
 ORDER OF G-VECTORS FROM RESTART FILE HAS CHANGED
 XK   0.37500000000000000      -0.12499999999999997       0.12499999999999997     
 ORDER OF G-VECTORS FROM RESTART FILE HAS CHANGED
 XK   0.37500000000000000      -0.12499999999999997       0.24999999999999997     
 ORDER OF G-VECTORS FROM RESTART FILE HAS CHANGED
 XK   0.37500000000000000      -0.12499999999999999       0.37500000000000006     
 ORDER OF G-VECTORS FROM RESTART FILE HAS CHANGED
 XK   0.50000000000000000       -6.2004868388647836E-018   6.2004868388647836E-018
 ORDER OF G-VECTORS FROM RESTART FILE HAS CHANGED
 XK   0.50000000000000000       -6.2004868388647836E-018  0.12499999999999997     
 ORDER OF G-VECTORS FROM RESTART FILE HAS CHANGED
 XK   0.50000000000000000       -6.2004868388647836E-018  0.25000000000000000     
 ORDER OF G-VECTORS FROM RESTART FILE HAS CHANGED
 XK   0.50000000000000000       -6.2004868388647836E-018  0.37500000000000006     
 ORDER OF G-VECTORS FROM RESTART FILE HAS CHANGED
 XK   0.50000000000000000       -6.2004868388647836E-018 -0.50000000000000000     
 ORDER OF G-VECTORS FROM RESTART FILE HAS CHANGED
 XK   0.50000000000000000       0.12499999999999999        1.6629380105730090E-017
 ORDER OF G-VECTORS FROM RESTART FILE HAS CHANGED
 XK   0.50000000000000000       0.12499999999999999       0.12499999999999999     
 ORDER OF G-VECTORS FROM RESTART FILE HAS CHANGED
 XK   0.50000000000000000       0.12499999999999999       0.25000000000000006     
 ORDER OF G-VECTORS FROM RESTART FILE HAS CHANGED
 XK   0.50000000000000000       0.12499999999999999       0.37500000000000000     
 ORDER OF G-VECTORS FROM RESTART FILE HAS CHANGED
 XK   0.50000000000000000       0.12499999999999999      -0.50000000000000000     
 ORDER OF G-VECTORS FROM RESTART FILE HAS CHANGED
 XK   0.50000000000000000       0.25000000000000000        3.1002434194323918E-018
 ORDER OF G-VECTORS FROM RESTART FILE HAS CHANGED
 XK   0.49999999999999989       0.25000000000000006       0.12500000000000000     
 ORDER OF G-VECTORS FROM RESTART FILE HAS CHANGED
 XK   0.50000000000000000       0.25000000000000000       0.25000000000000000     
 ORDER OF G-VECTORS FROM RESTART FILE HAS CHANGED
 XK   0.50000000000000000       0.25000000000000000       0.37500000000000000     
 ORDER OF G-VECTORS FROM RESTART FILE HAS CHANGED
 XK   0.49999999999999989       0.25000000000000006      -0.49999999999999989     
 ORDER OF G-VECTORS FROM RESTART FILE HAS CHANGED
 XK   0.50000000000000000       0.37500000000000000        2.9305697325345111E-017
 ORDER OF G-VECTORS FROM RESTART FILE HAS CHANGED
 XK   0.50000000000000000       0.37500000000000000       0.12499999999999997     
 ORDER OF G-VECTORS FROM RESTART FILE HAS CHANGED
 XK   0.50000000000000000       0.37500000000000000       0.25000000000000000     
 ORDER OF G-VECTORS FROM RESTART FILE HAS CHANGED
 XK   0.49999999999999989       0.37500000000000006       0.37500000000000006     
 ORDER OF G-VECTORS FROM RESTART FILE HAS CHANGED
 XK   0.50000000000000000       0.37500000000000000      -0.50000000000000000     
 ORDER OF G-VECTORS FROM RESTART FILE HAS CHANGED
 XK   0.50000000000000000      -0.50000000000000000        0.0000000000000000     
 ORDER OF G-VECTORS FROM RESTART FILE HAS CHANGED
 XK   0.50000000000000000      -0.50000000000000000       0.12499999999999997     
 ORDER OF G-VECTORS FROM RESTART FILE HAS CHANGED
 XK   0.50000000000000000      -0.50000000000000000       0.25000000000000006     
 ORDER OF G-VECTORS FROM RESTART FILE HAS CHANGED
 XK   0.50000000000000000      -0.50000000000000000       0.37500000000000000     
 ORDER OF G-VECTORS FROM RESTART FILE HAS CHANGED
 XK   0.50000000000000000       0.50000000000000000      -0.50000000000000000     
 ORDER OF G-VECTORS FROM RESTART FILE HAS CHANGED
 XK  -0.50000000000000000      -0.37500000000000000       0.12499999999999997     
 ORDER OF G-VECTORS FROM RESTART FILE HAS CHANGED
 XK  -0.49999999999999989      -0.37500000000000006       0.25000000000000006     
 ORDER OF G-VECTORS FROM RESTART FILE HAS CHANGED
 XK   0.50000000000000000      -0.37499999999999994       0.37500000000000000     
 ORDER OF G-VECTORS FROM RESTART FILE HAS CHANGED
 XK  -0.50000000000000000      -0.25000000000000000       0.12500000000000000     
 ORDER OF G-VECTORS FROM RESTART FILE HAS CHANGED
 XK   0.50000000000000000      -0.25000000000000006       0.25000000000000006     
 ORDER OF G-VECTORS FROM RESTART FILE HAS CHANGED
 XK   0.50000000000000000      -0.25000000000000006       0.37500000000000006     
 ORDER OF G-VECTORS FROM RESTART FILE HAS CHANGED
 XK   0.50000000000000000      -0.12499999999999997       0.12499999999999997     
 ORDER OF G-VECTORS FROM RESTART FILE HAS CHANGED
 XK   0.50000000000000000      -0.12500000000000000       0.25000000000000000     
 ORDER OF G-VECTORS FROM RESTART FILE HAS CHANGED
 XK   0.50000000000000000      -0.12500000000000000       0.37500000000000000     
 ORDER OF G-VECTORS FROM RESTART FILE HAS CHANGED
 XK  -0.37500000000000006        1.1126195509898824E-017  0.12499999999999999     
 ORDER OF G-VECTORS FROM RESTART FILE HAS CHANGED
 XK  -0.37500000000000000       -1.6629380105730090E-017  0.25000000000000000     
 ORDER OF G-VECTORS FROM RESTART FILE HAS CHANGED
 XK  -0.37500000000000006        1.1126195509898824E-017  0.37500000000000006     
 ORDER OF G-VECTORS FROM RESTART FILE HAS CHANGED
 XK  -0.37500000000000000       0.12499999999999997       -6.9730224303351792E-019
 ORDER OF G-VECTORS FROM RESTART FILE HAS CHANGED
 XK  -0.37500000000000000       0.12499999999999997       0.12500000000000000     
 ORDER OF G-VECTORS FROM RESTART FILE HAS CHANGED
 XK  -0.37500000000000006       0.12500000000000003       0.25000000000000000     
 ORDER OF G-VECTORS FROM RESTART FILE HAS CHANGED
 XK  -0.37500000000000000       0.12499999999999997       0.37500000000000000     
 ORDER OF G-VECTORS FROM RESTART FILE HAS CHANGED
 XK  -0.37500000000000000       0.12499999999999997      -0.50000000000000000     
 ORDER OF G-VECTORS FROM RESTART FILE HAS CHANGED
 XK  -0.37500000000000000       0.25000000000000000       -1.4226438929331216E-017
 ORDER OF G-VECTORS FROM RESTART FILE HAS CHANGED
 XK  -0.37500000000000006       0.25000000000000006       0.12500000000000000     
 ORDER OF G-VECTORS FROM RESTART FILE HAS CHANGED
 XK  -0.37500000000000000       0.25000000000000000       0.25000000000000000     
 ORDER OF G-VECTORS FROM RESTART FILE HAS CHANGED
 XK  -0.37500000000000000       0.25000000000000000       0.37500000000000000     
 ORDER OF G-VECTORS FROM RESTART FILE HAS CHANGED
 XK  -0.37500000000000006       0.25000000000000006      -0.49999999999999989     
 ORDER OF G-VECTORS FROM RESTART FILE HAS CHANGED
 XK  -0.37500000000000006       0.37500000000000006        1.1979014976581502E-017
 ORDER OF G-VECTORS FROM RESTART FILE HAS CHANGED
 XK  -0.37500000000000000       0.37500000000000000       0.12499999999999999     
 ORDER OF G-VECTORS FROM RESTART FILE HAS CHANGED
 XK  -0.37500000000000000       0.37500000000000000       0.25000000000000000     
 ORDER OF G-VECTORS FROM RESTART FILE HAS CHANGED
 XK  -0.37500000000000006       0.37500000000000006       0.37500000000000006     
 ORDER OF G-VECTORS FROM RESTART FILE HAS CHANGED
 XK  -0.37500000000000000       0.37500000000000000       0.50000000000000000     
 ORDER OF G-VECTORS FROM RESTART FILE HAS CHANGED
 XK  -0.37500000000000000      -0.50000000000000000       0.12499999999999999     
 ORDER OF G-VECTORS FROM RESTART FILE HAS CHANGED
 XK  -0.37500000000000006      -0.50000000000000000       0.25000000000000006     
 ORDER OF G-VECTORS FROM RESTART FILE HAS CHANGED
 XK  -0.37500000000000000      -0.49999999999999994       0.37499999999999994     
 ORDER OF G-VECTORS FROM RESTART FILE HAS CHANGED
 XK  -0.37500000000000011      -0.37500000000000000       0.12500000000000003     
 ORDER OF G-VECTORS FROM RESTART FILE HAS CHANGED
 XK  -0.37500000000000006      -0.37500000000000000       0.25000000000000006     
 ORDER OF G-VECTORS FROM RESTART FILE HAS CHANGED
 XK  -0.37500000000000006      -0.37500000000000000       0.37500000000000006     
 ORDER OF G-VECTORS FROM RESTART FILE HAS CHANGED
 XK  -0.37500000000000000      -0.24999999999999997       0.12499999999999997     
 ORDER OF G-VECTORS FROM RESTART FILE HAS CHANGED
 XK  -0.37500000000000000      -0.24999999999999997       0.24999999999999997     
 ORDER OF G-VECTORS FROM RESTART FILE HAS CHANGED
 XK  -0.37500000000000000      -0.24999999999999997       0.37500000000000000     
 ORDER OF G-VECTORS FROM RESTART FILE HAS CHANGED
 XK  -0.37500000000000006      -0.12499999999999997       0.12499999999999997     
 ORDER OF G-VECTORS FROM RESTART FILE HAS CHANGED
 XK  -0.37500000000000000      -0.12500000000000000       0.25000000000000000     
 ORDER OF G-VECTORS FROM RESTART FILE HAS CHANGED
 XK  -0.37500000000000000      -0.12500000000000000       0.37500000000000000     
 ORDER OF G-VECTORS FROM RESTART FILE HAS CHANGED
 XK  -0.25000000000000000       -3.1002434194323918E-018  0.12500000000000000     
 ORDER OF G-VECTORS FROM RESTART FILE HAS CHANGED
 XK  -0.25000000000000000       -3.1002434194323918E-018  0.25000000000000000     
 ORDER OF G-VECTORS FROM RESTART FILE HAS CHANGED
 XK  -0.25000000000000006        2.4655332196196522E-017  0.37500000000000000     
 ORDER OF G-VECTORS FROM RESTART FILE HAS CHANGED
 XK  -0.25000000000000000       0.12500000000000000        1.5501217097161959E-018
 ORDER OF G-VECTORS FROM RESTART FILE HAS CHANGED
 XK  -0.25000000000000000       0.12500000000000000       0.12500000000000000     
 ORDER OF G-VECTORS FROM RESTART FILE HAS CHANGED
 XK  -0.25000000000000006       0.12500000000000003       0.25000000000000006     
 ORDER OF G-VECTORS FROM RESTART FILE HAS CHANGED
 XK  -0.25000000000000000       0.12500000000000000       0.37500000000000000     
 ORDER OF G-VECTORS FROM RESTART FILE HAS CHANGED
 XK  -0.25000000000000000       0.12500000000000000      -0.50000000000000000     
 ORDER OF G-VECTORS FROM RESTART FILE HAS CHANGED
 XK  -0.25000000000000000       0.25000000000000000        0.0000000000000000     
 ORDER OF G-VECTORS FROM RESTART FILE HAS CHANGED
 XK  -0.25000000000000000       0.25000000000000000       0.12500000000000003     
 ORDER OF G-VECTORS FROM RESTART FILE HAS CHANGED
 XK  -0.25000000000000000       0.25000000000000000       0.25000000000000000     
 ORDER OF G-VECTORS FROM RESTART FILE HAS CHANGED
 XK  -0.25000000000000000       0.25000000000000000       0.37500000000000000     
 ORDER OF G-VECTORS FROM RESTART FILE HAS CHANGED
 XK  -0.25000000000000006       0.25000000000000006       0.50000000000000000     
 ORDER OF G-VECTORS FROM RESTART FILE HAS CHANGED
 XK  -0.25000000000000000       0.37500000000000000        2.6205453905912716E-017
 ORDER OF G-VECTORS FROM RESTART FILE HAS CHANGED
 XK  -0.25000000000000000       0.37500000000000000       0.12500000000000000     
 ORDER OF G-VECTORS FROM RESTART FILE HAS CHANGED
 XK  -0.25000000000000000       0.37500000000000000       0.25000000000000000     
 ORDER OF G-VECTORS FROM RESTART FILE HAS CHANGED
 XK  -0.25000000000000006       0.37500000000000006       0.37500000000000006     
 ORDER OF G-VECTORS FROM RESTART FILE HAS CHANGED
 XK  -0.25000000000000006       0.37500000000000006       0.49999999999999989     
 ORDER OF G-VECTORS FROM RESTART FILE HAS CHANGED
 XK  -0.25000000000000000      -0.50000000000000000       0.12500000000000000     
 ORDER OF G-VECTORS FROM RESTART FILE HAS CHANGED
 XK  -0.25000000000000006       0.50000000000000000       0.25000000000000006     
 ORDER OF G-VECTORS FROM RESTART FILE HAS CHANGED
 XK  -0.25000000000000006       0.50000000000000000       0.37500000000000006     
 ORDER OF G-VECTORS FROM RESTART FILE HAS CHANGED
 XK  -0.25000000000000000      -0.37499999999999994       0.12500000000000003     
 ORDER OF G-VECTORS FROM RESTART FILE HAS CHANGED
 XK  -0.25000000000000000      -0.37500000000000000       0.25000000000000000     
 ORDER OF G-VECTORS FROM RESTART FILE HAS CHANGED
 XK  -0.25000000000000000      -0.37500000000000000       0.37500000000000000     
 ORDER OF G-VECTORS FROM RESTART FILE HAS CHANGED
 XK  -0.25000000000000000      -0.25000000000000000       0.12500000000000000     
 ORDER OF G-VECTORS FROM RESTART FILE HAS CHANGED
 XK  -0.25000000000000000      -0.25000000000000000       0.25000000000000000     
 ORDER OF G-VECTORS FROM RESTART FILE HAS CHANGED
 XK  -0.25000000000000000      -0.25000000000000000       0.37500000000000000     
 ORDER OF G-VECTORS FROM RESTART FILE HAS CHANGED
 XK  -0.25000000000000000      -0.12500000000000003       0.12500000000000003     
 ORDER OF G-VECTORS FROM RESTART FILE HAS CHANGED
 XK  -0.25000000000000000      -0.12500000000000003       0.25000000000000000     
 ORDER OF G-VECTORS FROM RESTART FILE HAS CHANGED
 XK  -0.25000000000000000      -0.12500000000000003       0.37500000000000000     
 ORDER OF G-VECTORS FROM RESTART FILE HAS CHANGED
 XK  -0.12500000000000000       -1.5501217097161959E-018  0.12500000000000000     
 ORDER OF G-VECTORS FROM RESTART FILE HAS CHANGED
 XK  -0.12500000000000000       -1.5501217097161959E-018  0.25000000000000000     
 ORDER OF G-VECTORS FROM RESTART FILE HAS CHANGED
 XK  -0.12500000000000003        2.6205453905912716E-017  0.37500000000000000     
 ORDER OF G-VECTORS FROM RESTART FILE HAS CHANGED
 XK  -0.12500000000000000       0.12500000000000000        0.0000000000000000     
 ORDER OF G-VECTORS FROM RESTART FILE HAS CHANGED
 XK  -0.12500000000000000       0.12500000000000000       0.12500000000000000     
 ORDER OF G-VECTORS FROM RESTART FILE HAS CHANGED
 XK  -0.12500000000000003       0.12500000000000003       0.25000000000000000     
 ORDER OF G-VECTORS FROM RESTART FILE HAS CHANGED
 XK  -0.12500000000000000       0.12500000000000000       0.37500000000000000     
 ORDER OF G-VECTORS FROM RESTART FILE HAS CHANGED
 XK  -0.12499999999999997       0.12499999999999997       0.50000000000000000     
 ORDER OF G-VECTORS FROM RESTART FILE HAS CHANGED
 XK  -0.12500000000000000       0.25000000000000000       -1.5501217097161959E-018
 ORDER OF G-VECTORS FROM RESTART FILE HAS CHANGED
 XK  -0.12500000000000003       0.25000000000000006       0.12500000000000003     
 ORDER OF G-VECTORS FROM RESTART FILE HAS CHANGED
 XK  -0.12500000000000000       0.25000000000000000       0.25000000000000000     
 ORDER OF G-VECTORS FROM RESTART FILE HAS CHANGED
 XK  -0.12500000000000000       0.25000000000000000       0.37500000000000000     
 ORDER OF G-VECTORS FROM RESTART FILE HAS CHANGED
 XK  -0.12500000000000000       0.25000000000000000       0.50000000000000000     
 ORDER OF G-VECTORS FROM RESTART FILE HAS CHANGED
 XK  -0.12500000000000000       0.37500000000000000        2.4655332196196522E-017
 ORDER OF G-VECTORS FROM RESTART FILE HAS CHANGED
 XK  -0.12500000000000000       0.37500000000000000       0.12500000000000000     
 ORDER OF G-VECTORS FROM RESTART FILE HAS CHANGED
 XK  -0.12500000000000000       0.37500000000000000       0.25000000000000000     
 ORDER OF G-VECTORS FROM RESTART FILE HAS CHANGED
 XK  -0.12500000000000003       0.37500000000000000       0.37500000000000011     
 ORDER OF G-VECTORS FROM RESTART FILE HAS CHANGED
 XK  -0.12500000000000000       0.37500000000000000       0.50000000000000000     
 ORDER OF G-VECTORS FROM RESTART FILE HAS CHANGED
 XK  -0.12499999999999997       0.50000000000000000       0.12499999999999997     
 ORDER OF G-VECTORS FROM RESTART FILE HAS CHANGED
 XK  -0.12500000000000000       0.50000000000000000       0.25000000000000000     
 ORDER OF G-VECTORS FROM RESTART FILE HAS CHANGED
 XK  -0.12500000000000000       0.50000000000000000       0.37500000000000000     
 ORDER OF G-VECTORS FROM RESTART FILE HAS CHANGED
 XK  -0.12500000000000003      -0.37500000000000000       0.12500000000000003     
 ORDER OF G-VECTORS FROM RESTART FILE HAS CHANGED
 XK  -0.12500000000000003      -0.37500000000000000       0.25000000000000000     
 ORDER OF G-VECTORS FROM RESTART FILE HAS CHANGED
 XK  -0.12500000000000003      -0.37500000000000000       0.37500000000000000     
 ORDER OF G-VECTORS FROM RESTART FILE HAS CHANGED
 XK  -0.12500000000000003      -0.25000000000000000       0.12500000000000003     
 ORDER OF G-VECTORS FROM RESTART FILE HAS CHANGED
 XK  -0.12500000000000003      -0.25000000000000000       0.25000000000000000     
 ORDER OF G-VECTORS FROM RESTART FILE HAS CHANGED
 XK  -0.12500000000000003      -0.25000000000000000       0.37500000000000000     
 ORDER OF G-VECTORS FROM RESTART FILE HAS CHANGED
 XK  -0.12500000000000000      -0.12500000000000000       0.12500000000000000     
 ORDER OF G-VECTORS FROM RESTART FILE HAS CHANGED
 XK  -0.12500000000000000      -0.12500000000000000       0.25000000000000000     
 ORDER OF G-VECTORS FROM RESTART FILE HAS CHANGED
 XK  -0.12500000000000000      -0.12500000000000000       0.37500000000000000     
 ORDER OF G-VECTORS FROM RESTART FILE HAS CHANGED
READING: ENDOFFILE
 FERMI ENERGY AT   0.64326936805096468     
 LIB_FFTW: CREATE PLAN FOR: GTOR           1          14           4
 LIB_FFTW: CREATE PLAN FOR: RTOG          -1          14           5
 FERMI ENERGY AT   0.64330406279471042     
 CONSTANT ENERGY   -22.020568814748437        3.1890045609103240E-004
 FERMI ENERGY AT   0.64327283780158762     
 FERMI ENERGY AT   0.64302293187016069     
 CONSTANT ENERGY   -22.021476550615553        8.8068325007605215E-004
 FERMI ENERGY AT   0.64324784709522331     
 FERMI ENERGY AT   0.64264400042306657     
 CONSTANT ENERGY   -22.022688764294269        1.0376317284678707E-003
 FERMI ENERGY AT   0.64318746247991021     
 FERMI ENERGY AT   0.64225557231132679     
 CONSTANT ENERGY   -22.023670572150575        7.3334801207930152E-004
 FERMI ENERGY AT   0.64309427065550395     
 FERMI ENERGY AT   0.64188652452783057     
 CONSTANT ENERGY   -22.024206150261318        3.4519250601071751E-004
 FERMI ENERGY AT   0.64297349275216775     
 FERMI ENERGY AT   0.64154877284136957     
 CONSTANT ENERGY   -22.024408311252099        9.9869650702218645E-005
 FERMI ENERGY AT   0.64283102991138263     
 FERMI ENERGY AT   0.64127771022886237     
 CONSTANT ENERGY   -22.024465507054881        1.7777681873039406E-005
 FERMI ENERGY AT   0.64267569481198095     
 FERMI ENERGY AT   0.64107782073657404     
 CONSTANT ENERGY   -22.024488257899552        1.9516484998058446E-005
 FERMI ENERGY AT   0.64251597691542450     
 FERMI ENERGY AT   0.64094133886092808     
 CONSTANT ENERGY   -22.024517219921226        2.9739551768785384E-005
 FERMI ENERGY AT   0.64235844538479192     
 FERMI ENERGY AT   0.64086593841947548     
 CONSTANT ENERGY   -22.024546046853668        2.6778119138927043E-005
 FERMI ENERGY AT   0.64220919248837782     
 FERMI ENERGY AT   0.64085215593350664     
 CONSTANT ENERGY   -22.024565246813879        1.5968219482074754E-005
 FERMI ENERGY AT   0.64207348703527667     
 FERMI ENERGY AT   0.64088595186233843     
 CONSTANT ENERGY   -22.024574582946808        6.1906449599404994E-006
 FERMI ENERGY AT   0.64195473210019505     
 FERMI ENERGY AT   0.64094654718753130     
 CONSTANT ENERGY   -22.024578344253904        1.7618865915133564E-006
 FERMI ENERGY AT   0.64185391251388191     
 FERMI ENERGY AT   0.64101749029917987     
 CONSTANT ENERGY   -22.024579836288208        1.5736557960978861E-006
 FERMI ENERGY AT   0.64177026685283933     
 FERMI ENERGY AT   0.64109480728825097     
 CONSTANT ENERGY   -22.024581387334994        2.1622078540000141E-006
 FERMI ENERGY AT   0.64170272025946939     
 FERMI ENERGY AT   0.64116750868590222     
 CONSTANT ENERGY   -22.024583018614454        2.1774948793584233E-006
 FERMI ENERGY AT   0.64164919861674152     
 FERMI ENERGY AT   0.64122860642581703     
 CONSTANT ENERGY   -22.024584282687403        1.7188399542241360E-006
 FERMI ENERGY AT   0.64160713902342559     
 FERMI ENERGY AT   0.64127495131301437     
 CONSTANT ENERGY   -22.024585077735203        1.2412045265968960E-006
Note: The following floating-point exceptions are signalling: IEEE_UNDERFLOW_FLAG IEEE_DENORMAL
STOP NORMAL STOP IN MPE__STOPALL
 FERMI ENERGY AT   0.64157373975104526     
 FERMI ENERGY AT   0.64130175665233236     
 CONSTANT ENERGY   -22.024585595716299        9.9953330379204730E-007
 FERMI ENERGY AT   0.64154670338671116     
 FERMI ENERGY AT   0.64132600833609554     
 CONSTANT ENERGY   -22.024585963472813        9.6569793482244596E-007
 FERMI ENERGY AT   0.64152463368391033     
 FERMI ENERGY AT   0.64133592141386297     
 CONSTANT ENERGY   -22.024586338023997        9.9825850424406033E-007
 FERMI ENERGY AT   0.64150576228831424     
 FERMI ENERGY AT   0.64133994386516813     
 CONSTANT ENERGY   -22.024586693023238        1.0012880950597969E-006
 FERMI ENERGY AT   0.64148918029931679     
 FERMI ENERGY AT   0.64134143241685559     
 CONSTANT ENERGY   -22.024587000909374        9.6438897724625552E-007
WRITING : HEADER
WRITING : TIMESTEP
WRITING : ATOMS
WRITING : CELL
WRITING : OCCUPATIONS
WRITING : WAVES
WRITING : ENDOFFILE
 FERMI ENERGY AT   0.64147440538171063     
 FERMI ENERGY AT   0.64134292592309616     
 CONSTANT ENERGY   -22.024587253436653        9.2159780580425977E-007
 FERMI ENERGY AT   0.64146122346187273     
 FERMI ENERGY AT   0.64134518794275563     
 CONSTANT ENERGY   -22.024587469315172        9.0013854147471984E-007
 FERMI ENERGY AT   0.64144965482310667     
 FERMI ENERGY AT   0.64135210002898480     
 CONSTANT ENERGY   -22.024587649727952        9.0133239831891251E-007
 FERMI ENERGY AT   0.64143988725808787     
 FERMI ENERGY AT   0.64136002718054430     
 CONSTANT ENERGY   -22.024587820398384        9.1137630425946693E-007
 FERMI ENERGY AT   0.64143177099753812     
 FERMI ENERGY AT   0.64136633980172908     
 CONSTANT ENERGY   -22.024587995487753        9.1898094757258118E-007
 FERMI ENERGY AT   0.64142534495695902     
 FERMI ENERGY AT   0.64138092082786313     
 CONSTANT ENERGY   -22.024588116482910        9.2189210357484935E-007
 FERMI ENERGY AT   0.64142089107932132     
 FERMI ENERGY AT   0.64139163534619581     
 CONSTANT ENERGY   -22.024588240164380        9.2423164671164966E-007
 FERMI ENERGY AT   0.64141796544620167     
 FERMI ENERGY AT   0.64140152844994602     
 CONSTANT ENERGY   -22.024588349967733        9.3038536246414046E-007
 FERMI ENERGY AT   0.64141632169237173     
 FERMI ENERGY AT   0.64141001945731058     
 CONSTANT ENERGY   -22.024588448737109        9.4086288683324474E-007
 FERMI ENERGY AT   0.64141569141968369     
 FERMI ENERGY AT   0.64141692349292390     
 CONSTANT ENERGY   -22.024588538176914        9.5372970903315960E-007
 FERMI ENERGY AT   0.64141581458217423     
 FERMI ENERGY AT   0.64142243648370123     
 CONSTANT ENERGY   -22.024588618837765        9.6724912268891172E-007
 FERMI ENERGY AT   0.64141649198663819     
 FERMI ENERGY AT   0.64142714665981082     
 CONSTANT ENERGY   -22.024588686576283        9.8119724678732473E-007
 FERMI ENERGY AT   0.64141753149805270     
 FERMI ENERGY AT   0.64142941182634394     
 CONSTANT ENERGY   -22.024588755124036        9.9649004541825375E-007
WRITING : HEADER
WRITING : TIMESTEP
WRITING : ATOMS
WRITING : CELL
WRITING : OCCUPATIONS
WRITING : WAVES
WRITING : ENDOFFILE
 FERMI ENERGY AT   0.64141871949726703     
 FERMI ENERGY AT   0.64143185368884381     
 CONSTANT ENERGY   -22.024588812225954        1.0138861979150348E-006
NORMAL STOP: CALLING MPE__STOPALL TO CLOSE DOWN
