TRACE-PUSH(  1): LEVEL=    1 INTO MAIN
TRACE-MEM(  1): MAXMEM[MBYTE]=   0.00000 TIME20260907 132149.739
TRACE-PUSH(  1): LEVEL=    2 INTO PAW
TRACE-MEM(  1): MAXMEM[MBYTE]=   0.00000 TIME20260907 132149.739
TRACE-PUSH(  1): LEVEL=    3 INTO READIN
TRACE-MEM(  1): MAXMEM[MBYTE]=   0.00000 TIME20260907 132149.739
TRACE-PUSH(  1): LEVEL=    4 INTO READIN_FILES
TRACE-MEM(  1): MAXMEM[MBYTE]=   0.00000 TIME20260907 132149.740
TRACE-PUSH(  1): LEVEL=    5 INTO STANDARDFILES
TRACE-MEM(  1): MAXMEM[MBYTE]=   0.00000 TIME20260907 132149.740
TRACE-POP (  1): LEVEL=    5 FROM STANDARDFILES                   
TRACE-MEM(  1): MAXMEM[MBYTE]=   0.00000 TIME20260907 132149.740
TRACE-POP (  1): LEVEL=    4 FROM READIN_FILES                    
TRACE-MEM(  1): MAXMEM[MBYTE]=   0.00000 TIME20260907 132149.740
TRACE-PUSH(  1): LEVEL=    4 INTO READIN_GENERIC
TRACE-MEM(  1): MAXMEM[MBYTE]=   0.00000 TIME20260907 132149.741
 PAW_SETUPS.F90 A LAMBDA=   6.0000000000000000        6.0000000000000000        6.0000000000000000        6.0000000000000000     
================================================================================
===================  SETUP CONSTRUCTION FOR FE  ================================
================================================================================
 THIS%SETTING%SO= F
KEY: START,REL,NONSO,ZORA
RELATIVISTIC EFFECTS SWITCHED ON?     T
SPIN-ORBIT COUPLING SWITCHED ON?      F
ZORA SWITCHED ON?                     T
FOCK CONTRIBTION ON?                  F
START FROM SCRATCH?                    T
DOING SCF ITERATIONS FOR ATOM WITH Z=  26.00000
           1  AV(POT-POTIN)=   4.4229110866643060       MAX:(POT-POTIN)=   23977.764226356521                0 F
           2  AV(POT-POTIN)=   2.1600484783910665       MAX:(POT-POTIN)=   12959.745147272246                0 F
           3  AV(POT-POTIN)=   2.0666340552561890       MAX:(POT-POTIN)=   526.04687633272260                0 F
           4  AV(POT-POTIN)=   1.9569792805131856       MAX:(POT-POTIN)=   378.79662826168351                0 F
           5  AV(POT-POTIN)=  0.90795394534003371       MAX:(POT-POTIN)=   69.262384389992803                0 F
           6  AV(POT-POTIN)=  0.49872799753341124       MAX:(POT-POTIN)=   54.679951263125986                0 F
           7  AV(POT-POTIN)=   7.7256997375938954E-002  MAX:(POT-POTIN)=   21.526390051236376                0 F
           8  AV(POT-POTIN)=   2.4689031074649780E-002  MAX:(POT-POTIN)=   8.8337359088473022                0 F
           9  AV(POT-POTIN)=   1.8926523802576475E-002  MAX:(POT-POTIN)=   6.4941918936092407                0 F
          10  AV(POT-POTIN)=   1.0632900100832361E-002  MAX:(POT-POTIN)=  0.35845901235006750                0 F
          11  AV(POT-POTIN)=   4.4481552015931038E-003  MAX:(POT-POTIN)=  0.21074234205298126                0 F
          12  AV(POT-POTIN)=   2.5759199173337874E-003  MAX:(POT-POTIN)=   9.3759103678166866E-002           0 F
          13  AV(POT-POTIN)=   1.0516418828608518E-003  MAX:(POT-POTIN)=   3.3143575303256512E-002           0 F
          14  AV(POT-POTIN)=   2.7526588128831681E-004  MAX:(POT-POTIN)=   7.7363555319607258E-003           0 F
          15  AV(POT-POTIN)=   5.2737166264912103E-005  MAX:(POT-POTIN)=   1.8671241123229265E-003           0 F
          16  AV(POT-POTIN)=   2.7649631192073528E-005  MAX:(POT-POTIN)=   9.2230155132710934E-004           0 F
          17  AV(POT-POTIN)=   4.5073642394095216E-006  MAX:(POT-POTIN)=   1.1170059352301099E-004           0 F
          18  AV(POT-POTIN)=   1.3527087246045864E-006  MAX:(POT-POTIN)=   5.2534742280840874E-005           0 F
          19  AV(POT-POTIN)=   6.6616311351656304E-007  MAX:(POT-POTIN)=   2.5066547095775604E-005           0 F
          20  AV(POT-POTIN)=   8.3500821411180299E-008  MAX:(POT-POTIN)=   5.1846727728843689E-006           0 F
          21  AV(POT-POTIN)=   4.2123945836857964E-008  MAX:(POT-POTIN)=   2.3092143237590790E-006           0 F
          22  AV(POT-POTIN)=   3.4052004352599700E-008  MAX:(POT-POTIN)=   4.0053855627775192E-006           0 F
          23  AV(POT-POTIN)=   4.9770933243548328E-008  MAX:(POT-POTIN)=   2.6433262974023819E-006           0 F
          24  AV(POT-POTIN)=   1.0142446150072019E-008  MAX:(POT-POTIN)=   8.8592059910297394E-007           1 F
          25  AV(POT-POTIN)=   6.2015553248515351E-009  MAX:(POT-POTIN)=   3.9697624742984772E-007           0 F
          26  AV(POT-POTIN)=   1.0918051028208955E-008  MAX:(POT-POTIN)=   1.6328413039445877E-006           0 F
          27  AV(POT-POTIN)=   4.5513305818507632E-009  MAX:(POT-POTIN)=   8.2515180110931396E-007           1 F
          28  AV(POT-POTIN)=   7.5311301609672559E-009  MAX:(POT-POTIN)=   7.6717697083950043E-007           0 F
          29  AV(POT-POTIN)=   4.0945806266774970E-009  MAX:(POT-POTIN)=   4.5332126319408417E-007           1 F
          30  AV(POT-POTIN)=   8.4516452488533842E-009  MAX:(POT-POTIN)=   7.8976154327392578E-007           0 F
          31  AV(POT-POTIN)=   4.7134563831699025E-009  MAX:(POT-POTIN)=   4.9034133553504944E-007           1 F
          32  AV(POT-POTIN)=   5.2880338232326231E-009  MAX:(POT-POTIN)=   6.2678009271621704E-007           2 F
          33  AV(POT-POTIN)=   5.4245881494643427E-009  MAX:(POT-POTIN)=   5.8743171393871307E-007           3 F
          34  AV(POT-POTIN)=   6.6363069621310107E-009  MAX:(POT-POTIN)=   7.1851536631584167E-007           4 F
          35  AV(POT-POTIN)=   4.5680589748518206E-009  MAX:(POT-POTIN)=   5.2130781114101410E-007           5 F
===================ENERGY REPORT OF ATOMLIB__AESCF==============================
TOTAL ENERGY:................ -1277.33264409
KINETIC ENERGY:..............  1292.63376877
HARTREE ENERGY:.............. -2514.31011458
DFT XC ENERGY:...............     -55.656298
FINITE NUCLEUS:..............     0.00378772
.... CALCULATION USES FINITE NUCLEUS
.... DO NOT ADD FINITE NUCLEUS CORRECTION
... SELFCONSISTENCY OBTAINED
FINAL ONE-PARTICLE ENERGIES FROM AESCF  
  IB   L  SO         F#NODE                   E
   1   0   0      2.00    0            -259.355
   2   0   0      2.00    1             -30.160
   3   1   0      6.00    0             -25.694
   4   0   0      2.00    2              -3.455
   5   1   0      6.00    1              -2.206
   6   0   0      2.00    3              -0.194
   7   2   0      6.00    0              -0.276
 #ITERATIONS           36
========================================================
========= ALL-ELECTRON ATOM CALCULATION ================
========================================================
TOTAL ENERGY=            -1277.3326441
  IB   N   L  SO                   E         F#(REM. EL.
   1   1   0   0           -259.3549   2.00000  24.00000
   2   2   0   0            -30.1599   2.00000  22.00000
   3   2   1   0            -25.6942   6.00000  16.00000
   4   3   0   0             -3.4551   2.00000  14.00000
   5   3   1   0             -2.2061   6.00000   8.00000
--------- CORE ABOVE, VALENCE BELOW --------------------
   6   3   2   0             -0.2759   6.00000   2.00000
   7   4   0   0             -0.1944   2.00000   0.00000
========================================================
========================================================
 ISCATT=           0           0           0           1
 LOX=              0           1           2           2
 VFOCK%TON  F
=================== ENERGIES FOR ATOMIC WAVE FUNCTIONS =========================
=================== OLD: AE SCHRODINGER EQUATION           =====================
=================== NEW: NODELESS EQUATION                 =====================
=================== DIFFERENCE DUE TO RELATIVISTIC EFFECTS =====================
IB=  1 L= 0 E[NEW]=     -259.35488 E[OLD]=     -259.35488
IB=  2 L= 0 E[NEW]=      -30.15992 E[OLD]=      -30.15992
IB=  3 L= 1 E[NEW]=      -25.69417 E[OLD]=      -25.69417
IB=  4 L= 0 E[NEW]=       -3.45512 E[OLD]=       -3.45512
IB=  5 L= 1 E[NEW]=       -2.20615 E[OLD]=       -2.20615
IB=  6 L= 2 E[NEW]=       -0.27586 E[OLD]=       -0.27586
IB=  7 L= 0 E[NEW]=       -0.19441 E[OLD]=       -0.19441
=================== ENERGIES FOR PARTIAL-WAVE CONSTRUCTION======================
RBOX=  2.65318
LN= 1 L= 0 E=  -0.19441 RC= 1.658
LN= 2 L= 1 E=  -0.04840 RC= 1.658
LN= 3 L= 2 E=  -0.27586 RC= 1.658
LN= 4 L= 2 E=   1.09058 RC= 1.658
===================  TRANSU ====================================================
   1.0000000000   0.0000000000   0.0000000000   0.0000000000
   0.0000000000   1.0000000000   0.0000000000   0.0000000000
   0.0000000000   0.0000000000   1.0000000000   1.0000000000
   0.0000000000   0.0000000000   0.0000000000   1.3664370668
===================  TRANSU^(-1) ===============================================
   1.0000000000  -0.0000000000   0.0000000000  -0.0000000000
   0.0000000000   1.0000000000   0.0000000000  -0.0000000000
   0.0000000000   0.0000000000   1.0000000000  -0.7318302645
   0.0000000000   0.0000000000   0.0000000000   0.7318302645
===================  TEST QN EQ.  ==============================================
LN= 1 L= 0  [T+V-E_N]|QN>-|UC>=   0.000000000000000
LN= 2 L= 1  [T+V-E_N]|QN>-|UC>=   0.000000000000000
LN= 3 L= 2  [T+V-E_N]|QN>-|UC>=   0.000000000000035
LN= 4 L= 2  [T+V-E_N]|QN>-|UC>=   0.000000000000046
=================== <UC|AEPHI>/SQRT(<UC|UC>  ===================================
========= DEVIATION DUE NEGLECT OF SMALL COMPONENT==============================
========= ORTHOGONALIZATION DONE BASED ON ENERGIES==============================
   0.00000   0.00000   0.00000   0.00628   0.00000
   0.00000   0.00000   0.00000   0.00000   0.02152
   0.00000   0.00000   0.00000   0.00000   0.00000
   0.00000   0.00000   0.00000   0.00000   0.00000
===================  TEST AEPHI EQ.  ===========================================
LN= 1 L= 0  [T+V-E_N]|AEPHI_N> =   0.000000001395373
LN= 2 L= 1  [T+V-E_N]|AEPHI_N> =   0.000000000001329
LN= 3 L= 2  [T+V-E_N]|AEPHI_N> =   0.000000000000035
LN= 4 L= 2  [T+V-E_N]|AEPHI_N> =   0.000000000000046
 L            0  E= -0.19440826338748715      PHIPHASE BEFORE ADJUSTMENT=   0.65484077291420884     
 L            0  E= -0.19440826338748715      PHIPHASE AFTER ADJUSTMENT=   0.65484077291420884     
 L            1  E=  -4.8395753578059267E-002 PHIPHASE BEFORE ADJUSTMENT=   0.56767192126145649     
 L            1  E=  -4.8395753578059267E-002 PHIPHASE AFTER ADJUSTMENT=   0.56767192126145649     
 L            2  E= -0.27586146100824427      PHIPHASE BEFORE ADJUSTMENT=   0.77320924449347395     
 L            2  E= -0.27586146100824427      PHIPHASE AFTER ADJUSTMENT=   0.77320924449347395     
 L            2  E=   1.0905756057507390      PHIPHASE BEFORE ADJUSTMENT=    1.7880230051048260     
 L            2  E=   1.0905756057507390      PHIPHASE AFTER ADJUSTMENT=    1.7880230051048260     
===================  TEST RAW PAW EQUATION  ====================================
LN= 1 L= 0 RAW PAW EQ.   0.00000 SCHR. EQ.   0.00000
LN= 2 L= 1 RAW PAW EQ.   0.00000 SCHR. EQ.   0.00000
LN= 3 L= 2 RAW PAW EQ.   0.00000 SCHR. EQ.   0.00000
LN= 4 L= 2 RAW PAW EQ.   0.00000 SCHR. EQ.   0.00000
 VFOCK%TON   F
 RBND          2.6531751962925103     
DT    0.17607E+01 0.00000E+00 0.00000E+00 0.00000E+00
DT    0.00000E+00 0.13767E+01 0.00000E+00 0.00000E+00
DT    0.00000E+00 0.00000E+00 0.64553E+01 0.52380E+01
DT    0.00000E+00 0.00000E+00 0.52380E+01 0.30208E+01
DH    0.47749E+00 0.00000E+00 0.00000E+00 0.00000E+00
DH    0.00000E+00 0.18697E+00 0.00000E+00 0.00000E+00
DH    0.00000E+00 0.00000E+00-0.59581E+00-0.32444E+00
DH    0.00000E+00 0.00000E+00-0.32444E+00-0.16993E+01
DO   -0.14014E+00 0.00000E+00 0.00000E+00 0.00000E+00
DO    0.00000E+00-0.76795E-01 0.00000E+00 0.00000E+00
DO    0.00000E+00 0.00000E+00 0.64103E+00 0.23450E+00
DO    0.00000E+00 0.00000E+00 0.23450E+00 0.10989E+00
LN= 1 DTKIN-TRANSPOSE(DTKIN)=   0.00000   0.00000   0.00000   0.00000
LN= 2 DTKIN-TRANSPOSE(DTKIN)=   0.00000   0.00000   0.00000   0.00000
LN= 3 DTKIN-TRANSPOSE(DTKIN)=   0.00000   0.00000   0.00000   0.00000
LN= 4 DTKIN-TRANSPOSE(DTKIN)=   0.00000   0.00000  -0.00000   0.00000
LN= 1 <P|PSPHI>=   1.00000   0.00000   0.00000   0.00000
LN= 2 <P|PSPHI>=   0.00000   1.00000   0.00000   0.00000
LN= 3 <P|PSPHI>=   0.00000   0.00000   1.00000   0.00000
LN= 4 <P|PSPHI>=   0.00000   0.00000   0.00000   1.00000
===================  TEST PAW EQUATION  ========================================
LN= 1 L= 0 PAW EQ.             0.00000 SCHR. EQ.             0.00000 DPRO              0.00000
LN= 2 L= 1 PAW EQ.             0.00000 SCHR. EQ.             0.00000 DPRO              0.00000
LN= 3 L= 2 PAW EQ.             0.00000 SCHR. EQ.             0.00000 DPRO              0.00000
LN= 4 L= 2 PAW EQ.             0.00000 SCHR. EQ.             0.00000 DPRO              0.00000
 =================== L=           0  =================================
 BEFORE PAWBOUNDSTATE
 L=           0  NN=           0  E= -0.19440838419026857       NPRO=           1  ROUT=   19.716639202099568       IB=           7
  E= -0.19882701359291260     
 =================== L=           1  =================================
 =================== L=           2  =================================
 BEFORE PAWBOUNDSTATE
 L=           2  NN=           0  E= -0.27586146436247438       NPRO=           2  ROUT=   19.716639202099568       IB=           6
  E= -0.27586155108897881     
===================  STRAIGHT AE- AND PAW-ENERGY LEVELS ========================
IB= 6 L= 2 AE-ENERGY:  -7.50647 EV; PS-ENERGY:  -7.50647 EV
IB= 7 L= 0 AE-ENERGY:  -5.29005 EV; PS-ENERGY:  -5.41028 EV
 PSEUDO+AUGMENTATION CHARGE    1.1108414817494553E-014  (SHOULD BE ZERO)
===================  DTKIN BEFORE SYMMETRIZATION ===============================
       1.761       0.000       0.000       0.000
       0.000       1.377       0.000       0.000
       0.000       0.000       6.455       5.238
       0.000       0.000       5.238       3.021
===================  DO BEFORE SYMMETRIZATION ==================================
      -0.140       0.000       0.000       0.000
       0.000      -0.077       0.000       0.000
       0.000       0.000       0.641       0.234
       0.000       0.000       0.234       0.110
 LIB_FFTW: CREATE PLAN FOR: GTOR           1         500           0
 LIB_FFTW: CREATE PLAN FOR: RTOG          -1         500           1
L= 0 IB= 1 E(LOCAL)=  -1.02160 E(OUTER)=  -0.10245
L= 0 IB= 2 E(LOCAL)=  -0.06734 E(OUTER)=   0.01660
L= 0 IB= 3 E(LOCAL)=   0.02195 E(OUTER)=   0.07078
L= 0 IB= 4 E(LOCAL)=   0.08039 E(OUTER)=   0.16498
L= 1 IB= 1 E(LOCAL)=  -0.25764 E(OUTER)=  -0.01929
L= 1 IB= 2 E(LOCAL)=   0.00998 E(OUTER)=   0.03598
L= 1 IB= 3 E(LOCAL)=   0.05436 E(OUTER)=   0.10199
L= 1 IB= 4 E(LOCAL)=   0.13592 E(OUTER)=   0.19982
L= 2 IB= 1 E(LOCAL)=   0.03264 E(OUTER)=   0.03371
L= 2 IB= 2 E(LOCAL)=   0.07074 E(OUTER)=   0.07477
L= 2 IB= 3 E(LOCAL)=   0.14218 E(OUTER)=   0.15201
L= 2 IB= 4 E(LOCAL)=   0.23490 E(OUTER)=   0.25318
========= GHOSTBUSTER FOR=   FE Z=  26.0 =======================================
LN 1 L= 0 E(INNER)=  -0.05141 H
LN 2 L= 1 E(INNER)=   1.63279 H
LN 3 L= 2 E(INNER)=   3.37495 H
LN 4 L= 2 E(INNER)=   4.51374 H
 LIB_FFTW: CREATE PLAN FOR: GTOR           1        1024           2
 LIB_FFTW: CREATE PLAN FOR: RTOG          -1        1024           3
================================================================================
===================  SETUP CONSTRUCTION FINISHED  ==============================
================================================================================
NO. OF INEQUIVALENT K-POINTS   260
NUMBER OF DIFFERENT TETRAHEDRA : 1536
 DYNOCC__SETR8: SPIN HAS BEEN SET TO    0.0000000000000000     
 LIB_FFTW: CREATE PLAN FOR: GTOR           1          18           4
 LIB_FFTW: CREATE PLAN FOR: RTOG          -1          18           5
 FERMI ENERGY AT    2.1137811126349391     
 CONSTANT ENERGY   -6.3256367199666119       0.68580198687768290     
 FERMI ENERGY AT    2.1137811126349391     
 FERMI ENERGY AT    1.8475290183303348     
 CONSTANT ENERGY   -8.6952080047658775        2.0974790778717725     
 FERMI ENERGY AT    2.0873046552764851     
 FERMI ENERGY AT    1.5437029748874624     
 CONSTANT ENERGY   -11.393866210879526        2.8761327132255792     
 FERMI ENERGY AT    2.0334682641255095     
 FERMI ENERGY AT    1.3424904164673743     
 CONSTANT ENERGY   -14.279476097014907        2.6329047421941345     
 FERMI ENERGY AT    1.9655215875011385     
 FERMI ENERGY AT    1.2346919107746250     
 CONSTANT ENERGY   -16.589691576415088        1.9254844445525792     
 FERMI ENERGY AT    1.8944192603132672     
 FERMI ENERGY AT    1.1685455489405439     
 CONSTANT ENERGY   -18.155965161638495        1.2582608408994200     
 FERMI ENERGY AT    1.8245563636592772     
 FERMI ENERGY AT    1.1100512453027700     
 CONSTANT ENERGY   -19.145386276460670       0.81209342394797868     
 FERMI ENERGY AT    1.7558604844949408     
 FERMI ENERGY AT    1.0450787233403647     
 CONSTANT ENERGY   -19.782056196684241       0.56315124815133211     
 FERMI ENERGY AT    1.6872539190961324     
 FERMI ENERGY AT   0.97474308141563804     
 CONSTANT ENERGY   -20.226749338545865       0.43210231878590460     
 FERMI ENERGY AT    1.6179978948229388     
 FERMI ENERGY AT   0.90541980114425047     
 CONSTANT ENERGY   -20.562927728840734       0.35507781705636787     
 FERMI ENERGY AT    1.5483012286463447     
 FERMI ENERGY AT   0.84325244178221848     
 CONSTANT ENERGY   -20.828166150839795       0.29795526355457003     
 FERMI ENERGY AT    1.4790225848817773     
 FERMI ENERGY AT   0.79162894544394857     
 CONSTANT ENERGY   -21.038953749908544       0.24888425277456400     
 FERMI ENERGY AT    1.4111193791402359     
 FERMI ENERGY AT   0.75103549893394350     
 CONSTANT ENERGY   -21.205095941646121       0.20651636467021600     
 FERMI ENERGY AT    1.3457188601894450     
 FERMI ENERGY AT   0.72060909782221083     
 CONSTANT ENERGY   -21.335766952502752       0.17194592364917277     
 FERMI ENERGY AT    1.2836485242968574     
 FERMI ENERGY AT   0.69905163177122698     
 CONSTANT ENERGY   -21.438894317587216       0.14529477720145229     
 FERMI ENERGY AT    1.2254843074942043     
 FERMI ENERGY AT   0.68462230444382233     
 CONSTANT ENERGY   -21.521134438958274       0.12530940602125287     
 FERMI ENERGY AT    1.1716122717753827     
 FERMI ENERGY AT   0.67550882692830472     
 CONSTANT ENERGY   -21.587566962905061       0.11018508519304435     
 FERMI ENERGY AT    1.1222169747550816     
 FERMI ENERGY AT   0.67002716768688486     
 CONSTANT ENERGY   -21.642091972706474        9.8411569897639981E-002
 FERMI ENERGY AT    1.0771178374880896     
 FERMI ENERGY AT   0.66676296748995767     
 CONSTANT ENERGY   -21.686240780924528        8.9153289840416428E-002
 FERMI ENERGY AT    1.0361790533270510     
 FERMI ENERGY AT   0.66457326885663159     
 CONSTANT ENERGY   -21.721974185065996        8.1898410973743674E-002
 FERMI ENERGY AT   0.99914136236694895     
 FERMI ENERGY AT   0.66270258320021147     
 CONSTANT ENERGY   -21.751255063606102        7.6260383957695840E-002
 FERMI ENERGY AT   0.96566055783467597     
 FERMI ENERGY AT   0.66066571985222755     
 CONSTANT ENERGY   -21.775520255773611        7.1921352303666003E-002
 FERMI ENERGY AT   0.93536059362367852     
 FERMI ENERGY AT   0.65826132983965857     
 CONSTANT ENERGY   -21.795960111217660        6.8563926438880193E-002
 FERMI ENERGY AT   0.90787108229299263     
 FERMI ENERGY AT   0.65558402633300417     
 CONSTANT ENERGY   -21.813457732390635        6.5890635467534653E-002
 FERMI ENERGY AT   0.88286476654655632     
 FERMI ENERGY AT   0.65278684940188192     
 CONSTANT ENERGY   -21.828667769189099        6.3656538168523236E-002
 FERMI ENERGY AT   0.86007620835796550     
 FERMI ENERGY AT   0.65011586449381886     
 CONSTANT ENERGY   -21.842100041072850        6.1692799687634498E-002
 FERMI ENERGY AT   0.83928704495529849     
 FERMI ENERGY AT   0.64775173451570334     
 CONSTANT ENERGY   -21.854096780817308        5.9902072483254888E-002
 FERMI ENERGY AT   0.82031882896979191     
 FERMI ENERGY AT   0.64574729864847968     
 CONSTANT ENERGY   -21.864933097056536        5.8231863263811981E-002
 FERMI ENERGY AT   0.80303020932494096     
 FERMI ENERGY AT   0.64422290480331246     
 CONSTANT ENERGY   -21.874759242581622        5.6670564777098247E-002
 FERMI ENERGY AT   0.78732208148448968     
 FERMI ENERGY AT   0.64324175078080403     
 CONSTANT ENERGY   -21.883739374326716        5.5205842284934012E-002
 FERMI ENERGY AT   0.77308032258638670     
 FERMI ENERGY AT   0.64277294684368003     
 CONSTANT ENERGY   -21.891914522275680        5.3838520896938621E-002
 FERMI ENERGY AT   0.76019964086078429     
 FERMI ENERGY AT   0.64275045362937355     
 CONSTANT ENERGY   -21.899294206215604        5.2568315933036472E-002
 FERMI ENERGY AT   0.74858457762318131     
 FERMI ENERGY AT   0.64293282706733890     
 CONSTANT ENERGY   -21.906069136983696        5.1388063818428142E-002
 FERMI ENERGY AT   0.73812282614112457     
 FERMI ENERGY AT   0.64317785295773267     
 CONSTANT ENERGY   -21.912306891009589        5.0279480489069620E-002
 FERMI ENERGY AT   0.72870782900396391     
 FERMI ENERGY AT   0.64339146591582852     
 CONSTANT ENERGY   -21.918069608687784        4.9224363673319060E-002
 FERMI ENERGY AT   0.72024580577636921     
 FERMI ENERGY AT   0.64350340072124546     
 CONSTANT ENERGY   -21.923402268863978        4.8213758322424652E-002
 FERMI ENERGY AT   0.71264495231656366     
 FERMI ENERGY AT   0.64351515780885737     
 CONSTANT ENERGY   -21.928337830873527        4.7228213003545579E-002
 FERMI ENERGY AT   0.70581480665723528     
 FERMI ENERGY AT   0.64344137917878674     
 CONSTANT ENERGY   -21.932887495535613        4.6260574699781634E-002
 FERMI ENERGY AT   0.69965397924252015     
 FERMI ENERGY AT   0.64328129839140569     
 CONSTANT ENERGY   -21.937091872068009        4.5311884927336003E-002
 FERMI ENERGY AT   0.69409393909901296     
 FERMI ENERGY AT   0.64303484226856733     
 CONSTANT ENERGY   -21.941027384522535        4.4384917137868712E-002
 FERMI ENERGY AT   0.68905699490355876     
 FERMI ENERGY AT   0.64276372350464817     
 CONSTANT ENERGY   -21.944688013749442        4.3486642680783560E-002
 FERMI ENERGY AT   0.68448445545154213     
 FERMI ENERGY AT   0.64251942266411299     
 CONSTANT ENERGY   -21.948074931942841        4.2622394862028144E-002
 FERMI ENERGY AT   0.68032856632401029     
 FERMI ENERGY AT   0.64233581193198852     
 CONSTANT ENERGY   -21.951208424380994        4.1797881742538075E-002
 FERMI ENERGY AT   0.67654783485138870     
 FERMI ENERGY AT   0.64226190261001115     
 CONSTANT ENERGY   -21.954084623870479        4.1015584513309722E-002
 FERMI ENERGY AT   0.67311873290579682     
 FERMI ENERGY AT   0.64227904831102456     
 CONSTANT ENERGY   -21.956720226015658        4.0266758567763031E-002
 FERMI ENERGY AT   0.67002344640469680     
 FERMI ENERGY AT   0.64236505090912577     
 CONSTANT ENERGY   -21.959153394801341        3.9541892143095114E-002
 FERMI ENERGY AT   0.66724608307438948     
 FERMI ENERGY AT   0.64251126557508209     
 CONSTANT ENERGY   -21.961421022948734        3.8827981013641773E-002
 FERMI ENERGY AT   0.66476287335694462     
 FERMI ENERGY AT   0.64271501688372679     
 CONSTANT ENERGY   -21.963548976219577        3.8108868867112566E-002
 FERMI ENERGY AT   0.66254426905926389     
 FERMI ENERGY AT   0.64294835529110461     
 CONSTANT ENERGY   -21.965564306207849        3.7371360525041794E-002
WRITING : HEADER
WRITING : TIMESTEP
WRITING : ATOMS
WRITING : CELL
WRITING : OCCUPATIONS
WRITING : WAVES
WRITING : ENDOFFILE
 FERMI ENERGY AT   0.66056477471739172     
 FERMI ENERGY AT   0.64316973005862876     
 CONSTANT ENERGY   -21.967498569684942        3.6603062712811475E-002
 FERMI ENERGY AT   0.65880059025618132     
 FERMI ENERGY AT   0.64338627945469062     
 CONSTANT ENERGY   -21.969365293319743        3.5795744302462698E-002
 FERMI ENERGY AT   0.65723155249170739     
 FERMI ENERGY AT   0.64357491956906232     
 CONSTANT ENERGY   -21.971182641947102        3.4946354539719240E-002
 FERMI ENERGY AT   0.65583150301870385     
 FERMI ENERGY AT   0.64371786095746597     
 CONSTANT ENERGY   -21.972966178156938        3.4052850112086322E-002
 FERMI ENERGY AT   0.65457560350544330     
 FERMI ENERGY AT   0.64380764336995777     
 CONSTANT ENERGY   -21.974721692022904        3.3117916458931508E-002
 FERMI ENERGY AT   0.65344312698486506     
 FERMI ENERGY AT   0.64385052392999775     
 CONSTANT ENERGY   -21.976453881446545        3.2148221292949558E-002
 FERMI ENERGY AT   0.65241855369166279     
 FERMI ENERGY AT   0.64384762671265616     
 CONSTANT ENERGY   -21.978167326202680        3.1153452269109781E-002
 FERMI ENERGY AT   0.65149150446796333     
 FERMI ENERGY AT   0.64378918766704707     
 CONSTANT ENERGY   -21.979854844821563        3.0145286175579822E-002
 FERMI ENERGY AT   0.65065300758138622     
 FERMI ENERGY AT   0.64371680149785337     
 CONSTANT ENERGY   -21.981499217095884        2.9131868801817881E-002
 FERMI ENERGY AT   0.64989663740352943     
 FERMI ENERGY AT   0.64364892916102900     
 CONSTANT ENERGY   -21.983095813240379        2.8126133989310926E-002
 FERMI ENERGY AT   0.64921900801477783     
 FERMI ENERGY AT   0.64359551095401235     
 CONSTANT ENERGY   -21.984640778998273        2.7139517510151701E-002
 FERMI ENERGY AT   0.64861602515425998     
 FERMI ENERGY AT   0.64357194783018090     
 CONSTANT ENERGY   -21.986125639560541        2.6184218532544386E-002
 FERMI ENERGY AT   0.64808255605633247     
 FERMI ENERGY AT   0.64357056895015852     
 CONSTANT ENERGY   -21.987540997055124        2.5270575044307179E-002
 FERMI ENERGY AT   0.64761187966991307     
 FERMI ENERGY AT   0.64357968787143216     
 CONSTANT ENERGY   -21.988876787906392        2.4406408810405053E-002
 FERMI ENERGY AT   0.64719778883592305     
 FERMI ENERGY AT   0.64360468235051782     
 CONSTANT ENERGY   -21.990126901777135        2.3597105644327564E-002
 FERMI ENERGY AT   0.64683084493454013     
 FERMI ENERGY AT   0.64362635675539670     
 CONSTANT ENERGY   -21.991283981660658        2.2849053196960858E-002
 FERMI ENERGY AT   0.64650022117741446     
 FERMI ENERGY AT   0.64363610463354171     
 CONSTANT ENERGY   -21.992345057908775        2.2167610133767529E-002
 FERMI ENERGY AT   0.64619586957199737     
 FERMI ENERGY AT   0.64360779331552564     
 CONSTANT ENERGY   -21.993312057373984        2.1556351328374575E-002
 FERMI ENERGY AT   0.64591114721971765     
 FERMI ENERGY AT   0.64354604068547705     
 CONSTANT ENERGY   -21.994205368929343        2.1010771773478588E-002
 FERMI ENERGY AT   0.64563986731232537     
 FERMI ENERGY AT   0.64348121048382234     
 CONSTANT ENERGY   -21.995032468129910        2.0517706113360713E-002
 FERMI ENERGY AT   0.64538543480608501     
 FERMI ENERGY AT   0.64342845065014409     
 CONSTANT ENERGY   -21.995804877378845        2.0055147224629970E-002
 FERMI ENERGY AT   0.64515077983734614     
 FERMI ENERGY AT   0.64339606081312894     
 CONSTANT ENERGY   -21.996538702944314        1.9612875722276497E-002
 FERMI ENERGY AT   0.64493624070072242     
 FERMI ENERGY AT   0.64341088500535126     
 CONSTANT ENERGY   -21.997240921351295        1.9181350390979155E-002
 FERMI ENERGY AT   0.64474272791810361     
 FERMI ENERGY AT   0.64347487986965457     
 CONSTANT ENERGY   -21.997918650371961        1.8753100607521139E-002
 FERMI ENERGY AT   0.64457318282054665     
 FERMI ENERGY AT   0.64358111904719539     
 CONSTANT ENERGY   -21.998559938102055        1.8319748776497429E-002
 FERMI ENERGY AT   0.64443185108101264     
 FERMI ENERGY AT   0.64363447776365190     
 CONSTANT ENERGY   -21.999209807251194        1.7878448496057818E-002
 FERMI ENERGY AT   0.64431521994984042     
 FERMI ENERGY AT   0.64366675150067099     
 CONSTANT ENERGY   -21.999861120466075        1.7426188354124142E-002
 FERMI ENERGY AT   0.64421824343041889     
 FERMI ENERGY AT   0.64367974937292238     
 CONSTANT ENERGY   -22.000507000545813        1.6964224314435485E-002
 FERMI ENERGY AT   0.64413740461592461     
 FERMI ENERGY AT   0.64366817531004883     
 CONSTANT ENERGY   -22.001144391291906        1.6497351403106271E-002
 FERMI ENERGY AT   0.64406849736661986     
 FERMI ENERGY AT   0.64362052219779364     
 CONSTANT ENERGY   -22.001766746204254        1.6034367509231831E-002
 FERMI ENERGY AT   0.64400598013261934     
 FERMI ENERGY AT   0.64356642775940009     
 CONSTANT ENERGY   -22.002359966562445        1.5585061144230399E-002
 FERMI ENERGY AT   0.64394813286999064     
 FERMI ENERGY AT   0.64351855589407869     
 CONSTANT ENERGY   -22.002913122791774        1.5161423754329249E-002
 FERMI ENERGY AT   0.64389398492699490     
 FERMI ENERGY AT   0.64347850237291904     
 CONSTANT ENERGY   -22.003418017932546        1.4773298205713077E-002
 FERMI ENERGY AT   0.64384304558319194     
 FERMI ENERGY AT   0.64344943769553320     
 CONSTANT ENERGY   -22.003866508638581        1.4426386356930540E-002
 FERMI ENERGY AT   0.64379504366511797     
 FERMI ENERGY AT   0.64342368756806601     
 CONSTANT ENERGY   -22.004258108234026        1.4123355508879965E-002
 FERMI ENERGY AT   0.64374999321308224     
 FERMI ENERGY AT   0.64339923471558025     
 CONSTANT ENERGY   -22.004598387416536        1.3861983684838403E-002
 FERMI ENERGY AT   0.64370786881883191     
 FERMI ENERGY AT   0.64337877621563222     
 CONSTANT ENERGY   -22.004895989172720        1.3636284078797514E-002
 FERMI ENERGY AT   0.64366841296536281     
 FERMI ENERGY AT   0.64336865431397672     
 CONSTANT ENERGY   -22.005162375669329        1.3436889190184972E-002
 FERMI ENERGY AT   0.64363139094703337     
 FERMI ENERGY AT   0.64335950521805096     
 CONSTANT ENERGY   -22.005410502221832        1.3251993795940433E-002
 FERMI ENERGY AT   0.64359665576272340     
 FERMI ENERGY AT   0.64334807007552819     
 CONSTANT ENERGY   -22.005654699962033        1.3068230277651242E-002
 FERMI ENERGY AT   0.64356435297726045     
 FERMI ENERGY AT   0.64333442555722076     
 CONSTANT ENERGY   -22.005910571924424        1.2870994323927182E-002
 FERMI ENERGY AT   0.64353403426410372     
 FERMI ENERGY AT   0.64331759381354614     
 CONSTANT ENERGY   -22.006202619967592        1.2636817264142081E-002
 FERMI ENERGY AT   0.64350518004731583     
 FERMI ENERGY AT   0.64329439520545295     
 CONSTANT ENERGY   -22.006546560598771        1.2350603153824156E-002
 FERMI ENERGY AT   0.64347805865003049     
 FERMI ENERGY AT   0.64327180508617865     
 CONSTANT ENERGY   -22.006938497304656        1.2016674432322001E-002
 FERMI ENERGY AT   0.64345241461584224     
 FERMI ENERGY AT   0.64325588444379622     
 CONSTANT ENERGY   -22.007363175728010        1.1641791483520250E-002
 FERMI ENERGY AT   0.64342978392570838     
 FERMI ENERGY AT   0.64324673356118900     
 CONSTANT ENERGY   -22.007825116920870        1.1237424138812274E-002
 FERMI ENERGY AT   0.64341142858925549     
 FERMI ENERGY AT   0.64324189331935444     
 CONSTANT ENERGY   -22.008311313818979        1.0811691201818203E-002
 FERMI ENERGY AT   0.64339697949542729     
 FERMI ENERGY AT   0.64324259042744714     
 CONSTANT ENERGY   -22.008813392192405        1.0372697435053134E-002
 FERMI ENERGY AT   0.64338464320287925     
 FERMI ENERGY AT   0.64324778916501701     
 CONSTANT ENERGY   -22.009319108358046        9.9296741611218306E-003
 FERMI ENERGY AT   0.64337421787786997     
 FERMI ENERGY AT   0.64325646533491665     
 CONSTANT ENERGY   -22.009814265693997        9.4944298552021474E-003
WRITING : HEADER
WRITING : TIMESTEP
WRITING : ATOMS
WRITING : CELL
WRITING : OCCUPATIONS
WRITING : WAVES
WRITING : ENDOFFILE
 FERMI ENERGY AT   0.64336521581893658     
 FERMI ENERGY AT   0.64326362115661817     
 CONSTANT ENERGY   -22.010296659708594        9.0701486083980057E-003
 FERMI ENERGY AT   0.64335678545123620     
 FERMI ENERGY AT   0.64326923723674900     
 CONSTANT ENERGY   -22.010758896619386        8.6608776136151353E-003
 FERMI ENERGY AT   0.64334893038461893     
 FERMI ENERGY AT   0.64327996066738713     
 CONSTANT ENERGY   -22.011197826843638        8.2696222936499593E-003
 FERMI ENERGY AT   0.64334164340149358     
 FERMI ENERGY AT   0.64328026471618449     
 CONSTANT ENERGY   -22.011611814582110        7.8985330900648645E-003
 FERMI ENERGY AT   0.64333478898333119     
 FERMI ENERGY AT   0.64329667861438478     
 CONSTANT ENERGY   -22.011999748401919        7.5492458613608624E-003
 FERMI ENERGY AT   0.64332944884996979     
 FERMI ENERGY AT   0.64332150629083917     
 CONSTANT ENERGY   -22.012361427924937        7.2225588231639003E-003
 FERMI ENERGY AT   0.64332561551345380     
 FERMI ENERGY AT   0.64334948367365341     
 CONSTANT ENERGY   -22.012697418767480        6.9186634810362024E-003
 FERMI ENERGY AT   0.64332342927852038     
 FERMI ENERGY AT   0.64337406694339805     
 CONSTANT ENERGY   -22.013008988133635        6.6371431214051028E-003
 FERMI ENERGY AT   0.64332295936031203     
 FERMI ENERGY AT   0.64339651084919292     
 CONSTANT ENERGY   -22.013298615167514        6.3769810694336501E-003
 FERMI ENERGY AT   0.64332424744676431     
 FERMI ENERGY AT   0.64341605949942349     
 CONSTANT ENERGY   -22.013568222237662        6.1367185659178605E-003
 FERMI ENERGY AT   0.64332709454475168     
 FERMI ENERGY AT   0.64343137846782583     
 CONSTANT ENERGY   -22.013819545548991        5.9146455978181783E-003
 FERMI ENERGY AT   0.64333118640583453     
 FERMI ENERGY AT   0.64344150139176204     
 CONSTANT ENERGY   -22.014054704416161        5.7088208036601834E-003
 FERMI ENERGY AT   0.64333619776206930     
 FERMI ENERGY AT   0.64344671266613773     
 CONSTANT ENERGY   -22.014275827141375        5.5171643020213816E-003
 FERMI ENERGY AT   0.64334191136609098     
 FERMI ENERGY AT   0.64344817148727940     
 CONSTANT ENERGY   -22.014484957921798        5.3374737687103910E-003
 FERMI ENERGY AT   0.64334844685964299     
 FERMI ENERGY AT   0.64344768743112946     
 CONSTANT ENERGY   -22.014684065408783        5.1673697792556615E-003
 FERMI ENERGY AT   0.64335691051877364     
 FERMI ENERGY AT   0.64344688120409332     
 CONSTANT ENERGY   -22.014875140240754        5.0040775361379708E-003
 FERMI ENERGY AT   0.64337274774836561     
 FERMI ENERGY AT   0.64344371942938261     
 CONSTANT ENERGY   -22.015060659309313        4.8430042817223778E-003
 FERMI ENERGY AT   0.64338593036560265     
 FERMI ENERGY AT   0.64345183088436664     
 CONSTANT ENERGY   -22.015244790928890        4.6846868673526693E-003
 FERMI ENERGY AT   0.64339627778199782     
 FERMI ENERGY AT   0.64346283657310532     
 CONSTANT ENERGY   -22.015427376867201        4.5280349893835250E-003
 FERMI ENERGY AT   0.64340582613821562     
 FERMI ENERGY AT   0.64347930510164320     
 CONSTANT ENERGY   -22.015609271836649        4.3707239337797184E-003
 FERMI ENERGY AT   0.64341551581453127     
 FERMI ENERGY AT   0.64349507495353819     
 CONSTANT ENERGY   -22.015791145288397        4.2121378126343464E-003
 FERMI ENERGY AT   0.64342557684021962     
 FERMI ENERGY AT   0.64351326837881317     
 CONSTANT ENERGY   -22.015972615347515        4.0529286774923581E-003
 FERMI ENERGY AT   0.64343631186622285     
 FERMI ENERGY AT   0.64352965779997395     
 CONSTANT ENERGY   -22.016152520923050        3.8946318257173235E-003
 FERMI ENERGY AT   0.64344753534141474     
 FERMI ENERGY AT   0.64354185579495515     
 CONSTANT ENERGY   -22.016328779445519        3.7394130329353216E-003
 FERMI ENERGY AT   0.64345877356584535     
 FERMI ENERGY AT   0.64354882012392600     
 CONSTANT ENERGY   -22.016499139090303        3.5894546349744586E-003
 FERMI ENERGY AT   0.64346940238519146     
 FERMI ENERGY AT   0.64354905424560305     
 CONSTANT ENERGY   -22.016661661848410        3.4465377601148629E-003
 FERMI ENERGY AT   0.64347877029113854     
 FERMI ENERGY AT   0.64354327294848934     
 CONSTANT ENERGY   -22.016815006582682        3.3117935730019111E-003
 FERMI ENERGY AT   0.64348630179465316     
 FERMI ENERGY AT   0.64353249195994233     
 CONSTANT ENERGY   -22.016958522590880        3.1856513193585655E-003
 FERMI ENERGY AT   0.64349157450250205     
 FERMI ENERGY AT   0.64351848935536216     
 CONSTANT ENERGY   -22.017092207105215        3.0679399560552363E-003
 FERMI ENERGY AT   0.64349431819952330     
 FERMI ENERGY AT   0.64350193409281009     
 CONSTANT ENERGY   -22.017216784821574        2.9580997068126232E-003
 FERMI ENERGY AT   0.64349488662588827     
 FERMI ENERGY AT   0.64348962352610395     
 CONSTANT ENERGY   -22.017335748279010        2.8555244739156211E-003
 FERMI ENERGY AT   0.64349405776673629     
 FERMI ENERGY AT   0.64347811609494987     
 CONSTANT ENERGY   -22.017447547169176        2.7588625455756558E-003
 FERMI ENERGY AT   0.64349221618595576     
 FERMI ENERGY AT   0.64346941250726808     
 CONSTANT ENERGY   -22.017553010565326        2.6674273651841624E-003
 FERMI ENERGY AT   0.64348978883459906     
 FERMI ENERGY AT   0.64346377842975833     
 CONSTANT ENERGY   -22.017652922360707        2.5806798554163040E-003
 FERMI ENERGY AT   0.64348715459541628     
 FERMI ENERGY AT   0.64346095165438233     
 CONSTANT ENERGY   -22.017747984615241        2.4982407625824127E-003
 FERMI ENERGY AT   0.64348460287015619     
 FERMI ENERGY AT   0.64346029539986127     
 CONSTANT ENERGY   -22.017838806844221        2.4198476721451951E-003
 FERMI ENERGY AT   0.64348230606030354     
 FERMI ENERGY AT   0.64346097326420959     
 CONSTANT ENERGY   -22.017925923142435        2.3452811265125620E-003
 FERMI ENERGY AT   0.64348048384102241     
 FERMI ENERGY AT   0.64346633568991041     
 CONSTANT ENERGY   -22.018009785298290        2.2742993839670812E-003
 FERMI ENERGY AT   0.64347902424784365     
 FERMI ENERGY AT   0.64346240303060909     
 CONSTANT ENERGY   -22.018090921686348        2.2065511530009576E-003
 FERMI ENERGY AT   0.64347735110167459     
 FERMI ENERGY AT   0.64346216656361077     
 CONSTANT ENERGY   -22.018169683919325        2.1416301541410570E-003
 FERMI ENERGY AT   0.64347567225411539     
 FERMI ENERGY AT   0.64346142716340948     
 CONSTANT ENERGY   -22.018246515820188        2.0790262280062548E-003
 FERMI ENERGY AT   0.64347391571632939     
 FERMI ENERGY AT   0.64346042452504026     
 CONSTANT ENERGY   -22.018321871631461        2.0182002307129942E-003
 FERMI ENERGY AT   0.64347206178035155     
 FERMI ENERGY AT   0.64345847039362858     
 CONSTANT ENERGY   -22.018396149745023        1.9586719120186806E-003
 FERMI ENERGY AT   0.64347007303331882     
 FERMI ENERGY AT   0.64345587212617517     
 CONSTANT ENERGY   -22.018469714511504        1.9000255215440073E-003
 FERMI ENERGY AT   0.64346800176582353     
 FERMI ENERGY AT   0.64345413320777800     
 CONSTANT ENERGY   -22.018542834358989        1.8419684983766872E-003
 FERMI ENERGY AT   0.64346584510972282     
 FERMI ENERGY AT   0.64344876382144878     
 CONSTANT ENERGY   -22.018615692448609        1.7843464229611130E-003
 FERMI ENERGY AT   0.64346346564224022     
 FERMI ENERGY AT   0.64344429012836091     
 CONSTANT ENERGY   -22.018688273177091        1.7271709420393720E-003
 FERMI ENERGY AT   0.64346096651591178     
 FERMI ENERGY AT   0.64343877850446407     
 CONSTANT ENERGY   -22.018760445578554        1.6705923603387378E-003
 FERMI ENERGY AT   0.64345830202210941     
 FERMI ENERGY AT   0.64343206441062573     
 CONSTANT ENERGY   -22.018831934554559        1.6148843258381223E-003
 FERMI ENERGY AT   0.64345537259661034     
 FERMI ENERGY AT   0.64342365385605260     
 CONSTANT ENERGY   -22.018902361824129        1.5604030579197911E-003
WRITING : HEADER
WRITING : TIMESTEP
WRITING : ATOMS
WRITING : CELL
WRITING : OCCUPATIONS
WRITING : WAVES
WRITING : ENDOFFILE
 FERMI ENERGY AT   0.64345202895908871     
 FERMI ENERGY AT   0.64341335028802693     
 CONSTANT ENERGY   -22.018971291459753        1.5075365076415372E-003
 FERMI ENERGY AT   0.64344809529200719     
 FERMI ENERGY AT   0.64340079389005778     
 CONSTANT ENERGY   -22.019038279721286        1.4566492865040169E-003
 FERMI ENERGY AT   0.64344338135869072     
 FERMI ENERGY AT   0.64338595908241281     
 CONSTANT ENERGY   -22.019102928134298        1.4080314963662386E-003
 FERMI ENERGY AT   0.64343770737890882     
 FERMI ENERGY AT   0.64336940818294897     
 CONSTANT ENERGY   -22.019164910858638        1.3618649564093816E-003
 FERMI ENERGY AT   0.64343097626376877     
 FERMI ENERGY AT   0.64335194531628181     
 CONSTANT ENERGY   -22.019224006665713        1.3182055752584134E-003
 FERMI ENERGY AT   0.64342315637387482     
 FERMI ENERGY AT   0.64333395374221947     
 CONSTANT ENERGY   -22.019280102151551        1.2769893862895024E-003
 FERMI ENERGY AT   0.64341430554558843     
 FERMI ENERGY AT   0.64331647529809932     
 CONSTANT ENERGY   -22.019333193634225        1.2380540666072581E-003
 FERMI ENERGY AT   0.64340458429357239     
 FERMI ENERGY AT   0.64330058706593973     
 CONSTANT ENERGY   -22.019383366739319        1.2011708855148666E-003
 FERMI ENERGY AT   0.64339439170602819     
 FERMI ENERGY AT   0.64329118111280204     
 CONSTANT ENERGY   -22.019430766665529        1.1660818446096476E-003
 FERMI ENERGY AT   0.64338392516039389     
 FERMI ENERGY AT   0.64327549344577850     
 CONSTANT ENERGY   -22.019475713228520        1.1325032994486724E-003
 FERMI ENERGY AT   0.64337306662322458     
 FERMI ENERGY AT   0.64326772854670455     
 CONSTANT ENERGY   -22.019518384535697        1.1001907860167617E-003
 FERMI ENERGY AT   0.64336250161073660     
 FERMI ENERGY AT   0.64326395818942095     
 CONSTANT ENERGY   -22.019559058304733        1.0688988080647236E-003
 FERMI ENERGY AT   0.64335258562940045     
 FERMI ENERGY AT   0.64326374195073488     
 CONSTANT ENERGY   -22.019598091406877        1.0384031071129804E-003
 FERMI ENERGY AT   0.64334363271751083     
 FERMI ENERGY AT   0.64326667887180600     
 CONSTANT ENERGY   -22.019635789092458        1.0084963249832443E-003
 FERMI ENERGY AT   0.64333603783303583     
 FERMI ENERGY AT   0.64327668066022980     
 CONSTANT ENERGY   -22.019672432823022        9.7898724609111728E-004
 FERMI ENERGY AT   0.64332988121912305     
 FERMI ENERGY AT   0.64327942183695397     
 CONSTANT ENERGY   -22.019708406841200        9.4968065674486861E-004
 FERMI ENERGY AT   0.64332475957549295     
 FERMI ENERGY AT   0.64328766951034055     
 CONSTANT ENERGY   -22.019743888541100        9.2042477916008604E-004
 FERMI ENERGY AT   0.64332097043034675     
 FERMI ENERGY AT   0.64329650804838068     
 CONSTANT ENERGY   -22.019779108973825        8.9108659782240836E-004
 FERMI ENERGY AT   0.64331843472163330     
 FERMI ENERGY AT   0.64330530470883407     
 CONSTANT ENERGY   -22.019814205649254        8.6158242488836457E-004
 FERMI ENERGY AT   0.64331701699323440     
 FERMI ENERGY AT   0.64331351237176526     
 CONSTANT ENERGY   -22.019849241333620        8.3188699389805782E-004
 FERMI ENERGY AT   0.64331654108431402     
 FERMI ENERGY AT   0.64332070121580232     
 CONSTANT ENERGY   -22.019884201833296        8.0204156897192868E-004
 FERMI ENERGY AT   0.64331680751984410     
 FERMI ENERGY AT   0.64332658024117462     
 CONSTANT ENERGY   -22.019919000456781        7.7215571307229312E-004
 FERMI ENERGY AT   0.64331761111788455     
 FERMI ENERGY AT   0.64333100842453683     
 CONSTANT ENERGY   -22.019953488655652        7.4240152124558701E-004
 FERMI ENERGY AT   0.64331893537003659     
 FERMI ENERGY AT   0.64333849543919575     
 CONSTANT ENERGY   -22.019987442547375        7.1300332186654723E-004
 FERMI ENERGY AT   0.64332053749611762     
 FERMI ENERGY AT   0.64333496261761114     
 CONSTANT ENERGY   -22.020020735886142        6.8420435267496876E-004
 FERMI ENERGY AT   0.64332177957064773     
 FERMI ENERGY AT   0.64333510469364263     
 CONSTANT ENERGY   -22.020053058282251        6.5627025456175972E-004
 FERMI ENERGY AT   0.64332292124916923     
 FERMI ENERGY AT   0.64333480520367747     
 CONSTANT ENERGY   -22.020084232475831        6.2944055506768148E-004
 FERMI ENERGY AT   0.64332393243177977     
 FERMI ENERGY AT   0.64333413968212139     
 CONSTANT ENERGY   -22.020114082043477        6.0391954233969493E-004
 FERMI ENERGY AT   0.64332481843049028     
 FERMI ENERGY AT   0.64333348127180401     
 CONSTANT ENERGY   -22.020142471578755        5.7985845265980888E-004
 FERMI ENERGY AT   0.64332560624003998     
 FERMI ENERGY AT   0.64333341412259593     
 CONSTANT ENERGY   -22.020169313395424        5.5734656625377847E-004
 FERMI ENERGY AT   0.64332631041256649     
 FERMI ENERGY AT   0.64333297416819524     
 CONSTANT ENERGY   -22.020194573768357        5.3640903267392537E-004
 FERMI ENERGY AT   0.64332696729533534     
 FERMI ENERGY AT   0.64333378754651704     
 CONSTANT ENERGY   -22.020218255888548        5.1701267145411655E-004
 FERMI ENERGY AT   0.64332764652044983     
 FERMI ENERGY AT   0.64333421519778622     
 CONSTANT ENERGY   -22.020240429475468        4.9907281174283108E-004
 FERMI ENERGY AT   0.64332830382100559     
 FERMI ENERGY AT   0.64333442938647389     
 CONSTANT ENERGY   -22.020261192294612        4.8246843837804697E-004
 FERMI ENERGY AT   0.64332891368067402     
 FERMI ENERGY AT   0.64333429992529123     
 CONSTANT ENERGY   -22.020280677989383        4.6705491672575954E-004
 FERMI ENERGY AT   0.64332943813055188     
 FERMI ENERGY AT   0.64333369487454661     
 CONSTANT ENERGY   -22.020299042693757        4.5267742011399656E-004
 FERMI ENERGY AT   0.64332983835448176     
 FERMI ENERGY AT   0.64333272082913173     
 CONSTANT ENERGY   -22.020316453177912        4.3918183895256169E-004
 FERMI ENERGY AT   0.64333007683528654     
 FERMI ENERGY AT   0.64333095909249960     
 CONSTANT ENERGY   -22.020333077804377        4.2642218219750917E-004
 FERMI ENERGY AT   0.64333012176839444     
 FERMI ENERGY AT   0.64332935287629611     
 CONSTANT ENERGY   -22.020349070997568        4.1426514020665665E-004
 FERMI ENERGY AT   0.64332997312968587     
 FERMI ENERGY AT   0.64332722590280467     
 CONSTANT ENERGY   -22.020364569398932        4.0259131504357738E-004
 FERMI ENERGY AT   0.64332964278940807     
 FERMI ENERGY AT   0.64332553661636860     
 CONSTANT ENERGY   -22.020379683397131        3.9129546446403424E-004
 FERMI ENERGY AT   0.64332915586770312     
 FERMI ENERGY AT   0.64332374517741342     
 CONSTANT ENERGY   -22.020394494538831        3.8028631192763061E-004
 FERMI ENERGY AT   0.64332854313124210     
 FERMI ENERGY AT   0.64332206923132584     
 CONSTANT ENERGY   -22.020409055425240        3.6948692003234104E-004
 FERMI ENERGY AT   0.64332783173325969     
 FERMI ENERGY AT   0.64332042643983678     
 CONSTANT ENERGY   -22.020423392202090        3.5883573479700845E-004
 FERMI ENERGY AT   0.64332687109835751     
 FERMI ENERGY AT   0.64331447939047082     
 CONSTANT ENERGY   -22.020437536312027        3.4828620739072206E-004
 FERMI ENERGY AT   0.64332572057408588     
 FERMI ENERGY AT   0.64331717796424093     
 CONSTANT ENERGY   -22.020451395101748        3.3781486231820699E-004
 FERMI ENERGY AT   0.64332482837078586     
 FERMI ENERGY AT   0.64331500344068004     
 CONSTANT ENERGY   -22.020465025264386        3.2740673968550450E-004
 FERMI ENERGY AT   0.64332381371548109     
 FERMI ENERGY AT   0.64331186536594109     
 CONSTANT ENERGY   -22.020478374304943        3.1706510870151318E-004
 FERMI ENERGY AT   0.64332259184811924     
 FERMI ENERGY AT   0.64330769065629723     
 CONSTANT ENERGY   -22.020491416012991        3.0680183085788400E-004
 FERMI ENERGY AT   0.64332106007492940     
 FERMI ENERGY AT   0.64330210131496002     
 CONSTANT ENERGY   -22.020504130228289        2.9663338149384989E-004
WRITING : HEADER
WRITING : TIMESTEP
WRITING : ATOMS
WRITING : CELL
WRITING : OCCUPATIONS
WRITING : WAVES
WRITING : ENDOFFILE
 FERMI ENERGY AT   0.64331914789559363     
 FERMI ENERGY AT   0.64329636693818359     
 CONSTANT ENERGY   -22.020516493369886        2.8657701647631097E-004
 FERMI ENERGY AT   0.64331684796909250     
 FERMI ENERGY AT   0.64328996843439779     
 CONSTANT ENERGY   -22.020528500967227        2.7664695340076748E-004
 FERMI ENERGY AT   0.64331412465669502     
 FERMI ENERGY AT   0.64328339810139290     
 CONSTANT ENERGY   -22.020540144940700        2.6685446854531557E-004
 FERMI ENERGY AT   0.64331101311201888     
 FERMI ENERGY AT   0.64327721597353937     
 CONSTANT ENERGY   -22.020551423084996        2.5720879319746993E-004
 FERMI ENERGY AT   0.64330759116381575     
 FERMI ENERGY AT   0.64327180703496500     
 CONSTANT ENERGY   -22.020562333702056        2.4771871984403574E-004
 FERMI ENERGY AT   0.64330396886456620     
 FERMI ENERGY AT   0.64326747773079862     
 CONSTANT ENERGY   -22.020572877357129        2.3839814937161622E-004
 FERMI ENERGY AT   0.64330027609613327     
 FERMI ENERGY AT   0.64326421604369610     
 CONSTANT ENERGY   -22.020583056397335        2.2926824896490758E-004
 FERMI ENERGY AT   0.64329664712568235     
 FERMI ENERGY AT   0.64326258506272638     
 CONSTANT ENERGY   -22.020592874118488        2.2035795672199261E-004
 FERMI ENERGY AT   0.64329320324535555     
 FERMI ENERGY AT   0.64326187713454652     
 CONSTANT ENERGY   -22.020602335799161        2.1170388788232134E-004
 FERMI ENERGY AT   0.64329003817801134     
 FERMI ENERGY AT   0.64326200532998501     
 CONSTANT ENERGY   -22.020611449927582        2.0334850100475293E-004
 FERMI ENERGY AT   0.64328720843192044     
 FERMI ENERGY AT   0.64326262696625558     
 CONSTANT ENERGY   -22.020620229284777        1.9533678602069672E-004
 FERMI ENERGY AT   0.64328460664716425     
 FERMI ENERGY AT   0.64325994542167753     
 CONSTANT ENERGY   -22.020628711218972        1.8771127673440787E-004
 FERMI ENERGY AT   0.64328225694601182     
 FERMI ENERGY AT   0.64326444965517937     
 CONSTANT ENERGY   -22.020636859665842        1.8051014078781212E-004
 FERMI ENERGY AT   0.64328046533041283     
 FERMI ENERGY AT   0.64326501440409734     
 CONSTANT ENERGY   -22.020644758352937        1.7375680020667017E-004
 FERMI ENERGY AT   0.64327891179184127     
 FERMI ENERGY AT   0.64326491688892917     
 CONSTANT ENERGY   -22.020652416217505        1.6746141076911741E-004
 FERMI ENERGY AT   0.64327750450501908     
 FERMI ENERGY AT   0.64326413898069867     
 CONSTANT ENERGY   -22.020659860640158        1.6161607958166510E-004
 FERMI ENERGY AT   0.64327615919035575     
 FERMI ENERGY AT   0.64326279839685541     
 CONSTANT ENERGY   -22.020667115759395        1.5619518398418371E-004
 FERMI ENERGY AT   0.64327487012018159     
 FERMI ENERGY AT   0.64326263380310067     
 CONSTANT ENERGY   -22.020674190642463        1.5115779322805726E-004
 FERMI ENERGY AT   0.64327358063784290     
 FERMI ENERGY AT   0.64325911614041820     
 CONSTANT ENERGY   -22.020681123251350        1.4645077715257613E-004
 FERMI ENERGY AT   0.64327228421030802     
 FERMI ENERGY AT   0.64326171404872245     
 CONSTANT ENERGY   -22.020687861063859        1.4201748983542144E-004
 FERMI ENERGY AT   0.64327105854237143     
 FERMI ENERGY AT   0.64325535257652189     
 CONSTANT ENERGY   -22.020694483809891        1.3779869417958966E-004
 FERMI ENERGY AT   0.64326946784914218     
 FERMI ENERGY AT   0.64325405597241192     
 CONSTANT ENERGY   -22.020700896346234        1.3374564696625778E-004
 FERMI ENERGY AT   0.64326785440740653     
 FERMI ENERGY AT   0.64325214540801112     
 CONSTANT ENERGY   -22.020707108557094        1.2981816756618529E-004
 FERMI ENERGY AT   0.64326631106682508     
 FERMI ENERGY AT   0.64325383455605833     
 CONSTANT ENERGY   -22.020713067092696        1.2599090555439463E-004
 FERMI ENERGY AT   0.64326504616346947     
 FERMI ENERGY AT   0.64325438467477469     
 CONSTANT ENERGY   -22.020718765923327        1.2225130703018240E-004
 FERMI ENERGY AT   0.64326391056467336     
 FERMI ENERGY AT   0.64325347545970368     
 CONSTANT ENERGY   -22.020724179832389        1.1859953477148634E-004
 FERMI ENERGY AT   0.64326292091758952     
 FERMI ENERGY AT   0.64325628489597741     
 CONSTANT ENERGY   -22.020729250145795        1.1504566793142159E-004
 FERMI ENERGY AT   0.64326206761820137     
 FERMI ENERGY AT   0.64325191845957275     
 CONSTANT ENERGY   -22.020734022709526        1.1160307295247367E-004
 FERMI ENERGY AT   0.64326120898968220     
 FERMI ENERGY AT   0.64325710272413161     
 CONSTANT ENERGY   -22.020738392434122        1.0828947460504585E-004
 FERMI ENERGY AT   0.64326079367259492     
 FERMI ENERGY AT   0.64325674038981884     
 CONSTANT ENERGY   -22.020742445670770        1.0511684369354443E-004
 FERMI ENERGY AT   0.64326022433750829     
 FERMI ENERGY AT   0.64325145508532477     
 CONSTANT ENERGY   -22.020746191235709        1.0209405307523965E-004
 FERMI ENERGY AT   0.64325948845299208     
 FERMI ENERGY AT   0.64325476607343257     
 CONSTANT ENERGY   -22.020749573615326        9.9225057484286224E-005
 FERMI ENERGY AT   0.64325901272162445     
 FERMI ENERGY AT   0.64325363360990673     
 CONSTANT ENERGY   -22.020752695623269        9.6505117591468801E-005
 FERMI ENERGY AT   0.64325847071883868     
 FERMI ENERGY AT   0.64325261350799945     
 CONSTANT ENERGY   -22.020755566001096        9.3926066793499912E-005
 FERMI ENERGY AT   0.64325791001233878     
 FERMI ENERGY AT   0.64325280945547036     
 CONSTANT ENERGY   -22.020758217195155        9.1476160781903419E-005
 FERMI ENERGY AT   0.64325736633271757     
 FERMI ENERGY AT   0.64325179773320407     
 CONSTANT ENERGY   -22.020760703242125        8.9142244295981239E-005
 FERMI ENERGY AT   0.64325681738274976     
 FERMI ENERGY AT   0.64325272622838958     
 CONSTANT ENERGY   -22.020763049439061        8.6912299021678048E-005
 FERMI ENERGY AT   0.64325640163597364     
 FERMI ENERGY AT   0.64325435606593406     
 CONSTANT ENERGY   -22.020765299381260        8.4776041261923988E-005
 FERMI ENERGY AT   0.64325619041107240     
 FERMI ENERGY AT   0.64325668142116743     
 CONSTANT ENERGY   -22.020767489718299        8.2725671580916358E-005
 FERMI ENERGY AT   0.64325623312877678     
 FERMI ENERGY AT   0.64325943064617785     
 CONSTANT ENERGY   -22.020769653967193        8.0755437639150893E-005
 FERMI ENERGY AT   0.64325671969810194     
 FERMI ENERGY AT   0.64326680565524064     
 CONSTANT ENERGY   -22.020771794229614        7.8860919465299702E-005
 FERMI ENERGY AT   0.64325756788725086     
 FERMI ENERGY AT   0.64326416232532679     
 CONSTANT ENERGY   -22.020774017118644        7.7036298792503949E-005
 FERMI ENERGY AT   0.64325829156844294     
 FERMI ENERGY AT   0.64326744865536400     
 CONSTANT ENERGY   -22.020776250335615        7.5275953937106296E-005
 FERMI ENERGY AT   0.64325914252769778     
 FERMI ENERGY AT   0.64326635154378420     
 CONSTANT ENERGY   -22.020778566817455        7.3570069533989720E-005
 FERMI ENERGY AT   0.64325987409859697     
 FERMI ENERGY AT   0.64326691758180543     
 CONSTANT ENERGY   -22.020780940034960        7.1906713519454403E-005
 FERMI ENERGY AT   0.64326056507738116     
 FERMI ENERGY AT   0.64326636409144744     
 CONSTANT ENERGY   -22.020783388098284        7.0270643593744911E-005
 FERMI ENERGY AT   0.64326114383020816     
 FERMI ENERGY AT   0.64326592250774728     
 CONSTANT ENERGY   -22.020785900081091        6.8645032641507394E-005
 FERMI ENERGY AT   0.64326162080698124     
 FERMI ENERGY AT   0.64326541020249606     
 CONSTANT ENERGY   -22.020788467447979        6.7012736330872741E-005
 FERMI ENERGY AT   0.64326199886947544     
 FERMI ENERGY AT   0.64326505181731242     
 CONSTANT ENERGY   -22.020791074653989        6.5358276665688792E-005
 FERMI ENERGY AT   0.64326229448326944     
 FERMI ENERGY AT   0.64326468020153782     
 CONSTANT ENERGY   -22.020793702201090        6.3669682718372927E-005
WRITING : HEADER
WRITING : TIMESTEP
WRITING : ATOMS
WRITING : CELL
WRITING : OCCUPATIONS
WRITING : WAVES
WRITING : ENDOFFILE
 FERMI ENERGY AT   0.64326265160163065     
 FERMI ENERGY AT   0.64326774465909942     
 CONSTANT ENERGY   -22.020796308892230        6.1940175164175922E-005
 FERMI ENERGY AT   0.64326305101735537     
 FERMI ENERGY AT   0.64326418026934351     
 CONSTANT ENERGY   -22.020798927991464        6.0168176446826900E-005
 FERMI ENERGY AT   0.64326316157980967     
 FERMI ENERGY AT   0.64326394882716575     
 CONSTANT ENERGY   -22.020801480160067        5.8359278939437589E-005
 FERMI ENERGY AT   0.64326323754436310     
 FERMI ENERGY AT   0.64326382827515027     
 CONSTANT ENERGY   -22.020803962415020        5.6523928058891158E-005
 FERMI ENERGY AT   0.64326329358932000     
 FERMI ENERGY AT   0.64326372149795952     
 CONSTANT ENERGY   -22.020806356036061        5.4677163597383502E-005
 FERMI ENERGY AT   0.64326333325299156     
 FERMI ENERGY AT   0.64326349332351984     
 CONSTANT ENERGY   -22.020808646067568        5.2836894280471622E-005
 FERMI ENERGY AT   0.64326334828664600     
 FERMI ENERGY AT   0.64326309880465182     
 CONSTANT ENERGY   -22.020810821897015        5.1022154229484043E-005
 FERMI ENERGY AT   0.64326332053578206     
 FERMI ENERGY AT   0.64326239811633390     
 CONSTANT ENERGY   -22.020812877466749        4.9251385476537022E-005
 FERMI ENERGY AT   0.64326322585753870     
 FERMI ENERGY AT   0.64326137948762585     
 CONSTANT ENERGY   -22.020814811126787        4.7540942227347965E-005
 FERMI ENERGY AT   0.64326303921825889     
 FERMI ENERGY AT   0.64326006192298835     
 CONSTANT ENERGY   -22.020816625180167        4.5903973932809960E-005
 FERMI ENERGY AT   0.64326273992905136     
 FERMI ENERGY AT   0.64325851223147412     
 CONSTANT ENERGY   -22.020818325209298        4.4349791190237856E-005
 FERMI ENERGY AT   0.64326231599813521     
 FERMI ENERGY AT   0.64325683241079523     
 CONSTANT ENERGY   -22.020819919268245        4.2883749385483357E-005
 FERMI ENERGY AT   0.64326186045498945     
 FERMI ENERGY AT   0.64325758743258210     
Note: The following floating-point exceptions are signalling: IEEE_UNDERFLOW_FLAG IEEE_DENORMAL
STOP NORMAL STOP IN MPE__STOPALL
 CONSTANT ENERGY   -22.020821402338292        4.1507664040328218E-005
 FERMI ENERGY AT   0.64326135069690549     
 FERMI ENERGY AT   0.64325319552045657     
 CONSTANT ENERGY   -22.020822828794856        4.0220154881920228E-005
 FERMI ENERGY AT   0.64326053466622835     
 FERMI ENERGY AT   0.64325172808144315     
 CONSTANT ENERGY   -22.020824165807703        3.9018293165596059E-005
 FERMI ENERGY AT   0.64325981658038167     
 FERMI ENERGY AT   0.64325506752251360     
 CONSTANT ENERGY   -22.020825409313737        3.7897598155888041E-005
 FERMI ENERGY AT   0.64325917615678641     
 FERMI ENERGY AT   0.64324863930505105     
 CONSTANT ENERGY   -22.020826654404729        3.6852635590888696E-005
 FERMI ENERGY AT   0.64325812194070842     
 FERMI ENERGY AT   0.64324771201583519     
 CONSTANT ENERGY   -22.020827824279728        3.5878560337093996E-005
 FERMI ENERGY AT   0.64325706672336924     
 FERMI ENERGY AT   0.64324702959702951     
 CONSTANT ENERGY   -22.020828954009897        3.4969662383215386E-005
 FERMI ENERGY AT   0.64325606246559153     
 FERMI ENERGY AT   0.64324691118344579     
 CONSTANT ENERGY   -22.020830049039787        3.4120235612354841E-005
 FERMI ENERGY AT   0.64325514684717311     
 FERMI ENERGY AT   0.64324706556703792     
 CONSTANT ENERGY   -22.020831113340805        3.3324292008504577E-005
 FERMI ENERGY AT   0.64325433832874268     
 FERMI ENERGY AT   0.64324730897135318     
 CONSTANT ENERGY   -22.020832149470994        3.2575521178995366E-005
 FERMI ENERGY AT   0.64325374635583776     
 FERMI ENERGY AT   0.64325040359891339     
 CONSTANT ENERGY   -22.020833141300024        3.1867347827110049E-005
 FERMI ENERGY AT   0.64325331187985757     
 FERMI ENERGY AT   0.64324698381500311     
 CONSTANT ENERGY   -22.020834141037234        3.1192980216892350E-005
 FERMI ENERGY AT   0.64325267912524275     
 FERMI ENERGY AT   0.64324631818414135     
 CONSTANT ENERGY   -22.020835096371449        3.0546229912459353E-005
 FERMI ENERGY AT   0.64325204321922602     
 FERMI ENERGY AT   0.64324553826205921     
 CONSTANT ENERGY   -22.020836023312960        2.9921007473220221E-005
 FERMI ENERGY AT   0.64325139301678536     
 FERMI ENERGY AT   0.64324475294806704     
 CONSTANT ENERGY   -22.020836920524488        2.9312249267456543E-005
WRITING : HEADER
WRITING : TIMESTEP
WRITING : ATOMS
WRITING : CELL
WRITING : OCCUPATIONS
WRITING : WAVES
WRITING : ENDOFFILE
 FERMI ENERGY AT   0.64325072936950434     
 FERMI ENERGY AT   0.64324408584040371     
 CONSTANT ENERGY   -22.020837786773690        2.8716073579456453E-005
NORMAL STOP: CALLING MPE__STOPALL TO CLOSE DOWN
