TRACE-PUSH(  1): LEVEL=    1 INTO MAIN
TRACE-MEM(  1): MAXMEM[MBYTE]=   0.00000 TIME20260907 132628.294
TRACE-PUSH(  1): LEVEL=    2 INTO PAW
TRACE-MEM(  1): MAXMEM[MBYTE]=   0.00000 TIME20260907 132628.294
TRACE-PUSH(  1): LEVEL=    3 INTO READIN
TRACE-MEM(  1): MAXMEM[MBYTE]=   0.00000 TIME20260907 132628.294
TRACE-PUSH(  1): LEVEL=    4 INTO READIN_FILES
TRACE-MEM(  1): MAXMEM[MBYTE]=   0.00000 TIME20260907 132628.295
TRACE-PUSH(  1): LEVEL=    5 INTO STANDARDFILES
TRACE-MEM(  1): MAXMEM[MBYTE]=   0.00000 TIME20260907 132628.295
TRACE-POP (  1): LEVEL=    5 FROM STANDARDFILES                   
TRACE-MEM(  1): MAXMEM[MBYTE]=   0.00000 TIME20260907 132628.295
TRACE-POP (  1): LEVEL=    4 FROM READIN_FILES                    
TRACE-MEM(  1): MAXMEM[MBYTE]=   0.00000 TIME20260907 132628.295
TRACE-PUSH(  1): LEVEL=    4 INTO READIN_GENERIC
TRACE-MEM(  1): MAXMEM[MBYTE]=   0.00000 TIME20260907 132628.295
 PAW_SETUPS.F90 A LAMBDA=   6.0000000000000000        6.0000000000000000        6.0000000000000000        6.0000000000000000     
================================================================================
===================  SETUP CONSTRUCTION FOR FE  ================================
================================================================================
 THIS%SETTING%SO= F
KEY: START,REL,NONSO,ZORA
RELATIVISTIC EFFECTS SWITCHED ON?     T
SPIN-ORBIT COUPLING SWITCHED ON?      F
ZORA SWITCHED ON?                     T
FOCK CONTRIBTION ON?                  F
START FROM SCRATCH?                    T
DOING SCF ITERATIONS FOR ATOM WITH Z=  26.00000
           1  AV(POT-POTIN)=   4.4229110866643060       MAX:(POT-POTIN)=   23977.764226356521                0 F
           2  AV(POT-POTIN)=   2.1600484783910665       MAX:(POT-POTIN)=   12959.745147272246                0 F
           3  AV(POT-POTIN)=   2.0666340552561890       MAX:(POT-POTIN)=   526.04687633272260                0 F
           4  AV(POT-POTIN)=   1.9569792805131856       MAX:(POT-POTIN)=   378.79662826168351                0 F
           5  AV(POT-POTIN)=  0.90795394534003371       MAX:(POT-POTIN)=   69.262384389992803                0 F
           6  AV(POT-POTIN)=  0.49872799753341124       MAX:(POT-POTIN)=   54.679951263125986                0 F
           7  AV(POT-POTIN)=   7.7256997375938954E-002  MAX:(POT-POTIN)=   21.526390051236376                0 F
           8  AV(POT-POTIN)=   2.4689031074649780E-002  MAX:(POT-POTIN)=   8.8337359088473022                0 F
           9  AV(POT-POTIN)=   1.8926523802576475E-002  MAX:(POT-POTIN)=   6.4941918936092407                0 F
          10  AV(POT-POTIN)=   1.0632900100832361E-002  MAX:(POT-POTIN)=  0.35845901235006750                0 F
          11  AV(POT-POTIN)=   4.4481552015931038E-003  MAX:(POT-POTIN)=  0.21074234205298126                0 F
          12  AV(POT-POTIN)=   2.5759199173337874E-003  MAX:(POT-POTIN)=   9.3759103678166866E-002           0 F
          13  AV(POT-POTIN)=   1.0516418828608518E-003  MAX:(POT-POTIN)=   3.3143575303256512E-002           0 F
          14  AV(POT-POTIN)=   2.7526588128831681E-004  MAX:(POT-POTIN)=   7.7363555319607258E-003           0 F
          15  AV(POT-POTIN)=   5.2737166264912103E-005  MAX:(POT-POTIN)=   1.8671241123229265E-003           0 F
          16  AV(POT-POTIN)=   2.7649631192073528E-005  MAX:(POT-POTIN)=   9.2230155132710934E-004           0 F
          17  AV(POT-POTIN)=   4.5073642394095216E-006  MAX:(POT-POTIN)=   1.1170059352301099E-004           0 F
          18  AV(POT-POTIN)=   1.3527087246045864E-006  MAX:(POT-POTIN)=   5.2534742280840874E-005           0 F
          19  AV(POT-POTIN)=   6.6616311351656304E-007  MAX:(POT-POTIN)=   2.5066547095775604E-005           0 F
          20  AV(POT-POTIN)=   8.3500821411180299E-008  MAX:(POT-POTIN)=   5.1846727728843689E-006           0 F
          21  AV(POT-POTIN)=   4.2123945836857964E-008  MAX:(POT-POTIN)=   2.3092143237590790E-006           0 F
          22  AV(POT-POTIN)=   3.4052004352599700E-008  MAX:(POT-POTIN)=   4.0053855627775192E-006           0 F
          23  AV(POT-POTIN)=   4.9770933243548328E-008  MAX:(POT-POTIN)=   2.6433262974023819E-006           0 F
          24  AV(POT-POTIN)=   1.0142446150072019E-008  MAX:(POT-POTIN)=   8.8592059910297394E-007           1 F
          25  AV(POT-POTIN)=   6.2015553248515351E-009  MAX:(POT-POTIN)=   3.9697624742984772E-007           0 F
          26  AV(POT-POTIN)=   1.0918051028208955E-008  MAX:(POT-POTIN)=   1.6328413039445877E-006           0 F
          27  AV(POT-POTIN)=   4.5513305818507632E-009  MAX:(POT-POTIN)=   8.2515180110931396E-007           1 F
          28  AV(POT-POTIN)=   7.5311301609672559E-009  MAX:(POT-POTIN)=   7.6717697083950043E-007           0 F
          29  AV(POT-POTIN)=   4.0945806266774970E-009  MAX:(POT-POTIN)=   4.5332126319408417E-007           1 F
          30  AV(POT-POTIN)=   8.4516452488533842E-009  MAX:(POT-POTIN)=   7.8976154327392578E-007           0 F
          31  AV(POT-POTIN)=   4.7134563831699025E-009  MAX:(POT-POTIN)=   4.9034133553504944E-007           1 F
          32  AV(POT-POTIN)=   5.2880338232326231E-009  MAX:(POT-POTIN)=   6.2678009271621704E-007           2 F
          33  AV(POT-POTIN)=   5.4245881494643427E-009  MAX:(POT-POTIN)=   5.8743171393871307E-007           3 F
          34  AV(POT-POTIN)=   6.6363069621310107E-009  MAX:(POT-POTIN)=   7.1851536631584167E-007           4 F
          35  AV(POT-POTIN)=   4.5680589748518206E-009  MAX:(POT-POTIN)=   5.2130781114101410E-007           5 F
===================ENERGY REPORT OF ATOMLIB__AESCF==============================
TOTAL ENERGY:................ -1277.33264409
KINETIC ENERGY:..............  1292.63376877
HARTREE ENERGY:.............. -2514.31011458
DFT XC ENERGY:...............     -55.656298
FINITE NUCLEUS:..............     0.00378772
.... CALCULATION USES FINITE NUCLEUS
.... DO NOT ADD FINITE NUCLEUS CORRECTION
... SELFCONSISTENCY OBTAINED
FINAL ONE-PARTICLE ENERGIES FROM AESCF  
  IB   L  SO         F#NODE                   E
   1   0   0      2.00    0            -259.355
   2   0   0      2.00    1             -30.160
   3   1   0      6.00    0             -25.694
   4   0   0      2.00    2              -3.455
   5   1   0      6.00    1              -2.206
   6   0   0      2.00    3              -0.194
   7   2   0      6.00    0              -0.276
 #ITERATIONS           36
========================================================
========= ALL-ELECTRON ATOM CALCULATION ================
========================================================
TOTAL ENERGY=            -1277.3326441
  IB   N   L  SO                   E         F#(REM. EL.
   1   1   0   0           -259.3549   2.00000  24.00000
   2   2   0   0            -30.1599   2.00000  22.00000
   3   2   1   0            -25.6942   6.00000  16.00000
   4   3   0   0             -3.4551   2.00000  14.00000
   5   3   1   0             -2.2061   6.00000   8.00000
--------- CORE ABOVE, VALENCE BELOW --------------------
   6   3   2   0             -0.2759   6.00000   2.00000
   7   4   0   0             -0.1944   2.00000   0.00000
========================================================
========================================================
 ISCATT=           0           0           0           1
 LOX=              0           1           2           2
 VFOCK%TON  F
=================== ENERGIES FOR ATOMIC WAVE FUNCTIONS =========================
=================== OLD: AE SCHRODINGER EQUATION           =====================
=================== NEW: NODELESS EQUATION                 =====================
=================== DIFFERENCE DUE TO RELATIVISTIC EFFECTS =====================
IB=  1 L= 0 E[NEW]=     -259.35488 E[OLD]=     -259.35488
IB=  2 L= 0 E[NEW]=      -30.15992 E[OLD]=      -30.15992
IB=  3 L= 1 E[NEW]=      -25.69417 E[OLD]=      -25.69417
IB=  4 L= 0 E[NEW]=       -3.45512 E[OLD]=       -3.45512
IB=  5 L= 1 E[NEW]=       -2.20615 E[OLD]=       -2.20615
IB=  6 L= 2 E[NEW]=       -0.27586 E[OLD]=       -0.27586
IB=  7 L= 0 E[NEW]=       -0.19441 E[OLD]=       -0.19441
=================== ENERGIES FOR PARTIAL-WAVE CONSTRUCTION======================
RBOX=  2.65318
LN= 1 L= 0 E=  -0.19441 RC= 1.658
LN= 2 L= 1 E=  -0.04840 RC= 1.658
LN= 3 L= 2 E=  -0.27586 RC= 1.658
LN= 4 L= 2 E=   1.09058 RC= 1.658
===================  TRANSU ====================================================
   1.0000000000   0.0000000000   0.0000000000   0.0000000000
   0.0000000000   1.0000000000   0.0000000000   0.0000000000
   0.0000000000   0.0000000000   1.0000000000   1.0000000000
   0.0000000000   0.0000000000   0.0000000000   1.3664370668
===================  TRANSU^(-1) ===============================================
   1.0000000000  -0.0000000000   0.0000000000  -0.0000000000
   0.0000000000   1.0000000000   0.0000000000  -0.0000000000
   0.0000000000   0.0000000000   1.0000000000  -0.7318302645
   0.0000000000   0.0000000000   0.0000000000   0.7318302645
===================  TEST QN EQ.  ==============================================
LN= 1 L= 0  [T+V-E_N]|QN>-|UC>=   0.000000000000000
LN= 2 L= 1  [T+V-E_N]|QN>-|UC>=   0.000000000000000
LN= 3 L= 2  [T+V-E_N]|QN>-|UC>=   0.000000000000035
LN= 4 L= 2  [T+V-E_N]|QN>-|UC>=   0.000000000000046
=================== <UC|AEPHI>/SQRT(<UC|UC>  ===================================
========= DEVIATION DUE NEGLECT OF SMALL COMPONENT==============================
========= ORTHOGONALIZATION DONE BASED ON ENERGIES==============================
   0.00000   0.00000   0.00000   0.00628   0.00000
   0.00000   0.00000   0.00000   0.00000   0.02152
   0.00000   0.00000   0.00000   0.00000   0.00000
   0.00000   0.00000   0.00000   0.00000   0.00000
===================  TEST AEPHI EQ.  ===========================================
LN= 1 L= 0  [T+V-E_N]|AEPHI_N> =   0.000000001395373
LN= 2 L= 1  [T+V-E_N]|AEPHI_N> =   0.000000000001329
LN= 3 L= 2  [T+V-E_N]|AEPHI_N> =   0.000000000000035
LN= 4 L= 2  [T+V-E_N]|AEPHI_N> =   0.000000000000046
 L            0  E= -0.19440826338748715      PHIPHASE BEFORE ADJUSTMENT=   0.65484077291420884     
 L            0  E= -0.19440826338748715      PHIPHASE AFTER ADJUSTMENT=   0.65484077291420884     
 L            1  E=  -4.8395753578059267E-002 PHIPHASE BEFORE ADJUSTMENT=   0.56767192126145649     
 L            1  E=  -4.8395753578059267E-002 PHIPHASE AFTER ADJUSTMENT=   0.56767192126145649     
 L            2  E= -0.27586146100824427      PHIPHASE BEFORE ADJUSTMENT=   0.77320924449347395     
 L            2  E= -0.27586146100824427      PHIPHASE AFTER ADJUSTMENT=   0.77320924449347395     
 L            2  E=   1.0905756057507390      PHIPHASE BEFORE ADJUSTMENT=    1.7880230051048260     
 L            2  E=   1.0905756057507390      PHIPHASE AFTER ADJUSTMENT=    1.7880230051048260     
===================  TEST RAW PAW EQUATION  ====================================
LN= 1 L= 0 RAW PAW EQ.   0.00000 SCHR. EQ.   0.00000
LN= 2 L= 1 RAW PAW EQ.   0.00000 SCHR. EQ.   0.00000
LN= 3 L= 2 RAW PAW EQ.   0.00000 SCHR. EQ.   0.00000
LN= 4 L= 2 RAW PAW EQ.   0.00000 SCHR. EQ.   0.00000
 VFOCK%TON   F
 RBND          2.6531751962925103     
DT    0.17607E+01 0.00000E+00 0.00000E+00 0.00000E+00
DT    0.00000E+00 0.13767E+01 0.00000E+00 0.00000E+00
DT    0.00000E+00 0.00000E+00 0.64553E+01 0.52380E+01
DT    0.00000E+00 0.00000E+00 0.52380E+01 0.30208E+01
DH    0.47749E+00 0.00000E+00 0.00000E+00 0.00000E+00
DH    0.00000E+00 0.18697E+00 0.00000E+00 0.00000E+00
DH    0.00000E+00 0.00000E+00-0.59581E+00-0.32444E+00
DH    0.00000E+00 0.00000E+00-0.32444E+00-0.16993E+01
DO   -0.14014E+00 0.00000E+00 0.00000E+00 0.00000E+00
DO    0.00000E+00-0.76795E-01 0.00000E+00 0.00000E+00
DO    0.00000E+00 0.00000E+00 0.64103E+00 0.23450E+00
DO    0.00000E+00 0.00000E+00 0.23450E+00 0.10989E+00
LN= 1 DTKIN-TRANSPOSE(DTKIN)=   0.00000   0.00000   0.00000   0.00000
LN= 2 DTKIN-TRANSPOSE(DTKIN)=   0.00000   0.00000   0.00000   0.00000
LN= 3 DTKIN-TRANSPOSE(DTKIN)=   0.00000   0.00000   0.00000   0.00000
LN= 4 DTKIN-TRANSPOSE(DTKIN)=   0.00000   0.00000  -0.00000   0.00000
LN= 1 <P|PSPHI>=   1.00000   0.00000   0.00000   0.00000
LN= 2 <P|PSPHI>=   0.00000   1.00000   0.00000   0.00000
LN= 3 <P|PSPHI>=   0.00000   0.00000   1.00000   0.00000
LN= 4 <P|PSPHI>=   0.00000   0.00000   0.00000   1.00000
===================  TEST PAW EQUATION  ========================================
LN= 1 L= 0 PAW EQ.             0.00000 SCHR. EQ.             0.00000 DPRO              0.00000
LN= 2 L= 1 PAW EQ.             0.00000 SCHR. EQ.             0.00000 DPRO              0.00000
LN= 3 L= 2 PAW EQ.             0.00000 SCHR. EQ.             0.00000 DPRO              0.00000
LN= 4 L= 2 PAW EQ.             0.00000 SCHR. EQ.             0.00000 DPRO              0.00000
 =================== L=           0  =================================
 BEFORE PAWBOUNDSTATE
 L=           0  NN=           0  E= -0.19440838419026857       NPRO=           1  ROUT=   19.716639202099568       IB=           7
  E= -0.19882701359291260     
 =================== L=           1  =================================
 =================== L=           2  =================================
 BEFORE PAWBOUNDSTATE
 L=           2  NN=           0  E= -0.27586146436247438       NPRO=           2  ROUT=   19.716639202099568       IB=           6
  E= -0.27586155108897881     
===================  STRAIGHT AE- AND PAW-ENERGY LEVELS ========================
IB= 6 L= 2 AE-ENERGY:  -7.50647 EV; PS-ENERGY:  -7.50647 EV
IB= 7 L= 0 AE-ENERGY:  -5.29005 EV; PS-ENERGY:  -5.41028 EV
 PSEUDO+AUGMENTATION CHARGE    1.1108414817494553E-014  (SHOULD BE ZERO)
===================  DTKIN BEFORE SYMMETRIZATION ===============================
       1.761       0.000       0.000       0.000
       0.000       1.377       0.000       0.000
       0.000       0.000       6.455       5.238
       0.000       0.000       5.238       3.021
===================  DO BEFORE SYMMETRIZATION ==================================
      -0.140       0.000       0.000       0.000
       0.000      -0.077       0.000       0.000
       0.000       0.000       0.641       0.234
       0.000       0.000       0.234       0.110
 LIB_FFTW: CREATE PLAN FOR: GTOR           1         500           0
 LIB_FFTW: CREATE PLAN FOR: RTOG          -1         500           1
L= 0 IB= 1 E(LOCAL)=  -1.02160 E(OUTER)=  -0.10245
L= 0 IB= 2 E(LOCAL)=  -0.06734 E(OUTER)=   0.01660
L= 0 IB= 3 E(LOCAL)=   0.02195 E(OUTER)=   0.07078
L= 0 IB= 4 E(LOCAL)=   0.08039 E(OUTER)=   0.16498
L= 1 IB= 1 E(LOCAL)=  -0.25764 E(OUTER)=  -0.01929
L= 1 IB= 2 E(LOCAL)=   0.00998 E(OUTER)=   0.03598
L= 1 IB= 3 E(LOCAL)=   0.05436 E(OUTER)=   0.10199
L= 1 IB= 4 E(LOCAL)=   0.13592 E(OUTER)=   0.19982
L= 2 IB= 1 E(LOCAL)=   0.03264 E(OUTER)=   0.03371
L= 2 IB= 2 E(LOCAL)=   0.07074 E(OUTER)=   0.07477
L= 2 IB= 3 E(LOCAL)=   0.14218 E(OUTER)=   0.15201
L= 2 IB= 4 E(LOCAL)=   0.23490 E(OUTER)=   0.25318
========= GHOSTBUSTER FOR=   FE Z=  26.0 =======================================
LN 1 L= 0 E(INNER)=  -0.05141 H
LN 2 L= 1 E(INNER)=   1.63279 H
LN 3 L= 2 E(INNER)=   3.37495 H
LN 4 L= 2 E(INNER)=   4.51374 H
 LIB_FFTW: CREATE PLAN FOR: GTOR           1        1024           2
 LIB_FFTW: CREATE PLAN FOR: RTOG          -1        1024           3
================================================================================
===================  SETUP CONSTRUCTION FINISHED  ==============================
================================================================================
NO. OF INEQUIVALENT K-POINTS   260
NUMBER OF DIFFERENT TETRAHEDRA : 1536
 DYNOCC__SETR8: SPIN HAS BEEN SET TO    0.0000000000000000     
 LIB_FFTW: CREATE PLAN FOR: GTOR           1          20           4
 LIB_FFTW: CREATE PLAN FOR: RTOG          -1          20           5
 FERMI ENERGY AT    2.1137909784607336     
 CONSTANT ENERGY   -6.3256163531892220       0.68580549035431526     
 FERMI ENERGY AT    2.1137909784607336     
 FERMI ENERGY AT    1.8475370298624851     
 CONSTANT ENERGY   -8.6951956684258036        2.0974853138366729     
 FERMI ENERGY AT    2.0873143396783682     
 FERMI ENERGY AT    1.5437114642753751     
 CONSTANT ENERGY   -11.393859880066879        2.8761342316282583     
 FERMI ENERGY AT    2.0334776115082240     
 FERMI ENERGY AT    1.3424934875571444     
 CONSTANT ENERGY   -14.279468875793178        2.6328992646945677     
 FERMI ENERGY AT    1.9655305163178294     
 FERMI ENERGY AT    1.2346972694479175     
 CONSTANT ENERGY   -16.589680698016426        1.9254785724292303     
 FERMI ENERGY AT    1.8944277599189281     
 FERMI ENERGY AT    1.1685496416187913     
 CONSTANT ENERGY   -18.155952385069192        1.2582588658506930     
 FERMI ENERGY AT    1.8245644207021743     
 FERMI ENERGY AT    1.1100555450959646     
 CONSTANT ENERGY   -19.145373748444829       0.81209412545073212     
 FERMI ENERGY AT    1.7558680425880637     
 FERMI ENERGY AT    1.0450798778711345     
 CONSTANT ENERGY   -19.782044586645430       0.56315230249038262     
 FERMI ENERGY AT    1.6872609109094518     
 FERMI ENERGY AT   0.97474498715332214     
 CONSTANT ENERGY   -20.226738309169026       0.43210271945169870     
 FERMI ENERGY AT    1.6180042819876692     
 FERMI ENERGY AT   0.90542083216185931     
 CONSTANT ENERGY   -20.562916785659116       0.35507758941274026     
 FERMI ENERGY AT    1.5483070217964203     
 FERMI ENERGY AT   0.84325320042306928     
 CONSTANT ENERGY   -20.828155257133005       0.29795469802153363     
 FERMI ENERGY AT    1.4790278858152393     
 FERMI ENERGY AT   0.79162933355978071     
 CONSTANT ENERGY   -21.038943844756492       0.24888360750915883     
 FERMI ENERGY AT    1.4111243388752730     
 FERMI ENERGY AT   0.75103655076762987     
 CONSTANT ENERGY   -21.205088504191686       0.20651580136251613     
 FERMI ENERGY AT    1.3457236292238479     
 FERMI ENERGY AT   0.72061073780307761     
 CONSTANT ENERGY   -21.335762750601734       0.17194549086578231     
 FERMI ENERGY AT    1.2836529675375568     
 FERMI ENERGY AT   0.69905369959463748     
 CONSTANT ENERGY   -21.438889894839647       0.14529422687591317     
 FERMI ENERGY AT    1.2254897254448438     
 FERMI ENERGY AT   0.68462909606768874     
 CONSTANT ENERGY   -21.521146813876509       0.12530973242941632     
 FERMI ENERGY AT    1.1716168136916574     
 FERMI ENERGY AT   0.67551124530636752     
 CONSTANT ENERGY   -21.587564053537058       0.11018466593230279     
 FERMI ENERGY AT    1.1222215172999093     
 FERMI ENERGY AT   0.67003051564325400     
 CONSTANT ENERGY   -21.642092138803811        9.8410977834862010E-002
 FERMI ENERGY AT    1.0771225615689632     
 FERMI ENERGY AT   0.66676796448812792     
 CONSTANT ENERGY   -21.686244267237790        8.9152622860836375E-002
 FERMI ENERGY AT    1.0361833632667763     
 FERMI ENERGY AT   0.66457585460570101     
 CONSTANT ENERGY   -21.721972212588923        8.1897236430464204E-002
 FERMI ENERGY AT   0.99914577055108189     
 FERMI ENERGY AT   0.66270699037040248     
 CONSTANT ENERGY   -21.751255992929313        7.6259032577402519E-002
 FERMI ENERGY AT   0.96566528995877821     
 FERMI ENERGY AT   0.66067230237851526     
 CONSTANT ENERGY   -21.775523991003311        7.1920079525943523E-002
 FERMI ENERGY AT   0.93536477311222876     
 FERMI ENERGY AT   0.65826265792689453     
 CONSTANT ENERGY   -21.795955793980404        6.8562197070506550E-002
 FERMI ENERGY AT   0.90787494719634265     
 FERMI ENERGY AT   0.65558530875219090     
 CONSTANT ENERGY   -21.813453693532519        6.5888594420132923E-002
 FERMI ENERGY AT   0.88286895452506942     
 FERMI ENERGY AT   0.65279339405380621     
 CONSTANT ENERGY   -21.828669161332201        6.3654816101833572E-002
 FERMI ENERGY AT   0.86008059074537102     
 FERMI ENERGY AT   0.65012190445609264     
 CONSTANT ENERGY   -21.842100218404454        6.1691426971637028E-002
 FERMI ENERGY AT   0.83929125032483787     
 FERMI ENERGY AT   0.64775407035885557     
 CONSTANT ENERGY   -21.854093525023515        5.9900700704626317E-002
 FERMI ENERGY AT   0.82032295628904861     
 FERMI ENERGY AT   0.64575068570256056     
 CONSTANT ENERGY   -21.864930696489001        5.8230551403808672E-002
 FERMI ENERGY AT   0.80303429988844732     
 FERMI ENERGY AT   0.64422683913638668     
 CONSTANT ENERGY   -21.874756928968395        5.6669384640569587E-002
 FERMI ENERGY AT   0.78732611395195184     
 FERMI ENERGY AT   0.64324510492234810     
 CONSTANT ENERGY   -21.883736661961315        5.5204783878136071E-002
 FERMI ENERGY AT   0.77308430156380203     
 FERMI ENERGY AT   0.64277654374742899     
 CONSTANT ENERGY   -21.891911671209503        5.3837585222976256E-002
 FERMI ENERGY AT   0.76020358395387955     
 FERMI ENERGY AT   0.64275417559130110     
 CONSTANT ENERGY   -21.899291210672708        5.2567504467242204E-002
 FERMI ENERGY AT   0.74858836520705818     
 FERMI ENERGY AT   0.64293490602896541     
 CONSTANT ENERGY   -21.906065275264542        5.1387267149116345E-002
 FERMI ENERGY AT   0.73812656416802058     
 FERMI ENERGY AT   0.64318229564376606     
 CONSTANT ENERGY   -21.912303702901475        5.0278807472312767E-002
 FERMI ENERGY AT   0.72871181813519015     
 FERMI ENERGY AT   0.64339881237824437     
 CONSTANT ENERGY   -21.918067160682693        4.9224006543207341E-002
 FERMI ENERGY AT   0.72024994057190850     
 FERMI ENERGY AT   0.64350745390609632     
 CONSTANT ENERGY   -21.923398600585688        4.8213538199439548E-002
 FERMI ENERGY AT   0.71264884786912652     
 FERMI ENERGY AT   0.64351541419692138     
 CONSTANT ENERGY   -21.928333272442494        4.7227887343290240E-002
 FERMI ENERGY AT   0.70581835112522773     
 FERMI ENERGY AT   0.64344234403052269     
 CONSTANT ENERGY   -21.932883261685550        4.6260167855398937E-002
 FERMI ENERGY AT   0.69965753950042853     
 FERMI ENERGY AT   0.64328725216965121     
 CONSTANT ENERGY   -21.937088590845573        4.5311660164849880E-002
 FERMI ENERGY AT   0.69409764630446480     
 FERMI ENERGY AT   0.64303911904041411     
 CONSTANT ENERGY   -21.941023578409048        4.4384816079049261E-002
 FERMI ENERGY AT   0.68906067259118442     
 FERMI ENERGY AT   0.64276639567846716     
 CONSTANT ENERGY   -21.944683913291620        4.3486561254321356E-002
 FERMI ENERGY AT   0.68448810882530253     
 FERMI ENERGY AT   0.64252374708155924     
 CONSTANT ENERGY   -21.948071019442661        4.2622373211515671E-002
 FERMI ENERGY AT   0.68033226237317412     
 FERMI ENERGY AT   0.64233977316580793     
 CONSTANT ENERGY   -21.951204445500867        4.1797914810072057E-002
 FERMI ENERGY AT   0.67655154993381050     
 FERMI ENERGY AT   0.64226558949501467     
 CONSTANT ENERGY   -21.954080595242200        4.1015654857705142E-002
 FERMI ENERGY AT   0.67312243969108698     
 FERMI ENERGY AT   0.64228257047944359     
 CONSTANT ENERGY   -21.956716159133631        4.0266853287113873E-002
 FERMI ENERGY AT   0.67002728151087942     
 FERMI ENERGY AT   0.64237134921870853     
 CONSTANT ENERGY   -21.959149546751263        3.9542108922410918E-002
 FERMI ENERGY AT   0.66725001605133238     
 FERMI ENERGY AT   0.64251384575445269     
 CONSTANT ENERGY   -21.961416837070164        3.8828196804282719E-002
 FERMI ENERGY AT   0.66476666296505416     
 FERMI ENERGY AT   0.64271716670611390     
 CONSTANT ENERGY   -21.963544807450287        3.8109056865448701E-002
 FERMI ENERGY AT   0.66254785193907628     
 FERMI ENERGY AT   0.64294947209743192     
 CONSTANT ENERGY   -21.965560121481555        3.7371495895540660E-002
WRITING : HEADER
WRITING : TIMESTEP
WRITING : ATOMS
WRITING : CELL
WRITING : OCCUPATIONS
WRITING : WAVES
WRITING : ENDOFFILE
 FERMI ENERGY AT   0.66056796831519893     
 FERMI ENERGY AT   0.64316808341490672     
 CONSTANT ENERGY   -21.967494324563084        3.6603074238669972E-002
 FERMI ENERGY AT   0.65880347157190411     
 FERMI ENERGY AT   0.64338952464696109     
 CONSTANT ENERGY   -21.969361305203638        3.5795776842532108E-002
 FERMI ENERGY AT   0.65723462445788383     
 FERMI ENERGY AT   0.64358225601236785     
 CONSTANT ENERGY   -21.971178706079211        3.4946525003117901E-002
 FERMI ENERGY AT   0.65583490381175147     
 FERMI ENERGY AT   0.64372280422784056     
 CONSTANT ENERGY   -21.972962059495892        3.4053088797061315E-002
 FERMI ENERGY AT   0.65457890790562434     
 FERMI ENERGY AT   0.64380653770712604     
 CONSTANT ENERGY   -21.974717433801860        3.3118073248336752E-002
 FERMI ENERGY AT   0.65344619485449729     
 FERMI ENERGY AT   0.64385467644479211     
 CONSTANT ENERGY   -21.976449789168065        3.2148423853592456E-002
 FERMI ENERGY AT   0.65242184216033106     
 FERMI ENERGY AT   0.64385449416339169     
 CONSTANT ENERGY   -21.978163235886370        3.1153753805049492E-002
 FERMI ENERGY AT   0.65149504844558270     
 FERMI ENERGY AT   0.64379285197052083     
 CONSTANT ENERGY   -21.979850664536873        3.0145605584079298E-002
 FERMI ENERGY AT   0.65065656440432074     
 FERMI ENERGY AT   0.64371989958020515     
 CONSTANT ENERGY   -21.981495039444106        2.9132194604582273E-002
 FERMI ENERGY AT   0.64990013847367223     
 FERMI ENERGY AT   0.64365128101444558     
 CONSTANT ENERGY   -21.983091650196044        2.8126450215397954E-002
 FERMI ENERGY AT   0.64922240119562502     
 FERMI ENERGY AT   0.64359778012854285     
 CONSTANT ENERGY   -21.984636645307358        2.7139822481841318E-002
 FERMI ENERGY AT   0.64861930426541270     
 FERMI ENERGY AT   0.64357411076489246     
 CONSTANT ENERGY   -21.986121540381433        2.6184506405368731E-002
 FERMI ENERGY AT   0.64808572115456875     
 FERMI ENERGY AT   0.64357284414671467     
 CONSTANT ENERGY   -21.987536929948153        2.5270844832510478E-002
 FERMI ENERGY AT   0.64761495184178619     
 FERMI ENERGY AT   0.64358222830937240     
 CONSTANT ENERGY   -21.988872749945426        2.4406659330927602E-002
 FERMI ENERGY AT   0.64720082071475526     
 FERMI ENERGY AT   0.64360803367071573     
 CONSTANT ENERGY   -21.990122895364273        2.3597344877360385E-002
 FERMI ENERGY AT   0.64683404671407074     
 FERMI ENERGY AT   0.64363389840444574     
 CONSTANT ENERGY   -21.991279977974841        2.2849337364379371E-002
 FERMI ENERGY AT   0.64650370591487327     
 FERMI ENERGY AT   0.64363882617537971     
 CONSTANT ENERGY   -21.992341059551165        2.2167857675245546E-002
 FERMI ENERGY AT   0.64619926571143294     
 FERMI ENERGY AT   0.64361016725911513     
 CONSTANT ENERGY   -21.993308081909351        2.1556581111543995E-002
 FERMI ENERGY AT   0.64591443599023535     
 FERMI ENERGY AT   0.64354826736566995     
 CONSTANT ENERGY   -21.994201417982129        2.1010983482850853E-002
 FERMI ENERGY AT   0.64564304528263594     
 FERMI ENERGY AT   0.64348346555983260     
 CONSTANT ENERGY   -21.995028533603168        2.0517904493857250E-002
 FERMI ENERGY AT   0.64538851616659298     
 FERMI ENERGY AT   0.64343086772640723     
 CONSTANT ENERGY   -21.995800952900854        2.0055337512656236E-002
 FERMI ENERGY AT   0.64515392560569018     
 FERMI ENERGY AT   0.64340249739065336     
 CONSTANT ENERGY   -21.996534768927098        1.9613104697369030E-002
 FERMI ENERGY AT   0.64493960238822534     
 FERMI ENERGY AT   0.64341327692073835     
 CONSTANT ENERGY   -21.997236985352139        1.9181560391418939E-002
 FERMI ENERGY AT   0.64474599988264536     
 FERMI ENERGY AT   0.64347718716086233     
 CONSTANT ENERGY   -21.997914712928466        1.8753304547725939E-002
 FERMI ENERGY AT   0.64457636564833343     
 FERMI ENERGY AT   0.64358353037155747     
 CONSTANT ENERGY   -21.998555990818247        1.8319948242031647E-002
 FERMI ENERGY AT   0.64443495880977919     
 FERMI ENERGY AT   0.64363706219471517     
 CONSTANT ENERGY   -21.999205859095365        1.7878641194504288E-002
 FERMI ENERGY AT   0.64431827376903317     
 FERMI ENERGY AT   0.64366960199962731     
 CONSTANT ENERGY   -21.999857170035327        1.7426369703579081E-002
 FERMI ENERGY AT   0.64422127298142062     
 FERMI ENERGY AT   0.64368290473700140     
 CONSTANT ENERGY   -22.000503056317157        1.6964385084955097E-002
 FERMI ENERGY AT   0.64414044307461304     
 FERMI ENERGY AT   0.64367174928022441     
 CONSTANT ENERGY   -22.001140458059819        1.6497477834909041E-002
 FERMI ENERGY AT   0.64407171303351352     
 FERMI ENERGY AT   0.64362843015039584     
 CONSTANT ENERGY   -22.001762767590453        1.6034472424704231E-002
 FERMI ENERGY AT   0.64400954567767110     
 FERMI ENERGY AT   0.64356944925231219     
 CONSTANT ENERGY   -22.002356104917670        1.5585094984601783E-002
 FERMI ENERGY AT   0.64395165033026103     
 FERMI ENERGY AT   0.64352136094541024     
 CONSTANT ENERGY   -22.002909340060647        1.5161381789099541E-002
 FERMI ENERGY AT   0.64389727090997706     
 FERMI ENERGY AT   0.64347606109063538     
 CONSTANT ENERGY   -22.003414368352708        1.4773128420095025E-002
 FERMI ENERGY AT   0.64384589766110745     
 FERMI ENERGY AT   0.64345247488187318     
 CONSTANT ENERGY   -22.003862913241903        1.4426157595266741E-002
 FERMI ENERGY AT   0.64379790063817577     
 FERMI ENERGY AT   0.64342727310367398     
 CONSTANT ENERGY   -22.004254579994907        1.4123061630124466E-002
 FERMI ENERGY AT   0.64375290497458859     
 FERMI ENERGY AT   0.64340309965921560     
 CONSTANT ENERGY   -22.004594899356448        1.3861649740735962E-002
 FERMI ENERGY AT   0.64371104118035383     
 FERMI ENERGY AT   0.64338810324079276     
 CONSTANT ENERGY   -22.004892460390327        1.3635988762243791E-002
 FERMI ENERGY AT   0.64367204977039039     
 FERMI ENERGY AT   0.64337212914557529     
 CONSTANT ENERGY   -22.005158823302914        1.3436610959785142E-002
 FERMI ENERGY AT   0.64363501183041494     
 FERMI ENERGY AT   0.64336233279266553     
 CONSTANT ENERGY   -22.005406856840661        1.3251801678084627E-002
 FERMI ENERGY AT   0.64360019749620789     
 FERMI ENERGY AT   0.64335026148869101     
 CONSTANT ENERGY   -22.005650915473183        1.3068171562141065E-002
 FERMI ENERGY AT   0.64356776845404440     
 FERMI ENERGY AT   0.64333636627041146     
 CONSTANT ENERGY   -22.005906612748742        1.2871105489376092E-002
 FERMI ENERGY AT   0.64353730260562858     
 FERMI ENERGY AT   0.64331945508467780     
 CONSTANT ENERGY   -22.006198472689814        1.2637110981776407E-002
 FERMI ENERGY AT   0.64350824013017660     
 FERMI ENERGY AT   0.64329437203240214     
 CONSTANT ENERGY   -22.006542252876493        1.2351052831561831E-002
 FERMI ENERGY AT   0.64348086847669239     
 FERMI ENERGY AT   0.64327453978425930     
 CONSTANT ENERGY   -22.006934041014912        1.2017269322842132E-002
 FERMI ENERGY AT   0.64345529323110251     
 FERMI ENERGY AT   0.64326195856053692     
 CONSTANT ENERGY   -22.007358608837368        1.1642493486182964E-002
 FERMI ENERGY AT   0.64343288885000061     
 FERMI ENERGY AT   0.64325065445704133     
 CONSTANT ENERGY   -22.007820509124858        1.1238159667421612E-002
 FERMI ENERGY AT   0.64341459349617192     
 FERMI ENERGY AT   0.64324579707361962     
 CONSTANT ENERGY   -22.008306693319803        1.0812434337394042E-002
 FERMI ENERGY AT   0.64340021588575824     
 FERMI ENERGY AT   0.64324642727999792     
 CONSTANT ENERGY   -22.008808786963190        1.0373422091739352E-002
 FERMI ENERGY AT   0.64338794745358263     
 FERMI ENERGY AT   0.64325144913712462     
 CONSTANT ENERGY   -22.009314554333312        9.9303533811789073E-003
 FERMI ENERGY AT   0.64337756803473745     
 FERMI ENERGY AT   0.64326000388942228     
 CONSTANT ENERGY   -22.009809761517158        9.4950596533965315E-003
WRITING : HEADER
WRITING : TIMESTEP
WRITING : ATOMS
WRITING : CELL
WRITING : OCCUPATIONS
WRITING : WAVES
WRITING : ENDOFFILE
 FERMI ENERGY AT   0.64336858571600908     
 FERMI ENERGY AT   0.64326686410939149     
 CONSTANT ENERGY   -22.010292218653163        9.0707225122468593E-003
 FERMI ENERGY AT   0.64336014333904956     
 FERMI ENERGY AT   0.64327218328674229     
 CONSTANT ENERGY   -22.010754520068719        8.6613945127623857E-003
 FERMI ENERGY AT   0.64335209862870746     
 FERMI ENERGY AT   0.64327830474875225     
 CONSTANT ENERGY   -22.011193539943392        8.2700600864719538E-003
 FERMI ENERGY AT   0.64334457773613307     
 FERMI ENERGY AT   0.64328684153360893     
 CONSTANT ENERGY   -22.011607552766971        7.8989481361450824E-003
 FERMI ENERGY AT   0.64333798369657680     
 FERMI ENERGY AT   0.64329987501433217     
 CONSTANT ENERGY   -22.011995566041048        7.5495878814480308E-003
 FERMI ENERGY AT   0.64333264273867496     
 FERMI ENERGY AT   0.64332476906682923     
 CONSTANT ENERGY   -22.012357310539844        7.2228397947479567E-003
 FERMI ENERGY AT   0.64332880755931277     
 FERMI ENERGY AT   0.64335266360476140     
 CONSTANT ENERGY   -22.012693368171799        6.9188811337899479E-003
 FERMI ENERGY AT   0.64332661908247579     
 FERMI ENERGY AT   0.64337725689015024     
 CONSTANT ENERGY   -22.013005006135625        6.6372953655273303E-003
 FERMI ENERGY AT   0.64332614711467939     
 FERMI ENERGY AT   0.64339970456966611     
 CONSTANT ENERGY   -22.013294703462655        6.3770666254181823E-003
 FERMI ENERGY AT   0.64332743368901291     
 FERMI ENERGY AT   0.64341925473608830     
 CONSTANT ENERGY   -22.013564380661197        6.1367378551085462E-003
 FERMI ENERGY AT   0.64333027991311775     
 FERMI ENERGY AT   0.64343457009901950     
 CONSTANT ENERGY   -22.013815771435866        5.9146015282382130E-003
 FERMI ENERGY AT   0.64333431735784563     
 FERMI ENERGY AT   0.64344314713221817     
 CONSTANT ENERGY   -22.014051000497250        5.7087137277444418E-003
 FERMI ENERGY AT   0.64333935924735075     
 FERMI ENERGY AT   0.64345381017681857     
 CONSTANT ENERGY   -22.014272147071512        5.5170274493847836E-003
 FERMI ENERGY AT   0.64334535152805650     
 FERMI ENERGY AT   0.64345119224334579     
 CONSTANT ENERGY   -22.014481329155458        5.3372937481535373E-003
 FERMI ENERGY AT   0.64335184658604605     
 FERMI ENERGY AT   0.64345035750067425     
 CONSTANT ENERGY   -22.014680456004406        5.1671718095318200E-003
 FERMI ENERGY AT   0.64336024258595725     
 FERMI ENERGY AT   0.64344932255901266     
 CONSTANT ENERGY   -22.014871531005284        5.0038795795161843E-003
 FERMI ENERGY AT   0.64337607735605074     
 FERMI ENERGY AT   0.64344856207371448     
 CONSTANT ENERGY   -22.015057017496062        4.8428346225564654E-003
 FERMI ENERGY AT   0.64338934081394739     
 FERMI ENERGY AT   0.64345386787204173     
 CONSTANT ENERGY   -22.015241123505088        4.6845463271409666E-003
 FERMI ENERGY AT   0.64339955261833237     
 FERMI ENERGY AT   0.64346478478181224     
 CONSTANT ENERGY   -22.015423659999104        4.5279436759561534E-003
 FERMI ENERGY AT   0.64340891104037923     
 FERMI ENERGY AT   0.64347975727288886     
 CONSTANT ENERGY   -22.015605507866937        4.3706831524221541E-003
 FERMI ENERGY AT   0.64341839464683293     
 FERMI ENERGY AT   0.64349809585365425     
 CONSTANT ENERGY   -22.015787313504212        4.2121603805091523E-003
 FERMI ENERGY AT   0.64342845860484055     
 FERMI ENERGY AT   0.64351643874528131     
 CONSTANT ENERGY   -22.015968731414215        4.0530027564202511E-003
 FERMI ENERGY AT   0.64343922322080693     
 FERMI ENERGY AT   0.64353332131743701     
 CONSTANT ENERGY   -22.016148592604555        3.8947481751542522E-003
 FERMI ENERGY AT   0.64345052270899439     
 FERMI ENERGY AT   0.64354601757806851     
 CONSTANT ENERGY   -22.016324819368847        3.7395585802470722E-003
 FERMI ENERGY AT   0.64346186459138577     
 FERMI ENERGY AT   0.64355287640724068     
 CONSTANT ENERGY   -22.016495160538149        3.5896158996889397E-003
 FERMI ENERGY AT   0.64347260186682009     
 FERMI ENERGY AT   0.64355315520920553     
 CONSTANT ENERGY   -22.016657676991663        3.4467027703228795E-003
 FERMI ENERGY AT   0.64348214787660529     
 FERMI ENERGY AT   0.64354937663624734     
 CONSTANT ENERGY   -22.016811013384064        3.3119591870352100E-003
 FERMI ENERGY AT   0.64348973451372760     
 FERMI ENERGY AT   0.64353122142938091     
 CONSTANT ENERGY   -22.016954569724376        3.1857900283438936E-003
 FERMI ENERGY AT   0.64349467849454745     
 FERMI ENERGY AT   0.64352158822595484     
 CONSTANT ENERGY   -22.017088253881116        3.0680713105005518E-003
 FERMI ENERGY AT   0.64349746185306900     
 FERMI ENERGY AT   0.64350637745944628     
 CONSTANT ENERGY   -22.017212843001076        2.9582176116257899E-003
 FERMI ENERGY AT   0.64349809769416899     
 FERMI ENERGY AT   0.64349244967416497     
 CONSTANT ENERGY   -22.017331829480007        2.8556249018844948E-003
 FERMI ENERGY AT   0.64349738679259927     
 FERMI ENERGY AT   0.64348508664158066     
 CONSTANT ENERGY   -22.017443622284176        2.7589570841350941E-003
 FERMI ENERGY AT   0.64349576219867100     
 FERMI ENERGY AT   0.64347138337614607     
 CONSTANT ENERGY   -22.017549119854994        2.6675023364198533E-003
 FERMI ENERGY AT   0.64349317664209960     
 FERMI ENERGY AT   0.64346534485111540     
 CONSTANT ENERGY   -22.017649045206650        2.5807424010957582E-003
 FERMI ENERGY AT   0.64349035964381496     
 FERMI ENERGY AT   0.64346242130165843     
 CONSTANT ENERGY   -22.017744119047606        2.4982917872695349E-003
 FERMI ENERGY AT   0.64348765698528243     
 FERMI ENERGY AT   0.64346258086286123     
 CONSTANT ENERGY   -22.017834947203543        2.4198891311703156E-003
 FERMI ENERGY AT   0.64348526194826339     
 FERMI ENERGY AT   0.64346303149808137     
 CONSTANT ENERGY   -22.017922074219143        2.3453119950351442E-003
 FERMI ENERGY AT   0.64348318430341356     
 FERMI ENERGY AT   0.64346473122626802     
 CONSTANT ENERGY   -22.018005968733970        2.2743139085825937E-003
 FERMI ENERGY AT   0.64348147942237854     
 FERMI ENERGY AT   0.64346738989564445     
 CONSTANT ENERGY   -22.018087078873783        2.2065663709555563E-003
 FERMI ENERGY AT   0.64348001907951591     
 FERMI ENERGY AT   0.64346683874815414     
 CONSTANT ENERGY   -22.018165849349206        2.1416390183631143E-003
 FERMI ENERGY AT   0.64347849610212260     
 FERMI ENERGY AT   0.64346543610595786     
 CONSTANT ENERGY   -22.018242688820919        2.0790305256916755E-003
 FERMI ENERGY AT   0.64347689763445393     
 FERMI ENERGY AT   0.64346573488341241     
 CONSTANT ENERGY   -22.018318037714049        2.0182049628372752E-003
 FERMI ENERGY AT   0.64347528318132485     
 FERMI ENERGY AT   0.64346376234661085     
 CONSTANT ENERGY   -22.018392315643560        1.9586764576159481E-003
 FERMI ENERGY AT   0.64347348755066303     
 FERMI ENERGY AT   0.64346040834046270     
 CONSTANT ENERGY   -22.018465880769682        1.9000303277450360E-003
 FERMI ENERGY AT   0.64347165757830516     
 FERMI ENERGY AT   0.64346111519084426     
 CONSTANT ENERGY   -22.018538979811886        1.8419787062019595E-003
 FERMI ENERGY AT   0.64346971995287883     
 FERMI ENERGY AT   0.64345100489782192     
 CONSTANT ENERGY   -22.018611860432802        1.7843518309044689E-003
 FERMI ENERGY AT   0.64346717766613903     
 FERMI ENERGY AT   0.64344526377006006     
 CONSTANT ENERGY   -22.018684446073106        1.7271738502204871E-003
 FERMI ENERGY AT   0.64346441303822366     
 FERMI ENERGY AT   0.64343908068937339     
 CONSTANT ENERGY   -22.018756625189898        1.6705912705242869E-003
 FERMI ENERGY AT   0.64346143489841701     
 FERMI ENERGY AT   0.64343235708727620     
 CONSTANT ENERGY   -22.018828122303930        1.6148778517726049E-003
 FERMI ENERGY AT   0.64345820493434802     
 FERMI ENERGY AT   0.64342416225581778     
 CONSTANT ENERGY   -22.018898558600444        1.5603900871592497E-003
WRITING : HEADER
WRITING : TIMESTEP
WRITING : ATOMS
WRITING : CELL
WRITING : OCCUPATIONS
WRITING : WAVES
WRITING : ENDOFFILE
 FERMI ENERGY AT   0.64345462965010480     
 FERMI ENERGY AT   0.64341458913570349     
 CONSTANT ENERGY   -22.018967497550783        1.5075163448057824E-003
 FERMI ENERGY AT   0.64345056700553482     
 FERMI ENERGY AT   0.64340313762287760     
 CONSTANT ENERGY   -22.019034495888551        1.4566215483933732E-003
 FERMI ENERGY AT   0.64344584608582311     
 FERMI ENERGY AT   0.64338965719033536     
 CONSTANT ENERGY   -22.019099151497667        1.4079970224054510E-003
 FERMI ENERGY AT   0.64344029565492977     
 FERMI ENERGY AT   0.64337424192889914     
 CONSTANT ENERGY   -22.019161141077348        1.3618246228989691E-003
 FERMI ENERGY AT   0.64343377613425057     
 FERMI ENERGY AT   0.64335727605904780     
 CONSTANT ENERGY   -22.019220242033764        1.3181609030930926E-003
 FERMI ENERGY AT   0.64342634802466503     
 FERMI ENERGY AT   0.64334301346669975     
 CONSTANT ENERGY   -22.019276315951572        1.2769470973834091E-003
 FERMI ENERGY AT   0.64341795894036735     
 FERMI ENERGY AT   0.64332099272236043     
 CONSTANT ENERGY   -22.019329431405684        1.2380073906762311E-003
 FERMI ENERGY AT   0.64340822598477776     
 FERMI ENERGY AT   0.64330145782626724     
 CONSTANT ENERGY   -22.019379623261404        1.2011213778009384E-003
 FERMI ENERGY AT   0.64339766607097293     
 FERMI ENERGY AT   0.64328948971415223     
 CONSTANT ENERGY   -22.019427034132864        1.1660317136660075E-003
 FERMI ENERGY AT   0.64338685613728930     
 FERMI ENERGY AT   0.64327818905367129     
 CONSTANT ENERGY   -22.019471948801698        1.1324612150959237E-003
 FERMI ENERGY AT   0.64337597192048135     
 FERMI ENERGY AT   0.64327053198026418     
 CONSTANT ENERGY   -22.019514614164095        1.1001538372583575E-003
 FERMI ENERGY AT   0.64336538679357214     
 FERMI ENERGY AT   0.64326676292361518     
 CONSTANT ENERGY   -22.019555280299674        1.0688679927387242E-003
 FERMI ENERGY AT   0.64335564376489729     
 FERMI ENERGY AT   0.64327138496654257     
 CONSTANT ENERGY   -22.019594272475224        1.0383845418616485E-003
 FERMI ENERGY AT   0.64334698662660794     
 FERMI ENERGY AT   0.64326921718002972     
 CONSTANT ENERGY   -22.019631989996601        1.0084813694256865E-003
 FERMI ENERGY AT   0.64333913745808724     
 FERMI ENERGY AT   0.64327453086567898     
 CONSTANT ENERGY   -22.019668652600089        9.7897589316527523E-004
 FERMI ENERGY AT   0.64333260286002680     
 FERMI ENERGY AT   0.64328195684013567     
 CONSTANT ENERGY   -22.019704590018254        9.4968102394985573E-004
 FERMI ENERGY AT   0.64332746257575635     
 FERMI ENERGY AT   0.64329093012519345     
 CONSTANT ENERGY   -22.019740061869104        9.2043419269760768E-004
 FERMI ENERGY AT   0.64332353441436896     
 FERMI ENERGY AT   0.64329554226254815     
 CONSTANT ENERGY   -22.019775303485062        8.9110138106456298E-004
 FERMI ENERGY AT   0.64332080308035489     
 FERMI ENERGY AT   0.64330991365928847     
 CONSTANT ENERGY   -22.019810362670960        8.6160942422168854E-004
 FERMI ENERGY AT   0.64331958415283375     
 FERMI ENERGY AT   0.64331798724926037     
 CONSTANT ENERGY   -22.019845394730172        8.3192247447936847E-004
 FERMI ENERGY AT   0.64331921728569386     
 FERMI ENERGY AT   0.64332317934251027     
 CONSTANT ENERGY   -22.019880365620935        8.0208324406452584E-004
 FERMI ENERGY AT   0.64331957376084858     
 FERMI ENERGY AT   0.64333251437156869     
 CONSTANT ENERGY   -22.019915138937460        7.7220595855096927E-004
 FERMI ENERGY AT   0.64332069413012649     
 FERMI ENERGY AT   0.64333667692135299     
 CONSTANT ENERGY   -22.019949623728515        7.4245696971191196E-004
 FERMI ENERGY AT   0.64332209896202841     
 FERMI ENERGY AT   0.64333891973217971     
 CONSTANT ENERGY   -22.019983607151769        7.1305907142275751E-004
 FERMI ENERGY AT   0.64332357637746107     
 FERMI ENERGY AT   0.64333954494779566     
 CONSTANT ENERGY   -22.020016872076859        6.8426348372987024E-004
 FERMI ENERGY AT   0.64332496906338432     
 FERMI ENERGY AT   0.64333900906541275     
 CONSTANT ENERGY   -22.020049197232229        6.5632852646960692E-004
 FERMI ENERGY AT   0.64332625473530292     
 FERMI ENERGY AT   0.64333971655811162     
 CONSTANT ENERGY   -22.020080363576497        6.2949716622301866E-004
 FERMI ENERGY AT   0.64332737044952615     
 FERMI ENERGY AT   0.64333626557019041     
 CONSTANT ENERGY   -22.020110231136805        6.0397091341296192E-004
 FERMI ENERGY AT   0.64332832227938919     
 FERMI ENERGY AT   0.64334006344053440     
 CONSTANT ENERGY   -22.020138594998926        5.7990698993615078E-004
 FERMI ENERGY AT   0.64332922888485466     
 FERMI ENERGY AT   0.64333369500719628     
 CONSTANT ENERGY   -22.020165476756670        5.5738628725652509E-004
 FERMI ENERGY AT   0.64332961861112714     
 FERMI ENERGY AT   0.64333323694896594     
 CONSTANT ENERGY   -22.020190742678249        5.3644201357877291E-004
 FERMI ENERGY AT   0.64332995342128019     
 FERMI ENERGY AT   0.64333363997495951     
 CONSTANT ENERGY   -22.020214436893280        5.1703834471052363E-004
 FERMI ENERGY AT   0.64333031470096824     
 FERMI ENERGY AT   0.64333468699413898     
 CONSTANT ENERGY   -22.020236618841846        4.9909169062197205E-004
 FERMI ENERGY AT   0.64333075242954307     
 FERMI ENERGY AT   0.64333601774143212     
 CONSTANT ENERGY   -22.020257388987005        4.8248109348387428E-004
 FERMI ENERGY AT   0.64333127631331710     
 FERMI ENERGY AT   0.64333713317093599     
 CONSTANT ENERGY   -22.020276880572954        4.6706213599384582E-004
 FERMI ENERGY AT   0.64333185603341037     
 FERMI ENERGY AT   0.64333789584612422     
 CONSTANT ENERGY   -22.020295249477584        4.5268013374823916E-004
 FERMI ENERGY AT   0.64333242979394534     
 FERMI ENERGY AT   0.64333779054310369     
 CONSTANT ENERGY   -22.020312662883352        4.3918099600026052E-004
 FERMI ENERGY AT   0.64333291879278420     
 FERMI ENERGY AT   0.64333677249665033     
 CONSTANT ENERGY   -22.020329287747597        4.2641881227436048E-004
 FERMI ENERGY AT   0.64333324420496096     
 FERMI ENERGY AT   0.64333494875598218     
 CONSTANT ENERGY   -22.020345280158637        4.1426008332312678E-004
 FERMI ENERGY AT   0.64333334295258182     
 FERMI ENERGY AT   0.64333246894635465     
 CONSTANT ENERGY   -22.020360776588529        4.0258530968333649E-004
 FERMI ENERGY AT   0.64333305930427487     
 FERMI ENERGY AT   0.64332650273145164     
 CONSTANT ENERGY   -22.020375907791955        3.9128773649149315E-004
 FERMI ENERGY AT   0.64333243509473581     
 FERMI ENERGY AT   0.64332717971550912     
 CONSTANT ENERGY   -22.020390696611791        3.8027970898296502E-004
 FERMI ENERGY AT   0.64333183795401694     
 FERMI ENERGY AT   0.64332479120091102     
 CONSTANT ENERGY   -22.020405253803926        3.6948106038158380E-004
 FERMI ENERGY AT   0.64333089274249255     
 FERMI ENERGY AT   0.64331785144910514     
 CONSTANT ENERGY   -22.020419616040094        3.5882925568157136E-004
 FERMI ENERGY AT   0.64332969909793392     
 FERMI ENERGY AT   0.64332102834788318     
 CONSTANT ENERGY   -22.020433701471013        3.4828405065916071E-004
 FERMI ENERGY AT   0.64332878632305301     
 FERMI ENERGY AT   0.64331931744881066     
 CONSTANT ENERGY   -22.020447582633853        3.3781361816150176E-004
 FERMI ENERGY AT   0.64332780155604219     
 FERMI ENERGY AT   0.64331711236482803     
 CONSTANT ENERGY   -22.020461209697046        3.2740753225465533E-004
 FERMI ENERGY AT   0.64332672623235942     
 FERMI ENERGY AT   0.64331482643734916     
 CONSTANT ENERGY   -22.020474551882909        3.1706822594528765E-004
 FERMI ENERGY AT   0.64332548438374759     
 FERMI ENERGY AT   0.64331017900205878     
 CONSTANT ENERGY   -22.020487595451591        3.0680689294957026E-004
 FERMI ENERGY AT   0.64332392611180966     
 FERMI ENERGY AT   0.64330527614801813     
 CONSTANT ENERGY   -22.020500305746399        2.9664055869582163E-004
WRITING : HEADER
WRITING : TIMESTEP
WRITING : ATOMS
WRITING : CELL
WRITING : OCCUPATIONS
WRITING : WAVES
WRITING : ENDOFFILE
 FERMI ENERGY AT   0.64332203232651708     
 FERMI ENERGY AT   0.64329958076042815     
 CONSTANT ENERGY   -22.020512669848781        2.8658601726666588E-004
 FERMI ENERGY AT   0.64331975576594280     
 FERMI ENERGY AT   0.64329336531421610     
 CONSTANT ENERGY   -22.020524676684417        2.7665771495241447E-004
 FERMI ENERGY AT   0.64331708173966617     
 FERMI ENERGY AT   0.64328700159480345     
 CONSTANT ENERGY   -22.020536320284801        2.6686685088241904E-004
 FERMI ENERGY AT   0.64331403483234906     
 FERMI ENERGY AT   0.64328090504938773     
 CONSTANT ENERGY   -22.020547598399510        2.5722263752646791E-004
 FERMI ENERGY AT   0.64331067962427346     
 FERMI ENERGY AT   0.64327545123454632     
 CONSTANT ENERGY   -22.020558509271012        2.4773383289049364E-004
 FERMI ENERGY AT   0.64330711291542653     
 FERMI ENERGY AT   0.64327095985822758     
 CONSTANT ENERGY   -22.020569053454981        2.3841433867704848E-004
 FERMI ENERGY AT   0.64330345398124356     
 FERMI ENERGY AT   0.64326763957464761     
 CONSTANT ENERGY   -22.020579233248885        2.2928529404196024E-004
 FERMI ENERGY AT   0.64329983104320387     
 FERMI ENERGY AT   0.64326554607058040     
 CONSTANT ENERGY   -22.020589051891022        2.2037561386996867E-004
 FERMI ENERGY AT   0.64329636491305364     
 FERMI ENERGY AT   0.64326458281959320     
 CONSTANT ENERGY   -22.020598514593932        2.1172189655063996E-004
 FERMI ENERGY AT   0.64329315429150946     
 FERMI ENERGY AT   0.64326452522989586     
 CONSTANT ENERGY   -22.020607629770399        2.0336659226970877E-004
 FERMI ENERGY AT   0.64329026496776609     
 FERMI ENERGY AT   0.64326515243896865     
 CONSTANT ENERGY   -22.020616410120851        1.9535469433547970E-004
 FERMI ENERGY AT   0.64328772446487792     
 FERMI ENERGY AT   0.64326585648645207     
 CONSTANT ENERGY   -22.020624873224502        1.8772937492038985E-004
 FERMI ENERGY AT   0.64328536980483508     
 FERMI ENERGY AT   0.64326256805737392     
 CONSTANT ENERGY   -22.020633065814437        1.8052637050589053E-004
 FERMI ENERGY AT   0.64328321635420582     
 FERMI ENERGY AT   0.64326758253578675     
 CONSTANT ENERGY   -22.020640941372896        1.7377280537234324E-004
 FERMI ENERGY AT   0.64328164454716008     
 FERMI ENERGY AT   0.64326798247821493     
 CONSTANT ENERGY   -22.020648599373008        1.6747654905372269E-004
 FERMI ENERGY AT   0.64328027055916159     
 FERMI ENERGY AT   0.64326767300092869     
 CONSTANT ENERGY   -22.020656043595146        1.6163036338167995E-004
 FERMI ENERGY AT   0.64327891448752716     
 FERMI ENERGY AT   0.64326438126675367     
 CONSTANT ENERGY   -22.020663312213326        1.5620832584482786E-004
 FERMI ENERGY AT   0.64327752904672075     
 FERMI ENERGY AT   0.64326534064594265     
 CONSTANT ENERGY   -22.020670382008511        1.5117039090132347E-004
 FERMI ENERGY AT   0.64327621476733543     
 FERMI ENERGY AT   0.64326137986850074     
 CONSTANT ENERGY   -22.020677320179022        1.4646278073282017E-004
 FERMI ENERGY AT   0.64327480254680325     
 FERMI ENERGY AT   0.64326261161191522     
 CONSTANT ENERGY   -22.020684068251413        1.4202899803031214E-004
 FERMI ENERGY AT   0.64327356468678554     
 FERMI ENERGY AT   0.64326126342349443     
 CONSTANT ENERGY   -22.020690663829011        1.3781082477121428E-004
 FERMI ENERGY AT   0.64327231448302769     
 FERMI ENERGY AT   0.64326003076083249     
 CONSTANT ENERGY   -22.020697074912782        1.3375802683316131E-004
 FERMI ENERGY AT   0.64327106588163419     
 FERMI ENERGY AT   0.64325900018327709     
 CONSTANT ENERGY   -22.020703277489339        1.2983110550978614E-004
 FERMI ENERGY AT   0.64326984009152932     
 FERMI ENERGY AT   0.64325820619521401     
 CONSTANT ENERGY   -22.020709242915959        1.2600411887538792E-004
 FERMI ENERGY AT   0.64326865946774503     
 FERMI ENERGY AT   0.64325763326797880     
 CONSTANT ENERGY   -22.020714940909439        1.2226501275326942E-004
 FERMI ENERGY AT   0.64326765577315570     
 FERMI ENERGY AT   0.64326001997905635     
 CONSTANT ENERGY   -22.020720324640486        1.1861436037039521E-004
 FERMI ENERGY AT   0.64326679771942330     
 FERMI ENERGY AT   0.64325648920970457     
 CONSTANT ENERGY   -22.020725423678865        1.1506040322584445E-004
 FERMI ENERGY AT   0.64326574434115258     
 FERMI ENERGY AT   0.64325551946193416     
 CONSTANT ENERGY   -22.020730169826127        1.1161878071338879E-004
 FERMI ENERGY AT   0.64326472771006604     
 FERMI ENERGY AT   0.64325546186587557     
 CONSTANT ENERGY   -22.020734565887754        1.0830511697018423E-004
 FERMI ENERGY AT   0.64326381155980450     
 FERMI ENERGY AT   0.64325571604018905     
 CONSTANT ENERGY   -22.020738617305032        1.0513293378789810E-004
 FERMI ENERGY AT   0.64326297206125049     
 FERMI ENERGY AT   0.64325502624679975     
 CONSTANT ENERGY   -22.020742340303521        1.0211095442807692E-004
 FERMI ENERGY AT   0.64326217419652820     
 FERMI ENERGY AT   0.64325503300634401     
 CONSTANT ENERGY   -22.020745747960721        9.9242002238867169E-005
 FERMI ENERGY AT   0.64326145929332978     
 FERMI ENERGY AT   0.64325532593903700     
 CONSTANT ENERGY   -22.020748870304171        9.6522576238336434E-005
 FERMI ENERGY AT   0.64326084186412047     
 FERMI ENERGY AT   0.64325584952739101     
 CONSTANT ENERGY   -22.020751740799355        9.3944122827410996E-005
 FERMI ENERGY AT   0.64326033775223035     
 FERMI ENERGY AT   0.64325664161122653     
 CONSTANT ENERGY   -22.020754396797447        9.1494822903249423E-005
 FERMI ENERGY AT   0.64325996248040840     
 FERMI ENERGY AT   0.64325760182477187     
 CONSTANT ENERGY   -22.020756877717496        8.9161698795180692E-005
 FERMI ENERGY AT   0.64325972915305796     
 FERMI ENERGY AT   0.64325896660168747     
 CONSTANT ENERGY   -22.020759223414696        8.6932499465796291E-005
 FERMI ENERGY AT   0.64325964626581977     
 FERMI ENERGY AT   0.64326040854444122     
 CONSTANT ENERGY   -22.020761472778119        8.4796965856895459E-005
 FERMI ENERGY AT   0.64325971582518204     
 FERMI ENERGY AT   0.64326194283969140     
 CONSTANT ENERGY   -22.020763662548461        8.2747270580268964E-005
 FERMI ENERGY AT   0.64325993214260746     
 FERMI ENERGY AT   0.64326348446095338     
 CONSTANT ENERGY   -22.020765826321572        8.0777643130783169E-005
 FERMI ENERGY AT   0.64326037092008725     
 FERMI ENERGY AT   0.64326730119787434     
 CONSTANT ENERGY   -22.020767979506179        7.8883520839903551E-005
 FERMI ENERGY AT   0.64326097848188890     
 FERMI ENERGY AT   0.64326610289477781     
 CONSTANT ENERGY   -22.020770189253806        7.7059475116488628E-005
 FERMI ENERGY AT   0.64326146846252497     
 FERMI ENERGY AT   0.64326675975424186     
 CONSTANT ENERGY   -22.020772433260419        7.5299355620749833E-005
 FERMI ENERGY AT   0.64326199437620646     
 FERMI ENERGY AT   0.64326759495450470     
 CONSTANT ENERGY   -22.020774739102482        7.3593825677342726E-005
 FERMI ENERGY AT   0.64326254054677590     
 FERMI ENERGY AT   0.64326809205362911     
 CONSTANT ENERGY   -22.020777114363650        7.1930629728613789E-005
 FERMI ENERGY AT   0.64326309404493165     
 FERMI ENERGY AT   0.64326860414434583     
 CONSTANT ENERGY   -22.020779560352150        7.0294711184505128E-005
 FERMI ENERGY AT   0.64326364390023227     
 FERMI ENERGY AT   0.64326899619193734     
 CONSTANT ENERGY   -22.020782072233118        6.8669196617810591E-005
 FERMI ENERGY AT   0.64326418009505615     
 FERMI ENERGY AT   0.64326931418202016     
 CONSTANT ENERGY   -22.020784639459261        6.7036965013074143E-005
 FERMI ENERGY AT   0.64326467962036216     
 FERMI ENERGY AT   0.64326914298902793     
 CONSTANT ENERGY   -22.020787248573853        6.5382513525385279E-005
 FERMI ENERGY AT   0.64326513656803808     
 FERMI ENERGY AT   0.64326955857500490     
 CONSTANT ENERGY   -22.020789873975012        6.3693920735986316E-005
WRITING : HEADER
WRITING : TIMESTEP
WRITING : ATOMS
WRITING : CELL
WRITING : OCCUPATIONS
WRITING : WAVES
WRITING : ENDOFFILE
 FERMI ENERGY AT   0.64326557731650302     
 FERMI ENERGY AT   0.64326945476211139     
 CONSTANT ENERGY   -22.020792499624992        6.1964158790243207E-005
 FERMI ENERGY AT   0.64326596315449069     
 FERMI ENERGY AT   0.64326915611822888     
 CONSTANT ENERGY   -22.020795100144539        6.0192198932832076E-005
 FERMI ENERGY AT   0.64326628008029441     
 FERMI ENERGY AT   0.64326865785228404     
 CONSTANT ENERGY   -22.020797652390822        5.8383096284847147E-005
 FERMI ENERGY AT   0.64326651509040866     
 FERMI ENERGY AT   0.64326797048844297     
 CONSTANT ENERGY   -22.020800134836424        5.6547472261644829E-005
 FERMI ENERGY AT   0.64326665759631285     
 FERMI ENERGY AT   0.64326704518009681     
 CONSTANT ENERGY   -22.020802528772457        5.4700375193118668E-005
 FERMI ENERGY AT   0.64326670059372326     
 FERMI ENERGY AT   0.64326613874606864     
 CONSTANT ENERGY   -22.020804819236837        5.2859727303039757E-005
 FERMI ENERGY AT   0.64326664135873868     
 FERMI ENERGY AT   0.64326518859800152     
 CONSTANT ENERGY   -22.020806995591023        5.1044578667185066E-005
 FERMI ENERGY AT   0.64326648153652510     
 FERMI ENERGY AT   0.64326395681667359     
 CONSTANT ENERGY   -22.020809051739665        4.9273387709657118E-005
 FERMI ENERGY AT   0.64326622662535693     
 FERMI ENERGY AT   0.64326283003881712     
 CONSTANT ENERGY   -22.020810985986383        4.7562524037445642E-005
 FERMI ENERGY AT   0.64326588496151815     
 FERMI ENERGY AT   0.64326171511352070     
 CONSTANT ENERGY   -22.020812800591372        4.5925150351426904E-005
 FERMI ENERGY AT   0.64326554345543385     
 FERMI ENERGY AT   0.64326265666787064     
 CONSTANT ENERGY   -22.020814488985049        4.4370649158903143E-005
 FERMI ENERGY AT   0.64326518427377177     
 FERMI ENERGY AT   0.64325937739939043     
 CONSTANT ENERGY   -22.020816095320686        4.2904166831955004E-005
 FERMI ENERGY AT   0.64326459155248961     
 FERMI ENERGY AT   0.64325799186996768     
Note: The following floating-point exceptions are signalling: IEEE_UNDERFLOW_FLAG IEEE_DENORMAL
STOP NORMAL STOP IN MPE__STOPALL
 CONSTANT ENERGY   -22.020817593446640        4.1527707510818606E-005
 FERMI ENERGY AT   0.64326393095053147     
 FERMI ENERGY AT   0.64325682949803920     
 CONSTANT ENERGY   -22.020819005749111        4.0240029384481116E-005
 FERMI ENERGY AT   0.64326322028722505     
 FERMI ENERGY AT   0.64325578440150810     
 CONSTANT ENERGY   -22.020820342920842        3.9037921152226110E-005
 FERMI ENERGY AT   0.64326247621497978     
 FERMI ENERGY AT   0.64325484319978765     
 CONSTANT ENERGY   -22.020821615251023        3.7916925656385941E-005
 FERMI ENERGY AT   0.64326171241247421     
 FERMI ENERGY AT   0.64325397894982905     
 CONSTANT ENERGY   -22.020822832194263        3.6871960296730569E-005
 FERMI ENERGY AT   0.64326093852942567     
 FERMI ENERGY AT   0.64325315925050996     
 CONSTANT ENERGY   -22.020824002056827        3.5897675594448744E-005
 FERMI ENERGY AT   0.64326016004087638     
 FERMI ENERGY AT   0.64325235503482681     
 CONSTANT ENERGY   -22.020825131792559        3.4988571825849724E-005
 FERMI ENERGY AT   0.64325948320851689     
 FERMI ENERGY AT   0.64325429953967550     
 CONSTANT ENERGY   -22.020826210578797        3.4138974360764128E-005
 FERMI ENERGY AT   0.64325887054876940     
 FERMI ENERGY AT   0.64325034041111373     
 CONSTANT ENERGY   -22.020827291102272        3.3342759859412046E-005
 FERMI ENERGY AT   0.64325801714141773     
 FERMI ENERGY AT   0.64324927896905648     
 CONSTANT ENERGY   -22.020828327559716        3.2593895887953142E-005
 FERMI ENERGY AT   0.64325713870778622     
 FERMI ENERGY AT   0.64324831565213658     
 CONSTANT ENERGY   -22.020829337253652        3.1885675721274979E-005
 FERMI ENERGY AT   0.64325625629861471     
 FERMI ENERGY AT   0.64324764496629694     
 CONSTANT ENERGY   -22.020830320366649        3.1211411908398141E-005
 FERMI ENERGY AT   0.64325537094162255     
 FERMI ENERGY AT   0.64324661457367804     
 CONSTANT ENERGY   -22.020831280047783        3.0564599469702164E-005
 FERMI ENERGY AT   0.64325451733831596     
 FERMI ENERGY AT   0.64324723634541203     
 CONSTANT ENERGY   -22.020832203812517        2.9939288319148794E-005
 FERMI ENERGY AT   0.64325378953040335     
 FERMI ENERGY AT   0.64324743480954172     
 CONSTANT ENERGY   -22.020833101558335        2.9330331130938057E-005
WRITING : HEADER
WRITING : TIMESTEP
WRITING : ATOMS
WRITING : CELL
WRITING : OCCUPATIONS
WRITING : WAVES
WRITING : ENDOFFILE
 FERMI ENERGY AT   0.64325323514278498     
 FERMI ENERGY AT   0.64324990697615736     
 CONSTANT ENERGY   -22.020833955671698        2.8733852887167542E-005
NORMAL STOP: CALLING MPE__STOPALL TO CLOSE DOWN
