TRACE-PUSH(  1): LEVEL=    1 INTO MAIN
TRACE-MEM(  1): MAXMEM[MBYTE]=   0.00000 TIME20260907 125606.085
TRACE-PUSH(  1): LEVEL=    2 INTO PAW
TRACE-MEM(  1): MAXMEM[MBYTE]=   0.00000 TIME20260907 125606.085
TRACE-PUSH(  1): LEVEL=    3 INTO READIN
TRACE-MEM(  1): MAXMEM[MBYTE]=   0.00000 TIME20260907 125606.085
TRACE-PUSH(  1): LEVEL=    4 INTO READIN_FILES
TRACE-MEM(  1): MAXMEM[MBYTE]=   0.00000 TIME20260907 125606.086
TRACE-PUSH(  1): LEVEL=    5 INTO STANDARDFILES
TRACE-MEM(  1): MAXMEM[MBYTE]=   0.00000 TIME20260907 125606.086
TRACE-POP (  1): LEVEL=    5 FROM STANDARDFILES                   
TRACE-MEM(  1): MAXMEM[MBYTE]=   0.00000 TIME20260907 125606.086
TRACE-POP (  1): LEVEL=    4 FROM READIN_FILES                    
TRACE-MEM(  1): MAXMEM[MBYTE]=   0.00000 TIME20260907 125606.086
TRACE-PUSH(  1): LEVEL=    4 INTO READIN_GENERIC
TRACE-MEM(  1): MAXMEM[MBYTE]=   0.00000 TIME20260907 125606.086
 PAW_SETUPS.F90 A LAMBDA=   6.0000000000000000        6.0000000000000000        6.0000000000000000        6.0000000000000000     
 PAW_SETUPS.F90 A LAMBDA=   6.0000000000000000        6.0000000000000000        6.0000000000000000        6.0000000000000000     
================================================================================
===================  SETUP CONSTRUCTION FOR O_  ================================
================================================================================
 THIS%SETTING%SO= F
KEY: START,REL,NONSO,ZORA
RELATIVISTIC EFFECTS SWITCHED ON?     T
SPIN-ORBIT COUPLING SWITCHED ON?      F
ZORA SWITCHED ON?                     T
FOCK CONTRIBTION ON?                  F
START FROM SCRATCH?                    T
DOING SCF ITERATIONS FOR ATOM WITH Z=   8.00000
           1  AV(POT-POTIN)=   1.3307728744126808       MAX:(POT-POTIN)=   18441.739180372679                0 F
           2  AV(POT-POTIN)=  0.64088692114230683       MAX:(POT-POTIN)=   10329.654043849092                0 F
           3  AV(POT-POTIN)=  0.66592411882725699       MAX:(POT-POTIN)=   759.34959191328380                0 F
           4  AV(POT-POTIN)=  0.59430927415406354       MAX:(POT-POTIN)=   503.28310270642396                0 F
           5  AV(POT-POTIN)=  0.27235845689632282       MAX:(POT-POTIN)=   93.036304480978288                0 F
           6  AV(POT-POTIN)=  0.13260826152035246       MAX:(POT-POTIN)=   103.70765667245723                0 F
           7  AV(POT-POTIN)=   3.5584155647227514E-002  MAX:(POT-POTIN)=   13.384391989558935                0 F
           8  AV(POT-POTIN)=   1.3950000205583934E-002  MAX:(POT-POTIN)=   3.2573707074625418                0 F
           9  AV(POT-POTIN)=   8.1781706670863950E-003  MAX:(POT-POTIN)=   3.0133090192684904                0 F
          10  AV(POT-POTIN)=   2.2791391279787000E-003  MAX:(POT-POTIN)=  0.40127286082133651                0 F
          11  AV(POT-POTIN)=   1.0714041305406963E-003  MAX:(POT-POTIN)=  0.18346737744286656                0 F
          12  AV(POT-POTIN)=   1.3451345371999935E-004  MAX:(POT-POTIN)=   8.2895751460455358E-002           0 F
          13  AV(POT-POTIN)=   1.3487229071427150E-004  MAX:(POT-POTIN)=   2.5493114371784031E-002           0 F
          14  AV(POT-POTIN)=   4.8241039437253872E-005  MAX:(POT-POTIN)=   6.3604039605706930E-003           0 F
          15  AV(POT-POTIN)=   2.3773960896411682E-005  MAX:(POT-POTIN)=   2.7011203346773982E-003           0 F
          16  AV(POT-POTIN)=   6.4029947803217282E-006  MAX:(POT-POTIN)=   1.0437174933031201E-003           0 F
          17  AV(POT-POTIN)=   1.7051793260674278E-006  MAX:(POT-POTIN)=   3.0559429433196783E-004           0 F
          18  AV(POT-POTIN)=   2.0716782199299600E-007  MAX:(POT-POTIN)=   5.2713206969201565E-005           0 F
          19  AV(POT-POTIN)=   8.9652470686241065E-008  MAX:(POT-POTIN)=   1.1506956070661545E-005           0 F
          20  AV(POT-POTIN)=   2.2456545985192856E-008  MAX:(POT-POTIN)=   7.1831746026873589E-006           0 F
          21  AV(POT-POTIN)=   1.1086875778010342E-008  MAX:(POT-POTIN)=   5.6114513427019119E-006           0 F
          22  AV(POT-POTIN)=   6.2518456447343948E-009  MAX:(POT-POTIN)=   1.7171259969472885E-006           0 F
          23  AV(POT-POTIN)=   5.0119254057700321E-009  MAX:(POT-POTIN)=   5.7334545999765396E-006           0 F
          24  AV(POT-POTIN)=   3.0724076570235027E-009  MAX:(POT-POTIN)=   4.2598694562911987E-006           0 F
          25  AV(POT-POTIN)=   3.4797065855109025E-009  MAX:(POT-POTIN)=   2.3979227989912033E-006           0 F
          26  AV(POT-POTIN)=   1.2502892792287363E-009  MAX:(POT-POTIN)=   3.8552097976207733E-006           1 F
          27  AV(POT-POTIN)=   7.2916285206470906E-010  MAX:(POT-POTIN)=   2.4752225726842880E-006           0 F
          28  AV(POT-POTIN)=   1.6584435863919848E-009  MAX:(POT-POTIN)=   1.6521662473678589E-006           0 F
          29  AV(POT-POTIN)=   1.2188614395643402E-009  MAX:(POT-POTIN)=   3.0306400731205940E-006           0 F
          30  AV(POT-POTIN)=   1.3163260707113119E-009  MAX:(POT-POTIN)=   1.6350531950592995E-006           1 F
          31  AV(POT-POTIN)=   1.3453250353467558E-009  MAX:(POT-POTIN)=   3.2052630558609962E-006           0 F
          32  AV(POT-POTIN)=   1.9575014445352307E-010  MAX:(POT-POTIN)=   5.8630248531699181E-006           1 F
          33  AV(POT-POTIN)=   1.3329542203694689E-009  MAX:(POT-POTIN)=   3.3156247809529305E-006           0 F
          34  AV(POT-POTIN)=   1.0142697715490633E-009  MAX:(POT-POTIN)=   5.6277494877576828E-006           1 F
          35  AV(POT-POTIN)=   5.9601396457525359E-010  MAX:(POT-POTIN)=   4.8333313316106796E-006           2 F
          36  AV(POT-POTIN)=   2.7406056025774004E-009  MAX:(POT-POTIN)=   3.1568342819809914E-006           3 F
          37  AV(POT-POTIN)=   5.5967782645753691E-010  MAX:(POT-POTIN)=   4.7971261665225029E-006           4 F
          38  AV(POT-POTIN)=   5.1775899533857738E-010  MAX:(POT-POTIN)=   1.2902310118079185E-006           5 F
          39  AV(POT-POTIN)=   1.7306860430219047E-009  MAX:(POT-POTIN)=   2.7964124456048012E-006           0 F
          40  AV(POT-POTIN)=   8.3396462973915938E-010  MAX:(POT-POTIN)=   2.8980430215597153E-006           1 F
          41  AV(POT-POTIN)=   8.7279428445999685E-010  MAX:(POT-POTIN)=   1.4745164662599564E-006           2 F
          42  AV(POT-POTIN)=   1.5113762054110663E-009  MAX:(POT-POTIN)=   1.3202661648392677E-006           3 F
          43  AV(POT-POTIN)=   8.9227334143743699E-010  MAX:(POT-POTIN)=   2.6854686439037323E-006           4 F
          44  AV(POT-POTIN)=   1.0237098119396417E-009  MAX:(POT-POTIN)=   1.1222437024116516E-006           5 F
          45  AV(POT-POTIN)=   1.5800235143703213E-009  MAX:(POT-POTIN)=   3.2369280233979225E-006           0 F
          46  AV(POT-POTIN)=   2.0015743755932877E-010  MAX:(POT-POTIN)=   3.6613782867789268E-006           1 F
          47  AV(POT-POTIN)=   1.1874043316535317E-009  MAX:(POT-POTIN)=   2.4120090529322624E-006           2 F
          48  AV(POT-POTIN)=   1.6000396852225992E-009  MAX:(POT-POTIN)=   2.2238818928599358E-006           3 F
          49  AV(POT-POTIN)=   8.4480425035630942E-010  MAX:(POT-POTIN)=   1.5654368326067924E-006           4 F
          50  AV(POT-POTIN)=   1.3322285380157972E-009  MAX:(POT-POTIN)=   2.4876790121197701E-006           5 F
===================ENERGY REPORT OF ATOMLIB__AESCF==============================
TOTAL ENERGY:................   -75.03156919
KINETIC ENERGY:..............    74.92595276
HARTREE ENERGY:..............  -141.68014456
DFT XC ENERGY:...............      -8.277377
FINITE NUCLEUS:..............     0.00001058
.... CALCULATION USES FINITE NUCLEUS
.... DO NOT ADD FINITE NUCLEUS CORRECTION
... SELFCONSISTENCY OBTAINED
FINAL ONE-PARTICLE ENERGIES FROM AESCF  
  IB   L  SO         F#NODE                   E
   1   0   0      2.00    0             -18.927
   2   0   0      2.00    1              -0.881
   3   1   0      4.00    0              -0.332
 #ITERATIONS           51
========================================================
========= ALL-ELECTRON ATOM CALCULATION ================
========================================================
TOTAL ENERGY=              -75.0315692
  IB   N   L  SO                   E         F#(REM. EL.
   1   1   0   0            -18.9274   2.00000   6.00000
--------- CORE ABOVE, VALENCE BELOW --------------------
   2   2   0   0             -0.8806   2.00000   4.00000
   3   2   1   0             -0.3318   4.00000   0.00000
========================================================
========================================================
 ISCATT=           0           1           0           1           0
 LOX=              0           0           1           1           2
 VFOCK%TON  F
=================== ENERGIES FOR ATOMIC WAVE FUNCTIONS =========================
=================== OLD: AE SCHRODINGER EQUATION           =====================
=================== NEW: NODELESS EQUATION                 =====================
=================== DIFFERENCE DUE TO RELATIVISTIC EFFECTS =====================
IB=  1 L= 0 E[NEW]=      -18.92745 E[OLD]=      -18.92745
IB=  2 L= 0 E[NEW]=       -0.88058 E[OLD]=       -0.88058
IB=  3 L= 1 E[NEW]=       -0.33184 E[OLD]=       -0.33184
=================== ENERGIES FOR PARTIAL-WAVE CONSTRUCTION======================
RBOX=  1.65540
LN= 1 L= 0 E=  -0.88058 RC= 1.035
LN= 2 L= 0 E=   3.48228 RC= 1.035
LN= 3 L= 1 E=  -0.33184 RC= 1.035
LN= 4 L= 1 E=   3.10319 RC= 1.035
LN= 5 L= 2 E=   0.04189 RC= 1.035
===================  TRANSU ====================================================
   1.0000000000   1.0000000000   0.0000000000   0.0000000000   0.0000000000
   0.0000000000   4.3628660042   0.0000000000   0.0000000000   0.0000000000
   0.0000000000   0.0000000000   1.0000000000   1.0000000000   0.0000000000
   0.0000000000   0.0000000000   0.0000000000   3.4350301242   0.0000000000
   0.0000000000   0.0000000000   0.0000000000   0.0000000000   1.0000000000
===================  TRANSU^(-1) ===============================================
   1.0000000000  -0.2292071311  -0.0000000000   0.0000000000  -0.0000000000
   0.0000000000   0.2292071311  -0.0000000000   0.0000000000  -0.0000000000
   0.0000000000   0.0000000000   1.0000000000  -0.2911182621  -0.0000000000
   0.0000000000   0.0000000000   0.0000000000   0.2911182621  -0.0000000000
   0.0000000000   0.0000000000   0.0000000000   0.0000000000   1.0000000000
===================  TEST QN EQ.  ==============================================
LN= 1 L= 0  [T+V-E_N]|QN>-|UC>=   0.000000000000028
LN= 2 L= 0  [T+V-E_N]|QN>-|UC>=   0.000000000000057
LN= 3 L= 1  [T+V-E_N]|QN>-|UC>=   0.000000000000038
LN= 4 L= 1  [T+V-E_N]|QN>-|UC>=   0.000000000000077
LN= 5 L= 2  [T+V-E_N]|QN>-|UC>=   0.000000000000000
=================== <UC|AEPHI>/SQRT(<UC|UC>  ===================================
========= DEVIATION DUE NEGLECT OF SMALL COMPONENT==============================
========= ORTHOGONALIZATION DONE BASED ON ENERGIES==============================
   0.00005
  -0.00004
   0.00000
   0.00000
   0.00000
===================  TEST AEPHI EQ.  ===========================================
LN= 1 L= 0  [T+V-E_N]|AEPHI_N> =   0.000000000582139
LN= 2 L= 0  [T+V-E_N]|AEPHI_N> =   0.000000000438120
LN= 3 L= 1  [T+V-E_N]|AEPHI_N> =   0.000000000000038
LN= 4 L= 1  [T+V-E_N]|AEPHI_N> =   0.000000000000077
LN= 5 L= 2  [T+V-E_N]|AEPHI_N> =   0.000000000000000
 L            0  E= -0.88058264306795964      PHIPHASE BEFORE ADJUSTMENT=   0.82350956379427454     
 L            0  E= -0.88058264306795964      PHIPHASE AFTER ADJUSTMENT=   0.82350956379427454     
 L            0  E=   3.4822833611740052      PHIPHASE BEFORE ADJUSTMENT=    1.8417647701664568     
 L            0  E=   3.4822833611740052      PHIPHASE AFTER ADJUSTMENT=    1.8417647701664568     
 L            1  E= -0.33184205430137115      PHIPHASE BEFORE ADJUSTMENT=   0.78723956512988646     
 L            1  E= -0.33184205430137115      PHIPHASE AFTER ADJUSTMENT=   0.78723956512988646     
 L            1  E=   3.1031880698614547      PHIPHASE BEFORE ADJUSTMENT=    1.8071635284885974     
 L            1  E=   3.1031880698614547      PHIPHASE AFTER ADJUSTMENT=    1.8071635284885974     
 L            2  E=   4.1886363650380079E-002 PHIPHASE BEFORE ADJUSTMENT=   0.31469492606584576     
 L            2  E=   4.1886363650380079E-002 PHIPHASE AFTER ADJUSTMENT=   0.31469492606584576     
===================  TEST RAW PAW EQUATION  ====================================
LN= 1 L= 0 RAW PAW EQ.   0.00000 SCHR. EQ.   0.00000
LN= 2 L= 0 RAW PAW EQ.   0.00000 SCHR. EQ.   0.00000
LN= 3 L= 1 RAW PAW EQ.   0.00000 SCHR. EQ.   0.00000
LN= 4 L= 1 RAW PAW EQ.   0.00000 SCHR. EQ.   0.00000
LN= 5 L= 2 RAW PAW EQ.   0.00000 SCHR. EQ.   0.00000
 VFOCK%TON   F
 RBND          1.6554000127699953     
DT    0.22676E+01 0.16847E+01 0.00000E+00 0.00000E+00 0.00000E+00
DT    0.16851E+01 0.12440E+01 0.00000E+00 0.00000E+00 0.00000E+00
DT    0.00000E+00 0.00000E+00 0.11553E+01 0.10371E+01 0.00000E+00
DT    0.00000E+00 0.00000E+00 0.10371E+01 0.79473E+00 0.00000E+00
DT    0.00000E+00 0.00000E+00 0.00000E+00 0.00000E+00 0.91298E-03
DH    0.42723E+00 0.25605E+00 0.00000E+00 0.00000E+00 0.00000E+00
DH    0.25636E+00 0.14660E+00 0.00000E+00 0.00000E+00 0.00000E+00
DH    0.00000E+00 0.00000E+00-0.53708E+00-0.22734E+00 0.00000E+00
DH    0.00000E+00 0.00000E+00-0.22734E+00-0.22691E+00 0.00000E+00
DH    0.00000E+00 0.00000E+00 0.00000E+00 0.00000E+00-0.11646E-02
DO   -0.13002E+00-0.10065E+00 0.00000E+00 0.00000E+00 0.00000E+00
DO   -0.10065E+00-0.87865E-01 0.00000E+00 0.00000E+00 0.00000E+00
DO    0.00000E+00 0.00000E+00 0.16162E+00 0.83766E-01 0.00000E+00
DO    0.00000E+00 0.00000E+00 0.83766E-01 0.53208E-01 0.00000E+00
DO    0.00000E+00 0.00000E+00 0.00000E+00 0.00000E+00 0.23093E-03
LN= 1 DTKIN-TRANSPOSE(DTKIN)=   0.00000  -0.00031   0.00000   0.00000   0.00000
LN= 2 DTKIN-TRANSPOSE(DTKIN)=   0.00031   0.00000   0.00000   0.00000   0.00000
LN= 3 DTKIN-TRANSPOSE(DTKIN)=   0.00000   0.00000   0.00000   0.00000   0.00000
LN= 4 DTKIN-TRANSPOSE(DTKIN)=   0.00000   0.00000  -0.00000   0.00000   0.00000
LN= 5 DTKIN-TRANSPOSE(DTKIN)=   0.00000   0.00000   0.00000   0.00000   0.00000
LN= 1 <P|PSPHI>=   1.00000   0.00000   0.00000   0.00000   0.00000
LN= 2 <P|PSPHI>=  -0.00000   1.00000   0.00000   0.00000   0.00000
LN= 3 <P|PSPHI>=   0.00000   0.00000   1.00000   0.00000   0.00000
LN= 4 <P|PSPHI>=   0.00000   0.00000  -0.00000   1.00000   0.00000
LN= 5 <P|PSPHI>=   0.00000   0.00000   0.00000   0.00000   1.00000
===================  TEST PAW EQUATION  ========================================
LN= 1 L= 0 PAW EQ.             0.00000 SCHR. EQ.             0.00000 DPRO              0.00000
LN= 2 L= 0 PAW EQ.             0.00000 SCHR. EQ.             0.00000 DPRO              0.00000
LN= 3 L= 1 PAW EQ.             0.00000 SCHR. EQ.             0.00000 DPRO              0.00000
LN= 4 L= 1 PAW EQ.             0.00000 SCHR. EQ.             0.00000 DPRO              0.00000
LN= 5 L= 2 PAW EQ.             0.00000 SCHR. EQ.             0.00000 DPRO              0.00000
 =================== L=           0  =================================
 BEFORE PAWBOUNDSTATE
 L=           0  NN=           0  E= -0.88058282705004320       NPRO=           2  ROUT=   19.716639202099568       IB=           2
  E= -0.88075192931961732     
 =================== L=           1  =================================
 BEFORE PAWBOUNDSTATE
 L=           1  NN=           0  E= -0.33184205630031238       NPRO=           2  ROUT=   19.716639202099568       IB=           3
  E= -0.33184332725120069     
 =================== L=           2  =================================
===================  STRAIGHT AE- AND PAW-ENERGY LEVELS ========================
IB= 2 L= 0 AE-ENERGY: -23.96154 EV; PS-ENERGY: -23.96614 EV
IB= 3 L= 1 AE-ENERGY:  -9.02975 EV; PS-ENERGY:  -9.02979 EV
 PSEUDO+AUGMENTATION CHARGE    7.8938474409318214E-015  (SHOULD BE ZERO)
===================  DTKIN BEFORE SYMMETRIZATION ===============================
       2.268       1.685       0.000       0.000       0.000
       1.685       1.244       0.000       0.000       0.000
       0.000       0.000       1.155       1.037       0.000
       0.000       0.000       1.037       0.795       0.000
       0.000       0.000       0.000       0.000       0.001
===================  DO BEFORE SYMMETRIZATION ==================================
      -0.130      -0.101       0.000       0.000       0.000
      -0.101      -0.088       0.000       0.000       0.000
       0.000       0.000       0.162       0.084       0.000
       0.000       0.000       0.084       0.053       0.000
       0.000       0.000       0.000       0.000       0.000
 LIB_FFTW: CREATE PLAN FOR: GTOR           1         500           0
 LIB_FFTW: CREATE PLAN FOR: RTOG          -1         500           1
L= 0 IB= 1 E(LOCAL)=  -1.18041 E(OUTER)=  -0.06312
L= 0 IB= 2 E(LOCAL)=  -0.01329 E(OUTER)=   0.02179
L= 0 IB= 3 E(LOCAL)=   0.03083 E(OUTER)=   0.07934
L= 0 IB= 4 E(LOCAL)=   0.09878 E(OUTER)=   0.16559
L= 1 IB= 1 E(LOCAL)=  -0.02729 E(OUTER)=   0.01525
L= 1 IB= 2 E(LOCAL)=   0.02926 E(OUTER)=   0.04551
L= 1 IB= 3 E(LOCAL)=   0.08589 E(OUTER)=   0.11109
L= 1 IB= 4 E(LOCAL)=   0.16753 E(OUTER)=   0.20287
L= 2 IB= 1 E(LOCAL)=   0.04189 E(OUTER)=   0.04189
L= 2 IB= 2 E(LOCAL)=   0.09892 E(OUTER)=   0.09898
L= 2 IB= 3 E(LOCAL)=   0.17544 E(OUTER)=   0.17568
L= 2 IB= 4 E(LOCAL)=   0.28001 E(OUTER)=   0.28061
========= GHOSTBUSTER FOR=   O_ Z=   8.0 =======================================
LN 1 L= 0 E(INNER)=   1.12039 H
LN 2 L= 0 E(INNER)=   1.22208 H
LN 3 L= 1 E(INNER)=   6.99828 H
LN 4 L= 1 E(INNER)=  11.53628 H
LN 5 L= 2 E(INNER)=  11.86098 H
 LIB_FFTW: CREATE PLAN FOR: GTOR           1        1024           2
 LIB_FFTW: CREATE PLAN FOR: RTOG          -1        1024           3
================================================================================
===================  SETUP CONSTRUCTION FINISHED  ==============================
================================================================================
================================================================================
===================  SETUP CONSTRUCTION FOR H_  ================================
================================================================================
 THIS%SETTING%SO= F
KEY: START,REL,NONSO,ZORA
RELATIVISTIC EFFECTS SWITCHED ON?     T
SPIN-ORBIT COUPLING SWITCHED ON?      F
ZORA SWITCHED ON?                     T
FOCK CONTRIBTION ON?                  F
START FROM SCRATCH?                    T
DOING SCF ITERATIONS FOR ATOM WITH Z=   1.00000
           1  AV(POT-POTIN)=  0.12477561511940513       MAX:(POT-POTIN)=   13346.104522029113                0 F
           2  AV(POT-POTIN)=   5.9579808329667285E-002  MAX:(POT-POTIN)=   7884.2422690116800                0 F
           3  AV(POT-POTIN)=   1.5244370807788598E-002  MAX:(POT-POTIN)=   725.78454839938786                0 F
           4  AV(POT-POTIN)=   7.1389769043571881E-003  MAX:(POT-POTIN)=   175.52146191339125                0 F
           5  AV(POT-POTIN)=   2.2317444047818273E-003  MAX:(POT-POTIN)=   54.646216539316811                0 F
           6  AV(POT-POTIN)=   1.3067978047669794E-003  MAX:(POT-POTIN)=   34.129700832796516                0 F
           7  AV(POT-POTIN)=   6.3201045266804594E-005  MAX:(POT-POTIN)=   6.6744333858659957                0 F
           8  AV(POT-POTIN)=   9.1651996302166493E-005  MAX:(POT-POTIN)=   1.9036992675974034                0 F
           9  AV(POT-POTIN)=   3.0819466058419726E-005  MAX:(POT-POTIN)=  0.64324395416770130                0 F
          10  AV(POT-POTIN)=   1.9072138831198738E-006  MAX:(POT-POTIN)=  0.23520179410115816                0 F
          11  AV(POT-POTIN)=   2.9998759054878872E-006  MAX:(POT-POTIN)=  0.15275529862265103                0 F
          12  AV(POT-POTIN)=   1.2717087962863477E-006  MAX:(POT-POTIN)=   5.0594410626217723E-002           0 F
          13  AV(POT-POTIN)=   9.9964171386906929E-007  MAX:(POT-POTIN)=   1.9380329904379323E-002           0 F
          14  AV(POT-POTIN)=   5.2115302218884455E-008  MAX:(POT-POTIN)=   4.9229165306314826E-003           0 F
          15  AV(POT-POTIN)=   9.7144947899665358E-008  MAX:(POT-POTIN)=   2.6268023648299277E-003           0 F
          16  AV(POT-POTIN)=   1.3483819732836990E-008  MAX:(POT-POTIN)=   1.8380944675300270E-003           0 F
          17  AV(POT-POTIN)=   2.5175773097818555E-008  MAX:(POT-POTIN)=   5.4323565564118326E-004           0 F
          18  AV(POT-POTIN)=   5.5408319286863573E-009  MAX:(POT-POTIN)=   2.2925768280401826E-004           0 F
          19  AV(POT-POTIN)=   3.5378620767572830E-009  MAX:(POT-POTIN)=   7.4344861786812544E-005           0 F
          20  AV(POT-POTIN)=   1.3342034326473425E-009  MAX:(POT-POTIN)=   5.1499227993190289E-005           0 F
          21  AV(POT-POTIN)=   1.5306328955808877E-009  MAX:(POT-POTIN)=   1.3123938697390258E-004           0 F
          22  AV(POT-POTIN)=   4.2608522196180387E-010  MAX:(POT-POTIN)=   1.3216602383181453E-005           1 F
          23  AV(POT-POTIN)=   5.8269650457898058E-010  MAX:(POT-POTIN)=   1.3335922267287970E-004           0 F
          24  AV(POT-POTIN)=   2.0425358651813855E-010  MAX:(POT-POTIN)=   1.0813993867486715E-005           1 F
          25  AV(POT-POTIN)=   5.3590116151868724E-010  MAX:(POT-POTIN)=   1.3586992281489074E-004           0 F
          26  AV(POT-POTIN)=   1.1912761889306755E-010  MAX:(POT-POTIN)=   8.7063963292166591E-006           1 F
          27  AV(POT-POTIN)=   5.4267595375668323E-010  MAX:(POT-POTIN)=   1.3389342348091304E-004           0 F
          28  AV(POT-POTIN)=   5.9543081577586201E-011  MAX:(POT-POTIN)=   9.8664022516459227E-006           1 F
          29  AV(POT-POTIN)=   5.5026435018873921E-010  MAX:(POT-POTIN)=   1.3640508404932916E-004           0 F
          30  AV(POT-POTIN)=   2.6130597423698589E-011  MAX:(POT-POTIN)=   8.3861523307859898E-006           1 F
          31  AV(POT-POTIN)=   5.5780653581145284E-010  MAX:(POT-POTIN)=   1.3912358554080129E-004           0 F
          32  AV(POT-POTIN)=   1.3611814436461453E-011  MAX:(POT-POTIN)=   9.2372356448322535E-006           1 F
          33  AV(POT-POTIN)=   5.6089974381221155E-010  MAX:(POT-POTIN)=   1.3985656551085413E-004           0 F
          34  AV(POT-POTIN)=   8.4212562776201777E-012  MAX:(POT-POTIN)=   1.0926334653049707E-005           1 F
          35  AV(POT-POTIN)=   5.6397212583648239E-010  MAX:(POT-POTIN)=   1.3865419896319509E-004           0 F
          36  AV(POT-POTIN)=   2.4382955853454386E-012  MAX:(POT-POTIN)=   7.6552969403564930E-006           1 F
          37  AV(POT-POTIN)=   5.6710380657965775E-010  MAX:(POT-POTIN)=   1.3197437510825694E-004           0 F
          38  AV(POT-POTIN)=   1.0598050242091116E-012  MAX:(POT-POTIN)=   1.1846103006973863E-005           1 F
          39  AV(POT-POTIN)=   5.6605371919886136E-010  MAX:(POT-POTIN)=   1.3616253272630274E-004           0 F
          40  AV(POT-POTIN)=   4.1398007040966671E-012  MAX:(POT-POTIN)=   1.2296222848817706E-005           1 F
          41  AV(POT-POTIN)=   5.6181019530991975E-010  MAX:(POT-POTIN)=   1.3423518976196647E-004           2 F
          42  AV(POT-POTIN)=   8.8184350623898017E-012  MAX:(POT-POTIN)=   1.3337063137441874E-005           3 F
          43  AV(POT-POTIN)=   5.5915535231270127E-010  MAX:(POT-POTIN)=   1.3047398533672094E-004           4 F
          44  AV(POT-POTIN)=   1.0639158629150012E-011  MAX:(POT-POTIN)=   7.9617893788963556E-006           5 F
===================ENERGY REPORT OF ATOMLIB__AESCF==============================
TOTAL ENERGY:................    -0.45894011
KINETIC ENERGY:..............     0.44732405
HARTREE ENERGY:..............    -0.65487079
DFT XC ENERGY:...............      -0.251393
FINITE NUCLEUS:..............     0.00000000
.... CALCULATION USES FINITE NUCLEUS
.... DO NOT ADD FINITE NUCLEUS CORRECTION
... SELFCONSISTENCY OBTAINED
FINAL ONE-PARTICLE ENERGIES FROM AESCF  
  IB   L  SO         F#NODE                   E
   1   0   0      1.00    0              -0.239
 #ITERATIONS           45
========================================================
========= ALL-ELECTRON ATOM CALCULATION ================
========================================================
TOTAL ENERGY=               -0.4589401
  IB   N   L  SO                   E         F#(REM. EL.
   1   1   0   0             -0.2386   1.00000   0.00000
========================================================
========================================================
 ISCATT=           0
 LOX=              0
 VFOCK%TON  F
=================== ENERGIES FOR ATOMIC WAVE FUNCTIONS =========================
=================== OLD: AE SCHRODINGER EQUATION           =====================
=================== NEW: NODELESS EQUATION                 =====================
=================== DIFFERENCE DUE TO RELATIVISTIC EFFECTS =====================
IB=  1 L= 0 E[NEW]=       -0.23857 E[OLD]=       -0.23857
=================== ENERGIES FOR PARTIAL-WAVE CONSTRUCTION======================
RBOX=  0.72565
LN= 1 L= 0 E=  -0.23857 RC= 0.454
===================  TRANSU ====================================================
   1.0000000000
===================  TRANSU^(-1) ===============================================
   1.0000000000
===================  TEST QN EQ.  ==============================================
LN= 1 L= 0  [T+V-E_N]|QN>-|UC>=   0.000000000033973
=================== <UC|AEPHI>/SQRT(<UC|UC>  ===================================
========= DEVIATION DUE NEGLECT OF SMALL COMPONENT==============================
========= ORTHOGONALIZATION DONE BASED ON ENERGIES==============================

===================  TEST AEPHI EQ.  ===========================================
LN= 1 L= 0  [T+V-E_N]|AEPHI_N> =   0.000000000033973
 L            0  E= -0.23857015173863635      PHIPHASE BEFORE ADJUSTMENT=   0.74918138098727560     
 L            0  E= -0.23857015173863635      PHIPHASE AFTER ADJUSTMENT=   0.74918138098727560     
===================  TEST RAW PAW EQUATION  ====================================
LN= 1 L= 0 RAW PAW EQ.   0.00000 SCHR. EQ.   0.00000
 VFOCK%TON   F
 RBND         0.72565476493875181     
DT    0.12858E-01
DH   -0.39066E-01
DO    0.27456E-02
LN= 1 DTKIN-TRANSPOSE(DTKIN)=   0.00000
LN= 1 <P|PSPHI>=   1.00000
===================  TEST PAW EQUATION  ========================================
LN= 1 L= 0 PAW EQ.             0.00000 SCHR. EQ.             0.00000 DPRO              0.00000
 =================== L=           0  =================================
 BEFORE PAWBOUNDSTATE
 L=           0  NN=           0  E= -0.23857015793273895       NPRO=           1  ROUT=   19.716639202099568       IB=           1
  E= -0.23857237214575733     
===================  STRAIGHT AE- AND PAW-ENERGY LEVELS ========================
IB= 1 L= 0 AE-ENERGY:  -6.49173 EV; PS-ENERGY:  -6.49179 EV
 PSEUDO+AUGMENTATION CHARGE   -1.0304993612734785E-015  (SHOULD BE ZERO)
===================  DTKIN BEFORE SYMMETRIZATION ===============================
       0.013
===================  DO BEFORE SYMMETRIZATION ==================================
       0.003
L= 0 IB= 1 E(LOCAL)=  -0.20808 E(OUTER)=  -0.14696
L= 0 IB= 2 E(LOCAL)=   0.01005 E(OUTER)=   0.01320
L= 0 IB= 3 E(LOCAL)=   0.05098 E(OUTER)=   0.05663
L= 0 IB= 4 E(LOCAL)=   0.12704 E(OUTER)=   0.13373
========= GHOSTBUSTER FOR=   H_ Z=   1.0 =======================================
LN 1 L= 0 E(INNER)=  12.65134 H
================================================================================
===================  SETUP CONSTRUCTION FINISHED  ==============================
================================================================================
NO. OF INEQUIVALENT K-POINTS     1
NUMBER OF DIFFERENT TETRAHEDRA :    1
 DYNOCC__SETR8: SPIN HAS BEEN SET TO    0.0000000000000000     
READING RESTART FILE
CHECKING RESTART FILE: HEADER        0
CHECKING RESTART FILE: TIMESTEP      1
CHECKING RESTART FILE: ATOMS         4
CHECKING RESTART FILE: CELL          1
CHECKING RESTART FILE: OCCUPATION    6
CHECKING RESTART FILE: WAVES        16
CHECKING RESTART FILE: ENDOFFILE     0
READING: HEADER
READING: TIMESTEP
READING: ATOMS
READING: CELL
SKIPPING : OCCUPATIONS
READING: WAVES
 XK    0.0000000000000000        0.0000000000000000        0.0000000000000000     
READING: ENDOFFILE
 LIB_FFTW: CREATE PLAN FOR: GTOR           1          40           4
 LIB_FFTW: CREATE PLAN FOR: RTOG          -1          40           5
 ISOLATE TOTAL CHARGE   0.55462585303183509      -0.27722229918261099      -0.27740352480273356      QLM  -5.5568041333593854      RHOGAMMA*VOL   7.5502337991699235     
 CONSTANT ENERGY   -17.299688676627571        8.7639690962839187E-006
 ISOLATE TOTAL CHARGE   0.55431328410986680      -0.27706960171165651      -0.27724363653902429      QLM  -5.5567782347050079      RHOGAMMA*VOL   7.5502040049027839     
 CONSTANT ENERGY   -17.299689032488615        7.7738085411816339E-005
 ISOLATE TOTAL CHARGE   0.55370711221110724      -0.27677322987884367      -0.27693383635045543      QLM  -5.5567201826018309      RHOGAMMA*VOL   7.5501382270559780     
 CONSTANT ENERGY   -17.299689495072297        2.1058353475627371E-004
 ISOLATE TOTAL CHARGE   0.55284718898630381      -0.27635253597751119      -0.27649460695936190      QLM  -5.5566187818465105      RHOGAMMA*VOL   7.5500254563765310     
 CONSTANT ENERGY   -17.299690001960080        3.9949556476716726E-004
 ISOLATE TOTAL CHARGE   0.55179284354118785      -0.27583656556799374      -0.27595623192463470      QLM  -5.5564601704237244      RHOGAMMA*VOL   7.5498520276758043     
 CONSTANT ENERGY   -17.299691180549811        6.3676673403308581E-004
 ISOLATE TOTAL CHARGE   0.55062203733760207      -0.27526367144091424      -0.27535831991168491      QLM  -5.5562301900808313      RHOGAMMA*VOL   7.5496039657174068     
 CONSTANT ENERGY   -17.299694666304578        9.1633431808291373E-004
 ISOLATE TOTAL CHARGE   0.54942911780749704      -0.27468041743803884      -0.27474865449238361      QLM  -5.5559165168324602      RHOGAMMA*VOL   7.5492690890335847     
 CONSTANT ENERGY   -17.299702922377193        1.2334631671820427E-003
 ISOLATE TOTAL CHARGE   0.54832059978481240      -0.27413950126289777      -0.27418105277012916      QLM  -5.5555101933361266      RHOGAMMA*VOL   7.5488385369370761     
 CONSTANT ENERGY   -17.299718605453833        1.5833539618833555E-003
 ISOLATE TOTAL CHARGE   0.54740899593912218      -0.27369668483321830      -0.27371226546579530      QLM  -5.5550063510441845      RHOGAMMA*VOL   7.5483075058927733     
 CONSTANT ENERGY   -17.299743798812425        1.9599833131695994E-003
 ISOLATE TOTAL CHARGE   0.54680509476849082      -0.27340694359169504      -0.27339810560488775      QLM  -5.5544040599502678      RHOGAMMA*VOL   7.5476751256556449     
 CONSTANT ENERGY   -17.299779450174917        2.3559926769301390E-003
 ISOLATE TOTAL CHARGE   0.54660981671251108      -0.27332039587918233      -0.27328937526175601      QLM  -5.5537054609848751      RHOGAMMA*VOL   7.5469436200444884     
 CONSTANT ENERGY   -17.299825266013482        2.7635087613814731E-003
 ISOLATE TOTAL CHARGE   0.54690588558139552      -0.27347813345785221      -0.27342770646903247      QLM  -5.5529144819448568      RHOGAMMA*VOL   7.5461170441799057     
 CONSTANT ENERGY   -17.299879954555625        3.1751565910153358E-003
 ISOLATE TOTAL CHARGE   0.54775100220528650      -0.27390879166764615      -0.27384216471167599      QLM  -5.5520354878094720      RHOGAMMA*VOL   7.5451999442211575     
 CONSTANT ENERGY   -17.299941721668816        3.5845622243289464E-003
 ISOLATE TOTAL CHARGE   0.54917313402849643      -0.27462618952229123      -0.27454689842552948      QLM  -5.5510721685172513      RHOGAMMA*VOL   7.5441962403751042     
 CONSTANT ENERGY   -17.300008742240632        3.9861272266694114E-003
 ISOLATE TOTAL CHARGE   0.55116855697940359      -0.27562834721151264      -0.27554016336285558      QLM  -5.5500269695176430      RHOGAMMA*VOL   7.5431086394200575     
 CONSTANT ENERGY   -17.300079477567799        4.3744053712010912E-003
 ISOLATE TOTAL CHARGE   0.55370307526116314      -0.27689808323520637      -0.27680494524637655      QLM  -5.5489011103646790      RHOGAMMA*VOL   7.5419386299083291     
 CONSTANT ENERGY   -17.300152865442140        4.7436272015278112E-003
 ISOLATE TOTAL CHARGE   0.55671643210317612      -0.27840522931709355      -0.27831115560336128      QLM  -5.5476952371541746      RHOGAMMA*VOL   7.5406871111054485     
 CONSTANT ENERGY   -17.300228351422355        5.0876762129217802E-003
 ISOLATE TOTAL CHARGE   0.56012933603410886      -0.28011015192614330      -0.28001913651420685      QLM  -5.5464104354112047      RHOGAMMA*VOL   7.5393553916243947     
 CONSTANT ENERGY   -17.300305804153872        5.4004781777747092E-003
 ISOLATE TOTAL CHARGE   0.56385214725756327      -0.28196810554058072      -0.28188399372125117      QLM  -5.5450493977277819      RHOGAMMA*VOL   7.5379463535396223     
 CONSTANT ENERGY   -17.300385355064151        5.6765192408604346E-003
 ISOLATE TOTAL CHARGE   0.56779424097569375      -0.28393392684725516      -0.28386026575114265      QLM  -5.5436174823153408      RHOGAMMA*VOL   7.5364655216136445     
 CONSTANT ENERGY   -17.300467160009774        5.9112201762472200E-003
 ISOLATE TOTAL CHARGE   0.57187313714272214      -0.28596661145777125      -0.28590647695176097      QLM  -5.5421232619105520      RHOGAMMA*VOL   7.5349216304308522     
 CONSTANT ENERGY   -17.300551204041213        6.1010744383847163E-003
 ISOLATE TOTAL CHARGE   0.57602189261783643      -0.28803300543793253      -0.28798883811606357      QLM  -5.5405785657947391      RHOGAMMA*VOL   7.5333266877905150     
 CONSTANT ENERGY   -17.300637098519534        6.2436510357949783E-003
 ISOLATE TOTAL CHARGE   0.58019329802696262      -0.29010988954586381      -0.29008335910703686      QLM  -5.5389979745331397      RHOGAMMA*VOL   7.5316954902584481     
 CONSTANT ENERGY   -17.300724010761218        6.3376032560604270E-003
 ISOLATE TOTAL CHARGE   0.58436069409584412      -0.29218438169947025      -0.29217626272447483      QLM  -5.5373979501456692      RHOGAMMA*VOL   7.5300447625385276     
 CONSTANT ENERGY   -17.300810723733345        6.3827689053166433E-003
 ISOLATE TOTAL CHARGE   0.58851570155841593      -0.29425277461508426      -0.29426287697764075      QLM  -5.5357954379423271      RHOGAMMA*VOL   7.5283917611013216     
 CONSTANT ENERGY   -17.300895808741384        6.3803390750426323E-003
 ISOLATE TOTAL CHARGE   0.59266320719973642      -0.29631799009805770      -0.29634516683839407      QLM  -5.5342065182486584      RHOGAMMA*VOL   7.5267529177905717     
 CONSTANT ENERGY   -17.300977837485174        6.3329315825679947E-003
 ISOLATE TOTAL CHARGE   0.59681394736276516      -0.29838584534189350      -0.29842805145001972      QLM  -5.5326455194073159      RHOGAMMA*VOL   7.5251429416895421     
 CONSTANT ENERGY   -17.301383031155254        5.9170724458147399E-003
 ISOLATE TOTAL CHARGE   0.59850602430544697      -0.29922766264444767      -0.29927832404916033      QLM  -5.5314867046097085      RHOGAMMA*VOL   7.5239376371434439     
 CONSTANT ENERGY   -17.301977488195011        5.2575431555354109E-003
 ISOLATE TOTAL CHARGE   0.59870560062047851      -0.29932562444067590      -0.29937993839052535      QLM  -5.5305828725764252      RHOGAMMA*VOL   7.5229910466177694     
 CONSTANT ENERGY   -17.302383997125130        4.7301285622932728E-003
 ISOLATE TOTAL CHARGE   0.59813247057403984      -0.29903894291172373      -0.29909348982747619      QLM  -5.5298228676158754      RHOGAMMA*VOL   7.5221927385905625     
 CONSTANT ENERGY   -17.302705601574495        4.2418834718311290E-003
 ISOLATE TOTAL CHARGE   0.59730432044753812      -0.29862592062843518      -0.29867836205178011      QLM  -5.5291317405312004      RHOGAMMA*VOL   7.5214681474130467     
 CONSTANT ENERGY   -17.302994168728123        3.7730101626072717E-003
 ISOLATE TOTAL CHARGE   0.59658258371125861      -0.29826685523373508      -0.29831569081164178      QLM  -5.5284667115453887      RHOGAMMA*VOL   7.5207746819214440     
 CONSTANT ENERGY   -17.303276621608191        3.3349993532211185E-003
 ISOLATE TOTAL CHARGE   0.59620378365953997      -0.29807968782517236      -0.29812405824538679      QLM  -5.5278110591562060      RHOGAMMA*VOL   7.5200957370319950     
 CONSTANT ENERGY   -17.303565118615364        2.9431979773632778E-003
 ISOLATE TOTAL CHARGE   0.59630451792130934      -0.29813247952183319      -0.29817200082359419      QLM  -5.5271666154321473      RHOGAMMA*VOL   7.5194332445954188     
 CONSTANT ENERGY   -17.303860293684913        2.6067416118477692E-003
 ISOLATE TOTAL CHARGE   0.59694275947327036      -0.29845404837142464      -0.29848867345691188      QLM  -5.5265461244119329      RHOGAMMA*VOL   7.5188000253828990     
 CONSTANT ENERGY   -17.304008059145144        2.4751327093916744E-003
WRITING : HEADER
WRITING : TIMESTEP
WRITING : ATOMS
WRITING : CELL
WRITING : OCCUPATIONS
WRITING : WAVES
WRITING : ENDOFFILE
 ISOLATE TOTAL CHARGE   0.59926421713854872      -0.29961790722714321      -0.29964625804298972      QLM  -5.5258194733125965      RHOGAMMA*VOL   7.5180648833699406     
 CONSTANT ENERGY   -17.304054626484977        2.5432785305765900E-003
 ISOLATE TOTAL CHARGE   0.60313587668669832      -0.30155736403001354      -0.30157846054527448      QLM  -5.5250380691834637      RHOGAMMA*VOL   7.5172788411544893     
 CONSTANT ENERGY   -17.304112439196114        2.6328093300053423E-003
 ISOLATE TOTAL CHARGE   0.60827627519822691      -0.30413146754831777      -0.30414475500694094      QLM  -5.5242655644638692      RHOGAMMA*VOL   7.5165053539767159     
 CONSTANT ENERGY   -17.304170218746183        2.6988403746891626E-003
 ISOLATE TOTAL CHARGE   0.61430064914195803      -0.30714764436102993      -0.30715295130738496      QLM  -5.5235643016774505      RHOGAMMA*VOL   7.5158067020321502     
 CONSTANT ENERGY   -17.304220087358640        2.7371012251948849E-003
 ISOLATE TOTAL CHARGE   0.62076040766749507      -0.31038141503691330      -0.31037893812859463      QLM  -5.5229842012778638      RHOGAMMA*VOL   7.5152328714213192     
 CONSTANT ENERGY   -17.304261225917397        2.7777174816324525E-003
 ISOLATE TOTAL CHARGE   0.62717692511336409      -0.31359329611181730      -0.31358357348239019      QLM  -5.5225558955008847      RHOGAMMA*VOL   7.5148146597133989     
 CONSTANT ENERGY   -17.304297017596735        2.8571017047611409E-003
 ISOLATE TOTAL CHARGE   0.63309166641841763      -0.31655387432468518      -0.31653773563346776      QLM  -5.5222876744371545      RHOGAMMA*VOL   7.5145605619972740     
 CONSTANT ENERGY   -17.304330488627482        2.9903010137074500E-003
 ISOLATE TOTAL CHARGE   0.63810641358885967      -0.31906391692907632      -0.31904243945238875      QLM  -5.5221678060235302      RHOGAMMA*VOL   7.5144590039878931     
 CONSTANT ENERGY   -17.304362573616050        3.1628558421922439E-003
 ISOLATE TOTAL CHARGE   0.64191821648677561      -0.32097185516795190      -0.32094630364978260      QLM  -5.5221707259512387      RHOGAMMA*VOL   7.5144844312804802     
 CONSTANT ENERGY   -17.304392390894009        3.3456235555313985E-003
 ISOLATE TOTAL CHARGE   0.64434627814030421      -0.32218722999025018      -0.32215899035062567      QLM  -5.5222654140228666      RHOGAMMA*VOL   7.5146056042816545     
 CONSTANT ENERGY   -17.304419095343118        3.5162277889022957E-003
 ISOLATE TOTAL CHARGE   0.64534701992559995      -0.32268822252635720      -0.32265873979631010      QLM  -5.5224240349562086      RHOGAMMA*VOL   7.5147942147333149     
 CONSTANT ENERGY   -17.304443417637120        3.6698836032099721E-003
 ISOLATE TOTAL CHARGE   0.64501324296136531      -0.32252124468091337      -0.32249194115165247      QLM  -5.5226290373817184      RHOGAMMA*VOL   7.5150320286164733     
 CONSTANT ENERGY   -17.304467565825000        3.8142412216435918E-003
 ISOLATE TOTAL CHARGE   0.64355587738649511      -0.32179180617933323      -0.32176401474774607      QLM  -5.5228771270304584      RHOGAMMA*VOL   7.5153149549687006     
 CONSTANT ENERGY   -17.304493847210296        3.9562164155489818E-003
 ISOLATE TOTAL CHARGE   0.64127137034108017      -0.32064821029143387      -0.32062310435634789      QLM  -5.5231790531900575      RHOGAMMA*VOL   7.5156529426535252     
 CONSTANT ENERGY   -17.304523399434999        4.0929763038253953E-003
 ISOLATE TOTAL CHARGE   0.63849892004626518      -0.31926015896990467      -0.31923870614988425      QLM  -5.5235553805557824      RHOGAMMA*VOL   7.5160658440844275     
 CONSTANT ENERGY   -17.304555984262269        4.2131087836420099E-003
 ISOLATE TOTAL CHARGE   0.63557447711539616      -0.31779575286340744      -0.31777867001475535      QLM  -5.5240293508616034      RHOGAMMA*VOL   7.5165763319761325     
 CONSTANT ENERGY   -17.304590816594935        4.3046402401966718E-003
 ISOLATE TOTAL CHARGE   0.63278862005908643      -0.31640041248220108      -0.31638815390051933      QLM  -5.5246188176121249      RHOGAMMA*VOL   7.5172018586580229     
 CONSTANT ENERGY   -17.304627534055566        4.3619868140696008E-003
 ISOLATE TOTAL CHARGE   0.63035379566628613      -0.31518049765554990      -0.31517324474719999      QLM  -5.5253294068683827      RHOGAMMA*VOL   7.5179478172792180     
 CONSTANT ENERGY   -17.304666474657562        4.3866297879413428E-003
 ISOLATE TOTAL CHARGE   0.62838536681789314      -0.31419381782713884      -0.31419149600033069      QLM  -5.5261504988425294      RHOGAMMA*VOL   7.5188035103159896     
 CONSTANT ENERGY   -17.304708192319200        4.3824947854616582E-003
 ISOLATE TOTAL CHARGE   0.62689799225399412      -0.31344781313684145      -0.31345012628858004      QLM  -5.5270549394645325      RHOGAMMA*VOL   7.5197418355427708     
 CONSTANT ENERGY   -17.304752717706812        4.3509950458911059E-003
 ISOLATE TOTAL CHARGE   0.62581726912234359      -0.31290537877093172      -0.31291183761217223      QLM  -5.5280024026499524      RHOGAMMA*VOL   7.5207226109871161     
 CONSTANT ENERGY   -17.305034074381041        4.0549717331998594E-003
 ISOLATE TOTAL CHARGE   0.62533091374051253      -0.31266103077357688      -0.31266984485510596      QLM  -5.5286349067463139      RHOGAMMA*VOL   7.5213895840535692     
 CONSTANT ENERGY   -17.305454606158300        3.5794274040590675E-003
 ISOLATE TOTAL CHARGE   0.62521406398099266      -0.31260206984372463      -0.31261195612971759      QLM  -5.5290437919205289      RHOGAMMA*VOL   7.5218334572108594     
 CONSTANT ENERGY   -17.305746836112018        3.1949088336788653E-003
 ISOLATE TOTAL CHARGE   0.62534595562158835      -0.31266791742305866      -0.31267800018442626      QLM  -5.5293095360973421      RHOGAMMA*VOL   7.5221337128311276     
 CONSTANT ENERGY   -17.305978087957079        2.8354185837134956E-003
 ISOLATE TOTAL CHARGE   0.62566156987763755      -0.31282591140611027      -0.31283562038702373      QLM  -5.5294965485448637      RHOGAMMA*VOL   7.5223536916110278     
 CONSTANT ENERGY   -17.306180118280018        2.4814711011454426E-003
 ISOLATE TOTAL CHARGE   0.62611988933750951      -0.31305543172482464      -0.31306441943532315      QLM  -5.5296510056293977      RHOGAMMA*VOL   7.5225386182500067     
 CONSTANT ENERGY   -17.306368427243619        2.1359729021309718E-003
 ISOLATE TOTAL CHARGE   0.62668344182537083      -0.31333766554373144      -0.31334573802329846      QLM  -5.5298015997202707      RHOGAMMA*VOL   7.5227164836001705     
 CONSTANT ENERGY   -17.306550169818870        1.8076472502763820E-003
 ISOLATE TOTAL CHARGE   0.62730892861830512      -0.31365091174427384      -0.31365797856979860      QLM  -5.5299622445157706      RHOGAMMA*VOL   7.5229007981986724     
 CONSTANT ENERGY   -17.306726722092222        1.5037630808258382E-003
 ISOLATE TOTAL CHARGE   0.62794621948692786      -0.31397007196387516      -0.31397610922051022      QLM  -5.5301358147699906      RHOGAMMA*VOL   7.5230943090256517     
 CONSTANT ENERGY   -17.306895287136328        1.2288275775230899E-003
 ISOLATE TOTAL CHARGE   0.62854232396900400      -0.31426863182855991      -0.31427365389039252      QLM  -5.5303180628527580      RHOGAMMA*VOL   7.5232928507035917     
 CONSTANT ENERGY   -17.307050978427799        9.8540569473296535E-004
 ISOLATE TOTAL CHARGE   0.62904740826388839      -0.31452166102563828      -0.31452570908733346      QLM  -5.5305011625776359      RHOGAMMA*VOL   7.5234888110768345     
 CONSTANT ENERGY   -17.307189048626704        7.7487307286933039E-004
 ISOLATE TOTAL CHARGE   0.62942052083687194      -0.31470867825540338      -0.31471180456764536      QLM  -5.5306764171210538      RHOGAMMA*VOL   7.5236737683160895     
 CONSTANT ENERGY   -17.307306466423025        5.9759028711908442E-004
 ISOLATE TOTAL CHARGE   0.62963364695984225      -0.31481567056742721      -0.31481793854228224      QLM  -5.5308361000194530      RHOGAMMA*VOL   7.5238402813827054     
 CONSTANT ENERGY   -17.307402499428534        4.5280666426775104E-004
 ISOLATE TOTAL CHARGE   0.62967363012130484      -0.31483605713600760      -0.31483753531360925      QLM  -5.5309743868229750      RHOGAMMA*VOL   7.5239827922288702     
 CONSTANT ENERGY   -17.307478461826367        3.3865686679942147E-004
 ISOLATE TOTAL CHARGE   0.62954184471618646      -0.31477052310993958      -0.31477128411685307      QLM  -5.5310876315171891      RHOGAMMA*VOL   7.5240978905765523     
 CONSTANT ENERGY   -17.307537039346663        2.5236848018280698E-004
 ISOLATE TOTAL CHARGE   0.62925222784044799      -0.31462603543980494      -0.31462615508828407      QLM  -5.5311741383502362      RHOGAMMA*VOL   7.5241840859149454     
 CONSTANT ENERGY   -17.307581536845088        1.9060461265726659E-004
 ISOLATE TOTAL CHARGE   0.62882823216363271      -0.31441431912558793      -0.31441387589067160      QLM  -5.5312336858360238      RHOGAMMA*VOL   7.5242413376266626     
 CONSTANT ENERGY   -17.307615303399945        1.4981261048855796E-004
 ISOLATE TOTAL CHARGE   0.62829927325350887      -0.31415008146150081      -0.31414915479309391      QLM  -5.5312669934128218      RHOGAMMA*VOL   7.5242705294745544     
 CONSTANT ENERGY   -17.307630156731800        1.3770675449552080E-004
 ISOLATE TOTAL CHARGE   0.62748551303517708      -0.31374342062707994      -0.31374204269403716      QLM  -5.5313047067273011      RHOGAMMA*VOL   7.5243018927447052     
 CONSTANT ENERGY   -17.307633657534815        1.4921938370076476E-004
 ISOLATE TOTAL CHARGE   0.62644152925694563      -0.31322162758482497      -0.31321985217001869      QLM  -5.5313355219031193      RHOGAMMA*VOL   7.5243242919189193     
 CONSTANT ENERGY   -17.307637760680709        1.6803387025412998E-004
 ISOLATE TOTAL CHARGE   0.62523862857777246      -0.31262033413754553      -0.31261824517540360      QLM  -5.5313489058287875      RHOGAMMA*VOL   7.5243274201535177     
 CONSTANT ENERGY   -17.307642093001100        1.9103915622002932E-004
 ISOLATE TOTAL CHARGE   0.62396261521540275      -0.31198243079967902      -0.31198013538467073      QLM  -5.5313357164704291      RHOGAMMA*VOL   7.5243023582052473     
 CONSTANT ENERGY   -17.307646294256141        2.1695157503482269E-004
 ISOLATE TOTAL CHARGE   0.62270453721226993      -0.31135343480992228      -0.31135105358502768      QLM  -5.5312887114474254      RHOGAMMA*VOL   7.5242420880622101     
 CONSTANT ENERGY   -17.307650250699194        2.4604649440152990E-004
 ISOLATE TOTAL CHARGE   0.62155158322217119      -0.31077693640359660      -0.31077459817727071      QLM  -5.5312026757748951      RHOGAMMA*VOL   7.5241416164676780     
 CONSTANT ENERGY   -17.307654045220879        2.7921926800935346E-004
 ISOLATE TOTAL CHARGE   0.62057882833495626      -0.31029047596747317      -0.31028830385062944      QLM  -5.5310742667622224      RHOGAMMA*VOL   7.5239978163370838     
 CONSTANT ENERGY   -17.307657870339202        3.1691395766916895E-004
 ISOLATE TOTAL CHARGE   0.61984309051987552      -0.30992246966883208      -0.30992057239800275      QLM  -5.5309016861823332      RHOGAMMA*VOL   7.5238090946401224     
 CONSTANT ENERGY   -17.307661930310459        3.5857296286812251E-004
 ISOLATE TOTAL CHARGE   0.61937987703145581      -0.30969068244083520      -0.30968914613690623      QLM  -5.5306842719841462      RHOGAMMA*VOL   7.5235749785928636     
 CONSTANT ENERGY   -17.307666384331934        4.0279697887608845E-004
 ISOLATE TOTAL CHARGE   0.61920343485055795      -0.30960225183217283      -0.30960113450064064      QLM  -5.5304221581959396      RHOGAMMA*VOL   7.5232957683708781     
 CONSTANT ENERGY   -17.307671362274316        4.4792538782662791E-004
 ISOLATE TOTAL CHARGE   0.61930960692459536      -0.30965511495197084      -0.30965444333275105      QLM  -5.5301161152302312      RHOGAMMA*VOL   7.5229723699161806     
 CONSTANT ENERGY   -17.307676979107857        4.9256450001373118E-004
 ISOLATE TOTAL CHARGE   0.61968055611103168      -0.30984036801630843      -0.30984013928343535      QLM  -5.5297675459051687      RHOGAMMA*VOL   7.5226062850860744     
 CONSTANT ENERGY   -17.307683345946121        5.3576495365954032E-004
WRITING : HEADER
WRITING : TIMESTEP
WRITING : ATOMS
WRITING : CELL
WRITING : OCCUPATIONS
WRITING : WAVES
WRITING : ENDOFFILE
 ISOLATE TOTAL CHARGE   0.62029026003066789      -0.31014501251517768      -0.31014519849483690      QLM  -5.5293786277815897      RHOGAMMA*VOL   7.5221997511895564     
 CONSTANT ENERGY   -17.307690553660048        5.7686407389539735E-004
 ISOLATE TOTAL CHARGE   0.62110954703741239      -0.31055447077529719      -0.31055502700712001      QLM  -5.5289525586190083      RHOGAMMA*VOL   7.5217559882095655     
 CONSTANT ENERGY   -17.307698640906398        6.1522377861547594E-004
 ISOLATE TOTAL CHARGE   0.62210990705477176      -0.31105449515639938      -0.31105536239801213      QLM  -5.5284937353591381      RHOGAMMA*VOL   7.5212793842926002     
 CONSTANT ENERGY   -17.307707569102259        6.5008764200174813E-004
 ISOLATE TOTAL CHARGE   0.62326550352104348      -0.31163216602046218      -0.31163328775780386      QLM  -5.5280078662953454      RHOGAMMA*VOL   7.5207756202829437     
 CONSTANT ENERGY   -17.307717231477973        6.8062630882569260E-004
 ISOLATE TOTAL CHARGE   0.62455328372987395      -0.31227595730560154      -0.31227727645536030      QLM  -5.5275018742466902      RHOGAMMA*VOL   7.5202515883794261     
 CONSTANT ENERGY   -17.307727472162579        7.0608801721468010E-004
 ISOLATE TOTAL CHARGE   0.62595159870683048      -0.31297503881588673      -0.31297650972392921      QLM  -5.5269836385106181      RHOGAMMA*VOL   7.5197151513849487     
 CONSTANT ENERGY   -17.307738098346860        7.2594078053127948E-004
 ISOLATE TOTAL CHARGE   0.62743807961638254      -0.31371822308895947      -0.31371980619984408      QLM  -5.5264615550713172      RHOGAMMA*VOL   7.5191747193967258     
 CONSTANT ENERGY   -17.307748916529999        7.3993365494904565E-004
 ISOLATE TOTAL CHARGE   0.62898752380372791      -0.31449290115969086      -0.31449457219966170      QLM  -5.5259440562332909      RHOGAMMA*VOL   7.5186387801104946     
 CONSTANT ENERGY   -17.307759743626313        7.4807923371711350E-004
 ISOLATE TOTAL CHARGE   0.63057045345676599      -0.31528433094279817      -0.31528607199872383      QLM  -5.5254391716147540      RHOGAMMA*VOL   7.5181154645262058     
 CONSTANT ENERGY   -17.307770411900567        7.5061431381839741E-004
 ISOLATE TOTAL CHARGE   0.63215295564147667      -0.31607555480221627      -0.31607735029663075      QLM  -5.5249541942991254      RHOGAMMA*VOL   7.5176122089937447     
 CONSTANT ENERGY   -17.307780771349492        7.4797686110140928E-004
 ISOLATE TOTAL CHARGE   0.63369816503026755      -0.31684814205802070      -0.31684997243893553      QLM  -5.5244954481100166      RHOGAMMA*VOL   7.5171355102082913     
 CONSTANT ENERGY   -17.307790706385468        7.4079484957576696E-004
 ISOLATE TOTAL CHARGE   0.63516877046436981      -0.31758343716773973      -0.31758528279874021      QLM  -5.5240682355214474      RHOGAMMA*VOL   7.5166908553771083     
 CONSTANT ENERGY   -17.307842515357965        6.8749273333709433E-004
 ISOLATE TOTAL CHARGE   0.63625026730053236      -0.31812421684052872      -0.31812601329703094      QLM  -5.5237971027946093      RHOGAMMA*VOL   7.5164029661802516     
 CONSTANT ENERGY   -17.307917953317258        6.0652930617300467E-004
 ISOLATE TOTAL CHARGE   0.63703458359849030      -0.31851642024156934      -0.31851812618939590      QLM  -5.5236274623444306      RHOGAMMA*VOL   7.5162177246661823     
 CONSTANT ENERGY   -17.307967539010360        5.4772844550168267E-004
 ISOLATE TOTAL CHARGE   0.63756943258702314      -0.31878389960451692      -0.31878549584602123      QLM  -5.5235195739401100      RHOGAMMA*VOL   7.5160956981952136     
 CONSTANT ENERGY   -17.308006120271081        4.9747488188988808E-004
 ISOLATE TOTAL CHARGE   0.63788672125499346      -0.31894259997313057      -0.31894408419324405      QLM  -5.5234471404829169      RHOGAMMA*VOL   7.5160108126166234     
 CONSTANT ENERGY   -17.308040726228729        4.5214294829385143E-004
 ISOLATE TOTAL CHARGE   0.63801829594293835      -0.31900843736550577      -0.31900982153280388      QLM  -5.5233950970664250      RHOGAMMA*VOL   7.5159481528800729     
 CONSTANT ENERGY   -17.308074792379642        4.1220143006423407E-004
 ISOLATE TOTAL CHARGE   0.63800148266695267      -0.31900007172048639      -0.31900137392651251      QLM  -5.5233569111156111      RHOGAMMA*VOL   7.5159012823175564     
 CONSTANT ENERGY   -17.308091327792418        3.9729634565088443E-004
 ISOLATE TOTAL CHARGE   0.63761804723757187      -0.31880837938189366      -0.31880961743677538      QLM  -5.5233084679802600      RHOGAMMA*VOL   7.5158458623561755     
 CONSTANT ENERGY   -17.308095734496007        4.0976799977935231E-004
 ISOLATE TOTAL CHARGE   0.63693065704637775      -0.31846470799655524      -0.31846589872990938      QLM  -5.5232601133143309      RHOGAMMA*VOL   7.5157921534487091     
 CONSTANT ENERGY   -17.308102226673924        4.3003841359489736E-004
 ISOLATE TOTAL CHARGE   0.63605211681361240      -0.31802545528086945      -0.31802661116941611      QLM  -5.5232272010269927      RHOGAMMA*VOL   7.5157554620333205     
 CONSTANT ENERGY   -17.308109578721602        4.5169056213686780E-004
 ISOLATE TOTAL CHARGE   0.63512049124556391      -0.31755965795390617      -0.31756078273400723      QLM  -5.5232264574980521      RHOGAMMA*VOL   7.5157524701396703     
 CONSTANT ENERGY   -17.308116570252494        4.7161714533930886E-004
 ISOLATE TOTAL CHARGE   0.63427204865879006      -0.31713545806899868      -0.31713653970153954      QLM  -5.5232722558754928      RHOGAMMA*VOL   7.5157975315940861     
 CONSTANT ENERGY   -17.308122594671712        4.9168130493366046E-004
 ISOLATE TOTAL CHARGE   0.63361544318560092      -0.31680718699164379      -0.31680820487485972      QLM  -5.5233736459111116      RHOGAMMA*VOL   7.5158996998196335     
 CONSTANT ENERGY   -17.308127718522062        5.1651422457731869E-004
 ISOLATE TOTAL CHARGE   0.63321183810184678      -0.31660543316685796      -0.31660635313422425      QLM  -5.5235329005756917      RHOGAMMA*VOL   7.5160612662970738     
 CONSTANT ENERGY   -17.308132338962540        5.4972027410958742E-004
 ISOLATE TOTAL CHARGE   0.63306519427884922      -0.31653217890454988      -0.31653296309591594      QLM  -5.5237455579925614      RHOGAMMA*VOL   7.5162777861532923     
 CONSTANT ENERGY   -17.308136797233239        5.9152962051796582E-004
 ISOLATE TOTAL CHARGE   0.63312379212361236      -0.31656156515660605      -0.31656217426680699      QLM  -5.5240019656468400      RHOGAMMA*VOL   7.5165396029338849     
 CONSTANT ENERGY   -17.308141239205124        6.3923393385323607E-004
 ISOLATE TOTAL CHARGE   0.63329217405320648      -0.31664585928060784      -0.31664626174794686      QLM  -5.5242897822915840      RHOGAMMA*VOL   7.5168343325844083     
 CONSTANT ENERGY   -17.308145709257985        6.8939861235429566E-004
 ISOLATE TOTAL CHARGE   0.63345043562799574      -0.31672510274657473      -0.31672527965564168      QLM  -5.5245969078166883      RHOGAMMA*VOL   7.5171497847464419     
 CONSTANT ENERGY   -17.308150308519338        7.3979902185288243E-004
 ISOLATE TOTAL CHARGE   0.63347659080065100      -0.31673829620144689      -0.31673824130400519      QLM  -5.5249141517817506      RHOGAMMA*VOL   7.5174766348013096     
 CONSTANT ENERGY   -17.308155241050368        7.8979679392267039E-004
 ISOLATE TOTAL CHARGE   0.63326763088615223      -0.31663392623322828      -0.31663365141119026      QLM  -5.5252370785300053      RHOGAMMA*VOL   7.5178102832783793     
 CONSTANT ENERGY   -17.308160690696507        8.3941531198160227E-004
 ISOLATE TOTAL CHARGE   0.63275540872025360      -0.31637791274762028      -0.31637744288487912      QLM  -5.5255666729224391      RHOGAMMA*VOL   7.5181515408803214     
 CONSTANT ENERGY   -17.308166736335465        8.8828466274481750E-004
 ISOLATE TOTAL CHARGE   0.63191487273153868      -0.31595772433959146      -0.31595709552762763      QLM  -5.5259087273020073      RHOGAMMA*VOL   7.5185060325112145     
 CONSTANT ENERGY   -17.308173319804215        9.3534715789899423E-004
 ISOLATE TOTAL CHARGE   0.63076387648421672      -0.31538228215601105      -0.31538154172281629      QLM  -5.5262721573517970      RHOGAMMA*VOL   7.5188825238497774     
 CONSTANT ENERGY   -17.308180345769966        9.7930921000145615E-004
 ISOLATE TOTAL CHARGE   0.62935541389712135      -0.31467808480156823      -0.31467727675302992      QLM  -5.5266666579155803      RHOGAMMA*VOL   7.5192905801848049     
 CONSTANT ENERGY   -17.308187778492670        1.0192023030887666E-003
 ISOLATE TOTAL CHARGE   0.62776455521839125      -0.31388266940706355      -0.31388183371035039      QLM  -5.5271002551792670      RHOGAMMA*VOL   7.5197381162124906     
 CONSTANT ENERGY   -17.308195662473370        1.0545203091559163E-003
 ISOLATE TOTAL CHARGE   0.62607286113496130      -0.31303681975224906      -0.31303598948508338      QLM  -5.5275773464677886      RHOGAMMA*VOL   7.5202294315135205     
 CONSTANT ENERGY   -17.308204072001473        1.0849331976753084E-003
 ISOLATE TOTAL CHARGE   0.62435404391215954      -0.31217739803804223      -0.31217659413357657      QLM  -5.5280975054630437      RHOGAMMA*VOL   7.5207640107627043     
 CONSTANT ENERGY   -17.308213038737506        1.1099630676563779E-003
 ISOLATE TOTAL CHARGE   0.62266285518705189      -0.31133178466478073      -0.31133101889202708      QLM  -5.5286553577602993      RHOGAMMA*VOL   7.5213363962517334     
 CONSTANT ENERGY   -17.308222500317417        1.1289490007845183E-003
 ISOLATE TOTAL CHARGE   0.62102913753825639      -0.31051490737216092      -0.31051417860429531      QLM  -5.5292414572900288      RHOGAMMA*VOL   7.5219370618729258     
 CONSTANT ENERGY   -17.308232324180896        1.1412848199544674E-003
 ISOLATE TOTAL CHARGE   0.61945746619169029      -0.30972905715075338      -0.30972835751355721      QLM  -5.5298438839951807      RHOGAMMA*VOL   7.5225540109738445     
 CONSTANT ENERGY   -17.308242362045785        1.1466788834922858E-003
 ISOLATE TOTAL CHARGE   0.61793201790877639      -0.30896632545957425      -0.30896564093107681      QLM  -5.5304501348824298      RHOGAMMA*VOL   7.5231746679212268     
 CONSTANT ENERGY   -17.308252464415038        1.1452146668363607E-003
 ISOLATE TOTAL CHARGE   0.61642468552648566      -0.30821265938305187      -0.30821197461759908      QLM  -5.5310489832535037      RHOGAMMA*VOL   7.5237877386509178     
 CONSTANT ENERGY   -17.308262497615061        1.1372063644705325E-003
 ISOLATE TOTAL CHARGE   0.61490475280132273      -0.30745270176977479      -0.30745199948772894      QLM  -5.5316318376360849      RHOGAMMA*VOL   7.5243845717715221     
 CONSTANT ENERGY   -17.308325934936072        1.0694125573034348E-003
 ISOLATE TOTAL CHARGE   0.61439990397860811      -0.30720030529840292      -0.30719956108337421      QLM  -5.5320569348308419      RHOGAMMA*VOL   7.5248234991554659     
 CONSTANT ENERGY   -17.308422861264280        9.6063658565692547E-004
 ISOLATE TOTAL CHARGE   0.61448133957247819      -0.30724105112276501      -0.30724025084184747      QLM  -5.5323825082966938      RHOGAMMA*VOL   7.5251625725347582     
 CONSTANT ENERGY   -17.308491445414774        8.7070057738117788E-004
 ISOLATE TOTAL CHARGE   0.61483356674359868      -0.30741719399971368      -0.30741633510747857      QLM  -5.5326533049243194      RHOGAMMA*VOL   7.5254462235065427     
 CONSTANT ENERGY   -17.308547315018242        7.8400492320171130E-004
 ISOLATE TOTAL CHARGE   0.61523949857646443      -0.30762018857735240      -0.30761927231760078      QLM  -5.5328997628544441      RHOGAMMA*VOL   7.5257045689174316     
 CONSTANT ENERGY   -17.308598066483356        6.9707564060583814E-004
 ISOLATE TOTAL CHARGE   0.61555807325193257      -0.30777950143595989      -0.30777853409210243      QLM  -5.5331395482690278      RHOGAMMA*VOL   7.5259549961198848     
 CONSTANT ENERGY   -17.308647620942892        6.1173636919890733E-004
 ISOLATE TOTAL CHARGE   0.61570581732796725      -0.30785339634322861      -0.30785238323384156      QLM  -5.5333801676373504      RHOGAMMA*VOL   7.5262048147272314     
 CONSTANT ENERGY   -17.308697808828683        5.3063290481408678E-004
WRITING : HEADER
WRITING : TIMESTEP
WRITING : ATOMS
WRITING : CELL
WRITING : OCCUPATIONS
WRITING : WAVES
WRITING : ENDOFFILE
 ISOLATE TOTAL CHARGE   0.61564154962042394      -0.30782128359722227      -0.30782022826836197      QLM  -5.5336220316905198      RHOGAMMA*VOL   7.5264543345141774     
 CONSTANT ENERGY   -17.308748724522729        4.5558885446376698E-004
 ISOLATE TOTAL CHARGE   0.61535439995257768      -0.30767772956820272      -0.30767663265125433      QLM  -5.5338613690777096      RHOGAMMA*VOL   7.5266997704515006     
 CONSTANT ENERGY   -17.308799127359595        3.8756239639071706E-004
 ISOLATE TOTAL CHARGE   0.61485447266348281      -0.30742778862071729      -0.30742664635524486      QLM  -5.5340926534751231      RHOGAMMA*VOL   7.5269356491309631     
 CONSTANT ENERGY   -17.308847128656154        3.2704501715477845E-004
 ISOLATE TOTAL CHARGE   0.61416585481638997      -0.30708350482333735      -0.30708231237009054      QLM  -5.5343103311798387      RHOGAMMA*VOL   7.5271565109132164     
 CONSTANT ENERGY   -17.308890946929054        2.7430719257052707E-004
 ISOLATE TOTAL CHARGE   0.61332117528885099      -0.30666119306144513      -0.30665994468141511      QLM  -5.5345098581217060      RHOGAMMA*VOL   7.5273579245633195     
 CONSTANT ENERGY   -17.308929412413224        2.2940958590769080E-004
 ISOLATE TOTAL CHARGE   0.61235735584662265      -0.30617931476993254      -0.30617800361309699      QLM  -5.5346881534707526      RHOGAMMA*VOL   7.5275369246140915     
 CONSTANT ENERGY   -17.308962136243636        1.9212920659255508E-004
 ISOLATE TOTAL CHARGE   0.61131233837762089      -0.30565683833940227      -0.30565546265615628      QLM  -5.5348435996727323      RHOGAMMA*VOL   7.5276920025786849     
 CONSTANT ENERGY   -17.308989386679212        1.6193507611291788E-004
 ISOLATE TOTAL CHARGE   0.61022252025866308      -0.30511196428943244      -0.30511051866278516      QLM  -5.5349757893137657      RHOGAMMA*VOL   7.5278228503484668     
 CONSTANT ENERGY   -17.309011855267656        1.3805014382044229E-004
 ISOLATE TOTAL CHARGE   0.60912092440576160      -0.30456120042609314      -0.30455968673938472      QLM  -5.5350851689291769      RHOGAMMA*VOL   7.5279300047814957     
 CONSTANT ENERGY   -17.309022038547386        1.2792895576398884E-004
 ISOLATE TOTAL CHARGE   0.60755649073921347      -0.30377899679287079      -0.30377744335416601      QLM  -5.5351969051587293      RHOGAMMA*VOL   7.5280386192505766     
 CONSTANT ENERGY   -17.309024372612182        1.2944352287988986E-004
 ISOLATE TOTAL CHARGE   0.60565710911230930      -0.30282930898405658      -0.30282774966487480      QLM  -5.5353039887980398      RHOGAMMA*VOL   7.5281417295039903     
 CONSTANT ENERGY   -17.309027174883855        1.3166629281811249E-004
 ISOLATE TOTAL CHARGE   0.60358076977817099      -0.30179112364368521      -0.30178959578843889      QLM  -5.5353996147564688      RHOGAMMA*VOL   7.5282326282751555     
 CONSTANT ENERGY   -17.309030076686124        1.3286691320440748E-004
 ISOLATE TOTAL CHARGE   0.60149748820373539      -0.30074944591079733      -0.30074799204689473      QLM  -5.5354777019331713      RHOGAMMA*VOL   7.5283053242691667     
 CONSTANT ENERGY   -17.309032746448686        1.3264793476352671E-004
 ISOLATE TOTAL CHARGE   0.59957208758039293      -0.29978668850397172      -0.29978534890050090      QLM  -5.5355331193894228      RHOGAMMA*VOL   7.5283547745161847     
 CONSTANT ENERGY   -17.309035018091290        1.3183513708475049E-004
 ISOLATE TOTAL CHARGE   0.59794768566158574      -0.29897441037149308      -0.29897322514574753      QLM  -5.5355617436349354      RHOGAMMA*VOL   7.5283769359267181     
 CONSTANT ENERGY   -17.309036893770887        1.3171482064470758E-004
 ISOLATE TOTAL CHARGE   0.59673226829742809      -0.29836660697992068      -0.29836561116122295      QLM  -5.5355604244516838      RHOGAMMA*VOL   7.5283687272820936     
 CONSTANT ENERGY   -17.309038469179303        1.3316079496941227E-004
 ISOLATE TOTAL CHARGE   0.59598995375553976      -0.29799534265154248      -0.29799456089191123      QLM  -5.5355268634636463      RHOGAMMA*VOL   7.5283279058568917     
 CONSTANT ENERGY   -17.309039854769910        1.3619447627531499E-004
 ISOLATE TOTAL CHARGE   0.59573805679680625      -0.29786927900285010      -0.29786872748639492      QLM  -5.5354594795832917      RHOGAMMA*VOL   7.5282529338844899     
 CONSTANT ENERGY   -17.309041143309802        1.4013639636540774E-004
 ISOLATE TOTAL CHARGE   0.59594962869364032      -0.29797494973708494      -0.29797462852216894      QLM  -5.5353573689552649      RHOGAMMA*VOL   7.5281429415393903     
 CONSTANT ENERGY   -17.309042413918689        1.4410066427449195E-004
 ISOLATE TOTAL CHARGE   0.59656095728189840      -0.29828050471269618      -0.29828040198764727      QLM  -5.5352203425033979      RHOGAMMA*VOL   7.5279977698364791     
 CONSTANT ENERGY   -17.309043748763774        1.4743448932428305E-004
 ISOLATE TOTAL CHARGE   0.59748253271388485      -0.29874119640859931      -0.29874128556847435      QLM  -5.5350490992078232      RHOGAMMA*VOL   7.5278181501954169     
 CONSTANT ENERGY   -17.309045234724763        1.4986059711023081E-004
 ISOLATE TOTAL CHARGE   0.59861179795111852      -0.29930574932411291      -0.29930599773897271      QLM  -5.5348454066249007      RHOGAMMA*VOL   7.5276058908496450     
 CONSTANT ENERGY   -17.309046946849307        1.5134988917071514E-004
 ISOLATE TOTAL CHARGE   0.59984592850137908      -0.29992275448119488      -0.29992312299524171      QLM  -5.5346122820108858      RHOGAMMA*VOL   7.5273640609601404     
 CONSTANT ENERGY   -17.309048922932952        1.5191726449222611E-004
 ISOLATE TOTAL CHARGE   0.60109294117385836      -0.30054621757011679      -0.30054667246382127      QLM  -5.5343540940664155      RHOGAMMA*VOL   7.5270970915838031     
 CONSTANT ENERGY   -17.309051152957341        1.5150921289165171E-004
 ISOLATE TOTAL CHARGE   0.60228000742979226      -0.30113972394809485      -0.30114023225296949      QLM  -5.5340765072989395      RHOGAMMA*VOL   7.5268107154026795     
 CONSTANT ENERGY   -17.309053595301005        1.5001718363084719E-004
 ISOLATE TOTAL CHARGE   0.60335822114868698      -0.30167881642815031      -0.30167935343006702      QLM  -5.5337862400525344      RHOGAMMA*VOL   7.5265117172188241     
 CONSTANT ENERGY   -17.309066308541436        1.3721953445877127E-004
 ISOLATE TOTAL CHARGE   0.60390926331800188      -0.30195436805905906      -0.30195485770271402      QLM  -5.5335736576778123      RHOGAMMA*VOL   7.5262903977298325     
 CONSTANT ENERGY   -17.309084450377895        1.1711316820216062E-004
 ISOLATE TOTAL CHARGE   0.60410257814393908      -0.30205106732810361      -0.30205147324525283      QLM  -5.5334128112641636      RHOGAMMA*VOL   7.5261210228370263     
 CONSTANT ENERGY   -17.309096595018964        1.0159562313094563E-004
 ISOLATE TOTAL CHARGE   0.60406846695945049      -0.30203406312037151      -0.30203436628275870      QLM  -5.5332832753101053      RHOGAMMA*VOL   7.5259833139001717     
 CONSTANT ENERGY   -17.309105935719010        8.7719273442269470E-005
 ISOLATE TOTAL CHARGE   0.60390550564423862      -0.30195263480462176      -0.30195283331477762      QLM  -5.5331703113362867      RHOGAMMA*VOL   7.5258626669343798     
 CONSTANT ENERGY   -17.309113996581679        7.4565644625911232E-005
 ISOLATE TOTAL CHARGE   0.60368745488508502      -0.30184365750710240      -0.30184375988826861      QLM  -5.5330643710752421      RHOGAMMA*VOL   7.5257496434864999     
 CONSTANT ENERGY   -17.309121481672978        6.2210147778835436E-005
 ISOLATE TOTAL CHARGE   0.60346845411686978      -0.30173419816536429      -0.30173421849053117      QLM  -5.5329602240713180      RHOGAMMA*VOL   7.5256390994433211     
 CONSTANT ENERGY   -17.309128665283005        5.1005256767217843E-005
 ISOLATE TOTAL CHARGE   0.60328688627821059      -0.30164344553219991      -0.30164340330093165      QLM  -5.5328558758235502      RHOGAMMA*VOL   7.5255291039615599     
 CONSTANT ENERGY   -17.309135551703019        4.1255356179863046E-005
 ISOLATE TOTAL CHARGE   0.60316830638847385      -0.30158417563419082      -0.30158409330928215      QLM  -5.5327514658058732      RHOGAMMA*VOL   7.5254198379229846     
 CONSTANT ENERGY   -17.309141985774506        3.3147275760928537E-005
 ISOLATE TOTAL CHARGE   0.60312766162768305      -0.30156386213529451      -0.30156376203154078      QLM  -5.5326483030872300      RHOGAMMA*VOL   7.5253126305649074     
 CONSTANT ENERGY   -17.309147780328281        2.6774062244806604E-005
 ISOLATE TOTAL CHARGE   0.60317115057083015      -0.30158560197276563      -0.30158551110746279      QLM  -5.5325481224804829      RHOGAMMA*VOL   7.5252092168902411     
 CONSTANT ENERGY   -17.309150483839822        2.4472205911459198E-005
 ISOLATE TOTAL CHARGE   0.60344614640289507      -0.30172306254227754      -0.30172303246748777      QLM  -5.5324222855744454      RHOGAMMA*VOL   7.5250809285885989     
 CONSTANT ENERGY   -17.309151220521443        2.5802776881906619E-005
 ISOLATE TOTAL CHARGE   0.60395501241180938      -0.30197744061381604      -0.30197752038403802      QLM  -5.5322783803393509      RHOGAMMA*VOL   7.5249352870775557     
 CONSTANT ENERGY   -17.309152033204779        2.7686657640452870E-005
 ISOLATE TOTAL CHARGE   0.60468299333591702      -0.30234135462592215      -0.30234158721688020      QLM  -5.5321259217797465      RHOGAMMA*VOL   7.5247817547951223     
 CONSTANT ENERGY   -17.309152809185189        2.9657365142337052E-005
 ISOLATE TOTAL CHARGE   0.60559837687180007      -0.30279895571559612      -0.30279936952604558      QLM  -5.5319745713760478      RHOGAMMA*VOL   7.5246299113565058     
 CONSTANT ENERGY   -17.309153495769166        3.1865493396782226E-005
 ISOLATE TOTAL CHARGE   0.60665373376271248      -0.30332653482141092      -0.30332714713178488      QLM  -5.5318325572971405      RHOGAMMA*VOL   7.5244879007737895     
 CONSTANT ENERGY   -17.309154124597615        3.4832862124221528E-005
 ISOLATE TOTAL CHARGE   0.60778919853069269      -0.30389416871932839      -0.30389497780166597      QLM  -5.5317055688727024      RHOGAMMA*VOL   7.5243613380835672     
 CONSTANT ENERGY   -17.309154771484611        3.9001378714019253E-005
 ISOLATE TOTAL CHARGE   0.60893748228683009      -0.30446822128988460      -0.30446920879062622      QLM  -5.5315963021616659      RHOGAMMA*VOL   7.5242528631478560     
 CONSTANT ENERGY   -17.309155499412146        4.4424183946543382E-005
 ISOLATE TOTAL CHARGE   0.61003013661909833      -0.30501447661694003      -0.30501560762604729      QLM  -5.5315046978401643      RHOGAMMA*VOL   7.5241623818548939     
 CONSTANT ENERGY   -17.309156325623441        5.0788812402938544E-005
 ISOLATE TOTAL CHARGE   0.61100431467211180      -0.30550151710324513      -0.30550274506860653      QLM  -5.5314287367385502      RHOGAMMA*VOL   7.5240878596888559     
 CONSTANT ENERGY   -17.309157230851547        5.7690214556750294E-005
 ISOLATE TOTAL CHARGE   0.61180911568739482      -0.30590389659588002      -0.30590516652456490      QLM  -5.5313655786229576      RHOGAMMA*VOL   7.5240264540716488     
 CONSTANT ENERGY   -17.309158181151542        6.4910041123484474E-005
 ISOLATE TOTAL CHARGE   0.61241056660321824      -0.30620462744392318      -0.30620588658674563      QLM  -5.5313127371532413      RHOGAMMA*VOL   7.5239756811951972     
 CONSTANT ENERGY   -17.309159146569307        7.2502639158778968E-005
 ISOLATE TOTAL CHARGE   0.61279448265348790      -0.30639661937828100      -0.30639781075376682      QLM  -5.5312690319714770      RHOGAMMA*VOL   7.5239343599692816     
 CONSTANT ENERGY   -17.309160114120832        8.0667426734491661E-005
 ISOLATE TOTAL CHARGE   0.61296674154183783      -0.30648280742132306      -0.30648388169606822      QLM  -5.5312350752380182      RHOGAMMA*VOL   7.5239030917482355     
 CONSTANT ENERGY   -17.309161066667262        8.9543408408616109E-005
 ISOLATE TOTAL CHARGE   0.61295104803909162      -0.30647503828745837      -0.30647595745472023      QLM  -5.5312132170171493      RHOGAMMA*VOL   7.5238842022738490     
 CONSTANT ENERGY   -17.309161984969901        9.9085268600525682E-005
WRITING : HEADER
WRITING : TIMESTEP
WRITING : ATOMS
WRITING : CELL
WRITING : OCCUPATIONS
WRITING : WAVES
WRITING : ENDOFFILE
 ISOLATE TOTAL CHARGE   0.61278447189681629      -0.30639184082734872      -0.30639257891376603      QLM  -5.5312069737118126      RHOGAMMA*VOL   7.5238811707666109     
 CONSTANT ENERGY   -17.309162845021689        1.0908548006899271E-004
 ISOLATE TOTAL CHARGE   0.61251153694686344      -0.30625546891952693      -0.30625601601050922      QLM  -5.5312201087370232      RHOGAMMA*VOL   7.5238977145011878     
 CONSTANT ENERGY   -17.309163642603757        1.1928741480979299E-004
 ISOLATE TOTAL CHARGE   0.61217776187337059      -0.30608867626143077      -0.30608903371871099      QLM  -5.5312555588562597      RHOGAMMA*VOL   7.5239367217122401     
 CONSTANT ENERGY   -17.309164401072451        1.2948546737344258E-004
 ISOLATE TOTAL CHARGE   0.61182373596124684      -0.30591175318922703      -0.30591193097826652      QLM  -5.5313145113115256      RHOGAMMA*VOL   7.5239993366258142     
 CONSTANT ENERGY   -17.309165164954500        1.3954734869498541E-004
 ISOLATE TOTAL CHARGE   0.61148054105431449      -0.30574023506242209      -0.30574025426915341      QLM  -5.5313958482411429      RHOGAMMA*VOL   7.5240844113582144     
 CONSTANT ENERGY   -17.309165995285671        1.4936770622282021E-004
 ISOLATE TOTAL CHARGE   0.61116722814781177      -0.30558364697869633      -0.30558352948902501      QLM  -5.5314959622477726      RHOGAMMA*VOL   7.5241883263628644     
 CONSTANT ENERGY   -17.309166947223780        1.5881469371311106E-004
 ISOLATE TOTAL CHARGE   0.61089047629631388      -0.30544532860954865      -0.30544509602395875      QLM  -5.5316091564747190      RHOGAMMA*VOL   7.5243053914471512     
 CONSTANT ENERGY   -17.309168057635912        1.6772010353496955E-004
 ISOLATE TOTAL CHARGE   0.61064642595229479      -0.30532334899002400      -0.30532302529629307      QLM  -5.5317284200000083      RHOGAMMA*VOL   7.5244286183183204     
 CONSTANT ENERGY   -17.309169342906486        1.7591559045291021E-004
 ISOLATE TOTAL CHARGE   0.61042409122897645      -0.30521221998483128      -0.30521181956019383      QLM  -5.5318464496861015      RHOGAMMA*VOL   7.5245507358862476     
 CONSTANT ENERGY   -17.309170793557875        1.8328146788714459E-004
 ISOLATE TOTAL CHARGE   0.61020965557420048      -0.30510503388007137      -0.30510456998264424      QLM  -5.5319566968767848      RHOGAMMA*VOL   7.5246652285671960     
 CONSTANT ENERGY   -17.309172389611376        1.8976806458645602E-004
 ISOLATE TOTAL CHARGE   0.60999088515646882      -0.30499567443712472      -0.30499515897520135      QLM  -5.5320542166208719      RHOGAMMA*VOL   7.5247671765720998     
 CONSTANT ENERGY   -17.309174099083538        1.9537794459046571E-004
 ISOLATE TOTAL CHARGE   0.60976063821232351      -0.30488057381923994      -0.30488001261461806      QLM  -5.5321362003123609      RHOGAMMA*VOL   7.5248537810976233     
 CONSTANT ENERGY   -17.309175886289051        2.0012683522164493E-004
 ISOLATE TOTAL CHARGE   0.60951906183714755      -0.30475980497993893      -0.30475920504533960      QLM  -5.5322020710571618      RHOGAMMA*VOL   7.5249244550786267     
 CONSTANT ENERGY   -17.309177700631491        2.0401314289919434E-004
 ISOLATE TOTAL CHARGE   0.60927399164030405      -0.30463728834410153      -0.30463665145409280      QLM  -5.5322531916195352      RHOGAMMA*VOL   7.5249805299330994     
 CONSTANT ENERGY   -17.309179500838169        2.0701555470295114E-004
 ISOLATE TOTAL CHARGE   0.60903974559133545      -0.30452018081049514      -0.30451951291388468      QLM  -5.5322922426662728      RHOGAMMA*VOL   7.5250246356091974     
 CONSTANT ENERGY   -17.309181246593944        2.0911426115779471E-004
 ISOLATE TOTAL CHARGE   0.60883447262319201      -0.30441755727687436      -0.30441686346250885      QLM  -5.5323224500487065      RHOGAMMA*VOL   7.5250599327350738     
 CONSTANT ENERGY   -17.309182915560765        2.1031586291164338E-004
 ISOLATE TOTAL CHARGE   0.60867679490125504      -0.30433872814770746      -0.30433801486373202      QLM  -5.5323468205678861      RHOGAMMA*VOL   7.5250893552469176     
 CONSTANT ENERGY   -17.309184495278856        2.1066309403685267E-004
 ISOLATE TOTAL CHARGE   0.60858239172053530      -0.30429153386703289      -0.30429080597151348      QLM  -5.5323675390502132      RHOGAMMA*VOL   7.5251150141868859     
 CONSTANT ENERGY   -17.309185989672773        2.1022515313592454E-004
 ISOLATE TOTAL CHARGE   0.60856117313988989      -0.30428092786194183      -0.30428019342025969      QLM  -5.5323856372874367      RHOGAMMA*VOL   7.5251378731432288     
 CONSTANT ENERGY   -17.309187413927638        2.0907831709431727E-004
 ISOLATE TOTAL CHARGE   0.60861569694943363      -0.30430819126029629      -0.30430745387393188      QLM  -5.5324009437557962      RHOGAMMA*VOL   7.5251577023930221     
 CONSTANT ENERGY   -17.309197294015018        1.9877719026020836E-004
 ISOLATE TOTAL CHARGE   0.60861844640756146      -0.30430958137535313      -0.30430882729515529      QLM  -5.5323975499056619      RHOGAMMA*VOL   7.5251585158234136     
 CONSTANT ENERGY   -17.309212874834479        1.8183862980427045E-004
 ISOLATE TOTAL CHARGE   0.60859983678827767      -0.30430028901955630      -0.30429951009852907      QLM  -5.5323819169475588      RHOGAMMA*VOL   7.5251467625438755     
 CONSTANT ENERGY   -17.309224638754390        1.6756165170506423E-004
 ISOLATE TOTAL CHARGE   0.60858876537254858      -0.30429476724492810      -0.30429396049573265      QLM  -5.5323591004822559      RHOGAMMA*VOL   7.5251274339292378     
 CONSTANT ENERGY   -17.309234731479805        1.5384624256239060E-004
 ISOLATE TOTAL CHARGE   0.60860673916393360      -0.30430376776096768      -0.30430293379069306      QLM  -5.5323327051504121      RHOGAMMA*VOL   7.5251040824065463     
 CONSTANT ENERGY   -17.309244232222785        1.4020395017895186E-004
 ISOLATE TOTAL CHARGE   0.60866658617090152      -0.30433370235216994      -0.30433284621430090      QLM  -5.5323048987539938      RHOGAMMA*VOL   7.5250788307482681     
 CONSTANT ENERGY   -17.309253706923997        1.2683212264329313E-004
 ISOLATE TOTAL CHARGE   0.60877261724881038      -0.30438672766098263      -0.30438585198590840      QLM  -5.5322766156063983      RHOGAMMA*VOL   7.5250525825587760     
 CONSTANT ENERGY   -17.309263419216585        1.1403501661684583E-004
 ISOLATE TOTAL CHARGE   0.60892207756360683      -0.30446146575265187      -0.30446057421093009      QLM  -5.5322478650779106      RHOGAMMA*VOL   7.5250253344170046     
 CONSTANT ENERGY   -17.309273372956731        1.0202164633892768E-004
 ISOLATE TOTAL CHARGE   0.60910725637155139      -0.30455406261542617      -0.30455315616043777      QLM  -5.5322180732821575      RHOGAMMA*VOL   7.5249965172063851     
 CONSTANT ENERGY   -17.309283369029476        9.0906528062564582E-005
 ISOLATE TOTAL CHARGE   0.60931774899670010      -0.30465931657084599      -0.30465839483849022      QLM  -5.5321864030438306      RHOGAMMA*VOL   7.5249653135327916     
 CONSTANT ENERGY   -17.309293119004579        8.0758407953811535E-005
 ISOLATE TOTAL CHARGE   0.60954250764817708      -0.30477170373491136      -0.30477076633857525      QLM  -5.5321520082963529      RHOGAMMA*VOL   7.5249309081937952     
 CONSTANT ENERGY   -17.309297850998270        7.6113184467726922E-005
 ISOLATE TOTAL CHARGE   0.60992385238665392      -0.30496236693719680      -0.30496143414954524      QLM  -5.5321138232391958      RHOGAMMA*VOL   7.5248921874207815     
 CONSTANT ENERGY   -17.309299139811372        7.6717729917564342E-005
 ISOLATE TOTAL CHARGE   0.61042895210166392      -0.30521490656414096      -0.30521399424366313      QLM  -5.5320694210178223      RHOGAMMA*VOL   7.5248467243543002     
 CONSTANT ENERGY   -17.309300747749155        7.7245904644707733E-005
 ISOLATE TOTAL CHARGE   0.61101260579088290      -0.30550671633167825      -0.30550583819421684      QLM  -5.5320165458837556      RHOGAMMA*VOL   7.5247923210891914     
 CONSTANT ENERGY   -17.309302440410274        7.6670238474844103E-005
 ISOLATE TOTAL CHARGE   0.61162589956466995      -0.30581334120388215      -0.30581250714026442      QLM  -5.5319534030413129      RHOGAMMA*VOL   7.5247272399913454     
 CONSTANT ENERGY   -17.309309766685203        6.9108825632656714E-005
 ISOLATE TOTAL CHARGE   0.61197546914815604      -0.30598812684211829      -0.30598730482872760      QLM  -5.5318887963481389      RHOGAMMA*VOL   7.5246605735404559     
 CONSTANT ENERGY   -17.309319796937945        5.8880308944313673E-005
 ISOLATE TOTAL CHARGE   0.61213124991351364      -0.30606602366065783      -0.30606518881631617      QLM  -5.5318224571276167      RHOGAMMA*VOL   7.5245920936220321     
 CONSTANT ENERGY   -17.309323409777420        5.5699555604613800E-005
 ISOLATE TOTAL CHARGE   0.61227570337607062      -0.30613824360830355      -0.30613740875275974      QLM  -5.5317429441167265      RHOGAMMA*VOL   7.5245102296159052     
 CONSTANT ENERGY   -17.309323729761250        5.5918230105179725E-005
 ISOLATE TOTAL CHARGE   0.61242114737282094      -0.30621095675866750      -0.30621013965370558      QLM  -5.5316509761730392      RHOGAMMA*VOL   7.5244157109417973     
 CONSTANT ENERGY   -17.309324021091868        5.5924458310513051E-005
 ISOLATE TOTAL CHARGE   0.61258291541820320      -0.30629182311561287      -0.30629104138930163      QLM  -5.5315484005988420      RHOGAMMA*VOL   7.5243104193825818     
 CONSTANT ENERGY   -17.309324339483389        5.5627160604573329E-005
 ISOLATE TOTAL CHARGE   0.61277814332978764      -0.30638940860147157      -0.30638868384346551      QLM  -5.5314377194761581      RHOGAMMA*VOL   7.5241968625735698     
 CONSTANT ENERGY   -17.309327311284349        5.2578952858090394E-005
 ISOLATE TOTAL CHARGE   0.61287788118064768      -0.30643927286613692      -0.30643857095537186      QLM  -5.5313453779839188      RHOGAMMA*VOL   7.5241015619764866     
 CONSTANT ENERGY   -17.309332065729858        4.7485757748305722E-005
 ISOLATE TOTAL CHARGE   0.61293054887475762      -0.30646560524571109      -0.30646490624569278      QLM  -5.5312656085431691      RHOGAMMA*VOL   7.5240187690339093     
Note: The following floating-point exceptions are signalling: IEEE_UNDERFLOW_FLAG IEEE_DENORMAL
STOP NORMAL STOP IN MPE__STOPALL
 CONSTANT ENERGY   -17.309335961422285        4.3181743738822887E-005
 ISOLATE TOTAL CHARGE   0.61296848524602154      -0.30648457874328061      -0.30648386910237990      QLM  -5.5311931114905217      RHOGAMMA*VOL   7.5239431851091663     
 CONSTANT ENERGY   -17.309339477579027        3.9196442061639500E-005
 ISOLATE TOTAL CHARGE   0.61301076112414421      -0.30650572512217433      -0.30650499859521307      QLM  -5.5311237142601861      RHOGAMMA*VOL   7.5238706666839201     
 CONSTANT ENERGY   -17.309342847563652        3.5314843548067926E-005
 ISOLATE TOTAL CHARGE   0.61306771188716525      -0.30653421147798188      -0.30653346300272277      QLM  -5.5310545886187317      RHOGAMMA*VOL   7.5237984216771334     
 CONSTANT ENERGY   -17.309346154343810        3.1499021439566476E-005
 ISOLATE TOTAL CHARGE   0.61314417193718818      -0.30657245283720869      -0.30657168169731408      QLM  -5.5309842280554395      RHOGAMMA*VOL   7.5237249811015952     
 CONSTANT ENERGY   -17.309349416364796        2.7787398386416538E-005
WRITING : HEADER
WRITING : TIMESTEP
WRITING : ATOMS
WRITING : CELL
WRITING : OCCUPATIONS
WRITING : WAVES
WRITING : ENDOFFILE
 ISOLATE TOTAL CHARGE   0.61324174958453170      -0.30662125116657268      -0.30662046101980467      QLM  -5.5309122452371948      RHOGAMMA*VOL   7.5236499924800260     
 CONSTANT ENERGY   -17.309352610025741        2.4234784248862786E-005
NORMAL STOP: CALLING MPE__STOPALL TO CLOSE DOWN
