TRACE-PUSH(  1): LEVEL=    1 INTO MAIN
TRACE-MEM(  1): MAXMEM[MBYTE]=   0.00000 TIME20260907 134315.051
TRACE-PUSH(  1): LEVEL=    2 INTO PAW
TRACE-MEM(  1): MAXMEM[MBYTE]=   0.00000 TIME20260907 134315.051
TRACE-PUSH(  1): LEVEL=    3 INTO READIN
TRACE-MEM(  1): MAXMEM[MBYTE]=   0.00000 TIME20260907 134315.051
TRACE-PUSH(  1): LEVEL=    4 INTO READIN_FILES
TRACE-MEM(  1): MAXMEM[MBYTE]=   0.00000 TIME20260907 134315.053
TRACE-PUSH(  1): LEVEL=    5 INTO STANDARDFILES
TRACE-MEM(  1): MAXMEM[MBYTE]=   0.00000 TIME20260907 134315.053
TRACE-POP (  1): LEVEL=    5 FROM STANDARDFILES                   
TRACE-MEM(  1): MAXMEM[MBYTE]=   0.00000 TIME20260907 134315.053
TRACE-POP (  1): LEVEL=    4 FROM READIN_FILES                    
TRACE-MEM(  1): MAXMEM[MBYTE]=   0.00000 TIME20260907 134315.053
TRACE-PUSH(  1): LEVEL=    4 INTO READIN_GENERIC
TRACE-MEM(  1): MAXMEM[MBYTE]=   0.00000 TIME20260907 134315.053
 PAW_SETUPS.F90 A LAMBDA=   6.0000000000000000        6.0000000000000000        6.0000000000000000        6.0000000000000000     
================================================================================
===================  SETUP CONSTRUCTION FOR SI  ================================
================================================================================
 THIS%SETTING%SO= F
KEY: START,REL,NONSO,ZORA
RELATIVISTIC EFFECTS SWITCHED ON?     T
SPIN-ORBIT COUPLING SWITCHED ON?      F
ZORA SWITCHED ON?                     T
FOCK CONTRIBTION ON?                  F
START FROM SCRATCH?                    T
DOING SCF ITERATIONS FOR ATOM WITH Z=  14.00000
           1  AV(POT-POTIN)=   2.3484706839813758       MAX:(POT-POTIN)=   21766.333955052542                0 F
           2  AV(POT-POTIN)=   1.1354361936198627       MAX:(POT-POTIN)=   11987.008812229848                0 F
           3  AV(POT-POTIN)=  0.65020489593549868       MAX:(POT-POTIN)=   661.45745545532554                0 F
           4  AV(POT-POTIN)=  0.50897477908261268       MAX:(POT-POTIN)=   311.04457219946198                0 F
           5  AV(POT-POTIN)=  0.21199586605391071       MAX:(POT-POTIN)=   70.550231548724696                0 F
           6  AV(POT-POTIN)=   8.5937499690668481E-002  MAX:(POT-POTIN)=   57.151716960594058                0 F
           7  AV(POT-POTIN)=   1.6855198246834811E-002  MAX:(POT-POTIN)=   6.8615882953163236                0 F
           8  AV(POT-POTIN)=   7.8259353198459405E-003  MAX:(POT-POTIN)=   3.0014224739279598                0 F
           9  AV(POT-POTIN)=   2.6060744334699274E-003  MAX:(POT-POTIN)=  0.37456498364917934                0 F
          10  AV(POT-POTIN)=   9.1398717101014810E-004  MAX:(POT-POTIN)=   5.9137249598279595E-002           0 F
          11  AV(POT-POTIN)=   2.4508223822675634E-004  MAX:(POT-POTIN)=   7.4975246097892523E-003           0 F
          12  AV(POT-POTIN)=   2.4947522619594843E-003  MAX:(POT-POTIN)=   6.2537666115134782E-002           0 F
          13  AV(POT-POTIN)=   2.2549474490823739E-003  MAX:(POT-POTIN)=   5.6522551186844835E-002           1 F
          14  AV(POT-POTIN)=   3.3540834885859700E-004  MAX:(POT-POTIN)=   7.7041087291480903E-003           2 F
          15  AV(POT-POTIN)=   4.6611065387248247E-004  MAX:(POT-POTIN)=   1.1559207629711892E-002           3 F
          16  AV(POT-POTIN)=   5.9446809970234741E-004  MAX:(POT-POTIN)=   1.4893093540523756E-002           4 F
          17  AV(POT-POTIN)=   2.5783726185405428E-003  MAX:(POT-POTIN)=   6.4689054049341957E-002           5 F
          18  AV(POT-POTIN)=   7.8189907800071772E-004  MAX:(POT-POTIN)=   1.9619930301127551E-002           6 F
          19  AV(POT-POTIN)=   1.0536412287737776E-003  MAX:(POT-POTIN)=   2.6440818399238945E-002           7 F
          20  AV(POT-POTIN)=   1.0608987561110002E-003  MAX:(POT-POTIN)=   2.6622855376503260E-002           8 F
          21  AV(POT-POTIN)=   2.4978025892281458E-003  MAX:(POT-POTIN)=   6.2681739687382998E-002           9 F
          22  AV(POT-POTIN)=   1.7587922827958179E-003  MAX:(POT-POTIN)=   4.4136510976070679E-002          10 F
          23  AV(POT-POTIN)=   1.0678976882448113E-003  MAX:(POT-POTIN)=   2.6798521987793849E-002          11 F
          24  AV(POT-POTIN)=   6.1490109809746781E-004  MAX:(POT-POTIN)=   1.5430391181062484E-002          12 F
          25  AV(POT-POTIN)=   2.4934663766785544E-003  MAX:(POT-POTIN)=   6.2573010376030483E-002          13 F
          26  AV(POT-POTIN)=   2.6758552628447035E-003  MAX:(POT-POTIN)=   6.7150037288148223E-002          14 F
          27  AV(POT-POTIN)=   4.3684575312918066E-003  MAX:(POT-POTIN)=  0.10962555605036492               15 F
          28  AV(POT-POTIN)=   1.9678227953687983E-003  MAX:(POT-POTIN)=   4.9382118367443495E-002          16 F
          29  AV(POT-POTIN)=   8.4166564790021559E-004  MAX:(POT-POTIN)=   2.1121403657167206E-002          17 F
          30  AV(POT-POTIN)=   6.2182619000030490E-004  MAX:(POT-POTIN)=   1.5604603678519707E-002          18 F
          31  AV(POT-POTIN)=   1.1578370601016901E-007  MAX:(POT-POTIN)=   2.8918437083996773E-006          19 F
          32  AV(POT-POTIN)=   1.1306403551714888E-007  MAX:(POT-POTIN)=   2.8165650351880123E-006           0 F
          33  AV(POT-POTIN)=   5.7029421442327639E-008  MAX:(POT-POTIN)=   2.2740568965673447E-006           0 F
          34  AV(POT-POTIN)=   4.5753233446064746E-008  MAX:(POT-POTIN)=   2.0351726561784744E-006           0 F
          35  AV(POT-POTIN)=   4.4900133557638785E-008  MAX:(POT-POTIN)=   1.1188621673596799E-006           0 F
          36  AV(POT-POTIN)=   2.3143137028827831E-008  MAX:(POT-POTIN)=   1.3206154108047485E-006           0 F
          37  AV(POT-POTIN)=   1.8680755119294084E-008  MAX:(POT-POTIN)=   1.6652047634124756E-006           0 F
          38  AV(POT-POTIN)=   1.7273861001163047E-008  MAX:(POT-POTIN)=   2.8756912797689438E-006           0 F
          39  AV(POT-POTIN)=   1.2634053946187974E-008  MAX:(POT-POTIN)=   1.0945368558168411E-006           0 F
          40  AV(POT-POTIN)=   7.4319661593468555E-009  MAX:(POT-POTIN)=   1.2211967259645462E-006           0 F
          41  AV(POT-POTIN)=   4.5387102688693890E-009  MAX:(POT-POTIN)=   8.3609484136104584E-007           0 F
          42  AV(POT-POTIN)=   5.7550257841198197E-009  MAX:(POT-POTIN)=   1.4982651919126511E-006           0 F
          43  AV(POT-POTIN)=   2.2348746733883862E-009  MAX:(POT-POTIN)=   5.0477683544158936E-007           1 F
          44  AV(POT-POTIN)=   5.1120939929353894E-009  MAX:(POT-POTIN)=   2.4607870727777481E-006           0 F
          45  AV(POT-POTIN)=   1.1482679368352297E-009  MAX:(POT-POTIN)=   8.6799263954162598E-007           1 F
          46  AV(POT-POTIN)=   4.6202991897682519E-009  MAX:(POT-POTIN)=   1.9685830920934677E-006           0 F
          47  AV(POT-POTIN)=   5.2249414908536531E-010  MAX:(POT-POTIN)=   1.2181699275970459E-006           1 F
          48  AV(POT-POTIN)=   4.2517369473901106E-009  MAX:(POT-POTIN)=   1.9266735762357712E-006           0 F
          49  AV(POT-POTIN)=   9.4009696563127810E-010  MAX:(POT-POTIN)=   1.0167714208364487E-006           1 F
          50  AV(POT-POTIN)=   4.1834259552732105E-009  MAX:(POT-POTIN)=   1.3434328138828278E-006           2 F
          51  AV(POT-POTIN)=   1.6100987109069503E-010  MAX:(POT-POTIN)=   1.0454095900058746E-006           3 F
          52  AV(POT-POTIN)=   3.5633629494900511E-009  MAX:(POT-POTIN)=   1.1562369763851166E-006           0 F
          53  AV(POT-POTIN)=   2.3007605497075428E-009  MAX:(POT-POTIN)=   1.5662517398595810E-006           1 F
          54  AV(POT-POTIN)=   2.7300619692621134E-009  MAX:(POT-POTIN)=   1.7690472304821014E-006           2 F
          55  AV(POT-POTIN)=   2.2892397862874690E-009  MAX:(POT-POTIN)=   4.0163286030292511E-007           3 F
          56  AV(POT-POTIN)=   3.2516964493339748E-009  MAX:(POT-POTIN)=   7.3667615652084351E-007           0 F
          57  AV(POT-POTIN)=   1.7342722974344155E-009  MAX:(POT-POTIN)=   9.9744647741317749E-007           1 F
          58  AV(POT-POTIN)=   2.2540981803766435E-009  MAX:(POT-POTIN)=   4.1862949728965759E-007           2 F
          59  AV(POT-POTIN)=   2.6735807445247517E-009  MAX:(POT-POTIN)=   1.1862721294164658E-006           3 F
          60  AV(POT-POTIN)=   1.7930170070215069E-009  MAX:(POT-POTIN)=   1.0977964848279953E-006           4 F
          61  AV(POT-POTIN)=   2.8330819987222542E-009  MAX:(POT-POTIN)=   8.5029751062393188E-007           5 F
===================ENERGY REPORT OF ATOMLIB__AESCF==============================
TOTAL ENERGY:................  -290.17130223
KINETIC ENERGY:..............   290.88996059
HARTREE ENERGY:..............  -560.39827146
DFT XC ENERGY:...............     -20.662991
FINITE NUCLEUS:..............     0.00016059
.... CALCULATION USES FINITE NUCLEUS
.... DO NOT ADD FINITE NUCLEUS CORRECTION
... SELFCONSISTENCY OBTAINED
FINAL ONE-PARTICLE ENERGIES FROM AESCF  
  IB   L  SO         F#NODE                   E
   1   0   0      2.00    0             -65.780
   2   0   0      2.00    1              -5.127
   3   1   0      6.00    0              -3.512
   4   0   0      2.00    2              -0.397
   5   1   0      2.00    1              -0.150
 #ITERATIONS           62
========================================================
========= ALL-ELECTRON ATOM CALCULATION ================
========================================================
TOTAL ENERGY=             -290.1713022
  IB   N   L  SO                   E         F#(REM. EL.
   1   1   0   0            -65.7800   2.00000  12.00000
   2   2   0   0             -5.1274   2.00000  10.00000
   3   2   1   0             -3.5120   6.00000   4.00000
--------- CORE ABOVE, VALENCE BELOW --------------------
   4   3   0   0             -0.3973   2.00000   2.00000
   5   3   1   0             -0.1499   2.00000   0.00000
========================================================
========================================================
 ISCATT=           0           1           0           1           0
 LOX=              0           0           1           1           2
 VFOCK%TON  F
=================== ENERGIES FOR ATOMIC WAVE FUNCTIONS =========================
=================== OLD: AE SCHRODINGER EQUATION           =====================
=================== NEW: NODELESS EQUATION                 =====================
=================== DIFFERENCE DUE TO RELATIVISTIC EFFECTS =====================
IB=  1 L= 0 E[NEW]=      -65.77998 E[OLD]=      -65.77998
IB=  2 L= 0 E[NEW]=       -5.12740 E[OLD]=       -5.12740
IB=  3 L= 1 E[NEW]=       -3.51198 E[OLD]=       -3.51198
IB=  4 L= 0 E[NEW]=       -0.39730 E[OLD]=       -0.39730
IB=  5 L= 1 E[NEW]=       -0.14992 E[OLD]=       -0.14992
=================== ENERGIES FOR PARTIAL-WAVE CONSTRUCTION======================
RBOX=  2.51712
LN= 1 L= 0 E=  -0.39730 RC= 1.573
LN= 2 L= 0 E=   2.01120 RC= 1.573
LN= 3 L= 1 E=  -0.14992 RC= 1.573
LN= 4 L= 1 E=   2.21198 RC= 1.573
LN= 5 L= 2 E=   0.03141 RC= 1.573
===================  TRANSU ====================================================
   1.0000000000   1.0000000000   0.0000000000   0.0000000000   0.0000000000
   0.0000000000   2.4085033281   0.0000000000   0.0000000000   0.0000000000
   0.0000000000   0.0000000000   1.0000000000   1.0000000000   0.0000000000
   0.0000000000   0.0000000000   0.0000000000   2.3619080198   0.0000000000
   0.0000000000   0.0000000000   0.0000000000   0.0000000000   1.0000000000
===================  TRANSU^(-1) ===============================================
   1.0000000000  -0.4151956065  -0.0000000000   0.0000000000  -0.0000000000
   0.0000000000   0.4151956065  -0.0000000000   0.0000000000  -0.0000000000
   0.0000000000   0.0000000000   1.0000000000  -0.4233865128  -0.0000000000
   0.0000000000   0.0000000000   0.0000000000   0.4233865128  -0.0000000000
   0.0000000000   0.0000000000   0.0000000000   0.0000000000   1.0000000000
===================  TEST QN EQ.  ==============================================
LN= 1 L= 0  [T+V-E_N]|QN>-|UC>=   0.000000000000001
LN= 2 L= 0  [T+V-E_N]|QN>-|UC>=   0.000000000000001
LN= 3 L= 1  [T+V-E_N]|QN>-|UC>=   0.000000000000001
LN= 4 L= 1  [T+V-E_N]|QN>-|UC>=   0.000000000000001
LN= 5 L= 2  [T+V-E_N]|QN>-|UC>=   0.000000000000001
=================== <UC|AEPHI>/SQRT(<UC|UC>  ===================================
========= DEVIATION DUE NEGLECT OF SMALL COMPONENT==============================
========= ORTHOGONALIZATION DONE BASED ON ENERGIES==============================
   0.00000   0.00121   0.00000
   0.00000  -0.00044   0.00000
   0.00000   0.00000   0.00377
   0.00000   0.00000  -0.00080
   0.00000   0.00000   0.00000
===================  TEST AEPHI EQ.  ===========================================
LN= 1 L= 0  [T+V-E_N]|AEPHI_N> =   0.000000000731617
LN= 2 L= 0  [T+V-E_N]|AEPHI_N> =   0.000000000550499
LN= 3 L= 1  [T+V-E_N]|AEPHI_N> =   0.000000000000238
LN= 4 L= 1  [T+V-E_N]|AEPHI_N> =   0.000000000000122
LN= 5 L= 2  [T+V-E_N]|AEPHI_N> =   0.000000000000001
 L            0  E= -0.39730268724570916      PHIPHASE BEFORE ADJUSTMENT=   0.73183744048336719     
 L            0  E= -0.39730268724570916      PHIPHASE AFTER ADJUSTMENT=   0.73183744048336719     
 L            0  E=   2.0112006408419694      PHIPHASE BEFORE ADJUSTMENT=    1.7630573220198205     
 L            0  E=   2.0112006408419694      PHIPHASE AFTER ADJUSTMENT=    1.7630573220198205     
 L            1  E= -0.14992428323251358      PHIPHASE BEFORE ADJUSTMENT=   0.66803295214287184     
 L            1  E= -0.14992428323251358      PHIPHASE AFTER ADJUSTMENT=   0.66803295214287184     
 L            1  E=   2.2119837365419199      PHIPHASE BEFORE ADJUSTMENT=    1.7092049275103192     
 L            1  E=   2.2119837365419199      PHIPHASE AFTER ADJUSTMENT=    1.7092049275103192     
 L            2  E=   3.1409085561269312E-002 PHIPHASE BEFORE ADJUSTMENT=   0.49176936911494928     
 L            2  E=   3.1409085561269312E-002 PHIPHASE AFTER ADJUSTMENT=   0.49176936911494928     
===================  TEST RAW PAW EQUATION  ====================================
LN= 1 L= 0 RAW PAW EQ.   0.00000 SCHR. EQ.   0.00000
LN= 2 L= 0 RAW PAW EQ.   0.00000 SCHR. EQ.   0.00000
LN= 3 L= 1 RAW PAW EQ.   0.00000 SCHR. EQ.   0.00000
LN= 4 L= 1 RAW PAW EQ.   0.00000 SCHR. EQ.   0.00000
LN= 5 L= 2 RAW PAW EQ.   0.00000 SCHR. EQ.   0.00000
 VFOCK%TON   F
 RBND          2.5171150545824967     
DT    0.15391E+01 0.89927E+00 0.00000E+00 0.00000E+00 0.00000E+00
DT    0.90153E+00 0.53029E+00 0.00000E+00 0.00000E+00 0.00000E+00
DT    0.00000E+00 0.00000E+00 0.93973E+00 0.49841E+00 0.00000E+00
DT    0.00000E+00 0.00000E+00 0.50228E+00 0.27962E+00 0.00000E+00
DT    0.00000E+00 0.00000E+00 0.00000E+00 0.00000E+00 0.54728E-01
DH    0.54193E+00 0.30843E+00 0.00000E+00 0.00000E+00 0.00000E+00
DH    0.31069E+00 0.19346E+00 0.00000E+00 0.00000E+00 0.00000E+00
DH    0.00000E+00 0.00000E+00 0.11503E+00 0.46618E-01 0.00000E+00
DH    0.00000E+00 0.00000E+00 0.50494E-01 0.27028E-01 0.00000E+00
DH    0.00000E+00 0.00000E+00 0.00000E+00 0.00000E+00-0.32338E-01
DO   -0.18840E+00-0.12757E+00 0.00000E+00 0.00000E+00 0.00000E+00
DO   -0.12757E+00-0.97617E-01 0.00000E+00 0.00000E+00 0.00000E+00
DO    0.00000E+00 0.00000E+00-0.41060E-01-0.18355E-01 0.00000E+00
DO    0.00000E+00 0.00000E+00-0.18355E-01-0.10282E-01 0.00000E+00
DO    0.00000E+00 0.00000E+00 0.00000E+00 0.00000E+00 0.17363E-01
LN= 1 DTKIN-TRANSPOSE(DTKIN)=   0.00000  -0.00225   0.00000   0.00000   0.00000
LN= 2 DTKIN-TRANSPOSE(DTKIN)=   0.00225   0.00000   0.00000   0.00000   0.00000
LN= 3 DTKIN-TRANSPOSE(DTKIN)=   0.00000   0.00000   0.00000  -0.00388   0.00000
LN= 4 DTKIN-TRANSPOSE(DTKIN)=   0.00000   0.00000   0.00388   0.00000   0.00000
LN= 5 DTKIN-TRANSPOSE(DTKIN)=   0.00000   0.00000   0.00000   0.00000   0.00000
LN= 1 <P|PSPHI>=   1.00000  -0.00000   0.00000   0.00000   0.00000
LN= 2 <P|PSPHI>=  -0.00000   1.00000   0.00000   0.00000   0.00000
LN= 3 <P|PSPHI>=   0.00000   0.00000   1.00000   0.00000   0.00000
LN= 4 <P|PSPHI>=   0.00000   0.00000  -0.00000   1.00000   0.00000
LN= 5 <P|PSPHI>=   0.00000   0.00000   0.00000   0.00000   1.00000
===================  TEST PAW EQUATION  ========================================
LN= 1 L= 0 PAW EQ.             0.00000 SCHR. EQ.             0.00000 DPRO              0.00000
LN= 2 L= 0 PAW EQ.             0.00000 SCHR. EQ.             0.00000 DPRO              0.00000
LN= 3 L= 1 PAW EQ.             0.00000 SCHR. EQ.             0.00000 DPRO              0.00000
LN= 4 L= 1 PAW EQ.             0.00000 SCHR. EQ.             0.00000 DPRO              0.00000
LN= 5 L= 2 PAW EQ.             0.00000 SCHR. EQ.             0.00000 DPRO              0.00000
 =================== L=           0  =================================
 BEFORE PAWBOUNDSTATE
 L=           0  NN=           0  E= -0.39730279875436741       NPRO=           2  ROUT=   19.716639202099568       IB=           4
  E= -0.39873313877772948     
 =================== L=           1  =================================
 BEFORE PAWBOUNDSTATE
 L=           1  NN=           0  E= -0.14992428423013904       NPRO=           2  ROUT=   19.716639202099568       IB=           5
  E= -0.15199800635621785     
 =================== L=           2  =================================
===================  STRAIGHT AE- AND PAW-ENERGY LEVELS ========================
IB= 4 L= 0 AE-ENERGY: -10.81101 EV; PS-ENERGY: -10.84993 EV
IB= 5 L= 1 AE-ENERGY:  -4.07959 EV; PS-ENERGY:  -4.13602 EV
 PSEUDO+AUGMENTATION CHARGE    1.8586399011130731E-014  (SHOULD BE ZERO)
===================  DTKIN BEFORE SYMMETRIZATION ===============================
       1.539       0.899       0.000       0.000       0.000
       0.902       0.530       0.000       0.000       0.000
       0.000       0.000       0.940       0.498       0.000
       0.000       0.000       0.502       0.280       0.000
       0.000       0.000       0.000       0.000       0.055
===================  DO BEFORE SYMMETRIZATION ==================================
      -0.188      -0.128       0.000       0.000       0.000
      -0.128      -0.098       0.000       0.000       0.000
       0.000       0.000      -0.041      -0.018       0.000
       0.000       0.000      -0.018      -0.010       0.000
       0.000       0.000       0.000       0.000       0.017
 LIB_FFTW: CREATE PLAN FOR: GTOR           1         500           0
 LIB_FFTW: CREATE PLAN FOR: RTOG          -1         500           1
L= 0 IB= 1 E(LOCAL)=  -0.93753 E(OUTER)=  -0.09800
L= 0 IB= 2 E(LOCAL)=  -0.06384 E(OUTER)=   0.01654
L= 0 IB= 3 E(LOCAL)=   0.02210 E(OUTER)=   0.07131
L= 0 IB= 4 E(LOCAL)=   0.08100 E(OUTER)=   0.16595
L= 1 IB= 1 E(LOCAL)=  -0.24566 E(OUTER)=  -0.02387
L= 1 IB= 2 E(LOCAL)=   0.01055 E(OUTER)=   0.03418
L= 1 IB= 3 E(LOCAL)=   0.05584 E(OUTER)=   0.09786
L= 1 IB= 4 E(LOCAL)=   0.13807 E(OUTER)=   0.19517
L= 2 IB= 1 E(LOCAL)=   0.03182 E(OUTER)=   0.03282
L= 2 IB= 2 E(LOCAL)=   0.06980 E(OUTER)=   0.07347
L= 2 IB= 3 E(LOCAL)=   0.13978 E(OUTER)=   0.14880
L= 2 IB= 4 E(LOCAL)=   0.23190 E(OUTER)=   0.24744
========= GHOSTBUSTER FOR=   SI Z=  14.0 =======================================
LN 1 L= 0 E(INNER)=   1.30022 H
LN 2 L= 0 E(INNER)=   1.75638 H
LN 3 L= 1 E(INNER)=   2.23741 H
LN 4 L= 1 E(INNER)=   5.79130 H
LN 5 L= 2 E(INNER)=   6.90812 H
 LIB_FFTW: CREATE PLAN FOR: GTOR           1        1024           2
 LIB_FFTW: CREATE PLAN FOR: RTOG          -1        1024           3
================================================================================
===================  SETUP CONSTRUCTION FINISHED  ==============================
================================================================================
NO. OF INEQUIVALENT K-POINTS   172
NUMBER OF DIFFERENT TETRAHEDRA : 1026
 DYNOCC__SETR8: SPIN HAS BEEN SET TO    0.0000000000000000     
 LIB_FFTW: CREATE PLAN FOR: GTOR           1          18           4
 LIB_FFTW: CREATE PLAN FOR: RTOG          -1          18           5
 CONSTANT ENERGY    9.4454825596422456       0.39446622126344449     
 CONSTANT ENERGY    8.3384490960325905        1.2712100189533113     
 CONSTANT ENERGY    6.3567949138641175        1.9769342633524327     
 CONSTANT ENERGY    3.9742037216781467        2.1825984481052521     
 CONSTANT ENERGY    1.6905006348999425        2.0118383690530042     
 CONSTANT ENERGY  -0.22716341373180970        1.6692638568759639     
 CONSTANT ENERGY   -1.7215281981605746        1.3117836669023528     
 CONSTANT ENERGY   -2.8510821160371176        1.0171370521212018     
 CONSTANT ENERGY   -3.7078704215430505       0.80105194753420017     
 CONSTANT ENERGY   -4.3727303402116569       0.64861386531742982     
 CONSTANT ENERGY   -4.9023749178766085       0.53863501806613967     
 CONSTANT ENERGY   -5.3329550669220662       0.45504126917136534     
 CONSTANT ENERGY   -5.6877066944140777       0.38863587235640701     
 CONSTANT ENERGY   -5.9828207008828214       0.33479780146091642     
 CONSTANT ENERGY   -6.2305132898221505       0.29093266213447522     
 CONSTANT ENERGY   -6.4402841826231443       0.25506852589460471     
 CONSTANT ENERGY   -6.6194715029563396       0.22546843118691218     
 CONSTANT ENERGY   -6.7736799369116714       0.20068257918834764     
 CONSTANT ENERGY   -6.9072071133258328       0.17962240136386012     
 CONSTANT ENERGY   -7.0234149117117788       0.16152620964388786     
 CONSTANT ENERGY   -7.1249976417428709       0.14585846804218677     
 CONSTANT ENERGY   -7.2141527510508281       0.13221566238033669     
 CONSTANT ENERGY   -7.2926890320995463       0.12027261592023097     
 CONSTANT ENERGY   -7.3621041385665800       0.10976272917725771     
 CONSTANT ENERGY   -7.4236471318730599       0.10047157493463496     
 CONSTANT ENERGY   -7.4783696285333940        9.2229830086828252E-002
 CONSTANT ENERGY   -7.5271654082792985        8.4902792505200622E-002
 CONSTANT ENERGY   -7.5707995399111647        7.8379710858540841E-002
 CONSTANT ENERGY   -7.6099296781584576        7.2565961698320608E-002
 CONSTANT ENERGY   -7.6451222922616591        6.7378504909081718E-002
 CONSTANT ENERGY   -7.6768656511621582        6.2743349950084348E-002
 CONSTANT ENERGY   -7.7055804711438931        5.8593786938918008E-002
 CONSTANT ENERGY   -7.7316287270762718        5.4868960758215027E-002
 CONSTANT ENERGY   -7.7553210900527958        5.1512932998875278E-002
 CONSTANT ENERGY   -7.7769234495463850        4.8474361788229330E-002
 CONSTANT ENERGY   -7.7966628454934677        4.5706636000539341E-002
 CONSTANT ENERGY   -7.8147329403930295        4.3168123002572230E-002
 CONSTANT ENERGY   -7.8312990140168335        4.0822259049500320E-002
 CONSTANT ENERGY   -7.8465024276077306        3.8637406156380366E-002
 CONSTANT ENERGY   -7.8604645335948602        3.6586546631320334E-002
 CONSTANT ENERGY   -7.8732900548569829        3.4646918696919091E-002
 CONSTANT ENERGY   -7.8850699805461613        3.2799655611371797E-002
 CONSTANT ENERGY   -7.8958840313382161        3.1029445608446518E-002
 CONSTANT ENERGY   -7.9058027460019398        2.9324211111279745E-002
 CONSTANT ENERGY   -7.9148892365250694        2.7674801957226547E-002
 CONSTANT ENERGY   -7.9232006535180757        2.6074691332578795E-002
 CONSTANT ENERGY   -7.9307893913672070        2.4519655419474064E-002
 CONSTANT ENERGY   -7.9377040543547395        2.3007421352137156E-002
 CONSTANT ENERGY   -7.9439902006964473        2.1537288160892971E-002
WRITING : HEADER
WRITING : TIMESTEP
WRITING : ATOMS
WRITING : CELL
WRITING : OCCUPATIONS
WRITING : WAVES
WRITING : ENDOFFILE
 CONSTANT ENERGY   -7.9496908908574193        2.0109750282109221E-002
 CONSTANT ENERGY   -7.9548470745976205        1.8726164442678366E-002
 CONSTANT ENERGY   -7.9594978576325426        1.7388489808328259E-002
 CONSTANT ENERGY   -7.9636806859648877        1.6099106000318969E-002
 CONSTANT ENERGY   -7.9674314758775742        1.4860690029060816E-002
 CONSTANT ENERGY   -7.9707847067259605        1.3676122634212817E-002
 CONSTANT ENERGY   -7.9737734845436554        1.2548396850502373E-002
 CONSTANT ENERGY   -7.9764295792947228        1.1480509269873627E-002
 CONSTANT ENERGY   -7.9787834348808877        1.0475320965178305E-002
 CONSTANT ENERGY   -7.9808641489428513        9.5353800237649999E-003
 CONSTANT ENERGY   -7.9826994195268606        8.6627050284623745E-003
 CONSTANT ENERGY   -7.9843154572695898        7.8585414137979093E-003
 CONSTANT ENERGY   -7.9857368676203730        7.1231184860300160E-003
 CONSTANT ENERGY   -7.9869865139778327        6.4554481741365419E-003
 CONSTANT ENERGY   -7.9880853800304097        5.8532111965262507E-003
 CONSTANT ENERGY   -7.9890524538040735        5.3127691135275348E-003
 CONSTANT ENERGY   -7.9899046566023531        4.8293222986003324E-003
 CONSTANT ENERGY   -7.9906568359574095        4.3972078023911520E-003
 CONSTANT ENERGY   -7.9913218332360785        4.0103029090982258E-003
 CONSTANT ENERGY   -7.9919106252056595        3.6624765449163651E-003
 CONSTANT ENERGY   -7.9924325272980647        3.3480182572905052E-003
 CONSTANT ENERGY   -7.9928954363354263        3.0619778696360529E-003
 CONSTANT ENERGY   -7.9933060860567062        2.8003684071637360E-003
 CONSTANT ENERGY   -7.9936702893046006        2.5602153956955330E-003
 CONSTANT ENERGY   -7.9939931466966243        2.3394681668700958E-003
 CONSTANT ENERGY   -7.9942792103250229        2.1368139702449863E-003
 CONSTANT ENERGY   -7.9945326004099320        1.9514473934916757E-003
 CONSTANT ENERGY   -7.9947570802570391        1.7828449061092896E-003
 CONSTANT ENERGY   -7.9949560994246340        1.6305809105294452E-003
 CONSTANT ENERGY   -7.9951328163109583        1.4942034188808830E-003
 CONSTANT ENERGY   -7.9952901102062528        1.3731700782730850E-003
 CONSTANT ENERGY   -7.9954305901683576        1.2668326258523821E-003
 CONSTANT ENERGY   -7.9955566049535243        1.1744515264129421E-003
 CONSTANT ENERGY   -7.9956702554418406        1.0952220790726014E-003
 CONSTANT ENERGY   -7.9957734091566532        1.0282969760362858E-003
 CONSTANT ENERGY   -7.9958677154721762        9.7279609941485390E-004
 CONSTANT ENERGY   -7.9959546197493321        9.2780054108298864E-004
 CONSTANT ENERGY   -7.9960353753307043        8.9233334385047255E-004
 CONSTANT ENERGY   -7.9961110525586774        8.6533369116716520E-004
 CONSTANT ENERGY   -7.9961825455820446        8.4563379028414968E-004
 CONSTANT ENERGY   -7.9962506691688731        8.3185697270583066E-004
 CONSTANT ENERGY   -7.9963169302690309        8.2165861570697310E-004
 CONSTANT ENERGY   -7.9963824477140770        8.1282567755943964E-004
 CONSTANT ENERGY   -7.9964472712450565        8.0411265400569070E-004
 CONSTANT ENERGY   -7.9965113528150900        7.9435195285293284E-004
 CONSTANT ENERGY   -7.9965745573934699        7.8253342465764452E-004
 CONSTANT ENERGY   -7.9966366797668424        7.6787380917188626E-004
 CONSTANT ENERGY   -7.9966974656917111        7.4986542533642510E-004
 CONSTANT ENERGY   -7.9967566353581985        7.2829744463249611E-004
 CONSTANT ENERGY   -7.9968139067217878        7.0324841257991084E-004
WRITING : HEADER
WRITING : TIMESTEP
WRITING : ATOMS
WRITING : CELL
WRITING : OCCUPATIONS
WRITING : WAVES
WRITING : ENDOFFILE
 CONSTANT ENERGY   -7.9968690169324992        6.7505385934740628E-004
 CONSTANT ENERGY   -7.9969217400316390        6.4425650934219901E-004
 CONSTANT ENERGY   -7.9969719004315305        6.1154796302743215E-004
 CONSTANT ENERGY   -7.9970193818423798        5.7770980347460080E-004
 CONSTANT ENERGY   -7.9970641319813902        5.4355962810883197E-004
 CONSTANT ENERGY   -7.9971061634065563        5.0990461035424494E-004
 CONSTANT ENERGY   -7.9971455511811271        4.7750280781859640E-004
 CONSTANT ENERGY   -7.9971824276725965        4.4703107236390260E-004
 CONSTANT ENERGY   -7.9972169749235666        4.1905813985953545E-004
 CONSTANT ENERGY   -7.9972494149892421        3.9402202671758355E-004
 CONSTANT ENERGY   -7.9972799984745251        3.7221183901480219E-004
 CONSTANT ENERGY   -7.9973089917870386        3.5375508672649917E-004
 CONSTANT ENERGY   -7.9973366636534697        3.3861222215596904E-004
 CONSTANT ENERGY   -7.9973632716318850        3.2658015086369456E-004
 CONSTANT ENERGY   -7.9973890494452951        3.1730585711750917E-004
 CONSTANT ENERGY   -7.9974141959913716        3.1031021147124449E-004
 CONSTANT ENERGY   -7.9974388667555303        3.0502077813964005E-004
 CONSTANT ENERGY   -7.9974631682594159        3.0081130738230619E-004
 CONSTANT ENERGY   -7.9974871559051399        2.9704478398518688E-004
 CONSTANT ENERGY   -7.9975108352643556        2.9311649748330613E-004
 CONSTANT ENERGY   -7.9975341667008726        2.8849361646383600E-004
 CONSTANT ENERGY   -7.9975570728358427        2.8274815715103728E-004
 CONSTANT ENERGY   -7.9975794481913480        2.7558096566742362E-004
 CONSTANT ENERGY   -7.9976011702532865        2.6683527103807072E-004
 CONSTANT ENERGY   -7.9976221110687371        2.5649937098623054E-004
 CONSTANT ENERGY   -7.9976421485416500        2.4469895177941440E-004
 CONSTANT ENERGY   -7.9976611766539181        2.3168032353283985E-004
 CONSTANT ENERGY   -7.9976791140285730        2.1778642476835060E-004
 CONSTANT ENERGY   -7.9976959102138077        2.0342779523749961E-004
 CONSTANT ENERGY   -7.9977115496268638        1.8905083302205987E-004
 CONSTANT ENERGY   -7.9977260528526513        1.7510556470162625E-004
 CONSTANT ENERGY   -7.9977394754528479        1.6201492542426265E-004
 CONSTANT ENERGY   -7.9977519044530414        1.5014725305378577E-004
 CONSTANT ENERGY   -7.9977634528289627        1.3979341986587355E-004
 CONSTANT ENERGY   -7.9977742523693545        1.3114978052796068E-004
 CONSTANT ENERGY   -7.9977844455641005        1.2430787194928240E-004
 CONSTANT ENERGY   -7.9977941769199035        1.1925149349411017E-004
 CONSTANT ENERGY   -7.9978035844679862        1.1586137286759470E-004
 CONSTANT ENERGY   -7.9978127920172648        1.1392707828063846E-004
 CONSTANT ENERGY   -7.9978219027119843        1.1316522039010993E-004
 CONSTANT ENERGY   -7.9978309943044010        1.1324238811012307E-004
 CONSTANT ENERGY   -7.9978401164642090        1.1380078843871994E-004
 CONSTANT ENERGY   -7.9978492901688449        1.1448431100846139E-004
 CONSTANT ENERGY   -7.9978585090854963        1.1496277587508819E-004
 CONSTANT ENERGY   -7.9978677427070499        1.1495245082294279E-004
 CONSTANT ENERGY   -7.9978769408504453        1.1423147661672746E-004
 CONSTANT ENERGY   -7.9978860390827897        1.1264949773679187E-004
 CONSTANT ENERGY   -7.9978949646176449        1.1013143065767859E-004
 CONSTANT ENERGY   -7.9979036422456966        1.0667580820777716E-004
 CONSTANT ENERGY   -7.9979119999175499        1.0234846878105692E-004
WRITING : HEADER
WRITING : TIMESTEP
WRITING : ATOMS
WRITING : CELL
WRITING : OCCUPATIONS
WRITING : WAVES
WRITING : ENDOFFILE
 CONSTANT ENERGY   -7.9979199736488633        9.7272522892124456E-005
 CONSTANT ENERGY   -7.9979275115257078        9.1615576602583235E-005
 CONSTANT ENERGY   -7.9979345765576815        8.5575184507283238E-005
 CONSTANT ENERGY   -7.9979411483646032        7.9363494123384833E-005
 CONSTANT ENERGY   -7.9979712055553023        4.9210092722359736E-005
 CONSTANT ENERGY   -7.9979990488153669        2.1909558241818795E-005
 CONSTANT ENERGY   -7.9980008178420068        2.1987934103202840E-005
 CONSTANT ENERGY   -7.9980026481384119        2.3156423645712264E-005
 CONSTANT ENERGY   -7.9980046108816065        2.5111626810134091E-005
 CONSTANT ENERGY   -7.9980067521527811        2.7528199686216975E-005
 CONSTANT ENERGY   -7.9980090927124854        3.0089641509615993E-005
 CONSTANT ENERGY   -7.9980116299965545        3.2513169536219473E-005
 CONSTANT ENERGY   -7.9980143415996201        3.4567227161547273E-005
 CONSTANT ENERGY   -7.9980171898086274        3.6081517593090887E-005
 CONSTANT ENERGY   -7.9980201265858728        3.6950239371596306E-005
 CONSTANT ENERGY   -7.9980230985377112        3.7129606027580051E-005
 CONSTANT ENERGY   -7.9980260514638770        3.6630986166794025E-005
 CONSTANT ENERGY   -7.9980289342212671        3.5511160327084595E-005
 CONSTANT ENERGY   -7.9980317017629652        3.3861173377942022E-005
 CONSTANT ENERGY   -7.9980343173199033        3.1795008673166707E-005
 CONSTANT ENERGY   -7.9980367537440120        2.9438905501784148E-005
 CONSTANT ENERGY   -7.9980477873409557        1.8128484288156184E-005
 CONSTANT ENERGY   -7.9980606112119981        5.2409356241728630E-006
 CONSTANT ENERGY   -7.9980635610924082        2.6004802967993014E-006
 CONSTANT ENERGY   -7.9980637984154974        3.1333654462427577E-006
 CONSTANT ENERGY   -7.9980640950786581        3.9884557338980517E-006
 CONSTANT ENERGY   -7.9980644701229968        5.0425700284231471E-006
 CONSTANT ENERGY   -7.9980649329266589        6.1712419045931982E-006
 CONSTANT ENERGY   -7.9980654835631748        7.2604266840339599E-006
 CONSTANT ENERGY   -7.9980661140725635        8.2152128629128974E-006
 CONSTANT ENERGY   -7.9980668102345946        8.9651912478997830E-006
 CONSTANT ENERGY   -7.9980675535913655        9.4666286967077655E-006
 CONSTANT ENERGY   -7.9980683235466525        9.7018695739734008E-006
 CONSTANT ENERGY   -7.9980690992724197        9.6765366967572963E-006
Note: The following floating-point exceptions are signalling: IEEE_UNDERFLOW_FLAG IEEE_DENORMAL
STOP NORMAL STOP IN MPE__STOPALL
 CONSTANT ENERGY   -7.9980698613125378        9.4151942092614102E-006
 CONSTANT ENERGY   -7.9980705928416143        8.9561690829527683E-006
 CONSTANT ENERGY   -7.9980712804678626        8.3461774623056514E-006
 CONSTANT ENERGY   -7.9980744080940607        5.1418296413956151E-006
 CONSTANT ENERGY   -7.9980780317061413        1.4671245040353277E-006
 CONSTANT ENERGY   -7.9980788600819253        6.7718653823011231E-007
 CONSTANT ENERGY   -7.9980789188774963        7.5182519784010017E-007
 CONSTANT ENERGY   -7.9980789875330522        8.9448963448703162E-007
 CONSTANT ENERGY   -7.9980790697333211        1.0769670817164217E-006
 CONSTANT ENERGY   -7.9980791670438549        1.2701813293536202E-006
 CONSTANT ENERGY   -7.9980792788702644        1.4476506571246771E-006
 CONSTANT ENERGY   -7.9980794028076145        1.5881095523448525E-006
 CONSTANT ENERGY   -7.9980795351350746        1.6771213592879794E-006
 CONSTANT ENERGY   -7.9980796713863178        1.7076782261230965E-006
 CONSTANT ENERGY   -7.9980798069227248        1.6798976925298342E-006
 CONSTANT ENERGY   -7.9980799374423235        1.5999931582972655E-006
WRITING : HEADER
WRITING : TIMESTEP
WRITING : ATOMS
WRITING : CELL
WRITING : OCCUPATIONS
WRITING : WAVES
WRITING : ENDOFFILE
 CONSTANT ENERGY   -7.9980800593822288        1.4787358462888682E-006
 CONSTANT ENERGY   -7.9980806008877119        8.9893790073788675E-007
 CONSTANT ENERGY   -7.9980812281425511        2.4844497128477592E-007
 CONSTANT ENERGY   -7.9980813682938097        1.1186216159774246E-007
 CONSTANT ENERGY   -7.9980813781782834        1.2923938614658520E-007
 CONSTANT ENERGY   -7.9980813906077310        1.6407371021719846E-007
 CONSTANT ENERGY   -7.9980814064009476        2.0930676058140332E-007
 CONSTANT ENERGY   -7.9980814259574959        2.5747680465830284E-007
 CONSTANT ENERGY   -7.9980814491209076        3.0174249476956289E-007
 CONSTANT ENERGY   -7.9980814752738274        3.3668056858978938E-007
 CONSTANT ENERGY   -7.9980815034771595        3.5878170137087345E-007
 CONSTANT ENERGY   -7.9980815326329138        3.6662385766219379E-007
 CONSTANT ENERGY   -7.9980815616422749        3.6074725631109302E-007
 CONSTANT ENERGY   -7.9980815895404698        3.4328900855095745E-007
 CONSTANT ENERGY   -7.9980816155937653        3.1745877412400466E-007
 CONSTANT ENERGY   -7.9980817324882185        1.9380977348881065E-007
 CONSTANT ENERGY   -7.9980818688512558        5.5013919913898816E-008
 CONSTANT ENERGY   -7.9980818997457028        2.7885573013119980E-008
WRITING : HEADER
WRITING : TIMESTEP
WRITING : ATOMS
WRITING : CELL
WRITING : OCCUPATIONS
WRITING : WAVES
WRITING : ENDOFFILE
 CONSTANT ENERGY   -7.9980819022935163        3.5832362375587964E-008
NORMAL STOP: CALLING MPE__STOPALL TO CLOSE DOWN
